/home/erosanow_hpc/informed_swapping/BARK.py:361: ComplexWarning: Casting complex values to real discards the imaginary part
  alpha, beta = float(alpha[0]), float(beta[0])
/home/erosanow_hpc/informed_swapping/BARK.py:163: UserWarning: Exited at iteration 50 with accuracies 
[2.9621352e-09]
not reaching the requested tolerance 1e-09.
Use iteration 51 instead with accuracy 
2.9621351978449037e-09.

  values, vectors = lobpcg(projected_hamiltonian, guess, largest=False,
/home/erosanow_hpc/informed_swapping/BARK.py:163: UserWarning: Exited postprocessing with accuracies 
[2.96213638e-09]
not reaching the requested tolerance 1e-09.
  values, vectors = lobpcg(projected_hamiltonian, guess, largest=False,
/home/erosanow_hpc/informed_swapping/BARK.py:163: UserWarning: Exited at iteration 50 with accuracies 
[1.87671227e-09]
not reaching the requested tolerance 1e-09.
Use iteration 51 instead with accuracy 
1.876712271184398e-09.

  values, vectors = lobpcg(projected_hamiltonian, guess, largest=False,
/home/erosanow_hpc/informed_swapping/BARK.py:163: UserWarning: Exited postprocessing with accuracies 
[1.87671871e-09]
not reaching the requested tolerance 1e-09.
  values, vectors = lobpcg(projected_hamiltonian, guess, largest=False,
/home/erosanow_hpc/informed_swapping/BARK.py:163: UserWarning: Exited at iteration 50 with accuracies 
[2.74787038e-09]
not reaching the requested tolerance 1e-09.
Use iteration 51 instead with accuracy 
2.7478703844006405e-09.

  values, vectors = lobpcg(projected_hamiltonian, guess, largest=False,
/home/erosanow_hpc/informed_swapping/BARK.py:163: UserWarning: Exited postprocessing with accuracies 
[2.74787498e-09]
not reaching the requested tolerance 1e-09.
  values, vectors = lobpcg(projected_hamiltonian, guess, largest=False,
/home/erosanow_hpc/informed_swapping/BARK.py:163: UserWarning: Exited at iteration 50 with accuracies 
[2.97858908e-09]
not reaching the requested tolerance 1e-09.
Use iteration 51 instead with accuracy 
2.9785890828223694e-09.

  values, vectors = lobpcg(projected_hamiltonian, guess, largest=False,
/home/erosanow_hpc/informed_swapping/BARK.py:163: UserWarning: Exited postprocessing with accuracies 
[2.97858795e-09]
not reaching the requested tolerance 1e-09.
  values, vectors = lobpcg(projected_hamiltonian, guess, largest=False,
/home/erosanow_hpc/informed_swapping/BARK.py:163: UserWarning: Exited at iteration 50 with accuracies 
[6.35555147e-09]
not reaching the requested tolerance 1e-09.
Use iteration 51 instead with accuracy 
6.355551467221932e-09.

  values, vectors = lobpcg(projected_hamiltonian, guess, largest=False,
/home/erosanow_hpc/informed_swapping/BARK.py:163: UserWarning: Exited postprocessing with accuracies 
[6.35555671e-09]
not reaching the requested tolerance 1e-09.
  values, vectors = lobpcg(projected_hamiltonian, guess, largest=False,
/home/erosanow_hpc/informed_swapping/BARK.py:163: UserWarning: Exited at iteration 50 with accuracies 
[1.15191851e-09]
not reaching the requested tolerance 1e-09.
Use iteration 51 instead with accuracy 
1.151918507828999e-09.

  values, vectors = lobpcg(projected_hamiltonian, guess, largest=False,
/home/erosanow_hpc/informed_swapping/BARK.py:163: UserWarning: Exited postprocessing with accuracies 
[1.15192246e-09]
not reaching the requested tolerance 1e-09.
  values, vectors = lobpcg(projected_hamiltonian, guess, largest=False,
/home/erosanow_hpc/informed_swapping/BARK.py:163: UserWarning: Exited at iteration 50 with accuracies 
[3.03829653e-09]
not reaching the requested tolerance 1e-09.
Use iteration 51 instead with accuracy 
3.0382965270482025e-09.

  values, vectors = lobpcg(projected_hamiltonian, guess, largest=False,
/home/erosanow_hpc/informed_swapping/BARK.py:163: UserWarning: Exited postprocessing with accuracies 
[3.03830399e-09]
not reaching the requested tolerance 1e-09.
  values, vectors = lobpcg(projected_hamiltonian, guess, largest=False,
/home/erosanow_hpc/informed_swapping/BARK.py:163: UserWarning: Exited at iteration 50 with accuracies 
[3.04088104e-09]
not reaching the requested tolerance 1e-09.
Use iteration 51 instead with accuracy 
3.0408810414962597e-09.

  values, vectors = lobpcg(projected_hamiltonian, guess, largest=False,
/home/erosanow_hpc/informed_swapping/BARK.py:163: UserWarning: Exited postprocessing with accuracies 
[3.04086557e-09]
not reaching the requested tolerance 1e-09.
  values, vectors = lobpcg(projected_hamiltonian, guess, largest=False,
/home/erosanow_hpc/informed_swapping/BARK.py:163: UserWarning: Exited at iteration 50 with accuracies 
[3.96179444e-09]
not reaching the requested tolerance 1e-09.
Use iteration 51 instead with accuracy 
3.961794441554008e-09.

  values, vectors = lobpcg(projected_hamiltonian, guess, largest=False,
/home/erosanow_hpc/informed_swapping/BARK.py:163: UserWarning: Exited postprocessing with accuracies 
[3.96180122e-09]
not reaching the requested tolerance 1e-09.
  values, vectors = lobpcg(projected_hamiltonian, guess, largest=False,
/home/erosanow_hpc/informed_swapping/BARK.py:163: UserWarning: Exited at iteration 50 with accuracies 
[3.95310317e-09]
not reaching the requested tolerance 1e-09.
Use iteration 51 instead with accuracy 
3.9531031662502565e-09.

  values, vectors = lobpcg(projected_hamiltonian, guess, largest=False,
/home/erosanow_hpc/informed_swapping/BARK.py:163: UserWarning: Exited postprocessing with accuracies 
[3.95311394e-09]
not reaching the requested tolerance 1e-09.
  values, vectors = lobpcg(projected_hamiltonian, guess, largest=False,
/home/erosanow_hpc/informed_swapping/BARK.py:163: UserWarning: Exited at iteration 50 with accuracies 
[7.90624553e-09]
not reaching the requested tolerance 1e-09.
Use iteration 51 instead with accuracy 
7.906245533269555e-09.

  values, vectors = lobpcg(projected_hamiltonian, guess, largest=False,
/home/erosanow_hpc/informed_swapping/BARK.py:163: UserWarning: Exited postprocessing with accuracies 
[7.90625204e-09]
not reaching the requested tolerance 1e-09.
  values, vectors = lobpcg(projected_hamiltonian, guess, largest=False,
/home/erosanow_hpc/informed_swapping/BARK.py:163: UserWarning: Exited at iteration 50 with accuracies 
[1.10212407e-08]
not reaching the requested tolerance 1e-09.
Use iteration 31 instead with accuracy 
1.0127371291917214e-08.

  values, vectors = lobpcg(projected_hamiltonian, guess, largest=False,
/home/erosanow_hpc/informed_swapping/BARK.py:163: UserWarning: Exited postprocessing with accuracies 
[1.01274652e-08]
not reaching the requested tolerance 1e-09.
  values, vectors = lobpcg(projected_hamiltonian, guess, largest=False,
/home/erosanow_hpc/informed_swapping/BARK.py:163: UserWarning: Exited at iteration 50 with accuracies 
[3.87517186e-09]
not reaching the requested tolerance 1e-09.
Use iteration 51 instead with accuracy 
3.875171855149883e-09.

  values, vectors = lobpcg(projected_hamiltonian, guess, largest=False,
/home/erosanow_hpc/informed_swapping/BARK.py:163: UserWarning: Exited postprocessing with accuracies 
[3.87517863e-09]
not reaching the requested tolerance 1e-09.
  values, vectors = lobpcg(projected_hamiltonian, guess, largest=False,
/home/erosanow_hpc/informed_swapping/BARK.py:163: UserWarning: Exited at iteration 50 with accuracies 
[2.95755121e-07]
not reaching the requested tolerance 1e-09.
Use iteration 8 instead with accuracy 
2.277143906600791e-08.

  values, vectors = lobpcg(projected_hamiltonian, guess, largest=False,
/home/erosanow_hpc/informed_swapping/BARK.py:163: UserWarning: Exited postprocessing with accuracies 
[2.27714391e-08]
not reaching the requested tolerance 1e-09.
  values, vectors = lobpcg(projected_hamiltonian, guess, largest=False,
/home/erosanow_hpc/informed_swapping/BARK.py:163: UserWarning: Exited at iteration 50 with accuracies 
[1.30155798e-08]
not reaching the requested tolerance 1e-09.
Use iteration 51 instead with accuracy 
1.3015579787376553e-08.

  values, vectors = lobpcg(projected_hamiltonian, guess, largest=False,
/home/erosanow_hpc/informed_swapping/BARK.py:163: UserWarning: Exited postprocessing with accuracies 
[1.30155798e-08]
not reaching the requested tolerance 1e-09.
  values, vectors = lobpcg(projected_hamiltonian, guess, largest=False,
/home/erosanow_hpc/informed_swapping/BARK.py:163: UserWarning: Exited at iteration 50 with accuracies 
[6.14937997e-08]
not reaching the requested tolerance 1e-09.
Use iteration 8 instead with accuracy 
2.2192845557442483e-08.

  values, vectors = lobpcg(projected_hamiltonian, guess, largest=False,
/home/erosanow_hpc/informed_swapping/BARK.py:163: UserWarning: Exited postprocessing with accuracies 
[2.21928456e-08]
not reaching the requested tolerance 1e-09.
  values, vectors = lobpcg(projected_hamiltonian, guess, largest=False,
/home/erosanow_hpc/informed_swapping/BARK.py:163: UserWarning: Exited at iteration 50 with accuracies 
[1.13897217e-08]
not reaching the requested tolerance 1e-09.
Use iteration 51 instead with accuracy 
1.1389721664431667e-08.

  values, vectors = lobpcg(projected_hamiltonian, guess, largest=False,
/home/erosanow_hpc/informed_swapping/BARK.py:163: UserWarning: Exited postprocessing with accuracies 
[1.13897217e-08]
not reaching the requested tolerance 1e-09.
  values, vectors = lobpcg(projected_hamiltonian, guess, largest=False,
/home/erosanow_hpc/informed_swapping/BARK.py:163: UserWarning: Exited at iteration 50 with accuracies 
[2.95755534e-07]
not reaching the requested tolerance 1e-09.
Use iteration 8 instead with accuracy 
2.277143874656513e-08.

  values, vectors = lobpcg(projected_hamiltonian, guess, largest=False,
/home/erosanow_hpc/informed_swapping/BARK.py:163: UserWarning: Exited postprocessing with accuracies 
[2.27714387e-08]
not reaching the requested tolerance 1e-09.
  values, vectors = lobpcg(projected_hamiltonian, guess, largest=False,
/home/erosanow_hpc/informed_swapping/BARK.py:163: UserWarning: Exited at iteration 50 with accuracies 
[1.30155807e-08]
not reaching the requested tolerance 1e-09.
Use iteration 51 instead with accuracy 
1.30155807301344e-08.

  values, vectors = lobpcg(projected_hamiltonian, guess, largest=False,
/home/erosanow_hpc/informed_swapping/BARK.py:163: UserWarning: Exited postprocessing with accuracies 
[1.30155807e-08]
not reaching the requested tolerance 1e-09.
  values, vectors = lobpcg(projected_hamiltonian, guess, largest=False,
/home/erosanow_hpc/informed_swapping/BARK.py:163: UserWarning: Exited at iteration 50 with accuracies 
[2.95754672e-07]
not reaching the requested tolerance 1e-09.
Use iteration 8 instead with accuracy 
2.277143921076312e-08.

  values, vectors = lobpcg(projected_hamiltonian, guess, largest=False,
/home/erosanow_hpc/informed_swapping/BARK.py:163: UserWarning: Exited postprocessing with accuracies 
[2.27714392e-08]
not reaching the requested tolerance 1e-09.
  values, vectors = lobpcg(projected_hamiltonian, guess, largest=False,
/home/erosanow_hpc/informed_swapping/BARK.py:163: UserWarning: Exited at iteration 50 with accuracies 
[1.30155796e-08]
not reaching the requested tolerance 1e-09.
Use iteration 51 instead with accuracy 
1.3015579573408465e-08.

  values, vectors = lobpcg(projected_hamiltonian, guess, largest=False,
/home/erosanow_hpc/informed_swapping/BARK.py:163: UserWarning: Exited postprocessing with accuracies 
[1.30155796e-08]
not reaching the requested tolerance 1e-09.
  values, vectors = lobpcg(projected_hamiltonian, guess, largest=False,
/home/erosanow_hpc/informed_swapping/BARK.py:163: UserWarning: Exited at iteration 50 with accuracies 
[6.15174654e-08]
not reaching the requested tolerance 1e-09.
Use iteration 8 instead with accuracy 
2.2192825614027874e-08.

  values, vectors = lobpcg(projected_hamiltonian, guess, largest=False,
/home/erosanow_hpc/informed_swapping/BARK.py:163: UserWarning: Exited postprocessing with accuracies 
[2.21928256e-08]
not reaching the requested tolerance 1e-09.
  values, vectors = lobpcg(projected_hamiltonian, guess, largest=False,
/home/erosanow_hpc/informed_swapping/BARK.py:163: UserWarning: Exited at iteration 50 with accuracies 
[1.13901509e-08]
not reaching the requested tolerance 1e-09.
Use iteration 51 instead with accuracy 
1.1390150861362354e-08.

  values, vectors = lobpcg(projected_hamiltonian, guess, largest=False,
/home/erosanow_hpc/informed_swapping/BARK.py:163: UserWarning: Exited postprocessing with accuracies 
[1.13901509e-08]
not reaching the requested tolerance 1e-09.
  values, vectors = lobpcg(projected_hamiltonian, guess, largest=False,
/home/erosanow_hpc/informed_swapping/BARK.py:163: UserWarning: Exited at iteration 50 with accuracies 
[2.95754836e-07]
not reaching the requested tolerance 1e-09.
Use iteration 8 instead with accuracy 
2.2771439103760722e-08.

  values, vectors = lobpcg(projected_hamiltonian, guess, largest=False,
/home/erosanow_hpc/informed_swapping/BARK.py:163: UserWarning: Exited at iteration 50 with accuracies 
[1.301558e-08]
not reaching the requested tolerance 1e-09.
Use iteration 51 instead with accuracy 
1.3015580018324041e-08.

  values, vectors = lobpcg(projected_hamiltonian, guess, largest=False,
/home/erosanow_hpc/informed_swapping/BARK.py:163: UserWarning: Exited postprocessing with accuracies 
[1.301558e-08]
not reaching the requested tolerance 1e-09.
  values, vectors = lobpcg(projected_hamiltonian, guess, largest=False,
/home/erosanow_hpc/informed_swapping/BARK.py:163: UserWarning: Exited at iteration 50 with accuracies 
[4.88344195e-08]
not reaching the requested tolerance 1e-09.
Use iteration 43 instead with accuracy 
1.378825157252143e-09.

  values, vectors = lobpcg(projected_hamiltonian, guess, largest=False,
/home/erosanow_hpc/informed_swapping/BARK.py:163: UserWarning: Exited postprocessing with accuracies 
[1.37878381e-09]
not reaching the requested tolerance 1e-09.
  values, vectors = lobpcg(projected_hamiltonian, guess, largest=False,
/home/erosanow_hpc/informed_swapping/BARK.py:163: UserWarning: Exited at iteration 50 with accuracies 
[2.22725528e-08]
not reaching the requested tolerance 1e-09.
Use iteration 51 instead with accuracy 
2.227255279999963e-08.

  values, vectors = lobpcg(projected_hamiltonian, guess, largest=False,
/home/erosanow_hpc/informed_swapping/BARK.py:163: UserWarning: Exited postprocessing with accuracies 
[2.22725528e-08]
not reaching the requested tolerance 1e-09.
  values, vectors = lobpcg(projected_hamiltonian, guess, largest=False,
/home/erosanow_hpc/informed_swapping/BARK.py:163: UserWarning: Exited at iteration 50 with accuracies 
[4.93634125e-08]
not reaching the requested tolerance 1e-09.
Use iteration 43 instead with accuracy 
1.3787066259978578e-09.

  values, vectors = lobpcg(projected_hamiltonian, guess, largest=False,
/home/erosanow_hpc/informed_swapping/BARK.py:163: UserWarning: Exited postprocessing with accuracies 
[1.3786797e-09]
not reaching the requested tolerance 1e-09.
  values, vectors = lobpcg(projected_hamiltonian, guess, largest=False,
/home/erosanow_hpc/informed_swapping/BARK.py:163: UserWarning: Exited at iteration 50 with accuracies 
[2.22725724e-08]
not reaching the requested tolerance 1e-09.
Use iteration 51 instead with accuracy 
2.2272572350570548e-08.

  values, vectors = lobpcg(projected_hamiltonian, guess, largest=False,
/home/erosanow_hpc/informed_swapping/BARK.py:163: UserWarning: Exited postprocessing with accuracies 
[2.22725723e-08]
not reaching the requested tolerance 1e-09.
  values, vectors = lobpcg(projected_hamiltonian, guess, largest=False,
/home/erosanow_hpc/informed_swapping/BARK.py:163: UserWarning: Exited at iteration 50 with accuracies 
[2.21218897e-08]
not reaching the requested tolerance 1e-09.
Use iteration 51 instead with accuracy 
2.2121889748272296e-08.

  values, vectors = lobpcg(projected_hamiltonian, guess, largest=False,
/home/erosanow_hpc/informed_swapping/BARK.py:163: UserWarning: Exited postprocessing with accuracies 
[2.21218897e-08]
not reaching the requested tolerance 1e-09.
  values, vectors = lobpcg(projected_hamiltonian, guess, largest=False,
/home/erosanow_hpc/informed_swapping/BARK.py:163: UserWarning: Exited at iteration 50 with accuracies 
[2.76548518e-08]
not reaching the requested tolerance 1e-09.
Use iteration 51 instead with accuracy 
2.7654851790509907e-08.

  values, vectors = lobpcg(projected_hamiltonian, guess, largest=False,
/home/erosanow_hpc/informed_swapping/BARK.py:163: UserWarning: Exited postprocessing with accuracies 
[2.76548518e-08]
not reaching the requested tolerance 1e-09.
  values, vectors = lobpcg(projected_hamiltonian, guess, largest=False,
/home/erosanow_hpc/informed_swapping/BARK.py:163: UserWarning: Exited at iteration 50 with accuracies 
[4.63355635e-08]
not reaching the requested tolerance 1e-09.
Use iteration 43 instead with accuracy 
1.3787418311712725e-09.

  values, vectors = lobpcg(projected_hamiltonian, guess, largest=False,
/home/erosanow_hpc/informed_swapping/BARK.py:163: UserWarning: Exited postprocessing with accuracies 
[1.37874148e-09]
not reaching the requested tolerance 1e-09.
  values, vectors = lobpcg(projected_hamiltonian, guess, largest=False,
/home/erosanow_hpc/informed_swapping/BARK.py:163: UserWarning: Exited at iteration 50 with accuracies 
[2.78668958e-08]
not reaching the requested tolerance 1e-09.
Use iteration 51 instead with accuracy 
2.7866895839115208e-08.

  values, vectors = lobpcg(projected_hamiltonian, guess, largest=False,
/home/erosanow_hpc/informed_swapping/BARK.py:163: UserWarning: Exited postprocessing with accuracies 
[2.78668958e-08]
not reaching the requested tolerance 1e-09.
  values, vectors = lobpcg(projected_hamiltonian, guess, largest=False,
/home/erosanow_hpc/informed_swapping/BARK.py:163: UserWarning: Exited at iteration 50 with accuracies 
[2.76548509e-08]
not reaching the requested tolerance 1e-09.
Use iteration 51 instead with accuracy 
2.765485092313288e-08.

  values, vectors = lobpcg(projected_hamiltonian, guess, largest=False,
/home/erosanow_hpc/informed_swapping/BARK.py:163: UserWarning: Exited postprocessing with accuracies 
[2.76548509e-08]
not reaching the requested tolerance 1e-09.
  values, vectors = lobpcg(projected_hamiltonian, guess, largest=False,
/home/erosanow_hpc/informed_swapping/BARK.py:163: UserWarning: Exited at iteration 50 with accuracies 
[4.15843697e-08]
not reaching the requested tolerance 1e-09.
Use iteration 43 instead with accuracy 
1.02736669572366e-09.

  values, vectors = lobpcg(projected_hamiltonian, guess, largest=False,
/home/erosanow_hpc/informed_swapping/BARK.py:163: UserWarning: Exited postprocessing with accuracies 
[1.02736016e-09]
not reaching the requested tolerance 1e-09.
  values, vectors = lobpcg(projected_hamiltonian, guess, largest=False,
/home/erosanow_hpc/informed_swapping/BARK.py:163: UserWarning: Exited at iteration 50 with accuracies 
[5.61661911e-09]
not reaching the requested tolerance 1e-09.
Use iteration 51 instead with accuracy 
5.616619113461364e-09.

  values, vectors = lobpcg(projected_hamiltonian, guess, largest=False,
/home/erosanow_hpc/informed_swapping/BARK.py:163: UserWarning: Exited postprocessing with accuracies 
[5.61661911e-09]
not reaching the requested tolerance 1e-09.
  values, vectors = lobpcg(projected_hamiltonian, guess, largest=False,
/home/erosanow_hpc/informed_swapping/BARK.py:163: UserWarning: Exited at iteration 50 with accuracies 
[5.58949913e-09]
not reaching the requested tolerance 1e-09.
Use iteration 51 instead with accuracy 
5.589499125980454e-09.

  values, vectors = lobpcg(projected_hamiltonian, guess, largest=False,
/home/erosanow_hpc/informed_swapping/BARK.py:163: UserWarning: Exited postprocessing with accuracies 
[5.58949912e-09]
not reaching the requested tolerance 1e-09.
  values, vectors = lobpcg(projected_hamiltonian, guess, largest=False,
/home/erosanow_hpc/informed_swapping/BARK.py:163: UserWarning: Exited at iteration 50 with accuracies 
[3.35458082e-08]
not reaching the requested tolerance 1e-09.
Use iteration 43 instead with accuracy 
1.033355997864128e-09.

  values, vectors = lobpcg(projected_hamiltonian, guess, largest=False,
/home/erosanow_hpc/informed_swapping/BARK.py:163: UserWarning: Exited postprocessing with accuracies 
[1.03334709e-09]
not reaching the requested tolerance 1e-09.
  values, vectors = lobpcg(projected_hamiltonian, guess, largest=False,
/home/erosanow_hpc/informed_swapping/BARK.py:163: UserWarning: Exited at iteration 50 with accuracies 
[5.61662264e-09]
not reaching the requested tolerance 1e-09.
Use iteration 51 instead with accuracy 
5.616622637554642e-09.

  values, vectors = lobpcg(projected_hamiltonian, guess, largest=False,
/home/erosanow_hpc/informed_swapping/BARK.py:163: UserWarning: Exited postprocessing with accuracies 
[5.61662264e-09]
not reaching the requested tolerance 1e-09.
  values, vectors = lobpcg(projected_hamiltonian, guess, largest=False,
/home/erosanow_hpc/informed_swapping/BARK.py:163: UserWarning: Exited at iteration 50 with accuracies 
[5.58949357e-09]
not reaching the requested tolerance 1e-09.
Use iteration 51 instead with accuracy 
5.589493571046865e-09.

  values, vectors = lobpcg(projected_hamiltonian, guess, largest=False,
/home/erosanow_hpc/informed_swapping/BARK.py:163: UserWarning: Exited postprocessing with accuracies 
[5.58949358e-09]
not reaching the requested tolerance 1e-09.
  values, vectors = lobpcg(projected_hamiltonian, guess, largest=False,
/home/erosanow_hpc/informed_swapping/BARK.py:163: UserWarning: Exited at iteration 50 with accuracies 
[5.58949412e-09]
not reaching the requested tolerance 1e-09.
Use iteration 51 instead with accuracy 
5.58949412286674e-09.

  values, vectors = lobpcg(projected_hamiltonian, guess, largest=False,
/home/erosanow_hpc/informed_swapping/BARK.py:163: UserWarning: Exited postprocessing with accuracies 
[5.58949412e-09]
not reaching the requested tolerance 1e-09.
  values, vectors = lobpcg(projected_hamiltonian, guess, largest=False,
/home/erosanow_hpc/informed_swapping/BARK.py:163: UserWarning: Exited at iteration 50 with accuracies 
[5.58949583e-09]
not reaching the requested tolerance 1e-09.
Use iteration 51 instead with accuracy 
5.5894958324396005e-09.

  values, vectors = lobpcg(projected_hamiltonian, guess, largest=False,
/home/erosanow_hpc/informed_swapping/BARK.py:163: UserWarning: Exited postprocessing with accuracies 
[5.58949583e-09]
not reaching the requested tolerance 1e-09.
  values, vectors = lobpcg(projected_hamiltonian, guess, largest=False,
/home/erosanow_hpc/informed_swapping/BARK.py:163: UserWarning: Exited at iteration 50 with accuracies 
[9.47183508e-08]
not reaching the requested tolerance 1e-09.
Use iteration 51 instead with accuracy 
9.471835084653266e-08.

  values, vectors = lobpcg(projected_hamiltonian, guess, largest=False,
/home/erosanow_hpc/informed_swapping/BARK.py:163: UserWarning: Exited postprocessing with accuracies 
[9.47183509e-08]
not reaching the requested tolerance 1e-09.
  values, vectors = lobpcg(projected_hamiltonian, guess, largest=False,
/home/erosanow_hpc/informed_swapping/BARK.py:163: UserWarning: Exited at iteration 50 with accuracies 
[8.7892711e-08]
not reaching the requested tolerance 1e-09.
Use iteration 51 instead with accuracy 
8.789271098487027e-08.

  values, vectors = lobpcg(projected_hamiltonian, guess, largest=False,
/home/erosanow_hpc/informed_swapping/BARK.py:163: UserWarning: Exited postprocessing with accuracies 
[8.7892711e-08]
not reaching the requested tolerance 1e-09.
  values, vectors = lobpcg(projected_hamiltonian, guess, largest=False,
/home/erosanow_hpc/informed_swapping/BARK.py:163: UserWarning: Exited at iteration 50 with accuracies 
[1.43872376e-07]
not reaching the requested tolerance 1e-09.
Use iteration 43 instead with accuracy 
4.7263301376285286e-09.

  values, vectors = lobpcg(projected_hamiltonian, guess, largest=False,
/home/erosanow_hpc/informed_swapping/BARK.py:163: UserWarning: Exited postprocessing with accuracies 
[4.72615497e-09]
not reaching the requested tolerance 1e-09.
  values, vectors = lobpcg(projected_hamiltonian, guess, largest=False,
/home/erosanow_hpc/informed_swapping/BARK.py:163: UserWarning: Exited at iteration 50 with accuracies 
[9.5444357e-08]
not reaching the requested tolerance 1e-09.
Use iteration 51 instead with accuracy 
9.544435697137853e-08.

  values, vectors = lobpcg(projected_hamiltonian, guess, largest=False,
/home/erosanow_hpc/informed_swapping/BARK.py:163: UserWarning: Exited postprocessing with accuracies 
[9.54443569e-08]
not reaching the requested tolerance 1e-09.
  values, vectors = lobpcg(projected_hamiltonian, guess, largest=False,
/home/erosanow_hpc/informed_swapping/BARK.py:163: UserWarning: Exited at iteration 50 with accuracies 
[1.43908409e-07]
not reaching the requested tolerance 1e-09.
Use iteration 43 instead with accuracy 
4.736066062675513e-09.

  values, vectors = lobpcg(projected_hamiltonian, guess, largest=False,
/home/erosanow_hpc/informed_swapping/BARK.py:163: UserWarning: Exited postprocessing with accuracies 
[4.73612619e-09]
not reaching the requested tolerance 1e-09.
  values, vectors = lobpcg(projected_hamiltonian, guess, largest=False,
/home/erosanow_hpc/informed_swapping/BARK.py:163: UserWarning: Exited at iteration 50 with accuracies 
[7.62883105e-08]
not reaching the requested tolerance 1e-09.
Use iteration 51 instead with accuracy 
7.628831046006236e-08.

  values, vectors = lobpcg(projected_hamiltonian, guess, largest=False,
/home/erosanow_hpc/informed_swapping/BARK.py:163: UserWarning: Exited postprocessing with accuracies 
[7.62883105e-08]
not reaching the requested tolerance 1e-09.
  values, vectors = lobpcg(projected_hamiltonian, guess, largest=False,
/home/erosanow_hpc/informed_swapping/BARK.py:163: UserWarning: Exited at iteration 50 with accuracies 
[9.47183332e-08]
not reaching the requested tolerance 1e-09.
Use iteration 51 instead with accuracy 
9.471833315788182e-08.

  values, vectors = lobpcg(projected_hamiltonian, guess, largest=False,
/home/erosanow_hpc/informed_swapping/BARK.py:163: UserWarning: Exited postprocessing with accuracies 
[9.47183332e-08]
not reaching the requested tolerance 1e-09.
  values, vectors = lobpcg(projected_hamiltonian, guess, largest=False,
/home/erosanow_hpc/informed_swapping/BARK.py:163: UserWarning: Exited at iteration 50 with accuracies 
[7.5884719e-08]
not reaching the requested tolerance 1e-09.
Use iteration 51 instead with accuracy 
7.588471897001038e-08.

  values, vectors = lobpcg(projected_hamiltonian, guess, largest=False,
/home/erosanow_hpc/informed_swapping/BARK.py:163: UserWarning: Exited postprocessing with accuracies 
[7.5884719e-08]
not reaching the requested tolerance 1e-09.
  values, vectors = lobpcg(projected_hamiltonian, guess, largest=False,
/home/erosanow_hpc/informed_swapping/BARK.py:163: UserWarning: Exited at iteration 50 with accuracies 
[1.87637963e-07]
not reaching the requested tolerance 1e-09.
Use iteration 43 instead with accuracy 
6.876357164559148e-09.

  values, vectors = lobpcg(projected_hamiltonian, guess, largest=False,
/home/erosanow_hpc/informed_swapping/BARK.py:163: UserWarning: Exited postprocessing with accuracies 
[6.87628217e-09]
not reaching the requested tolerance 1e-09.
  values, vectors = lobpcg(projected_hamiltonian, guess, largest=False,
/home/erosanow_hpc/informed_swapping/BARK.py:163: UserWarning: Exited at iteration 50 with accuracies 
[1.552075e-07]
not reaching the requested tolerance 1e-09.
Use iteration 51 instead with accuracy 
1.552074996007742e-07.

  values, vectors = lobpcg(projected_hamiltonian, guess, largest=False,
/home/erosanow_hpc/informed_swapping/BARK.py:163: UserWarning: Exited postprocessing with accuracies 
[1.552075e-07]
not reaching the requested tolerance 1e-09.
  values, vectors = lobpcg(projected_hamiltonian, guess, largest=False,
/home/erosanow_hpc/informed_swapping/BARK.py:163: UserWarning: Exited at iteration 50 with accuracies 
[1.51950947e-07]
not reaching the requested tolerance 1e-09.
Use iteration 51 instead with accuracy 
1.519509465343935e-07.

  values, vectors = lobpcg(projected_hamiltonian, guess, largest=False,
/home/erosanow_hpc/informed_swapping/BARK.py:163: UserWarning: Exited postprocessing with accuracies 
[1.51950947e-07]
not reaching the requested tolerance 1e-09.
  values, vectors = lobpcg(projected_hamiltonian, guess, largest=False,
/home/erosanow_hpc/informed_swapping/BARK.py:163: UserWarning: Exited at iteration 50 with accuracies 
[1.51950992e-07]
not reaching the requested tolerance 1e-09.
Use iteration 51 instead with accuracy 
1.5195099209712252e-07.

  values, vectors = lobpcg(projected_hamiltonian, guess, largest=False,
/home/erosanow_hpc/informed_swapping/BARK.py:163: UserWarning: Exited postprocessing with accuracies 
[1.51950992e-07]
not reaching the requested tolerance 1e-09.
  values, vectors = lobpcg(projected_hamiltonian, guess, largest=False,
/home/erosanow_hpc/informed_swapping/BARK.py:163: UserWarning: Exited at iteration 50 with accuracies 
[1.87613528e-07]
not reaching the requested tolerance 1e-09.
Use iteration 43 instead with accuracy 
6.53712096599316e-09.

  values, vectors = lobpcg(projected_hamiltonian, guess, largest=False,
/home/erosanow_hpc/informed_swapping/BARK.py:163: UserWarning: Exited postprocessing with accuracies 
[6.53718954e-09]
not reaching the requested tolerance 1e-09.
  values, vectors = lobpcg(projected_hamiltonian, guess, largest=False,
/home/erosanow_hpc/informed_swapping/BARK.py:163: UserWarning: Exited at iteration 50 with accuracies 
[1.55207494e-07]
not reaching the requested tolerance 1e-09.
Use iteration 51 instead with accuracy 
1.5520749362983433e-07.

  values, vectors = lobpcg(projected_hamiltonian, guess, largest=False,
/home/erosanow_hpc/informed_swapping/BARK.py:163: UserWarning: Exited postprocessing with accuracies 
[1.55207494e-07]
not reaching the requested tolerance 1e-09.
  values, vectors = lobpcg(projected_hamiltonian, guess, largest=False,
/home/erosanow_hpc/informed_swapping/BARK.py:163: UserWarning: Exited at iteration 50 with accuracies 
[1.86880625e-07]
not reaching the requested tolerance 1e-09.
Use iteration 43 instead with accuracy 
6.137087471270562e-09.

  values, vectors = lobpcg(projected_hamiltonian, guess, largest=False,
/home/erosanow_hpc/informed_swapping/BARK.py:163: UserWarning: Exited postprocessing with accuracies 
[6.13714055e-09]
not reaching the requested tolerance 1e-09.
  values, vectors = lobpcg(projected_hamiltonian, guess, largest=False,
/home/erosanow_hpc/informed_swapping/BARK.py:163: UserWarning: Exited at iteration 50 with accuracies 
[1.25069257e-07]
not reaching the requested tolerance 1e-09.
Use iteration 51 instead with accuracy 
1.2506925706830174e-07.

  values, vectors = lobpcg(projected_hamiltonian, guess, largest=False,
/home/erosanow_hpc/informed_swapping/BARK.py:163: UserWarning: Exited postprocessing with accuracies 
[1.25069257e-07]
not reaching the requested tolerance 1e-09.
  values, vectors = lobpcg(projected_hamiltonian, guess, largest=False,
/home/erosanow_hpc/informed_swapping/BARK.py:163: UserWarning: Exited at iteration 50 with accuracies 
[1.20779547e-07]
not reaching the requested tolerance 1e-09.
Use iteration 51 instead with accuracy 
1.2077954698338738e-07.

  values, vectors = lobpcg(projected_hamiltonian, guess, largest=False,
/home/erosanow_hpc/informed_swapping/BARK.py:163: UserWarning: Exited postprocessing with accuracies 
[1.20779547e-07]
not reaching the requested tolerance 1e-09.
  values, vectors = lobpcg(projected_hamiltonian, guess, largest=False,
