host=node178 task=26 threads=4
[job 26/40] 18 cells (15 x n=10, 3 x n=12)
[job 26] 1/18 n=10 dimensions=1 delta=0.5 J=0.0689 Bx=0.0 By=0.0 Bz=0.546175 ham=2 took 0.9s (elapsed 0.9s)
[job 26] 2/18 n=10 dimensions=1 delta=0.5 J=0.139088 Bx=0.0 By=0.0 Bz=-0.127075 ham=4 took 176.7s (elapsed 177.6s)
[job 26] 3/18 n=10 dimensions=1 delta=0.5 J=-0.958446 Bx=0.0 By=0.0 Bz=-0.004125 ham=6 took 225.6s (elapsed 403.3s)
[job 26] 4/18 n=10 dimensions=1 delta=0.5 J=0.039924 Bx=0.0 By=0.0 Bz=-0.550025 ham=8 took 0.8s (elapsed 404.1s)
[job 26] 5/18 n=10 dimensions=1 delta=0.5 J=0.476303 Bx=0.0 By=0.0 Bz=-0.594078 ham=10 took 208.4s (elapsed 612.6s)
[job 26] 6/18 n=10 dimensions=1 delta=0.5 J=-0.504785 Bx=0.0 By=0.0 Bz=-0.800446 ham=12 took 0.8s (elapsed 613.4s)
[job 26] 7/18 n=10 dimensions=1 delta=0.5 J=0.618667 Bx=0.0 By=0.0 Bz=-0.813737 ham=14 took 209.9s (elapsed 823.4s)
[job 26] 8/18 n=10 dimensions=2 delta=0.5 J=-0.81358 Bx=0.0 By=0.0 Bz=0.120636 ham=0 took 210.3s (elapsed 1033.8s)
[job 26] 9/18 n=10 dimensions=2 delta=0.5 J=0.0689 Bx=0.0 By=0.0 Bz=0.546175 ham=2 took 0.8s (elapsed 1034.7s)
[job 26] 10/18 n=10 dimensions=2 delta=0.5 J=0.139088 Bx=0.0 By=0.0 Bz=-0.127075 ham=4 took 179.7s (elapsed 1214.5s)
[job 26] 11/18 n=10 dimensions=2 delta=0.5 J=-0.958446 Bx=0.0 By=0.0 Bz=-0.004125 ham=6 took 210.0s (elapsed 1424.6s)
[job 26] 12/18 n=10 dimensions=2 delta=0.5 J=0.039924 Bx=0.0 By=0.0 Bz=-0.550025 ham=8 took 0.9s (elapsed 1425.6s)
[job 26] 13/18 n=10 dimensions=2 delta=0.5 J=0.476303 Bx=0.0 By=0.0 Bz=-0.594078 ham=10 took 201.2s (elapsed 1626.8s)
[job 26] 14/18 n=10 dimensions=2 delta=0.5 J=-0.504785 Bx=0.0 By=0.0 Bz=-0.800446 ham=12 took 0.8s (elapsed 1627.8s)
[job 26] 15/18 n=10 dimensions=2 delta=0.5 J=0.618667 Bx=0.0 By=0.0 Bz=-0.813737 ham=14 took 214.1s (elapsed 1842.0s)
[job 26] 16/18 n=12 dimensions=1 delta=0.5 J=-0.603824 Bx=0.0 By=0.0 Bz=-0.287176 ham=7 took 1272.0s (elapsed 3114.0s)
[job 26] 17/18 n=12 dimensions=2 delta=0.5 J=-0.806853 Bx=0.0 By=0.0 Bz=-0.047127 ham=5 took 1515.6s (elapsed 4629.7s)
[job 26] 18/18 n=12 dimensions=2 delta=0.5 J=-0.640511 Bx=0.0 By=0.0 Bz=0.767532 ham=13 took 352.4s (elapsed 4982.2s)
[job 26] wrote 8496 rows to bitstring_shards_heisenberg/shard_00026.csv in 4982.4s
