host=node079 task=26 threads=4
[job 26/40] 18 cells (15 x n=10, 3 x n=12)
[job 26] 1/18 n=10 dimensions=1 delta=0.5 J=0.0689 Bx=0.0 By=0.0 Bz=0.546175 ham=2 took 0.6s (elapsed 0.6s)
[job 26] 2/18 n=10 dimensions=1 delta=0.5 J=0.139088 Bx=0.0 By=0.0 Bz=-0.127075 ham=4 took 31.6s (elapsed 32.1s)
[job 26] 3/18 n=10 dimensions=1 delta=0.5 J=-0.958446 Bx=0.0 By=0.0 Bz=-0.004125 ham=6 took 52.0s (elapsed 84.2s)
[job 26] 4/18 n=10 dimensions=1 delta=0.5 J=0.039924 Bx=0.0 By=0.0 Bz=-0.550025 ham=8 took 0.6s (elapsed 84.8s)
[job 26] 5/18 n=10 dimensions=1 delta=0.5 J=0.476303 Bx=0.0 By=0.0 Bz=-0.594078 ham=10 took 43.9s (elapsed 128.7s)
[job 26] 6/18 n=10 dimensions=1 delta=0.5 J=-0.504785 Bx=0.0 By=0.0 Bz=-0.800446 ham=12 took 0.6s (elapsed 129.4s)
[job 26] 7/18 n=10 dimensions=1 delta=0.5 J=0.618667 Bx=0.0 By=0.0 Bz=-0.813737 ham=14 took 41.0s (elapsed 170.4s)
[job 26] 8/18 n=10 dimensions=2 delta=0.5 J=-0.81358 Bx=0.0 By=0.0 Bz=0.120636 ham=0 took 51.9s (elapsed 222.4s)
[job 26] 9/18 n=10 dimensions=2 delta=0.5 J=0.0689 Bx=0.0 By=0.0 Bz=0.546175 ham=2 took 0.5s (elapsed 223.0s)
[job 26] 10/18 n=10 dimensions=2 delta=0.5 J=0.139088 Bx=0.0 By=0.0 Bz=-0.127075 ham=4 took 33.5s (elapsed 256.6s)
[job 26] 11/18 n=10 dimensions=2 delta=0.5 J=-0.958446 Bx=0.0 By=0.0 Bz=-0.004125 ham=6 took 43.8s (elapsed 300.5s)
[job 26] 12/18 n=10 dimensions=2 delta=0.5 J=0.039924 Bx=0.0 By=0.0 Bz=-0.550025 ham=8 took 0.5s (elapsed 301.1s)
[job 26] 13/18 n=10 dimensions=2 delta=0.5 J=0.476303 Bx=0.0 By=0.0 Bz=-0.594078 ham=10 took 53.4s (elapsed 354.5s)
[job 26] 14/18 n=10 dimensions=2 delta=0.5 J=-0.504785 Bx=0.0 By=0.0 Bz=-0.800446 ham=12 took 0.6s (elapsed 355.2s)
[job 26] 15/18 n=10 dimensions=2 delta=0.5 J=0.618667 Bx=0.0 By=0.0 Bz=-0.813737 ham=14 took 56.2s (elapsed 411.5s)
[job 26] 16/18 n=12 dimensions=1 delta=0.5 J=-0.603824 Bx=0.0 By=0.0 Bz=-0.287176 ham=7 took 588.6s (elapsed 1000.3s)
[job 26] 17/18 n=12 dimensions=2 delta=0.5 J=-0.806853 Bx=0.0 By=0.0 Bz=-0.047127 ham=5 took 1005.3s (elapsed 2005.7s)
[job 26] 18/18 n=12 dimensions=2 delta=0.5 J=-0.640511 Bx=0.0 By=0.0 Bz=0.767532 ham=13 took 161.3s (elapsed 2167.1s)
[job 26] wrote 8496 rows to bitstring_shards_heisenberg/shard_00026.csv in 2167.4s
