host=node092 task=30 threads=4
[job 30/40] 78 cells (30 x n=6, 30 x n=8, 15 x n=10, 3 x n=12)
[job 30] 1/78 n=6 dimensions=1 delta=0.0 J=-0.81358 Bx=0.0 By=0.0 Bz=0.120636 ham=0 took 15.4s (elapsed 15.4s)
[job 30] 2/78 n=6 dimensions=1 delta=0.0 J=0.494654 Bx=0.0 By=0.0 Bz=0.709254 ham=1 took 0.2s (elapsed 15.6s)
[job 30] 3/78 n=6 dimensions=1 delta=0.0 J=0.0689 Bx=0.0 By=0.0 Bz=0.546175 ham=2 took 0.2s (elapsed 15.8s)
[job 30] 4/78 n=6 dimensions=1 delta=0.0 J=-0.746409 Bx=0.0 By=0.0 Bz=-0.96867 ham=3 took 0.3s (elapsed 16.1s)
[job 30] 5/78 n=6 dimensions=1 delta=0.0 J=0.139088 Bx=0.0 By=0.0 Bz=-0.127075 ham=4 took 0.3s (elapsed 16.5s)
[job 30] 6/78 n=6 dimensions=1 delta=0.0 J=-0.806853 Bx=0.0 By=0.0 Bz=-0.047127 ham=5 took 17.6s (elapsed 34.1s)
[job 30] 7/78 n=6 dimensions=1 delta=0.0 J=-0.958446 Bx=0.0 By=0.0 Bz=-0.004125 ham=6 took 20.3s (elapsed 54.5s)
[job 30] 8/78 n=6 dimensions=1 delta=0.0 J=-0.603824 Bx=0.0 By=0.0 Bz=-0.287176 ham=7 took 0.3s (elapsed 54.8s)
[job 30] 9/78 n=6 dimensions=1 delta=0.0 J=0.039924 Bx=0.0 By=0.0 Bz=-0.550025 ham=8 took 0.2s (elapsed 55.0s)
[job 30] 10/78 n=6 dimensions=1 delta=0.0 J=0.454189 Bx=0.0 By=0.0 Bz=0.225511 ham=9 took 0.3s (elapsed 55.4s)
[job 30] 11/78 n=6 dimensions=1 delta=0.0 J=0.476303 Bx=0.0 By=0.0 Bz=-0.594078 ham=10 took 0.3s (elapsed 55.7s)
[job 30] 12/78 n=6 dimensions=1 delta=0.0 J=-0.899855 Bx=0.0 By=0.0 Bz=0.734512 ham=11 took 0.3s (elapsed 56.1s)
[job 30] 13/78 n=6 dimensions=1 delta=0.0 J=-0.504785 Bx=0.0 By=0.0 Bz=-0.800446 ham=12 took 0.2s (elapsed 56.4s)
[job 30] 14/78 n=6 dimensions=1 delta=0.0 J=-0.640511 Bx=0.0 By=0.0 Bz=0.767532 ham=13 took 0.2s (elapsed 56.7s)
[job 30] 15/78 n=6 dimensions=1 delta=0.0 J=0.618667 Bx=0.0 By=0.0 Bz=-0.813737 ham=14 took 0.1s (elapsed 56.9s)
[job 30] 16/78 n=6 dimensions=2 delta=0.0 J=-0.81358 Bx=0.0 By=0.0 Bz=0.120636 ham=0 took 18.8s (elapsed 75.8s)
[job 30] 17/78 n=6 dimensions=2 delta=0.0 J=0.494654 Bx=0.0 By=0.0 Bz=0.709254 ham=1 took 0.3s (elapsed 76.2s)
[job 30] 18/78 n=6 dimensions=2 delta=0.0 J=0.0689 Bx=0.0 By=0.0 Bz=0.546175 ham=2 took 0.0s (elapsed 76.3s)
[job 30] 19/78 n=6 dimensions=2 delta=0.0 J=-0.746409 Bx=0.0 By=0.0 Bz=-0.96867 ham=3 took 0.3s (elapsed 76.7s)
[job 30] 20/78 n=6 dimensions=2 delta=0.0 J=0.139088 Bx=0.0 By=0.0 Bz=-0.127075 ham=4 took 0.2s (elapsed 76.9s)
[job 30] 21/78 n=6 dimensions=2 delta=0.0 J=-0.806853 Bx=0.0 By=0.0 Bz=-0.047127 ham=5 took 18.1s (elapsed 95.1s)
[job 30] 22/78 n=6 dimensions=2 delta=0.0 J=-0.958446 Bx=0.0 By=0.0 Bz=-0.004125 ham=6 took 16.8s (elapsed 112.0s)
[job 30] 23/78 n=6 dimensions=2 delta=0.0 J=-0.603824 Bx=0.0 By=0.0 Bz=-0.287176 ham=7 took 16.0s (elapsed 128.1s)
[job 30] 24/78 n=6 dimensions=2 delta=0.0 J=0.039924 Bx=0.0 By=0.0 Bz=-0.550025 ham=8 took 0.1s (elapsed 128.3s)
[job 30] 25/78 n=6 dimensions=2 delta=0.0 J=0.454189 Bx=0.0 By=0.0 Bz=0.225511 ham=9 took 17.5s (elapsed 145.9s)
[job 30] 26/78 n=6 dimensions=2 delta=0.0 J=0.476303 Bx=0.0 By=0.0 Bz=-0.594078 ham=10 took 0.3s (elapsed 146.3s)
[job 30] 27/78 n=6 dimensions=2 delta=0.0 J=-0.899855 Bx=0.0 By=0.0 Bz=0.734512 ham=11 took 0.2s (elapsed 146.6s)
[job 30] 28/78 n=6 dimensions=2 delta=0.0 J=-0.504785 Bx=0.0 By=0.0 Bz=-0.800446 ham=12 took 0.1s (elapsed 146.9s)
[job 30] 29/78 n=6 dimensions=2 delta=0.0 J=-0.640511 Bx=0.0 By=0.0 Bz=0.767532 ham=13 took 0.2s (elapsed 147.2s)
[job 30] 30/78 n=6 dimensions=2 delta=0.0 J=0.618667 Bx=0.0 By=0.0 Bz=-0.813737 ham=14 took 0.2s (elapsed 147.5s)
[job 30] 31/78 n=8 dimensions=1 delta=0.0 J=-0.81358 Bx=0.0 By=0.0 Bz=0.120636 ham=0 took 25.5s (elapsed 173.2s)
[job 30] 32/78 n=8 dimensions=1 delta=0.0 J=0.494654 Bx=0.0 By=0.0 Bz=0.709254 ham=1 took 20.3s (elapsed 193.6s)
[job 30] 33/78 n=8 dimensions=1 delta=0.0 J=0.0689 Bx=0.0 By=0.0 Bz=0.546175 ham=2 took 0.0s (elapsed 193.8s)
[job 30] 34/78 n=8 dimensions=1 delta=0.0 J=-0.746409 Bx=0.0 By=0.0 Bz=-0.96867 ham=3 took 22.9s (elapsed 216.9s)
[job 30] 35/78 n=8 dimensions=1 delta=0.0 J=0.139088 Bx=0.0 By=0.0 Bz=-0.127075 ham=4 took 10.0s (elapsed 227.1s)
[job 30] 36/78 n=8 dimensions=1 delta=0.0 J=-0.806853 Bx=0.0 By=0.0 Bz=-0.047127 ham=5 took 27.1s (elapsed 254.4s)
[job 30] 37/78 n=8 dimensions=1 delta=0.0 J=-0.958446 Bx=0.0 By=0.0 Bz=-0.004125 ham=6 took 25.2s (elapsed 279.8s)
[job 30] 38/78 n=8 dimensions=1 delta=0.0 J=-0.603824 Bx=0.0 By=0.0 Bz=-0.287176 ham=7 took 15.0s (elapsed 295.0s)
[job 30] 39/78 n=8 dimensions=1 delta=0.0 J=0.039924 Bx=0.0 By=0.0 Bz=-0.550025 ham=8 took 0.0s (elapsed 295.2s)
[job 30] 40/78 n=8 dimensions=1 delta=0.0 J=0.454189 Bx=0.0 By=0.0 Bz=0.225511 ham=9 took 14.0s (elapsed 309.4s)
[job 30] 41/78 n=8 dimensions=1 delta=0.0 J=0.476303 Bx=0.0 By=0.0 Bz=-0.594078 ham=10 took 21.6s (elapsed 331.3s)
[job 30] 42/78 n=8 dimensions=1 delta=0.0 J=-0.899855 Bx=0.0 By=0.0 Bz=0.734512 ham=11 took 15.7s (elapsed 347.2s)
[job 30] 43/78 n=8 dimensions=1 delta=0.0 J=-0.504785 Bx=0.0 By=0.0 Bz=-0.800446 ham=12 took 0.3s (elapsed 347.7s)
[job 30] 44/78 n=8 dimensions=1 delta=0.0 J=-0.640511 Bx=0.0 By=0.0 Bz=0.767532 ham=13 took 21.4s (elapsed 369.3s)
[job 30] 45/78 n=8 dimensions=1 delta=0.0 J=0.618667 Bx=0.0 By=0.0 Bz=-0.813737 ham=14 took 21.7s (elapsed 391.2s)
[job 30] 46/78 n=8 dimensions=2 delta=0.0 J=-0.81358 Bx=0.0 By=0.0 Bz=0.120636 ham=0 took 26.5s (elapsed 417.9s)
[job 30] 47/78 n=8 dimensions=2 delta=0.0 J=0.494654 Bx=0.0 By=0.0 Bz=0.709254 ham=1 took 21.1s (elapsed 439.3s)
[job 30] 48/78 n=8 dimensions=2 delta=0.0 J=0.0689 Bx=0.0 By=0.0 Bz=0.546175 ham=2 took 0.2s (elapsed 439.7s)
[job 30] 49/78 n=8 dimensions=2 delta=0.0 J=-0.746409 Bx=0.0 By=0.0 Bz=-0.96867 ham=3 took 22.2s (elapsed 462.1s)
[job 30] 50/78 n=8 dimensions=2 delta=0.0 J=0.139088 Bx=0.0 By=0.0 Bz=-0.127075 ham=4 took 14.9s (elapsed 477.2s)
[job 30] 51/78 n=8 dimensions=2 delta=0.0 J=-0.806853 Bx=0.0 By=0.0 Bz=-0.047127 ham=5 took 26.1s (elapsed 503.6s)
[job 30] 52/78 n=8 dimensions=2 delta=0.0 J=-0.958446 Bx=0.0 By=0.0 Bz=-0.004125 ham=6 took 30.3s (elapsed 534.2s)
[job 30] 53/78 n=8 dimensions=2 delta=0.0 J=-0.603824 Bx=0.0 By=0.0 Bz=-0.287176 ham=7 took 27.8s (elapsed 562.3s)
[job 30] 54/78 n=8 dimensions=2 delta=0.0 J=0.039924 Bx=0.0 By=0.0 Bz=-0.550025 ham=8 took 0.2s (elapsed 562.8s)
[job 30] 55/78 n=8 dimensions=2 delta=0.0 J=0.454189 Bx=0.0 By=0.0 Bz=0.225511 ham=9 took 26.3s (elapsed 589.3s)
[job 30] 56/78 n=8 dimensions=2 delta=0.0 J=0.476303 Bx=0.0 By=0.0 Bz=-0.594078 ham=10 took 22.5s (elapsed 612.1s)
[job 30] 57/78 n=8 dimensions=2 delta=0.0 J=-0.899855 Bx=0.0 By=0.0 Bz=0.734512 ham=11 took 17.9s (elapsed 630.3s)
[job 30] 58/78 n=8 dimensions=2 delta=0.0 J=-0.504785 Bx=0.0 By=0.0 Bz=-0.800446 ham=12 took 20.1s (elapsed 650.8s)
[job 30] 59/78 n=8 dimensions=2 delta=0.0 J=-0.640511 Bx=0.0 By=0.0 Bz=0.767532 ham=13 took 16.9s (elapsed 668.0s)
[job 30] 60/78 n=8 dimensions=2 delta=0.0 J=0.618667 Bx=0.0 By=0.0 Bz=-0.813737 ham=14 took 22.2s (elapsed 690.5s)
[job 30] 61/78 n=10 dimensions=1 delta=0.0 J=-0.81358 Bx=0.0 By=0.0 Bz=0.120636 ham=0 took 79.0s (elapsed 769.8s)
[job 30] 62/78 n=10 dimensions=1 delta=0.0 J=0.494654 Bx=0.0 By=0.0 Bz=0.709254 ham=1 took 7.1s (elapsed 777.3s)
[job 30] 63/78 n=10 dimensions=1 delta=0.0 J=-0.746409 Bx=0.0 By=0.0 Bz=-0.96867 ham=3 took 52.1s (elapsed 829.7s)
[job 30] 64/78 n=10 dimensions=1 delta=0.0 J=-0.806853 Bx=0.0 By=0.0 Bz=-0.047127 ham=5 took 85.3s (elapsed 915.3s)
[job 30] 65/78 n=10 dimensions=1 delta=0.0 J=-0.603824 Bx=0.0 By=0.0 Bz=-0.287176 ham=7 took 71.1s (elapsed 986.7s)
[job 30] 66/78 n=10 dimensions=1 delta=0.0 J=0.454189 Bx=0.0 By=0.0 Bz=0.225511 ham=9 took 68.0s (elapsed 1055.1s)
[job 30] 67/78 n=10 dimensions=1 delta=0.0 J=-0.899855 Bx=0.0 By=0.0 Bz=0.734512 ham=11 took 68.8s (elapsed 1124.3s)
[job 30] 68/78 n=10 dimensions=1 delta=0.0 J=-0.640511 Bx=0.0 By=0.0 Bz=0.767532 ham=13 took 54.4s (elapsed 1179.0s)
[job 30] 69/78 n=10 dimensions=2 delta=0.0 J=0.494654 Bx=0.0 By=0.0 Bz=0.709254 ham=1 took 58.6s (elapsed 1238.0s)
[job 30] 70/78 n=10 dimensions=2 delta=0.0 J=-0.746409 Bx=0.0 By=0.0 Bz=-0.96867 ham=3 took 56.1s (elapsed 1294.4s)
[job 30] 71/78 n=10 dimensions=2 delta=0.0 J=-0.806853 Bx=0.0 By=0.0 Bz=-0.047127 ham=5 took 77.5s (elapsed 1372.4s)
[job 30] 72/78 n=10 dimensions=2 delta=0.0 J=-0.603824 Bx=0.0 By=0.0 Bz=-0.287176 ham=7 took 70.7s (elapsed 1443.5s)
[job 30] 73/78 n=10 dimensions=2 delta=0.0 J=0.454189 Bx=0.0 By=0.0 Bz=0.225511 ham=9 took 64.7s (elapsed 1508.6s)
[job 30] 74/78 n=10 dimensions=2 delta=0.0 J=-0.899855 Bx=0.0 By=0.0 Bz=0.734512 ham=11 took 66.6s (elapsed 1575.6s)
[job 30] 75/78 n=10 dimensions=2 delta=0.0 J=-0.640511 Bx=0.0 By=0.0 Bz=0.767532 ham=13 took 49.6s (elapsed 1625.5s)
[job 30] 76/78 n=12 dimensions=1 delta=0.0 J=0.039924 Bx=0.0 By=0.0 Bz=-0.550025 ham=8 took 35.3s (elapsed 1661.2s)
[job 30] 77/78 n=12 dimensions=2 delta=0.0 J=-0.958446 Bx=0.0 By=0.0 Bz=-0.004125 ham=6 took 800.4s (elapsed 2462.0s)
[job 30] 78/78 n=12 dimensions=2 delta=0.0 J=0.618667 Bx=0.0 By=0.0 Bz=-0.813737 ham=14 took 479.5s (elapsed 2941.9s)
[job 30] wrote 39336 rows to bitstring_shards_heisenberg/shard_00030.csv in 2942.7s
