/home/erosanow_hpc/informed_swapping/BARK.py:166: UserWarning: Exited at iteration 50 with accuracies 
[3.07741615e-09]
not reaching the requested tolerance 1e-09.
Use iteration 51 instead with accuracy 
3.077416146593283e-09.

  values, vectors = lobpcg(projected_hamiltonian, guess, largest=False,
/home/erosanow_hpc/informed_swapping/BARK.py:166: UserWarning: Exited postprocessing with accuracies 
[3.07741631e-09]
not reaching the requested tolerance 1e-09.
  values, vectors = lobpcg(projected_hamiltonian, guess, largest=False,
/home/erosanow_hpc/informed_swapping/BARK.py:166: UserWarning: Exited at iteration 50 with accuracies 
[0.00019228]
not reaching the requested tolerance 1e-09.
Use iteration 43 instead with accuracy 
0.00010198821570807465.

  values, vectors = lobpcg(projected_hamiltonian, guess, largest=False,
/home/erosanow_hpc/informed_swapping/BARK.py:166: UserWarning: Exited postprocessing with accuracies 
[0.00010199]
not reaching the requested tolerance 1e-09.
  values, vectors = lobpcg(projected_hamiltonian, guess, largest=False,
/home/erosanow_hpc/informed_swapping/BARK.py:166: UserWarning: Exited at iteration 50 with accuracies 
[1.3335127e-08]
not reaching the requested tolerance 1e-09.
Use iteration 48 instead with accuracy 
7.862968966771806e-09.

  values, vectors = lobpcg(projected_hamiltonian, guess, largest=False,
/home/erosanow_hpc/informed_swapping/BARK.py:166: UserWarning: Exited postprocessing with accuracies 
[7.86296893e-09]
not reaching the requested tolerance 1e-09.
  values, vectors = lobpcg(projected_hamiltonian, guess, largest=False,
/home/erosanow_hpc/informed_swapping/BARK.py:166: UserWarning: Exited at iteration 50 with accuracies 
[1.87436215e-09]
not reaching the requested tolerance 1e-09.
Use iteration 51 instead with accuracy 
1.874362152775268e-09.

  values, vectors = lobpcg(projected_hamiltonian, guess, largest=False,
/home/erosanow_hpc/informed_swapping/BARK.py:166: UserWarning: Exited postprocessing with accuracies 
[1.87436203e-09]
not reaching the requested tolerance 1e-09.
  values, vectors = lobpcg(projected_hamiltonian, guess, largest=False,
/home/erosanow_hpc/informed_swapping/BARK.py:166: UserWarning: Exited at iteration 50 with accuracies 
[6.12499454e-08]
not reaching the requested tolerance 1e-09.
Use iteration 51 instead with accuracy 
6.124994535539371e-08.

  values, vectors = lobpcg(projected_hamiltonian, guess, largest=False,
/home/erosanow_hpc/informed_swapping/BARK.py:166: UserWarning: Exited postprocessing with accuracies 
[6.12499453e-08]
not reaching the requested tolerance 1e-09.
  values, vectors = lobpcg(projected_hamiltonian, guess, largest=False,
/home/erosanow_hpc/informed_swapping/BARK.py:166: UserWarning: Exited at iteration 50 with accuracies 
[3.08149077e-07]
not reaching the requested tolerance 1e-09.
Use iteration 51 instead with accuracy 
3.0814907681718917e-07.

  values, vectors = lobpcg(projected_hamiltonian, guess, largest=False,
/home/erosanow_hpc/informed_swapping/BARK.py:166: UserWarning: Exited postprocessing with accuracies 
[3.08149077e-07]
not reaching the requested tolerance 1e-09.
  values, vectors = lobpcg(projected_hamiltonian, guess, largest=False,
/home/erosanow_hpc/informed_swapping/BARK.py:166: UserWarning: Exited at iteration 50 with accuracies 
[3.4496696e-07]
not reaching the requested tolerance 1e-09.
Use iteration 47 instead with accuracy 
1.6851896542541164e-07.

  values, vectors = lobpcg(projected_hamiltonian, guess, largest=False,
/home/erosanow_hpc/informed_swapping/BARK.py:166: UserWarning: Exited postprocessing with accuracies 
[1.68518966e-07]
not reaching the requested tolerance 1e-09.
  values, vectors = lobpcg(projected_hamiltonian, guess, largest=False,
/home/erosanow_hpc/informed_swapping/BARK.py:166: UserWarning: Exited at iteration 50 with accuracies 
[4.38080857e-09]
not reaching the requested tolerance 1e-09.
Use iteration 51 instead with accuracy 
4.380808565416171e-09.

  values, vectors = lobpcg(projected_hamiltonian, guess, largest=False,
/home/erosanow_hpc/informed_swapping/BARK.py:166: UserWarning: Exited postprocessing with accuracies 
[4.38080839e-09]
not reaching the requested tolerance 1e-09.
  values, vectors = lobpcg(projected_hamiltonian, guess, largest=False,
/home/erosanow_hpc/informed_swapping/BARK.py:166: UserWarning: Exited at iteration 50 with accuracies 
[1.64902523e-09]
not reaching the requested tolerance 1e-09.
Use iteration 51 instead with accuracy 
1.649025233917633e-09.

  values, vectors = lobpcg(projected_hamiltonian, guess, largest=False,
/home/erosanow_hpc/informed_swapping/BARK.py:166: UserWarning: Exited postprocessing with accuracies 
[1.649025e-09]
not reaching the requested tolerance 1e-09.
  values, vectors = lobpcg(projected_hamiltonian, guess, largest=False,
