/home/erosanow_hpc/informed_swapping/BARK.py:166: UserWarning: Exited at iteration 50 with accuracies 
[0.00036878]
not reaching the requested tolerance 1e-09.
Use iteration 51 instead with accuracy 
0.0003687795808346931.

  values, vectors = lobpcg(projected_hamiltonian, guess, largest=False,
/home/erosanow_hpc/informed_swapping/BARK.py:166: UserWarning: Exited postprocessing with accuracies 
[0.00036878]
not reaching the requested tolerance 1e-09.
  values, vectors = lobpcg(projected_hamiltonian, guess, largest=False,
/home/erosanow_hpc/informed_swapping/BARK.py:166: UserWarning: Exited at iteration 50 with accuracies 
[1.73106082e-06]
not reaching the requested tolerance 1e-09.
Use iteration 51 instead with accuracy 
1.7310608211252293e-06.

  values, vectors = lobpcg(projected_hamiltonian, guess, largest=False,
/home/erosanow_hpc/informed_swapping/BARK.py:166: UserWarning: Exited postprocessing with accuracies 
[1.73106082e-06]
not reaching the requested tolerance 1e-09.
  values, vectors = lobpcg(projected_hamiltonian, guess, largest=False,
/home/erosanow_hpc/informed_swapping/BARK.py:166: UserWarning: Exited at iteration 50 with accuracies 
[3.14339267e-09]
not reaching the requested tolerance 1e-09.
Use iteration 51 instead with accuracy 
3.1433926731753945e-09.

  values, vectors = lobpcg(projected_hamiltonian, guess, largest=False,
/home/erosanow_hpc/informed_swapping/BARK.py:166: UserWarning: Exited postprocessing with accuracies 
[3.14339281e-09]
not reaching the requested tolerance 1e-09.
  values, vectors = lobpcg(projected_hamiltonian, guess, largest=False,
/home/erosanow_hpc/informed_swapping/BARK.py:166: UserWarning: Exited at iteration 50 with accuracies 
[1.57503013e-09]
not reaching the requested tolerance 1e-09.
Use iteration 51 instead with accuracy 
1.575030127292549e-09.

  values, vectors = lobpcg(projected_hamiltonian, guess, largest=False,
/home/erosanow_hpc/informed_swapping/BARK.py:166: UserWarning: Exited postprocessing with accuracies 
[1.57503019e-09]
not reaching the requested tolerance 1e-09.
  values, vectors = lobpcg(projected_hamiltonian, guess, largest=False,
/home/erosanow_hpc/informed_swapping/BARK.py:166: UserWarning: Exited at iteration 50 with accuracies 
[1.06455598e-08]
not reaching the requested tolerance 1e-09.
Use iteration 51 instead with accuracy 
1.0645559774847666e-08.

  values, vectors = lobpcg(projected_hamiltonian, guess, largest=False,
/home/erosanow_hpc/informed_swapping/BARK.py:166: UserWarning: Exited postprocessing with accuracies 
[1.06455597e-08]
not reaching the requested tolerance 1e-09.
  values, vectors = lobpcg(projected_hamiltonian, guess, largest=False,
/home/erosanow_hpc/informed_swapping/BARK.py:166: UserWarning: Exited at iteration 50 with accuracies 
[2.09693074e-07]
not reaching the requested tolerance 1e-09.
Use iteration 51 instead with accuracy 
2.0969307435786073e-07.

  values, vectors = lobpcg(projected_hamiltonian, guess, largest=False,
/home/erosanow_hpc/informed_swapping/BARK.py:166: UserWarning: Exited postprocessing with accuracies 
[2.09693074e-07]
not reaching the requested tolerance 1e-09.
  values, vectors = lobpcg(projected_hamiltonian, guess, largest=False,
/home/erosanow_hpc/informed_swapping/BARK.py:166: UserWarning: Exited at iteration 50 with accuracies 
[2.92192722e-09]
not reaching the requested tolerance 1e-09.
Use iteration 51 instead with accuracy 
2.9219272171263655e-09.

  values, vectors = lobpcg(projected_hamiltonian, guess, largest=False,
/home/erosanow_hpc/informed_swapping/BARK.py:166: UserWarning: Exited postprocessing with accuracies 
[2.92192742e-09]
not reaching the requested tolerance 1e-09.
  values, vectors = lobpcg(projected_hamiltonian, guess, largest=False,
/home/erosanow_hpc/informed_swapping/BARK.py:166: UserWarning: Exited at iteration 50 with accuracies 
[4.41885349e-09]
not reaching the requested tolerance 1e-09.
Use iteration 51 instead with accuracy 
4.418853493707234e-09.

  values, vectors = lobpcg(projected_hamiltonian, guess, largest=False,
/home/erosanow_hpc/informed_swapping/BARK.py:166: UserWarning: Exited postprocessing with accuracies 
[4.41885387e-09]
not reaching the requested tolerance 1e-09.
  values, vectors = lobpcg(projected_hamiltonian, guess, largest=False,
/home/erosanow_hpc/informed_swapping/BARK.py:166: UserWarning: Exited at iteration 50 with accuracies 
[1.06769316e-09]
not reaching the requested tolerance 1e-09.
Use iteration 51 instead with accuracy 
1.067693156477881e-09.

  values, vectors = lobpcg(projected_hamiltonian, guess, largest=False,
/home/erosanow_hpc/informed_swapping/BARK.py:166: UserWarning: Exited postprocessing with accuracies 
[1.06769339e-09]
not reaching the requested tolerance 1e-09.
  values, vectors = lobpcg(projected_hamiltonian, guess, largest=False,
/home/erosanow_hpc/informed_swapping/BARK.py:166: UserWarning: Exited at iteration 50 with accuracies 
[4.34488369e-09]
not reaching the requested tolerance 1e-09.
Use iteration 51 instead with accuracy 
4.34488368650484e-09.

  values, vectors = lobpcg(projected_hamiltonian, guess, largest=False,
/home/erosanow_hpc/informed_swapping/BARK.py:166: UserWarning: Exited postprocessing with accuracies 
[4.34488371e-09]
not reaching the requested tolerance 1e-09.
  values, vectors = lobpcg(projected_hamiltonian, guess, largest=False,
/home/erosanow_hpc/informed_swapping/BARK.py:166: UserWarning: Exited at iteration 50 with accuracies 
[5.37990171e-09]
not reaching the requested tolerance 1e-09.
Use iteration 50 instead with accuracy 
5.107831436034082e-09.

  values, vectors = lobpcg(projected_hamiltonian, guess, largest=False,
/home/erosanow_hpc/informed_swapping/BARK.py:166: UserWarning: Exited postprocessing with accuracies 
[5.10783158e-09]
not reaching the requested tolerance 1e-09.
  values, vectors = lobpcg(projected_hamiltonian, guess, largest=False,
/home/erosanow_hpc/informed_swapping/BARK.py:166: UserWarning: Exited at iteration 50 with accuracies 
[0.00037922]
not reaching the requested tolerance 1e-09.
Use iteration 51 instead with accuracy 
0.0003792159840642774.

  values, vectors = lobpcg(projected_hamiltonian, guess, largest=False,
/home/erosanow_hpc/informed_swapping/BARK.py:166: UserWarning: Exited postprocessing with accuracies 
[0.00037922]
not reaching the requested tolerance 1e-09.
  values, vectors = lobpcg(projected_hamiltonian, guess, largest=False,
/home/erosanow_hpc/informed_swapping/BARK.py:166: UserWarning: Exited at iteration 50 with accuracies 
[2.23993067e-09]
not reaching the requested tolerance 1e-09.
Use iteration 51 instead with accuracy 
2.239930672254029e-09.

  values, vectors = lobpcg(projected_hamiltonian, guess, largest=False,
/home/erosanow_hpc/informed_swapping/BARK.py:166: UserWarning: Exited postprocessing with accuracies 
[2.23993106e-09]
not reaching the requested tolerance 1e-09.
  values, vectors = lobpcg(projected_hamiltonian, guess, largest=False,
/home/erosanow_hpc/informed_swapping/BARK.py:166: UserWarning: Exited at iteration 50 with accuracies 
[3.1899384e-09]
not reaching the requested tolerance 1e-09.
Use iteration 51 instead with accuracy 
3.1899383962528707e-09.

  values, vectors = lobpcg(projected_hamiltonian, guess, largest=False,
/home/erosanow_hpc/informed_swapping/BARK.py:166: UserWarning: Exited postprocessing with accuracies 
[3.18993834e-09]
not reaching the requested tolerance 1e-09.
  values, vectors = lobpcg(projected_hamiltonian, guess, largest=False,
/home/erosanow_hpc/informed_swapping/BARK.py:166: UserWarning: Exited at iteration 50 with accuracies 
[1.73260393e-09]
not reaching the requested tolerance 1e-09.
Use iteration 51 instead with accuracy 
1.73260393321905e-09.

  values, vectors = lobpcg(projected_hamiltonian, guess, largest=False,
/home/erosanow_hpc/informed_swapping/BARK.py:166: UserWarning: Exited postprocessing with accuracies 
[1.73260397e-09]
not reaching the requested tolerance 1e-09.
  values, vectors = lobpcg(projected_hamiltonian, guess, largest=False,
/home/erosanow_hpc/informed_swapping/BARK.py:166: UserWarning: Exited at iteration 50 with accuracies 
[8.57227071e-09]
not reaching the requested tolerance 1e-09.
Use iteration 51 instead with accuracy 
8.572270712207364e-09.

  values, vectors = lobpcg(projected_hamiltonian, guess, largest=False,
/home/erosanow_hpc/informed_swapping/BARK.py:166: UserWarning: Exited postprocessing with accuracies 
[8.57227075e-09]
not reaching the requested tolerance 1e-09.
  values, vectors = lobpcg(projected_hamiltonian, guess, largest=False,
/home/erosanow_hpc/informed_swapping/BARK.py:166: UserWarning: Exited at iteration 50 with accuracies 
[7.82996745e-09]
not reaching the requested tolerance 1e-09.
Use iteration 51 instead with accuracy 
7.829967447282093e-09.

  values, vectors = lobpcg(projected_hamiltonian, guess, largest=False,
/home/erosanow_hpc/informed_swapping/BARK.py:166: UserWarning: Exited postprocessing with accuracies 
[7.82996763e-09]
not reaching the requested tolerance 1e-09.
  values, vectors = lobpcg(projected_hamiltonian, guess, largest=False,
/home/erosanow_hpc/informed_swapping/BARK.py:166: UserWarning: Exited at iteration 50 with accuracies 
[1.37499415e-05]
not reaching the requested tolerance 1e-09.
Use iteration 51 instead with accuracy 
1.3749941502733621e-05.

  values, vectors = lobpcg(projected_hamiltonian, guess, largest=False,
/home/erosanow_hpc/informed_swapping/BARK.py:166: UserWarning: Exited postprocessing with accuracies 
[1.37499415e-05]
not reaching the requested tolerance 1e-09.
  values, vectors = lobpcg(projected_hamiltonian, guess, largest=False,
/home/erosanow_hpc/informed_swapping/BARK.py:166: UserWarning: Exited at iteration 50 with accuracies 
[8.04407186e-09]
not reaching the requested tolerance 1e-09.
Use iteration 51 instead with accuracy 
8.044071863577981e-09.

  values, vectors = lobpcg(projected_hamiltonian, guess, largest=False,
/home/erosanow_hpc/informed_swapping/BARK.py:166: UserWarning: Exited postprocessing with accuracies 
[8.04407197e-09]
not reaching the requested tolerance 1e-09.
  values, vectors = lobpcg(projected_hamiltonian, guess, largest=False,
/home/erosanow_hpc/informed_swapping/BARK.py:166: UserWarning: Exited at iteration 50 with accuracies 
[1.06772838e-09]
not reaching the requested tolerance 1e-09.
Use iteration 51 instead with accuracy 
1.0677283807372785e-09.

  values, vectors = lobpcg(projected_hamiltonian, guess, largest=False,
/home/erosanow_hpc/informed_swapping/BARK.py:166: UserWarning: Exited postprocessing with accuracies 
[1.06772839e-09]
not reaching the requested tolerance 1e-09.
  values, vectors = lobpcg(projected_hamiltonian, guess, largest=False,
/home/erosanow_hpc/informed_swapping/BARK.py:166: UserWarning: Exited at iteration 50 with accuracies 
[3.97267708e-09]
not reaching the requested tolerance 1e-09.
Use iteration 51 instead with accuracy 
3.972677075021478e-09.

  values, vectors = lobpcg(projected_hamiltonian, guess, largest=False,
/home/erosanow_hpc/informed_swapping/BARK.py:166: UserWarning: Exited postprocessing with accuracies 
[3.97267699e-09]
not reaching the requested tolerance 1e-09.
  values, vectors = lobpcg(projected_hamiltonian, guess, largest=False,
/home/erosanow_hpc/informed_swapping/BARK.py:166: UserWarning: Exited at iteration 50 with accuracies 
[2.97278924e-08]
not reaching the requested tolerance 1e-09.
Use iteration 50 instead with accuracy 
2.7352505308269688e-08.

  values, vectors = lobpcg(projected_hamiltonian, guess, largest=False,
/home/erosanow_hpc/informed_swapping/BARK.py:166: UserWarning: Exited postprocessing with accuracies 
[2.73525056e-08]
not reaching the requested tolerance 1e-09.
  values, vectors = lobpcg(projected_hamiltonian, guess, largest=False,
/home/erosanow_hpc/informed_swapping/BARK.py:166: UserWarning: Exited at iteration 50 with accuracies 
[1.11066142e-07]
not reaching the requested tolerance 1e-09.
Use iteration 51 instead with accuracy 
1.1106614153583745e-07.

  values, vectors = lobpcg(projected_hamiltonian, guess, largest=False,
/home/erosanow_hpc/informed_swapping/BARK.py:166: UserWarning: Exited postprocessing with accuracies 
[1.11066142e-07]
not reaching the requested tolerance 1e-09.
  values, vectors = lobpcg(projected_hamiltonian, guess, largest=False,
/home/erosanow_hpc/informed_swapping/BARK.py:166: UserWarning: Exited at iteration 50 with accuracies 
[7.12234563e-08]
not reaching the requested tolerance 1e-09.
Use iteration 51 instead with accuracy 
7.12234563379383e-08.

  values, vectors = lobpcg(projected_hamiltonian, guess, largest=False,
/home/erosanow_hpc/informed_swapping/BARK.py:166: UserWarning: Exited postprocessing with accuracies 
[7.12234563e-08]
not reaching the requested tolerance 1e-09.
  values, vectors = lobpcg(projected_hamiltonian, guess, largest=False,
/home/erosanow_hpc/informed_swapping/BARK.py:166: UserWarning: Exited at iteration 50 with accuracies 
[2.41496106e-08]
not reaching the requested tolerance 1e-09.
Use iteration 51 instead with accuracy 
2.414961060790145e-08.

  values, vectors = lobpcg(projected_hamiltonian, guess, largest=False,
/home/erosanow_hpc/informed_swapping/BARK.py:166: UserWarning: Exited postprocessing with accuracies 
[2.41496105e-08]
not reaching the requested tolerance 1e-09.
  values, vectors = lobpcg(projected_hamiltonian, guess, largest=False,
/home/erosanow_hpc/informed_swapping/BARK.py:166: UserWarning: Exited at iteration 50 with accuracies 
[5.63213037e-09]
not reaching the requested tolerance 1e-09.
Use iteration 51 instead with accuracy 
5.6321303728308795e-09.

  values, vectors = lobpcg(projected_hamiltonian, guess, largest=False,
/home/erosanow_hpc/informed_swapping/BARK.py:166: UserWarning: Exited postprocessing with accuracies 
[5.63213034e-09]
not reaching the requested tolerance 1e-09.
  values, vectors = lobpcg(projected_hamiltonian, guess, largest=False,
/home/erosanow_hpc/informed_swapping/BARK.py:166: UserWarning: Exited at iteration 50 with accuracies 
[2.69157161e-09]
not reaching the requested tolerance 1e-09.
Use iteration 51 instead with accuracy 
2.6915716080941e-09.

  values, vectors = lobpcg(projected_hamiltonian, guess, largest=False,
/home/erosanow_hpc/informed_swapping/BARK.py:166: UserWarning: Exited postprocessing with accuracies 
[2.69157156e-09]
not reaching the requested tolerance 1e-09.
  values, vectors = lobpcg(projected_hamiltonian, guess, largest=False,
/home/erosanow_hpc/informed_swapping/BARK.py:166: UserWarning: Exited at iteration 50 with accuracies 
[2.06078214e-07]
not reaching the requested tolerance 1e-09.
Use iteration 51 instead with accuracy 
2.0607821363764149e-07.

  values, vectors = lobpcg(projected_hamiltonian, guess, largest=False,
/home/erosanow_hpc/informed_swapping/BARK.py:166: UserWarning: Exited postprocessing with accuracies 
[2.06078214e-07]
not reaching the requested tolerance 1e-09.
  values, vectors = lobpcg(projected_hamiltonian, guess, largest=False,
/home/erosanow_hpc/informed_swapping/BARK.py:166: UserWarning: Exited at iteration 50 with accuracies 
[3.00037394e-05]
not reaching the requested tolerance 1e-09.
Use iteration 51 instead with accuracy 
3.0003739420739082e-05.

  values, vectors = lobpcg(projected_hamiltonian, guess, largest=False,
/home/erosanow_hpc/informed_swapping/BARK.py:166: UserWarning: Exited postprocessing with accuracies 
[3.00037394e-05]
not reaching the requested tolerance 1e-09.
  values, vectors = lobpcg(projected_hamiltonian, guess, largest=False,
/home/erosanow_hpc/informed_swapping/BARK.py:166: UserWarning: Exited at iteration 50 with accuracies 
[2.22203669e-09]
not reaching the requested tolerance 1e-09.
Use iteration 46 instead with accuracy 
1.7972147446281068e-09.

  values, vectors = lobpcg(projected_hamiltonian, guess, largest=False,
/home/erosanow_hpc/informed_swapping/BARK.py:166: UserWarning: Exited postprocessing with accuracies 
[1.7972148e-09]
not reaching the requested tolerance 1e-09.
  values, vectors = lobpcg(projected_hamiltonian, guess, largest=False,
/home/erosanow_hpc/informed_swapping/BARK.py:166: UserWarning: Exited at iteration 50 with accuracies 
[1.7207563e-09]
not reaching the requested tolerance 1e-09.
Use iteration 47 instead with accuracy 
1.0315760991655345e-09.

  values, vectors = lobpcg(projected_hamiltonian, guess, largest=False,
/home/erosanow_hpc/informed_swapping/BARK.py:166: UserWarning: Exited postprocessing with accuracies 
[1.03157598e-09]
not reaching the requested tolerance 1e-09.
  values, vectors = lobpcg(projected_hamiltonian, guess, largest=False,
/home/erosanow_hpc/informed_swapping/BARK.py:166: UserWarning: Exited at iteration 50 with accuracies 
[1.3429213e-08]
not reaching the requested tolerance 1e-09.
Use iteration 50 instead with accuracy 
1.1100587410537937e-08.

  values, vectors = lobpcg(projected_hamiltonian, guess, largest=False,
/home/erosanow_hpc/informed_swapping/BARK.py:166: UserWarning: Exited postprocessing with accuracies 
[1.11005877e-08]
not reaching the requested tolerance 1e-09.
  values, vectors = lobpcg(projected_hamiltonian, guess, largest=False,
/home/erosanow_hpc/informed_swapping/BARK.py:166: UserWarning: Exited at iteration 50 with accuracies 
[1.55406392e-09]
not reaching the requested tolerance 1e-09.
Use iteration 51 instead with accuracy 
1.5540639236004593e-09.

  values, vectors = lobpcg(projected_hamiltonian, guess, largest=False,
/home/erosanow_hpc/informed_swapping/BARK.py:166: UserWarning: Exited postprocessing with accuracies 
[1.554064e-09]
not reaching the requested tolerance 1e-09.
  values, vectors = lobpcg(projected_hamiltonian, guess, largest=False,
/home/erosanow_hpc/informed_swapping/BARK.py:166: UserWarning: Exited at iteration 50 with accuracies 
[1.80587224e-08]
not reaching the requested tolerance 1e-09.
Use iteration 51 instead with accuracy 
1.8058722432508453e-08.

  values, vectors = lobpcg(projected_hamiltonian, guess, largest=False,
/home/erosanow_hpc/informed_swapping/BARK.py:166: UserWarning: Exited postprocessing with accuracies 
[1.80587223e-08]
not reaching the requested tolerance 1e-09.
  values, vectors = lobpcg(projected_hamiltonian, guess, largest=False,
/home/erosanow_hpc/informed_swapping/BARK.py:166: UserWarning: Exited at iteration 50 with accuracies 
[3.48712556e-09]
not reaching the requested tolerance 1e-09.
Use iteration 51 instead with accuracy 
3.4871255591672068e-09.

  values, vectors = lobpcg(projected_hamiltonian, guess, largest=False,
/home/erosanow_hpc/informed_swapping/BARK.py:166: UserWarning: Exited postprocessing with accuracies 
[3.48712582e-09]
not reaching the requested tolerance 1e-09.
  values, vectors = lobpcg(projected_hamiltonian, guess, largest=False,
/home/erosanow_hpc/informed_swapping/BARK.py:166: UserWarning: Exited at iteration 50 with accuracies 
[5.99973475e-09]
not reaching the requested tolerance 1e-09.
Use iteration 51 instead with accuracy 
5.999734745744794e-09.

  values, vectors = lobpcg(projected_hamiltonian, guess, largest=False,
/home/erosanow_hpc/informed_swapping/BARK.py:166: UserWarning: Exited postprocessing with accuracies 
[5.99973477e-09]
not reaching the requested tolerance 1e-09.
  values, vectors = lobpcg(projected_hamiltonian, guess, largest=False,
/home/erosanow_hpc/informed_swapping/BARK.py:166: UserWarning: Exited at iteration 50 with accuracies 
[3.76661301e-09]
not reaching the requested tolerance 1e-09.
Use iteration 51 instead with accuracy 
3.766613009877279e-09.

  values, vectors = lobpcg(projected_hamiltonian, guess, largest=False,
/home/erosanow_hpc/informed_swapping/BARK.py:166: UserWarning: Exited postprocessing with accuracies 
[3.76661314e-09]
not reaching the requested tolerance 1e-09.
  values, vectors = lobpcg(projected_hamiltonian, guess, largest=False,
/home/erosanow_hpc/informed_swapping/BARK.py:166: UserWarning: Exited at iteration 50 with accuracies 
[1.94518088e-08]
not reaching the requested tolerance 1e-09.
Use iteration 51 instead with accuracy 
1.9451808795883423e-08.

  values, vectors = lobpcg(projected_hamiltonian, guess, largest=False,
/home/erosanow_hpc/informed_swapping/BARK.py:166: UserWarning: Exited postprocessing with accuracies 
[1.94518088e-08]
not reaching the requested tolerance 1e-09.
  values, vectors = lobpcg(projected_hamiltonian, guess, largest=False,
/home/erosanow_hpc/informed_swapping/BARK.py:166: UserWarning: Exited at iteration 50 with accuracies 
[1.06832716e-08]
not reaching the requested tolerance 1e-09.
Use iteration 51 instead with accuracy 
1.0683271560849708e-08.

  values, vectors = lobpcg(projected_hamiltonian, guess, largest=False,
/home/erosanow_hpc/informed_swapping/BARK.py:166: UserWarning: Exited postprocessing with accuracies 
[1.06832714e-08]
not reaching the requested tolerance 1e-09.
  values, vectors = lobpcg(projected_hamiltonian, guess, largest=False,
/home/erosanow_hpc/informed_swapping/BARK.py:166: UserWarning: Exited at iteration 50 with accuracies 
[1.50940823e-09]
not reaching the requested tolerance 1e-09.
Use iteration 51 instead with accuracy 
1.5094082271228078e-09.

  values, vectors = lobpcg(projected_hamiltonian, guess, largest=False,
/home/erosanow_hpc/informed_swapping/BARK.py:166: UserWarning: Exited postprocessing with accuracies 
[1.50940828e-09]
not reaching the requested tolerance 1e-09.
  values, vectors = lobpcg(projected_hamiltonian, guess, largest=False,
/home/erosanow_hpc/informed_swapping/BARK.py:166: UserWarning: Exited at iteration 50 with accuracies 
[1.0962794e-08]
not reaching the requested tolerance 1e-09.
Use iteration 50 instead with accuracy 
1.0306473578487125e-08.

  values, vectors = lobpcg(projected_hamiltonian, guess, largest=False,
/home/erosanow_hpc/informed_swapping/BARK.py:166: UserWarning: Exited postprocessing with accuracies 
[1.03064736e-08]
not reaching the requested tolerance 1e-09.
  values, vectors = lobpcg(projected_hamiltonian, guess, largest=False,
/home/erosanow_hpc/informed_swapping/BARK.py:166: UserWarning: Exited at iteration 50 with accuracies 
[2.08160692e-09]
not reaching the requested tolerance 1e-09.
Use iteration 51 instead with accuracy 
2.0816069246606625e-09.

  values, vectors = lobpcg(projected_hamiltonian, guess, largest=False,
/home/erosanow_hpc/informed_swapping/BARK.py:166: UserWarning: Exited postprocessing with accuracies 
[2.08160695e-09]
not reaching the requested tolerance 1e-09.
  values, vectors = lobpcg(projected_hamiltonian, guess, largest=False,
/home/erosanow_hpc/informed_swapping/BARK.py:166: UserWarning: Exited at iteration 50 with accuracies 
[1.17115934e-09]
not reaching the requested tolerance 1e-09.
Use iteration 51 instead with accuracy 
1.1711593442515351e-09.

  values, vectors = lobpcg(projected_hamiltonian, guess, largest=False,
/home/erosanow_hpc/informed_swapping/BARK.py:166: UserWarning: Exited postprocessing with accuracies 
[1.17115938e-09]
not reaching the requested tolerance 1e-09.
  values, vectors = lobpcg(projected_hamiltonian, guess, largest=False,
/home/erosanow_hpc/informed_swapping/BARK.py:166: UserWarning: Exited at iteration 50 with accuracies 
[1.7661332e-09]
not reaching the requested tolerance 1e-09.
Use iteration 51 instead with accuracy 
1.7661331992871004e-09.

  values, vectors = lobpcg(projected_hamiltonian, guess, largest=False,
/home/erosanow_hpc/informed_swapping/BARK.py:166: UserWarning: Exited postprocessing with accuracies 
[1.76613317e-09]
not reaching the requested tolerance 1e-09.
  values, vectors = lobpcg(projected_hamiltonian, guess, largest=False,
/home/erosanow_hpc/informed_swapping/BARK.py:166: UserWarning: Exited at iteration 50 with accuracies 
[1.72847477e-09]
not reaching the requested tolerance 1e-09.
Use iteration 51 instead with accuracy 
1.7284747677835738e-09.

  values, vectors = lobpcg(projected_hamiltonian, guess, largest=False,
/home/erosanow_hpc/informed_swapping/BARK.py:166: UserWarning: Exited postprocessing with accuracies 
[1.72847498e-09]
not reaching the requested tolerance 1e-09.
  values, vectors = lobpcg(projected_hamiltonian, guess, largest=False,
/home/erosanow_hpc/informed_swapping/BARK.py:166: UserWarning: Exited at iteration 50 with accuracies 
[2.56716945e-05]
not reaching the requested tolerance 1e-09.
Use iteration 51 instead with accuracy 
2.567169452192255e-05.

  values, vectors = lobpcg(projected_hamiltonian, guess, largest=False,
/home/erosanow_hpc/informed_swapping/BARK.py:166: UserWarning: Exited postprocessing with accuracies 
[2.56716945e-05]
not reaching the requested tolerance 1e-09.
  values, vectors = lobpcg(projected_hamiltonian, guess, largest=False,
/home/erosanow_hpc/informed_swapping/BARK.py:166: UserWarning: Exited at iteration 50 with accuracies 
[1.73106082e-06]
not reaching the requested tolerance 1e-09.
Use iteration 51 instead with accuracy 
1.7310608210478914e-06.

  values, vectors = lobpcg(projected_hamiltonian, guess, largest=False,
/home/erosanow_hpc/informed_swapping/BARK.py:166: UserWarning: Exited at iteration 50 with accuracies 
[3.14339294e-09]
not reaching the requested tolerance 1e-09.
Use iteration 51 instead with accuracy 
3.143392939179174e-09.

  values, vectors = lobpcg(projected_hamiltonian, guess, largest=False,
/home/erosanow_hpc/informed_swapping/BARK.py:166: UserWarning: Exited postprocessing with accuracies 
[3.14339315e-09]
not reaching the requested tolerance 1e-09.
  values, vectors = lobpcg(projected_hamiltonian, guess, largest=False,
/home/erosanow_hpc/informed_swapping/BARK.py:166: UserWarning: Exited at iteration 50 with accuracies 
[1.57502973e-09]
not reaching the requested tolerance 1e-09.
Use iteration 51 instead with accuracy 
1.5750297292484213e-09.

  values, vectors = lobpcg(projected_hamiltonian, guess, largest=False,
/home/erosanow_hpc/informed_swapping/BARK.py:166: UserWarning: Exited postprocessing with accuracies 
[1.57502977e-09]
not reaching the requested tolerance 1e-09.
  values, vectors = lobpcg(projected_hamiltonian, guess, largest=False,
/home/erosanow_hpc/informed_swapping/BARK.py:166: UserWarning: Exited at iteration 50 with accuracies 
[1.06455595e-08]
not reaching the requested tolerance 1e-09.
Use iteration 51 instead with accuracy 
1.0645559474746545e-08.

  values, vectors = lobpcg(projected_hamiltonian, guess, largest=False,
/home/erosanow_hpc/informed_swapping/BARK.py:166: UserWarning: Exited postprocessing with accuracies 
[1.06455594e-08]
not reaching the requested tolerance 1e-09.
  values, vectors = lobpcg(projected_hamiltonian, guess, largest=False,
/home/erosanow_hpc/informed_swapping/BARK.py:166: UserWarning: Exited at iteration 50 with accuracies 
[2.09693075e-07]
not reaching the requested tolerance 1e-09.
Use iteration 51 instead with accuracy 
2.0969307455268588e-07.

  values, vectors = lobpcg(projected_hamiltonian, guess, largest=False,
/home/erosanow_hpc/informed_swapping/BARK.py:166: UserWarning: Exited postprocessing with accuracies 
[2.09693075e-07]
not reaching the requested tolerance 1e-09.
  values, vectors = lobpcg(projected_hamiltonian, guess, largest=False,
/home/erosanow_hpc/informed_swapping/BARK.py:166: UserWarning: Exited at iteration 50 with accuracies 
[2.92192766e-09]
not reaching the requested tolerance 1e-09.
Use iteration 51 instead with accuracy 
2.9219276629037187e-09.

  values, vectors = lobpcg(projected_hamiltonian, guess, largest=False,
/home/erosanow_hpc/informed_swapping/BARK.py:166: UserWarning: Exited postprocessing with accuracies 
[2.92192746e-09]
not reaching the requested tolerance 1e-09.
  values, vectors = lobpcg(projected_hamiltonian, guess, largest=False,
/home/erosanow_hpc/informed_swapping/BARK.py:166: UserWarning: Exited at iteration 50 with accuracies 
[4.41885259e-09]
not reaching the requested tolerance 1e-09.
Use iteration 51 instead with accuracy 
4.418852588081995e-09.

  values, vectors = lobpcg(projected_hamiltonian, guess, largest=False,
/home/erosanow_hpc/informed_swapping/BARK.py:166: UserWarning: Exited postprocessing with accuracies 
[4.41885293e-09]
not reaching the requested tolerance 1e-09.
  values, vectors = lobpcg(projected_hamiltonian, guess, largest=False,
/home/erosanow_hpc/informed_swapping/BARK.py:166: UserWarning: Exited at iteration 50 with accuracies 
[1.06769261e-09]
not reaching the requested tolerance 1e-09.
Use iteration 51 instead with accuracy 
1.067692610201256e-09.

  values, vectors = lobpcg(projected_hamiltonian, guess, largest=False,
/home/erosanow_hpc/informed_swapping/BARK.py:166: UserWarning: Exited postprocessing with accuracies 
[1.06769253e-09]
not reaching the requested tolerance 1e-09.
  values, vectors = lobpcg(projected_hamiltonian, guess, largest=False,
/home/erosanow_hpc/informed_swapping/BARK.py:166: UserWarning: Exited at iteration 50 with accuracies 
[4.3448835e-09]
not reaching the requested tolerance 1e-09.
Use iteration 51 instead with accuracy 
4.3448834962609065e-09.

  values, vectors = lobpcg(projected_hamiltonian, guess, largest=False,
/home/erosanow_hpc/informed_swapping/BARK.py:166: UserWarning: Exited postprocessing with accuracies 
[4.34488328e-09]
not reaching the requested tolerance 1e-09.
  values, vectors = lobpcg(projected_hamiltonian, guess, largest=False,
/home/erosanow_hpc/informed_swapping/BARK.py:166: UserWarning: Exited at iteration 50 with accuracies 
[5.37990177e-09]
not reaching the requested tolerance 1e-09.
Use iteration 50 instead with accuracy 
5.107831976974973e-09.

  values, vectors = lobpcg(projected_hamiltonian, guess, largest=False,
/home/erosanow_hpc/informed_swapping/BARK.py:166: UserWarning: Exited postprocessing with accuracies 
[5.10783192e-09]
not reaching the requested tolerance 1e-09.
  values, vectors = lobpcg(projected_hamiltonian, guess, largest=False,
/home/erosanow_hpc/informed_swapping/BARK.py:166: UserWarning: Exited at iteration 50 with accuracies 
[0.00037922]
not reaching the requested tolerance 1e-09.
Use iteration 51 instead with accuracy 
0.00037921598407683285.

  values, vectors = lobpcg(projected_hamiltonian, guess, largest=False,
/home/erosanow_hpc/informed_swapping/BARK.py:166: UserWarning: Exited at iteration 50 with accuracies 
[2.23993121e-09]
not reaching the requested tolerance 1e-09.
Use iteration 51 instead with accuracy 
2.2399312093853076e-09.

  values, vectors = lobpcg(projected_hamiltonian, guess, largest=False,
/home/erosanow_hpc/informed_swapping/BARK.py:166: UserWarning: Exited postprocessing with accuracies 
[2.23993117e-09]
not reaching the requested tolerance 1e-09.
  values, vectors = lobpcg(projected_hamiltonian, guess, largest=False,
/home/erosanow_hpc/informed_swapping/BARK.py:166: UserWarning: Exited at iteration 50 with accuracies 
[9.65506502e-09]
not reaching the requested tolerance 1e-09.
Use iteration 51 instead with accuracy 
9.655065016472617e-09.

  values, vectors = lobpcg(projected_hamiltonian, guess, largest=False,
/home/erosanow_hpc/informed_swapping/BARK.py:166: UserWarning: Exited postprocessing with accuracies 
[9.65506508e-09]
not reaching the requested tolerance 1e-09.
  values, vectors = lobpcg(projected_hamiltonian, guess, largest=False,
/home/erosanow_hpc/informed_swapping/BARK.py:166: UserWarning: Exited at iteration 50 with accuracies 
[7.42639726e-06]
not reaching the requested tolerance 1e-09.
Use iteration 49 instead with accuracy 
6.52539880400612e-06.

  values, vectors = lobpcg(projected_hamiltonian, guess, largest=False,
/home/erosanow_hpc/informed_swapping/BARK.py:166: UserWarning: Exited postprocessing with accuracies 
[6.5253988e-06]
not reaching the requested tolerance 1e-09.
  values, vectors = lobpcg(projected_hamiltonian, guess, largest=False,
/home/erosanow_hpc/informed_swapping/BARK.py:166: UserWarning: Exited at iteration 50 with accuracies 
[2.19667425e-08]
not reaching the requested tolerance 1e-09.
Use iteration 51 instead with accuracy 
2.1966742525074484e-08.

  values, vectors = lobpcg(projected_hamiltonian, guess, largest=False,
/home/erosanow_hpc/informed_swapping/BARK.py:166: UserWarning: Exited postprocessing with accuracies 
[2.19667423e-08]
not reaching the requested tolerance 1e-09.
  values, vectors = lobpcg(projected_hamiltonian, guess, largest=False,
/home/erosanow_hpc/informed_swapping/BARK.py:166: UserWarning: Exited at iteration 50 with accuracies 
[4.93370946e-09]
not reaching the requested tolerance 1e-09.
Use iteration 51 instead with accuracy 
4.933709461200992e-09.

  values, vectors = lobpcg(projected_hamiltonian, guess, largest=False,
/home/erosanow_hpc/informed_swapping/BARK.py:166: UserWarning: Exited postprocessing with accuracies 
[4.93370943e-09]
not reaching the requested tolerance 1e-09.
  values, vectors = lobpcg(projected_hamiltonian, guess, largest=False,
/home/erosanow_hpc/informed_swapping/BARK.py:166: UserWarning: Exited at iteration 50 with accuracies 
[2.21767161e-08]
not reaching the requested tolerance 1e-09.
Use iteration 50 instead with accuracy 
2.077424263755937e-08.

  values, vectors = lobpcg(projected_hamiltonian, guess, largest=False,
/home/erosanow_hpc/informed_swapping/BARK.py:166: UserWarning: Exited postprocessing with accuracies 
[2.07742427e-08]
not reaching the requested tolerance 1e-09.
  values, vectors = lobpcg(projected_hamiltonian, guess, largest=False,
/home/erosanow_hpc/informed_swapping/BARK.py:166: UserWarning: Exited at iteration 50 with accuracies 
[3.93046513e-08]
not reaching the requested tolerance 1e-09.
Use iteration 51 instead with accuracy 
3.930465128413153e-08.

  values, vectors = lobpcg(projected_hamiltonian, guess, largest=False,
/home/erosanow_hpc/informed_swapping/BARK.py:166: UserWarning: Exited postprocessing with accuracies 
[3.93046513e-08]
not reaching the requested tolerance 1e-09.
  values, vectors = lobpcg(projected_hamiltonian, guess, largest=False,
/home/erosanow_hpc/informed_swapping/BARK.py:166: UserWarning: Exited at iteration 50 with accuracies 
[2.03443282e-07]
not reaching the requested tolerance 1e-09.
Use iteration 51 instead with accuracy 
2.0344328240320785e-07.

  values, vectors = lobpcg(projected_hamiltonian, guess, largest=False,
/home/erosanow_hpc/informed_swapping/BARK.py:166: UserWarning: Exited postprocessing with accuracies 
[2.03443283e-07]
not reaching the requested tolerance 1e-09.
  values, vectors = lobpcg(projected_hamiltonian, guess, largest=False,
/home/erosanow_hpc/informed_swapping/BARK.py:166: UserWarning: Exited at iteration 50 with accuracies 
[7.11889955e-08]
not reaching the requested tolerance 1e-09.
Use iteration 51 instead with accuracy 
7.118899549982587e-08.

  values, vectors = lobpcg(projected_hamiltonian, guess, largest=False,
/home/erosanow_hpc/informed_swapping/BARK.py:166: UserWarning: Exited postprocessing with accuracies 
[7.11889954e-08]
not reaching the requested tolerance 1e-09.
  values, vectors = lobpcg(projected_hamiltonian, guess, largest=False,
/home/erosanow_hpc/informed_swapping/BARK.py:166: UserWarning: Exited at iteration 50 with accuracies 
[3.82879979e-08]
not reaching the requested tolerance 1e-09.
Use iteration 51 instead with accuracy 
3.828799786713926e-08.

  values, vectors = lobpcg(projected_hamiltonian, guess, largest=False,
/home/erosanow_hpc/informed_swapping/BARK.py:166: UserWarning: Exited postprocessing with accuracies 
[3.8287998e-08]
not reaching the requested tolerance 1e-09.
  values, vectors = lobpcg(projected_hamiltonian, guess, largest=False,
/home/erosanow_hpc/informed_swapping/BARK.py:166: UserWarning: Exited at iteration 50 with accuracies 
[1.06518811e-08]
not reaching the requested tolerance 1e-09.
Use iteration 51 instead with accuracy 
1.0651881143088212e-08.

  values, vectors = lobpcg(projected_hamiltonian, guess, largest=False,
/home/erosanow_hpc/informed_swapping/BARK.py:166: UserWarning: Exited postprocessing with accuracies 
[1.06518812e-08]
not reaching the requested tolerance 1e-09.
  values, vectors = lobpcg(projected_hamiltonian, guess, largest=False,
/home/erosanow_hpc/informed_swapping/BARK.py:166: UserWarning: Exited at iteration 50 with accuracies 
[1.04117442e-07]
not reaching the requested tolerance 1e-09.
Use iteration 51 instead with accuracy 
1.0411744227184537e-07.

  values, vectors = lobpcg(projected_hamiltonian, guess, largest=False,
/home/erosanow_hpc/informed_swapping/BARK.py:166: UserWarning: Exited postprocessing with accuracies 
[1.04117442e-07]
not reaching the requested tolerance 1e-09.
  values, vectors = lobpcg(projected_hamiltonian, guess, largest=False,
/home/erosanow_hpc/informed_swapping/BARK.py:166: UserWarning: Exited at iteration 50 with accuracies 
[5.45901096e-09]
not reaching the requested tolerance 1e-09.
Use iteration 51 instead with accuracy 
5.4590109601409965e-09.

  values, vectors = lobpcg(projected_hamiltonian, guess, largest=False,
/home/erosanow_hpc/informed_swapping/BARK.py:166: UserWarning: Exited postprocessing with accuracies 
[5.45901099e-09]
not reaching the requested tolerance 1e-09.
  values, vectors = lobpcg(projected_hamiltonian, guess, largest=False,
/home/erosanow_hpc/informed_swapping/BARK.py:166: UserWarning: Exited at iteration 50 with accuracies 
[3.36810029e-08]
not reaching the requested tolerance 1e-09.
Use iteration 51 instead with accuracy 
3.3681002850647935e-08.

  values, vectors = lobpcg(projected_hamiltonian, guess, largest=False,
/home/erosanow_hpc/informed_swapping/BARK.py:166: UserWarning: Exited postprocessing with accuracies 
[3.3681003e-08]
not reaching the requested tolerance 1e-09.
  values, vectors = lobpcg(projected_hamiltonian, guess, largest=False,
/home/erosanow_hpc/informed_swapping/BARK.py:166: UserWarning: Exited at iteration 50 with accuracies 
[2.16763208e-06]
not reaching the requested tolerance 1e-09.
Use iteration 51 instead with accuracy 
2.1676320836906646e-06.

  values, vectors = lobpcg(projected_hamiltonian, guess, largest=False,
/home/erosanow_hpc/informed_swapping/BARK.py:166: UserWarning: Exited postprocessing with accuracies 
[2.16763208e-06]
not reaching the requested tolerance 1e-09.
  values, vectors = lobpcg(projected_hamiltonian, guess, largest=False,
/home/erosanow_hpc/informed_swapping/BARK.py:166: UserWarning: Exited at iteration 50 with accuracies 
[1.06277224e-09]
not reaching the requested tolerance 1e-09.
Use iteration 51 instead with accuracy 
1.0627722433476656e-09.

  values, vectors = lobpcg(projected_hamiltonian, guess, largest=False,
/home/erosanow_hpc/informed_swapping/BARK.py:166: UserWarning: Exited postprocessing with accuracies 
[1.06277204e-09]
not reaching the requested tolerance 1e-09.
  values, vectors = lobpcg(projected_hamiltonian, guess, largest=False,
/home/erosanow_hpc/informed_swapping/BARK.py:166: UserWarning: Exited at iteration 50 with accuracies 
[1.99933986e-07]
not reaching the requested tolerance 1e-09.
Use iteration 51 instead with accuracy 
1.9993398603164234e-07.

  values, vectors = lobpcg(projected_hamiltonian, guess, largest=False,
/home/erosanow_hpc/informed_swapping/BARK.py:166: UserWarning: Exited postprocessing with accuracies 
[1.99933986e-07]
not reaching the requested tolerance 1e-09.
  values, vectors = lobpcg(projected_hamiltonian, guess, largest=False,
/home/erosanow_hpc/informed_swapping/BARK.py:166: UserWarning: Exited at iteration 50 with accuracies 
[8.217716e-09]
not reaching the requested tolerance 1e-09.
Use iteration 51 instead with accuracy 
8.21771599928097e-09.

  values, vectors = lobpcg(projected_hamiltonian, guess, largest=False,
/home/erosanow_hpc/informed_swapping/BARK.py:166: UserWarning: Exited postprocessing with accuracies 
[8.21771603e-09]
not reaching the requested tolerance 1e-09.
  values, vectors = lobpcg(projected_hamiltonian, guess, largest=False,
/home/erosanow_hpc/informed_swapping/BARK.py:166: UserWarning: Exited at iteration 50 with accuracies 
[2.60226691e-08]
not reaching the requested tolerance 1e-09.
Use iteration 51 instead with accuracy 
2.602266909487722e-08.

  values, vectors = lobpcg(projected_hamiltonian, guess, largest=False,
/home/erosanow_hpc/informed_swapping/BARK.py:166: UserWarning: Exited postprocessing with accuracies 
[2.60226693e-08]
not reaching the requested tolerance 1e-09.
  values, vectors = lobpcg(projected_hamiltonian, guess, largest=False,
/home/erosanow_hpc/informed_swapping/BARK.py:166: UserWarning: Exited at iteration 50 with accuracies 
[4.70686092e-08]
not reaching the requested tolerance 1e-09.
Use iteration 51 instead with accuracy 
4.70686092436262e-08.

  values, vectors = lobpcg(projected_hamiltonian, guess, largest=False,
/home/erosanow_hpc/informed_swapping/BARK.py:166: UserWarning: Exited postprocessing with accuracies 
[4.70686095e-08]
not reaching the requested tolerance 1e-09.
  values, vectors = lobpcg(projected_hamiltonian, guess, largest=False,
/home/erosanow_hpc/informed_swapping/BARK.py:166: UserWarning: Exited at iteration 50 with accuracies 
[2.33618489e-07]
not reaching the requested tolerance 1e-09.
Use iteration 50 instead with accuracy 
2.1428415902713352e-07.

  values, vectors = lobpcg(projected_hamiltonian, guess, largest=False,
/home/erosanow_hpc/informed_swapping/BARK.py:166: UserWarning: Exited postprocessing with accuracies 
[2.14284159e-07]
not reaching the requested tolerance 1e-09.
  values, vectors = lobpcg(projected_hamiltonian, guess, largest=False,
/home/erosanow_hpc/informed_swapping/BARK.py:166: UserWarning: Exited at iteration 50 with accuracies 
[5.48098977e-08]
not reaching the requested tolerance 1e-09.
Use iteration 51 instead with accuracy 
5.480989765895259e-08.

  values, vectors = lobpcg(projected_hamiltonian, guess, largest=False,
/home/erosanow_hpc/informed_swapping/BARK.py:166: UserWarning: Exited postprocessing with accuracies 
[5.48098979e-08]
not reaching the requested tolerance 1e-09.
  values, vectors = lobpcg(projected_hamiltonian, guess, largest=False,
/home/erosanow_hpc/informed_swapping/BARK.py:166: UserWarning: Exited at iteration 50 with accuracies 
[2.39468814e-08]
not reaching the requested tolerance 1e-09.
Use iteration 51 instead with accuracy 
2.3946881413442556e-08.

  values, vectors = lobpcg(projected_hamiltonian, guess, largest=False,
/home/erosanow_hpc/informed_swapping/BARK.py:166: UserWarning: Exited postprocessing with accuracies 
[2.39468816e-08]
not reaching the requested tolerance 1e-09.
  values, vectors = lobpcg(projected_hamiltonian, guess, largest=False,
/home/erosanow_hpc/informed_swapping/BARK.py:166: UserWarning: Exited at iteration 50 with accuracies 
[6.26529004e-09]
not reaching the requested tolerance 1e-09.
Use iteration 51 instead with accuracy 
6.26529004487607e-09.

  values, vectors = lobpcg(projected_hamiltonian, guess, largest=False,
/home/erosanow_hpc/informed_swapping/BARK.py:166: UserWarning: Exited postprocessing with accuracies 
[6.26529009e-09]
not reaching the requested tolerance 1e-09.
  values, vectors = lobpcg(projected_hamiltonian, guess, largest=False,
/home/erosanow_hpc/informed_swapping/BARK.py:166: UserWarning: Exited at iteration 50 with accuracies 
[7.41495904e-09]
not reaching the requested tolerance 1e-09.
Use iteration 51 instead with accuracy 
7.4149590415754954e-09.

  values, vectors = lobpcg(projected_hamiltonian, guess, largest=False,
/home/erosanow_hpc/informed_swapping/BARK.py:166: UserWarning: Exited postprocessing with accuracies 
[7.41495892e-09]
not reaching the requested tolerance 1e-09.
  values, vectors = lobpcg(projected_hamiltonian, guess, largest=False,
/home/erosanow_hpc/informed_swapping/BARK.py:166: UserWarning: Exited at iteration 50 with accuracies 
[1.99340847e-09]
not reaching the requested tolerance 1e-09.
Use iteration 49 instead with accuracy 
1.842204656441918e-09.

  values, vectors = lobpcg(projected_hamiltonian, guess, largest=False,
/home/erosanow_hpc/informed_swapping/BARK.py:166: UserWarning: Exited postprocessing with accuracies 
[1.84220439e-09]
not reaching the requested tolerance 1e-09.
  values, vectors = lobpcg(projected_hamiltonian, guess, largest=False,
/home/erosanow_hpc/informed_swapping/BARK.py:166: UserWarning: Exited at iteration 50 with accuracies 
[1.92392234e-09]
not reaching the requested tolerance 1e-09.
Use iteration 50 instead with accuracy 
1.8138788018881853e-09.

  values, vectors = lobpcg(projected_hamiltonian, guess, largest=False,
/home/erosanow_hpc/informed_swapping/BARK.py:166: UserWarning: Exited postprocessing with accuracies 
[1.81387879e-09]
not reaching the requested tolerance 1e-09.
  values, vectors = lobpcg(projected_hamiltonian, guess, largest=False,
/home/erosanow_hpc/informed_swapping/BARK.py:166: UserWarning: Exited at iteration 50 with accuracies 
[2.55816726e-08]
not reaching the requested tolerance 1e-09.
Use iteration 51 instead with accuracy 
2.5581672591276466e-08.

  values, vectors = lobpcg(projected_hamiltonian, guess, largest=False,
/home/erosanow_hpc/informed_swapping/BARK.py:166: UserWarning: Exited postprocessing with accuracies 
[2.55816725e-08]
not reaching the requested tolerance 1e-09.
  values, vectors = lobpcg(projected_hamiltonian, guess, largest=False,
/home/erosanow_hpc/informed_swapping/BARK.py:166: UserWarning: Exited at iteration 50 with accuracies 
[2.85180612e-09]
not reaching the requested tolerance 1e-09.
Use iteration 51 instead with accuracy 
2.851806123022433e-09.

  values, vectors = lobpcg(projected_hamiltonian, guess, largest=False,
/home/erosanow_hpc/informed_swapping/BARK.py:166: UserWarning: Exited postprocessing with accuracies 
[2.85180608e-09]
not reaching the requested tolerance 1e-09.
  values, vectors = lobpcg(projected_hamiltonian, guess, largest=False,
/home/erosanow_hpc/informed_swapping/BARK.py:166: UserWarning: Exited at iteration 50 with accuracies 
[1.08206214e-09]
not reaching the requested tolerance 1e-09.
Use iteration 51 instead with accuracy 
1.0820621437870714e-09.

  values, vectors = lobpcg(projected_hamiltonian, guess, largest=False,
/home/erosanow_hpc/informed_swapping/BARK.py:166: UserWarning: Exited postprocessing with accuracies 
[1.08206215e-09]
not reaching the requested tolerance 1e-09.
  values, vectors = lobpcg(projected_hamiltonian, guess, largest=False,
/home/erosanow_hpc/informed_swapping/BARK.py:166: UserWarning: Exited at iteration 50 with accuracies 
[6.52468129e-09]
not reaching the requested tolerance 1e-09.
Use iteration 51 instead with accuracy 
6.524681289090371e-09.

  values, vectors = lobpcg(projected_hamiltonian, guess, largest=False,
/home/erosanow_hpc/informed_swapping/BARK.py:166: UserWarning: Exited postprocessing with accuracies 
[6.52468109e-09]
not reaching the requested tolerance 1e-09.
  values, vectors = lobpcg(projected_hamiltonian, guess, largest=False,
/home/erosanow_hpc/informed_swapping/BARK.py:166: UserWarning: Exited at iteration 50 with accuracies 
[2.49381923e-09]
not reaching the requested tolerance 1e-09.
Use iteration 50 instead with accuracy 
2.3463441200497096e-09.

  values, vectors = lobpcg(projected_hamiltonian, guess, largest=False,
/home/erosanow_hpc/informed_swapping/BARK.py:166: UserWarning: Exited postprocessing with accuracies 
[2.34634362e-09]
not reaching the requested tolerance 1e-09.
  values, vectors = lobpcg(projected_hamiltonian, guess, largest=False,
/home/erosanow_hpc/informed_swapping/BARK.py:166: UserWarning: Exited at iteration 50 with accuracies 
[8.80100481e-09]
not reaching the requested tolerance 1e-09.
Use iteration 51 instead with accuracy 
8.801004806000653e-09.

  values, vectors = lobpcg(projected_hamiltonian, guess, largest=False,
/home/erosanow_hpc/informed_swapping/BARK.py:166: UserWarning: Exited postprocessing with accuracies 
[8.80100505e-09]
not reaching the requested tolerance 1e-09.
  values, vectors = lobpcg(projected_hamiltonian, guess, largest=False,
/home/erosanow_hpc/informed_swapping/BARK.py:166: UserWarning: Exited at iteration 50 with accuracies 
[0.0025724]
not reaching the requested tolerance 1e-09.
Use iteration 46 instead with accuracy 
0.002034955669617126.

  values, vectors = lobpcg(projected_hamiltonian, guess, largest=False,
/home/erosanow_hpc/informed_swapping/BARK.py:166: UserWarning: Exited postprocessing with accuracies 
[0.00203496]
not reaching the requested tolerance 1e-09.
  values, vectors = lobpcg(projected_hamiltonian, guess, largest=False,
/home/erosanow_hpc/informed_swapping/BARK.py:166: UserWarning: Exited at iteration 50 with accuracies 
[8.85863136e-09]
not reaching the requested tolerance 1e-09.
Use iteration 51 instead with accuracy 
8.858631361426864e-09.

  values, vectors = lobpcg(projected_hamiltonian, guess, largest=False,
/home/erosanow_hpc/informed_swapping/BARK.py:166: UserWarning: Exited postprocessing with accuracies 
[8.85863128e-09]
not reaching the requested tolerance 1e-09.
  values, vectors = lobpcg(projected_hamiltonian, guess, largest=False,
/home/erosanow_hpc/informed_swapping/BARK.py:166: UserWarning: Exited at iteration 50 with accuracies 
[3.35367096e-09]
not reaching the requested tolerance 1e-09.
Use iteration 51 instead with accuracy 
3.3536709583570297e-09.

  values, vectors = lobpcg(projected_hamiltonian, guess, largest=False,
/home/erosanow_hpc/informed_swapping/BARK.py:166: UserWarning: Exited postprocessing with accuracies 
[3.35367016e-09]
not reaching the requested tolerance 1e-09.
  values, vectors = lobpcg(projected_hamiltonian, guess, largest=False,
/home/erosanow_hpc/informed_swapping/BARK.py:166: UserWarning: Exited at iteration 50 with accuracies 
[1.60349658e-09]
not reaching the requested tolerance 1e-09.
Use iteration 51 instead with accuracy 
1.6034965807334606e-09.

  values, vectors = lobpcg(projected_hamiltonian, guess, largest=False,
/home/erosanow_hpc/informed_swapping/BARK.py:166: UserWarning: Exited postprocessing with accuracies 
[1.60349662e-09]
not reaching the requested tolerance 1e-09.
  values, vectors = lobpcg(projected_hamiltonian, guess, largest=False,
