host=node089 task=25 threads=4
[job 25/40] 18 cells (15 x n=10, 3 x n=12)
[job 25] 1/18 n=10 dimensions=1 delta=0.0 J=0.0689 Bx=0.0 By=0.0 Bz=0.546175 ham=2 took 0.7s (elapsed 0.7s)
[job 25] 2/18 n=10 dimensions=1 delta=0.0 J=0.139088 Bx=0.0 By=0.0 Bz=-0.127075 ham=4 took 16.2s (elapsed 16.9s)
[job 25] 3/18 n=10 dimensions=1 delta=0.0 J=-0.958446 Bx=0.0 By=0.0 Bz=-0.004125 ham=6 took 33.9s (elapsed 50.8s)
[job 25] 4/18 n=10 dimensions=1 delta=0.0 J=0.039924 Bx=0.0 By=0.0 Bz=-0.550025 ham=8 took 0.8s (elapsed 51.6s)
[job 25] 5/18 n=10 dimensions=1 delta=0.0 J=0.476303 Bx=0.0 By=0.0 Bz=-0.594078 ham=10 took 18.4s (elapsed 70.0s)
[job 25] 6/18 n=10 dimensions=1 delta=0.0 J=-0.504785 Bx=0.0 By=0.0 Bz=-0.800446 ham=12 took 4.3s (elapsed 74.4s)
[job 25] 7/18 n=10 dimensions=1 delta=0.0 J=0.618667 Bx=0.0 By=0.0 Bz=-0.813737 ham=14 took 4.5s (elapsed 78.9s)
[job 25] 8/18 n=10 dimensions=2 delta=0.0 J=-0.81358 Bx=0.0 By=0.0 Bz=0.120636 ham=0 took 33.8s (elapsed 112.7s)
[job 25] 9/18 n=10 dimensions=2 delta=0.0 J=0.0689 Bx=0.0 By=0.0 Bz=0.546175 ham=2 took 0.6s (elapsed 113.4s)
[job 25] 10/18 n=10 dimensions=2 delta=0.0 J=0.139088 Bx=0.0 By=0.0 Bz=-0.127075 ham=4 took 24.7s (elapsed 138.1s)
[job 25] 11/18 n=10 dimensions=2 delta=0.0 J=-0.958446 Bx=0.0 By=0.0 Bz=-0.004125 ham=6 took 35.7s (elapsed 173.9s)
[job 25] 12/18 n=10 dimensions=2 delta=0.0 J=0.039924 Bx=0.0 By=0.0 Bz=-0.550025 ham=8 took 0.6s (elapsed 174.5s)
[job 25] 13/18 n=10 dimensions=2 delta=0.0 J=0.476303 Bx=0.0 By=0.0 Bz=-0.594078 ham=10 took 17.6s (elapsed 192.2s)
[job 25] 14/18 n=10 dimensions=2 delta=0.0 J=-0.504785 Bx=0.0 By=0.0 Bz=-0.800446 ham=12 took 15.8s (elapsed 208.1s)
[job 25] 15/18 n=10 dimensions=2 delta=0.0 J=0.618667 Bx=0.0 By=0.0 Bz=-0.813737 ham=14 took 15.5s (elapsed 223.7s)
[job 25] 16/18 n=12 dimensions=1 delta=0.0 J=-0.603824 Bx=0.0 By=0.0 Bz=-0.287176 ham=7 took 498.0s (elapsed 721.9s)
[job 25] 17/18 n=12 dimensions=2 delta=0.0 J=-0.806853 Bx=0.0 By=0.0 Bz=-0.047127 ham=5 took 556.5s (elapsed 1278.5s)
[job 25] 18/18 n=12 dimensions=2 delta=0.0 J=-0.640511 Bx=0.0 By=0.0 Bz=0.767532 ham=13 took 329.2s (elapsed 1607.8s)
[job 25] wrote 9576 rows to bitstring_shards_heisenberg/shard_00025.csv in 1608.0s
