host=node149 task=32 threads=4
[job 32/40] 78 cells (30 x n=6, 30 x n=8, 15 x n=10, 3 x n=12)
[job 32] 1/78 n=6 dimensions=1 delta=1.0 J=-0.81358 Bx=0.0 By=0.0 Bz=0.120636 ham=0 took 0.1s (elapsed 0.1s)
[job 32] 2/78 n=6 dimensions=1 delta=1.0 J=0.494654 Bx=0.0 By=0.0 Bz=0.709254 ham=1 took 0.3s (elapsed 0.4s)
[job 32] 3/78 n=6 dimensions=1 delta=1.0 J=0.0689 Bx=0.0 By=0.0 Bz=0.546175 ham=2 took 0.0s (elapsed 0.4s)
[job 32] 4/78 n=6 dimensions=1 delta=1.0 J=-0.746409 Bx=0.0 By=0.0 Bz=-0.96867 ham=3 took 0.1s (elapsed 0.6s)
[job 32] 5/78 n=6 dimensions=1 delta=1.0 J=0.139088 Bx=0.0 By=0.0 Bz=-0.127075 ham=4 took 5.4s (elapsed 6.0s)
[job 32] 6/78 n=6 dimensions=1 delta=1.0 J=-0.806853 Bx=0.0 By=0.0 Bz=-0.047127 ham=5 took 0.1s (elapsed 6.2s)
[job 32] 7/78 n=6 dimensions=1 delta=1.0 J=-0.958446 Bx=0.0 By=0.0 Bz=-0.004125 ham=6 took 0.2s (elapsed 6.5s)
[job 32] 8/78 n=6 dimensions=1 delta=1.0 J=-0.603824 Bx=0.0 By=0.0 Bz=-0.287176 ham=7 took 0.2s (elapsed 6.7s)
[job 32] 9/78 n=6 dimensions=1 delta=1.0 J=0.039924 Bx=0.0 By=0.0 Bz=-0.550025 ham=8 took 0.2s (elapsed 7.0s)
[job 32] 10/78 n=6 dimensions=1 delta=1.0 J=0.454189 Bx=0.0 By=0.0 Bz=0.225511 ham=9 took 8.3s (elapsed 15.3s)
[job 32] 11/78 n=6 dimensions=1 delta=1.0 J=0.476303 Bx=0.0 By=0.0 Bz=-0.594078 ham=10 took 0.3s (elapsed 15.6s)
[job 32] 12/78 n=6 dimensions=1 delta=1.0 J=-0.899855 Bx=0.0 By=0.0 Bz=0.734512 ham=11 took 0.0s (elapsed 15.6s)
[job 32] 13/78 n=6 dimensions=1 delta=1.0 J=-0.504785 Bx=0.0 By=0.0 Bz=-0.800446 ham=12 took 0.0s (elapsed 15.7s)
[job 32] 14/78 n=6 dimensions=1 delta=1.0 J=-0.640511 Bx=0.0 By=0.0 Bz=0.767532 ham=13 took 0.2s (elapsed 15.9s)
[job 32] 15/78 n=6 dimensions=1 delta=1.0 J=0.618667 Bx=0.0 By=0.0 Bz=-0.813737 ham=14 took 0.4s (elapsed 16.3s)
[job 32] 16/78 n=6 dimensions=2 delta=1.0 J=-0.81358 Bx=0.0 By=0.0 Bz=0.120636 ham=0 took 0.0s (elapsed 16.4s)
[job 32] 17/78 n=6 dimensions=2 delta=1.0 J=0.494654 Bx=0.0 By=0.0 Bz=0.709254 ham=1 took 11.0s (elapsed 27.5s)
[job 32] 18/78 n=6 dimensions=2 delta=1.0 J=0.0689 Bx=0.0 By=0.0 Bz=0.546175 ham=2 took 0.2s (elapsed 27.8s)
[job 32] 19/78 n=6 dimensions=2 delta=1.0 J=-0.746409 Bx=0.0 By=0.0 Bz=-0.96867 ham=3 took 0.0s (elapsed 27.8s)
[job 32] 20/78 n=6 dimensions=2 delta=1.0 J=0.139088 Bx=0.0 By=0.0 Bz=-0.127075 ham=4 took 6.7s (elapsed 34.6s)
[job 32] 21/78 n=6 dimensions=2 delta=1.0 J=-0.806853 Bx=0.0 By=0.0 Bz=-0.047127 ham=5 took 0.1s (elapsed 34.8s)
[job 32] 22/78 n=6 dimensions=2 delta=1.0 J=-0.958446 Bx=0.0 By=0.0 Bz=-0.004125 ham=6 took 0.2s (elapsed 35.1s)
[job 32] 23/78 n=6 dimensions=2 delta=1.0 J=-0.603824 Bx=0.0 By=0.0 Bz=-0.287176 ham=7 took 0.0s (elapsed 35.1s)
[job 32] 24/78 n=6 dimensions=2 delta=1.0 J=0.039924 Bx=0.0 By=0.0 Bz=-0.550025 ham=8 took 0.2s (elapsed 35.4s)
[job 32] 25/78 n=6 dimensions=2 delta=1.0 J=0.454189 Bx=0.0 By=0.0 Bz=0.225511 ham=9 took 8.1s (elapsed 43.6s)
[job 32] 26/78 n=6 dimensions=2 delta=1.0 J=0.476303 Bx=0.0 By=0.0 Bz=-0.594078 ham=10 took 8.6s (elapsed 52.2s)
[job 32] 27/78 n=6 dimensions=2 delta=1.0 J=-0.899855 Bx=0.0 By=0.0 Bz=0.734512 ham=11 took 0.1s (elapsed 52.4s)
[job 32] 28/78 n=6 dimensions=2 delta=1.0 J=-0.504785 Bx=0.0 By=0.0 Bz=-0.800446 ham=12 took 0.1s (elapsed 52.6s)
[job 32] 29/78 n=6 dimensions=2 delta=1.0 J=-0.640511 Bx=0.0 By=0.0 Bz=0.767532 ham=13 took 0.0s (elapsed 52.7s)
[job 32] 30/78 n=6 dimensions=2 delta=1.0 J=0.618667 Bx=0.0 By=0.0 Bz=-0.813737 ham=14 took 11.8s (elapsed 64.6s)
[job 32] 31/78 n=8 dimensions=1 delta=1.0 J=-0.81358 Bx=0.0 By=0.0 Bz=0.120636 ham=0 took 0.2s (elapsed 64.9s)
[job 32] 32/78 n=8 dimensions=1 delta=1.0 J=0.494654 Bx=0.0 By=0.0 Bz=0.709254 ham=1 took 8.5s (elapsed 73.5s)
[job 32] 33/78 n=8 dimensions=1 delta=1.0 J=0.0689 Bx=0.0 By=0.0 Bz=0.546175 ham=2 took 0.1s (elapsed 73.8s)
[job 32] 34/78 n=8 dimensions=1 delta=1.0 J=-0.746409 Bx=0.0 By=0.0 Bz=-0.96867 ham=3 took 0.0s (elapsed 73.9s)
[job 32] 35/78 n=8 dimensions=1 delta=1.0 J=0.139088 Bx=0.0 By=0.0 Bz=-0.127075 ham=4 took 5.4s (elapsed 79.4s)
[job 32] 36/78 n=8 dimensions=1 delta=1.0 J=-0.806853 Bx=0.0 By=0.0 Bz=-0.047127 ham=5 took 0.2s (elapsed 79.7s)
[job 32] 37/78 n=8 dimensions=1 delta=1.0 J=-0.958446 Bx=0.0 By=0.0 Bz=-0.004125 ham=6 took 0.2s (elapsed 80.0s)
[job 32] 38/78 n=8 dimensions=1 delta=1.0 J=-0.603824 Bx=0.0 By=0.0 Bz=-0.287176 ham=7 took 0.1s (elapsed 80.1s)
[job 32] 39/78 n=8 dimensions=1 delta=1.0 J=0.039924 Bx=0.0 By=0.0 Bz=-0.550025 ham=8 took 0.1s (elapsed 80.3s)
[job 32] 40/78 n=8 dimensions=1 delta=1.0 J=0.454189 Bx=0.0 By=0.0 Bz=0.225511 ham=9 took 13.1s (elapsed 93.5s)
[job 32] 41/78 n=8 dimensions=1 delta=1.0 J=0.476303 Bx=0.0 By=0.0 Bz=-0.594078 ham=10 took 8.1s (elapsed 101.8s)
[job 32] 42/78 n=8 dimensions=1 delta=1.0 J=-0.899855 Bx=0.0 By=0.0 Bz=0.734512 ham=11 took 0.1s (elapsed 102.1s)
[job 32] 43/78 n=8 dimensions=1 delta=1.0 J=-0.504785 Bx=0.0 By=0.0 Bz=-0.800446 ham=12 took 0.0s (elapsed 102.2s)
[job 32] 44/78 n=8 dimensions=1 delta=1.0 J=-0.640511 Bx=0.0 By=0.0 Bz=0.767532 ham=13 took 0.2s (elapsed 102.5s)
[job 32] 45/78 n=8 dimensions=1 delta=1.0 J=0.618667 Bx=0.0 By=0.0 Bz=-0.813737 ham=14 took 8.6s (elapsed 111.2s)
[job 32] 46/78 n=8 dimensions=2 delta=1.0 J=-0.81358 Bx=0.0 By=0.0 Bz=0.120636 ham=0 took 0.2s (elapsed 111.4s)
[job 32] 47/78 n=8 dimensions=2 delta=1.0 J=0.494654 Bx=0.0 By=0.0 Bz=0.709254 ham=1 took 12.8s (elapsed 124.4s)
[job 32] 48/78 n=8 dimensions=2 delta=1.0 J=0.0689 Bx=0.0 By=0.0 Bz=0.546175 ham=2 took 0.0s (elapsed 124.6s)
[job 32] 49/78 n=8 dimensions=2 delta=1.0 J=-0.746409 Bx=0.0 By=0.0 Bz=-0.96867 ham=3 took 0.0s (elapsed 124.8s)
[job 32] 50/78 n=8 dimensions=2 delta=1.0 J=0.139088 Bx=0.0 By=0.0 Bz=-0.127075 ham=4 took 10.4s (elapsed 135.3s)
[job 32] 51/78 n=8 dimensions=2 delta=1.0 J=-0.806853 Bx=0.0 By=0.0 Bz=-0.047127 ham=5 took 0.0s (elapsed 135.5s)
[job 32] 52/78 n=8 dimensions=2 delta=1.0 J=-0.958446 Bx=0.0 By=0.0 Bz=-0.004125 ham=6 took 0.0s (elapsed 135.7s)
[job 32] 53/78 n=8 dimensions=2 delta=1.0 J=-0.603824 Bx=0.0 By=0.0 Bz=-0.287176 ham=7 took 0.0s (elapsed 135.8s)
[job 32] 54/78 n=8 dimensions=2 delta=1.0 J=0.039924 Bx=0.0 By=0.0 Bz=-0.550025 ham=8 took 0.0s (elapsed 136.0s)
[job 32] 55/78 n=8 dimensions=2 delta=1.0 J=0.454189 Bx=0.0 By=0.0 Bz=0.225511 ham=9 took 11.9s (elapsed 148.1s)
[job 32] 56/78 n=8 dimensions=2 delta=1.0 J=0.476303 Bx=0.0 By=0.0 Bz=-0.594078 ham=10 took 12.9s (elapsed 161.2s)
[job 32] 57/78 n=8 dimensions=2 delta=1.0 J=-0.899855 Bx=0.0 By=0.0 Bz=0.734512 ham=11 took 0.0s (elapsed 161.4s)
[job 32] 58/78 n=8 dimensions=2 delta=1.0 J=-0.504785 Bx=0.0 By=0.0 Bz=-0.800446 ham=12 took 0.0s (elapsed 161.6s)
[job 32] 59/78 n=8 dimensions=2 delta=1.0 J=-0.640511 Bx=0.0 By=0.0 Bz=0.767532 ham=13 took 0.0s (elapsed 161.8s)
[job 32] 60/78 n=8 dimensions=2 delta=1.0 J=0.618667 Bx=0.0 By=0.0 Bz=-0.813737 ham=14 took 11.7s (elapsed 173.7s)
[job 32] 61/78 n=10 dimensions=1 delta=1.0 J=-0.81358 Bx=0.0 By=0.0 Bz=0.120636 ham=0 took 0.5s (elapsed 174.4s)
[job 32] 62/78 n=10 dimensions=1 delta=1.0 J=0.494654 Bx=0.0 By=0.0 Bz=0.709254 ham=1 took 26.5s (elapsed 201.1s)
[job 32] 63/78 n=10 dimensions=1 delta=1.0 J=-0.746409 Bx=0.0 By=0.0 Bz=-0.96867 ham=3 took 0.5s (elapsed 201.8s)
[job 32] 64/78 n=10 dimensions=1 delta=1.0 J=-0.806853 Bx=0.0 By=0.0 Bz=-0.047127 ham=5 took 0.4s (elapsed 202.4s)
[job 32] 65/78 n=10 dimensions=1 delta=1.0 J=-0.603824 Bx=0.0 By=0.0 Bz=-0.287176 ham=7 took 0.4s (elapsed 203.0s)
[job 32] 66/78 n=10 dimensions=1 delta=1.0 J=0.454189 Bx=0.0 By=0.0 Bz=0.225511 ham=9 took 35.0s (elapsed 238.1s)
[job 32] 67/78 n=10 dimensions=1 delta=1.0 J=-0.899855 Bx=0.0 By=0.0 Bz=0.734512 ham=11 took 0.5s (elapsed 238.8s)
[job 32] 68/78 n=10 dimensions=1 delta=1.0 J=-0.640511 Bx=0.0 By=0.0 Bz=0.767532 ham=13 took 0.4s (elapsed 239.4s)
[job 32] 69/78 n=10 dimensions=2 delta=1.0 J=0.494654 Bx=0.0 By=0.0 Bz=0.709254 ham=1 took 29.8s (elapsed 269.4s)
[job 32] 70/78 n=10 dimensions=2 delta=1.0 J=-0.746409 Bx=0.0 By=0.0 Bz=-0.96867 ham=3 took 0.5s (elapsed 270.2s)
[job 32] 71/78 n=10 dimensions=2 delta=1.0 J=-0.806853 Bx=0.0 By=0.0 Bz=-0.047127 ham=5 took 0.4s (elapsed 270.8s)
[job 32] 72/78 n=10 dimensions=2 delta=1.0 J=-0.603824 Bx=0.0 By=0.0 Bz=-0.287176 ham=7 took 0.4s (elapsed 271.4s)
[job 32] 73/78 n=10 dimensions=2 delta=1.0 J=0.454189 Bx=0.0 By=0.0 Bz=0.225511 ham=9 took 34.6s (elapsed 306.2s)
[job 32] 74/78 n=10 dimensions=2 delta=1.0 J=-0.899855 Bx=0.0 By=0.0 Bz=0.734512 ham=11 took 0.4s (elapsed 306.8s)
[job 32] 75/78 n=10 dimensions=2 delta=1.0 J=-0.640511 Bx=0.0 By=0.0 Bz=0.767532 ham=13 took 0.4s (elapsed 307.4s)
[job 32] 76/78 n=12 dimensions=1 delta=1.0 J=0.039924 Bx=0.0 By=0.0 Bz=-0.550025 ham=8 took 15.4s (elapsed 322.9s)
[job 32] 77/78 n=12 dimensions=2 delta=1.0 J=-0.958446 Bx=0.0 By=0.0 Bz=-0.004125 ham=6 took 15.5s (elapsed 338.6s)
[job 32] 78/78 n=12 dimensions=2 delta=1.0 J=0.618667 Bx=0.0 By=0.0 Bz=-0.813737 ham=14 took 537.8s (elapsed 876.6s)
[job 32] wrote 18756 rows to bitstring_shards_heisenberg/shard_00032.csv in 877.0s
