host=node085 task=25 threads=4
[job 25/40] 18 cells (15 x n=10, 3 x n=12)
[job 25] 1/18 n=10 dimensions=1 delta=0.0 J=0.0689 Bx=0.0 By=0.0 Bz=0.546175 ham=2 took 0.7s (elapsed 0.7s)
[job 25] 2/18 n=10 dimensions=1 delta=0.0 J=0.139088 Bx=0.0 By=0.0 Bz=-0.127075 ham=4 took 23.7s (elapsed 24.3s)
[job 25] 3/18 n=10 dimensions=1 delta=0.0 J=-0.958446 Bx=0.0 By=0.0 Bz=-0.004125 ham=6 took 38.4s (elapsed 62.8s)
[job 25] 4/18 n=10 dimensions=1 delta=0.0 J=0.039924 Bx=0.0 By=0.0 Bz=-0.550025 ham=8 took 0.7s (elapsed 63.6s)
[job 25] 5/18 n=10 dimensions=1 delta=0.0 J=0.476303 Bx=0.0 By=0.0 Bz=-0.594078 ham=10 took 26.1s (elapsed 89.7s)
[job 25] 6/18 n=10 dimensions=1 delta=0.0 J=-0.504785 Bx=0.0 By=0.0 Bz=-0.800446 ham=12 took 4.4s (elapsed 94.1s)
[job 25] 7/18 n=10 dimensions=1 delta=0.0 J=0.618667 Bx=0.0 By=0.0 Bz=-0.813737 ham=14 took 4.5s (elapsed 98.7s)
[job 25] 8/18 n=10 dimensions=2 delta=0.0 J=-0.81358 Bx=0.0 By=0.0 Bz=0.120636 ham=0 took 40.5s (elapsed 139.3s)
[job 25] 9/18 n=10 dimensions=2 delta=0.0 J=0.0689 Bx=0.0 By=0.0 Bz=0.546175 ham=2 took 0.5s (elapsed 139.9s)
[job 25] 10/18 n=10 dimensions=2 delta=0.0 J=0.139088 Bx=0.0 By=0.0 Bz=-0.127075 ham=4 took 28.0s (elapsed 167.9s)
[job 25] 11/18 n=10 dimensions=2 delta=0.0 J=-0.958446 Bx=0.0 By=0.0 Bz=-0.004125 ham=6 took 40.2s (elapsed 208.1s)
[job 25] 12/18 n=10 dimensions=2 delta=0.0 J=0.039924 Bx=0.0 By=0.0 Bz=-0.550025 ham=8 took 0.6s (elapsed 208.8s)
[job 25] 13/18 n=10 dimensions=2 delta=0.0 J=0.476303 Bx=0.0 By=0.0 Bz=-0.594078 ham=10 took 23.2s (elapsed 232.0s)
[job 25] 14/18 n=10 dimensions=2 delta=0.0 J=-0.504785 Bx=0.0 By=0.0 Bz=-0.800446 ham=12 took 23.3s (elapsed 255.4s)
[job 25] 15/18 n=10 dimensions=2 delta=0.0 J=0.618667 Bx=0.0 By=0.0 Bz=-0.813737 ham=14 took 30.7s (elapsed 286.2s)
[job 25] 16/18 n=12 dimensions=1 delta=0.0 J=-0.603824 Bx=0.0 By=0.0 Bz=-0.287176 ham=7 took 515.2s (elapsed 801.6s)
[job 25] 17/18 n=12 dimensions=2 delta=0.0 J=-0.806853 Bx=0.0 By=0.0 Bz=-0.047127 ham=5 took 567.4s (elapsed 1369.0s)
[job 25] 18/18 n=12 dimensions=2 delta=0.0 J=-0.640511 Bx=0.0 By=0.0 Bz=0.767532 ham=13 took 327.9s (elapsed 1697.0s)
[job 25] wrote 9576 rows to bitstring_shards_heisenberg/shard_00025.csv in 1697.2s
