host=node082 task=31 threads=4
[job 31/40] 78 cells (30 x n=6, 30 x n=8, 15 x n=10, 3 x n=12)
[job 31] 1/78 n=6 dimensions=1 delta=0.5 J=-0.81358 Bx=0.0 By=0.0 Bz=0.120636 ham=0 took 9.9s (elapsed 9.9s)
[job 31] 2/78 n=6 dimensions=1 delta=0.5 J=0.494654 Bx=0.0 By=0.0 Bz=0.709254 ham=1 took 0.3s (elapsed 10.2s)
[job 31] 3/78 n=6 dimensions=1 delta=0.5 J=0.0689 Bx=0.0 By=0.0 Bz=0.546175 ham=2 took 0.2s (elapsed 10.5s)
[job 31] 4/78 n=6 dimensions=1 delta=0.5 J=-0.746409 Bx=0.0 By=0.0 Bz=-0.96867 ham=3 took 0.1s (elapsed 10.6s)
[job 31] 5/78 n=6 dimensions=1 delta=0.5 J=0.139088 Bx=0.0 By=0.0 Bz=-0.127075 ham=4 took 0.3s (elapsed 10.9s)
[job 31] 6/78 n=6 dimensions=1 delta=0.5 J=-0.806853 Bx=0.0 By=0.0 Bz=-0.047127 ham=5 took 9.4s (elapsed 20.3s)
[job 31] 7/78 n=6 dimensions=1 delta=0.5 J=-0.958446 Bx=0.0 By=0.0 Bz=-0.004125 ham=6 took 10.0s (elapsed 30.4s)
[job 31] 8/78 n=6 dimensions=1 delta=0.5 J=-0.603824 Bx=0.0 By=0.0 Bz=-0.287176 ham=7 took 0.3s (elapsed 30.7s)
[job 31] 9/78 n=6 dimensions=1 delta=0.5 J=0.039924 Bx=0.0 By=0.0 Bz=-0.550025 ham=8 took 0.0s (elapsed 30.7s)
[job 31] 10/78 n=6 dimensions=1 delta=0.5 J=0.454189 Bx=0.0 By=0.0 Bz=0.225511 ham=9 took 10.5s (elapsed 41.3s)
[job 31] 11/78 n=6 dimensions=1 delta=0.5 J=0.476303 Bx=0.0 By=0.0 Bz=-0.594078 ham=10 took 0.3s (elapsed 41.7s)
[job 31] 12/78 n=6 dimensions=1 delta=0.5 J=-0.899855 Bx=0.0 By=0.0 Bz=0.734512 ham=11 took 0.2s (elapsed 41.9s)
[job 31] 13/78 n=6 dimensions=1 delta=0.5 J=-0.504785 Bx=0.0 By=0.0 Bz=-0.800446 ham=12 took 0.0s (elapsed 42.0s)
[job 31] 14/78 n=6 dimensions=1 delta=0.5 J=-0.640511 Bx=0.0 By=0.0 Bz=0.767532 ham=13 took 0.2s (elapsed 42.3s)
[job 31] 15/78 n=6 dimensions=1 delta=0.5 J=0.618667 Bx=0.0 By=0.0 Bz=-0.813737 ham=14 took 0.2s (elapsed 42.5s)
[job 31] 16/78 n=6 dimensions=2 delta=0.5 J=-0.81358 Bx=0.0 By=0.0 Bz=0.120636 ham=0 took 9.8s (elapsed 52.4s)
[job 31] 17/78 n=6 dimensions=2 delta=0.5 J=0.494654 Bx=0.0 By=0.0 Bz=0.709254 ham=1 took 0.3s (elapsed 52.7s)
[job 31] 18/78 n=6 dimensions=2 delta=0.5 J=0.0689 Bx=0.0 By=0.0 Bz=0.546175 ham=2 took 0.1s (elapsed 52.9s)
[job 31] 19/78 n=6 dimensions=2 delta=0.5 J=-0.746409 Bx=0.0 By=0.0 Bz=-0.96867 ham=3 took 0.2s (elapsed 53.2s)
[job 31] 20/78 n=6 dimensions=2 delta=0.5 J=0.139088 Bx=0.0 By=0.0 Bz=-0.127075 ham=4 took 6.9s (elapsed 60.1s)
[job 31] 21/78 n=6 dimensions=2 delta=0.5 J=-0.806853 Bx=0.0 By=0.0 Bz=-0.047127 ham=5 took 12.7s (elapsed 73.0s)
[job 31] 22/78 n=6 dimensions=2 delta=0.5 J=-0.958446 Bx=0.0 By=0.0 Bz=-0.004125 ham=6 took 9.7s (elapsed 82.8s)
[job 31] 23/78 n=6 dimensions=2 delta=0.5 J=-0.603824 Bx=0.0 By=0.0 Bz=-0.287176 ham=7 took 0.3s (elapsed 83.2s)
[job 31] 24/78 n=6 dimensions=2 delta=0.5 J=0.039924 Bx=0.0 By=0.0 Bz=-0.550025 ham=8 took 0.0s (elapsed 83.3s)
[job 31] 25/78 n=6 dimensions=2 delta=0.5 J=0.454189 Bx=0.0 By=0.0 Bz=0.225511 ham=9 took 8.8s (elapsed 92.2s)
[job 31] 26/78 n=6 dimensions=2 delta=0.5 J=0.476303 Bx=0.0 By=0.0 Bz=-0.594078 ham=10 took 0.3s (elapsed 92.6s)
[job 31] 27/78 n=6 dimensions=2 delta=0.5 J=-0.899855 Bx=0.0 By=0.0 Bz=0.734512 ham=11 took 0.1s (elapsed 92.8s)
[job 31] 28/78 n=6 dimensions=2 delta=0.5 J=-0.504785 Bx=0.0 By=0.0 Bz=-0.800446 ham=12 took 0.0s (elapsed 92.9s)
[job 31] 29/78 n=6 dimensions=2 delta=0.5 J=-0.640511 Bx=0.0 By=0.0 Bz=0.767532 ham=13 took 0.0s (elapsed 93.1s)
[job 31] 30/78 n=6 dimensions=2 delta=0.5 J=0.618667 Bx=0.0 By=0.0 Bz=-0.813737 ham=14 took 0.2s (elapsed 93.4s)
[job 31] 31/78 n=8 dimensions=1 delta=0.5 J=-0.81358 Bx=0.0 By=0.0 Bz=0.120636 ham=0 took 13.9s (elapsed 107.4s)
[job 31] 32/78 n=8 dimensions=1 delta=0.5 J=0.494654 Bx=0.0 By=0.0 Bz=0.709254 ham=1 took 8.9s (elapsed 116.5s)
[job 31] 33/78 n=8 dimensions=1 delta=0.5 J=0.0689 Bx=0.0 By=0.0 Bz=0.546175 ham=2 took 0.1s (elapsed 116.7s)
[job 31] 34/78 n=8 dimensions=1 delta=0.5 J=-0.746409 Bx=0.0 By=0.0 Bz=-0.96867 ham=3 took 0.0s (elapsed 116.9s)
[job 31] 35/78 n=8 dimensions=1 delta=0.5 J=0.139088 Bx=0.0 By=0.0 Bz=-0.127075 ham=4 took 5.8s (elapsed 122.8s)
[job 31] 36/78 n=8 dimensions=1 delta=0.5 J=-0.806853 Bx=0.0 By=0.0 Bz=-0.047127 ham=5 took 15.1s (elapsed 138.1s)
[job 31] 37/78 n=8 dimensions=1 delta=0.5 J=-0.958446 Bx=0.0 By=0.0 Bz=-0.004125 ham=6 took 12.5s (elapsed 150.8s)
[job 31] 38/78 n=8 dimensions=1 delta=0.5 J=-0.603824 Bx=0.0 By=0.0 Bz=-0.287176 ham=7 took 10.3s (elapsed 161.3s)
[job 31] 39/78 n=8 dimensions=1 delta=0.5 J=0.039924 Bx=0.0 By=0.0 Bz=-0.550025 ham=8 took 0.0s (elapsed 161.5s)
[job 31] 40/78 n=8 dimensions=1 delta=0.5 J=0.454189 Bx=0.0 By=0.0 Bz=0.225511 ham=9 took 12.2s (elapsed 173.9s)
[job 31] 41/78 n=8 dimensions=1 delta=0.5 J=0.476303 Bx=0.0 By=0.0 Bz=-0.594078 ham=10 took 9.1s (elapsed 183.1s)
[job 31] 42/78 n=8 dimensions=1 delta=0.5 J=-0.899855 Bx=0.0 By=0.0 Bz=0.734512 ham=11 took 0.3s (elapsed 183.6s)
[job 31] 43/78 n=8 dimensions=1 delta=0.5 J=-0.504785 Bx=0.0 By=0.0 Bz=-0.800446 ham=12 took 0.0s (elapsed 183.7s)
[job 31] 44/78 n=8 dimensions=1 delta=0.5 J=-0.640511 Bx=0.0 By=0.0 Bz=0.767532 ham=13 took 0.0s (elapsed 183.9s)
[job 31] 45/78 n=8 dimensions=1 delta=0.5 J=0.618667 Bx=0.0 By=0.0 Bz=-0.813737 ham=14 took 8.7s (elapsed 192.8s)
[job 31] 46/78 n=8 dimensions=2 delta=0.5 J=-0.81358 Bx=0.0 By=0.0 Bz=0.120636 ham=0 took 14.0s (elapsed 207.0s)
[job 31] 47/78 n=8 dimensions=2 delta=0.5 J=0.494654 Bx=0.0 By=0.0 Bz=0.709254 ham=1 took 9.2s (elapsed 216.5s)
[job 31] 48/78 n=8 dimensions=2 delta=0.5 J=0.0689 Bx=0.0 By=0.0 Bz=0.546175 ham=2 took 0.1s (elapsed 216.9s)
[job 31] 49/78 n=8 dimensions=2 delta=0.5 J=-0.746409 Bx=0.0 By=0.0 Bz=-0.96867 ham=3 took 0.0s (elapsed 217.1s)
[job 31] 50/78 n=8 dimensions=2 delta=0.5 J=0.139088 Bx=0.0 By=0.0 Bz=-0.127075 ham=4 took 9.7s (elapsed 227.0s)
[job 31] 51/78 n=8 dimensions=2 delta=0.5 J=-0.806853 Bx=0.0 By=0.0 Bz=-0.047127 ham=5 took 13.2s (elapsed 240.4s)
[job 31] 52/78 n=8 dimensions=2 delta=0.5 J=-0.958446 Bx=0.0 By=0.0 Bz=-0.004125 ham=6 took 14.1s (elapsed 254.8s)
[job 31] 53/78 n=8 dimensions=2 delta=0.5 J=-0.603824 Bx=0.0 By=0.0 Bz=-0.287176 ham=7 took 9.1s (elapsed 264.1s)
[job 31] 54/78 n=8 dimensions=2 delta=0.5 J=0.039924 Bx=0.0 By=0.0 Bz=-0.550025 ham=8 took 0.1s (elapsed 264.5s)
[job 31] 55/78 n=8 dimensions=2 delta=0.5 J=0.454189 Bx=0.0 By=0.0 Bz=0.225511 ham=9 took 16.4s (elapsed 281.2s)
[job 31] 56/78 n=8 dimensions=2 delta=0.5 J=0.476303 Bx=0.0 By=0.0 Bz=-0.594078 ham=10 took 8.8s (elapsed 290.2s)
[job 31] 57/78 n=8 dimensions=2 delta=0.5 J=-0.899855 Bx=0.0 By=0.0 Bz=0.734512 ham=11 took 11.4s (elapsed 301.8s)
[job 31] 58/78 n=8 dimensions=2 delta=0.5 J=-0.504785 Bx=0.0 By=0.0 Bz=-0.800446 ham=12 took 0.1s (elapsed 302.2s)
[job 31] 59/78 n=8 dimensions=2 delta=0.5 J=-0.640511 Bx=0.0 By=0.0 Bz=0.767532 ham=13 took 0.2s (elapsed 302.6s)
[job 31] 60/78 n=8 dimensions=2 delta=0.5 J=0.618667 Bx=0.0 By=0.0 Bz=-0.813737 ham=14 took 9.2s (elapsed 312.0s)
[job 31] 61/78 n=10 dimensions=1 delta=0.5 J=-0.81358 Bx=0.0 By=0.0 Bz=0.120636 ham=0 took 29.4s (elapsed 341.7s)
[job 31] 62/78 n=10 dimensions=1 delta=0.5 J=0.494654 Bx=0.0 By=0.0 Bz=0.709254 ham=1 took 16.9s (elapsed 358.8s)
[job 31] 63/78 n=10 dimensions=1 delta=0.5 J=-0.746409 Bx=0.0 By=0.0 Bz=-0.96867 ham=3 took 0.5s (elapsed 359.7s)
[job 31] 64/78 n=10 dimensions=1 delta=0.5 J=-0.806853 Bx=0.0 By=0.0 Bz=-0.047127 ham=5 took 31.9s (elapsed 391.8s)
[job 31] 65/78 n=10 dimensions=1 delta=0.5 J=-0.603824 Bx=0.0 By=0.0 Bz=-0.287176 ham=7 took 21.3s (elapsed 413.3s)
[job 31] 66/78 n=10 dimensions=1 delta=0.5 J=0.454189 Bx=0.0 By=0.0 Bz=0.225511 ham=9 took 26.0s (elapsed 439.6s)
[job 31] 67/78 n=10 dimensions=1 delta=0.5 J=-0.899855 Bx=0.0 By=0.0 Bz=0.734512 ham=11 took 1.2s (elapsed 441.1s)
[job 31] 68/78 n=10 dimensions=1 delta=0.5 J=-0.640511 Bx=0.0 By=0.0 Bz=0.767532 ham=13 took 0.4s (elapsed 441.8s)
[job 31] 69/78 n=10 dimensions=2 delta=0.5 J=0.494654 Bx=0.0 By=0.0 Bz=0.709254 ham=1 took 26.4s (elapsed 468.6s)
[job 31] 70/78 n=10 dimensions=2 delta=0.5 J=-0.746409 Bx=0.0 By=0.0 Bz=-0.96867 ham=3 took 1.2s (elapsed 470.1s)
[job 31] 71/78 n=10 dimensions=2 delta=0.5 J=-0.806853 Bx=0.0 By=0.0 Bz=-0.047127 ham=5 took 34.8s (elapsed 505.2s)
[job 31] 72/78 n=10 dimensions=2 delta=0.5 J=-0.603824 Bx=0.0 By=0.0 Bz=-0.287176 ham=7 took 27.3s (elapsed 532.9s)
[job 31] 73/78 n=10 dimensions=2 delta=0.5 J=0.454189 Bx=0.0 By=0.0 Bz=0.225511 ham=9 took 31.9s (elapsed 565.1s)
[job 31] 74/78 n=10 dimensions=2 delta=0.5 J=-0.899855 Bx=0.0 By=0.0 Bz=0.734512 ham=11 took 4.5s (elapsed 569.9s)
[job 31] 75/78 n=10 dimensions=2 delta=0.5 J=-0.640511 Bx=0.0 By=0.0 Bz=0.767532 ham=13 took 1.1s (elapsed 571.4s)
[job 31] 76/78 n=12 dimensions=1 delta=0.5 J=0.039924 Bx=0.0 By=0.0 Bz=-0.550025 ham=8 took 15.8s (elapsed 587.6s)
[job 31] 77/78 n=12 dimensions=2 delta=0.5 J=-0.958446 Bx=0.0 By=0.0 Bz=-0.004125 ham=6 took 567.8s (elapsed 1155.7s)
[job 31] 78/78 n=12 dimensions=2 delta=0.5 J=0.618667 Bx=0.0 By=0.0 Bz=-0.813737 ham=14 took 488.7s (elapsed 1644.8s)
[job 31] wrote 33456 rows to bitstring_shards_heisenberg/shard_00031.csv in 1645.4s
