host=node154 task=28 threads=4
[job 28/40] 18 cells (15 x n=10, 3 x n=12)
[job 28] 1/18 n=10 dimensions=1 delta=10.0 J=0.0689 Bx=0.0 By=0.0 Bz=0.546175 ham=2 took 26.5s (elapsed 26.5s)
[job 28] 2/18 n=10 dimensions=1 delta=10.0 J=0.139088 Bx=0.0 By=0.0 Bz=-0.127075 ham=4 took 38.1s (elapsed 64.6s)
[job 28] 3/18 n=10 dimensions=1 delta=10.0 J=-0.958446 Bx=0.0 By=0.0 Bz=-0.004125 ham=6 took 0.8s (elapsed 65.5s)
[job 28] 4/18 n=10 dimensions=1 delta=10.0 J=0.039924 Bx=0.0 By=0.0 Bz=-0.550025 ham=8 took 41.6s (elapsed 107.1s)
[job 28] 5/18 n=10 dimensions=1 delta=10.0 J=0.476303 Bx=0.0 By=0.0 Bz=-0.594078 ham=10 took 47.9s (elapsed 155.0s)
[job 28] 6/18 n=10 dimensions=1 delta=10.0 J=-0.504785 Bx=0.0 By=0.0 Bz=-0.800446 ham=12 took 0.7s (elapsed 155.8s)
[job 28] 7/18 n=10 dimensions=1 delta=10.0 J=0.618667 Bx=0.0 By=0.0 Bz=-0.813737 ham=14 took 49.4s (elapsed 205.2s)
[job 28] 8/18 n=10 dimensions=2 delta=10.0 J=-0.81358 Bx=0.0 By=0.0 Bz=0.120636 ham=0 took 0.7s (elapsed 206.1s)
[job 28] 9/18 n=10 dimensions=2 delta=10.0 J=0.0689 Bx=0.0 By=0.0 Bz=0.546175 ham=2 took 74.8s (elapsed 280.9s)
[job 28] 10/18 n=10 dimensions=2 delta=10.0 J=0.139088 Bx=0.0 By=0.0 Bz=-0.127075 ham=4 took 66.1s (elapsed 347.1s)
[job 28] 11/18 n=10 dimensions=2 delta=10.0 J=-0.958446 Bx=0.0 By=0.0 Bz=-0.004125 ham=6 took 0.7s (elapsed 348.0s)
[job 28] 12/18 n=10 dimensions=2 delta=10.0 J=0.039924 Bx=0.0 By=0.0 Bz=-0.550025 ham=8 took 70.1s (elapsed 418.2s)
[job 28] 13/18 n=10 dimensions=2 delta=10.0 J=0.476303 Bx=0.0 By=0.0 Bz=-0.594078 ham=10 took 86.0s (elapsed 504.3s)
[job 28] 14/18 n=10 dimensions=2 delta=10.0 J=-0.504785 Bx=0.0 By=0.0 Bz=-0.800446 ham=12 took 0.7s (elapsed 505.1s)
[job 28] 15/18 n=10 dimensions=2 delta=10.0 J=0.618667 Bx=0.0 By=0.0 Bz=-0.813737 ham=14 took 87.9s (elapsed 593.1s)
[job 28] 16/18 n=12 dimensions=1 delta=10.0 J=-0.603824 Bx=0.0 By=0.0 Bz=-0.287176 ham=7 took 24.6s (elapsed 617.8s)
[job 28] 17/18 n=12 dimensions=2 delta=10.0 J=-0.806853 Bx=0.0 By=0.0 Bz=-0.047127 ham=5 took 21.8s (elapsed 639.7s)
[job 28] 18/18 n=12 dimensions=2 delta=10.0 J=-0.640511 Bx=0.0 By=0.0 Bz=0.767532 ham=13 took 21.7s (elapsed 661.4s)
[job 28] wrote 7356 rows to bitstring_shards_heisenberg/shard_00028.csv in 661.6s
