host=node090 task=28 threads=4
[job 28/40] 18 cells (15 x n=10, 3 x n=12)
[job 28] 1/18 n=10 dimensions=1 delta=10.0 J=0.0689 Bx=0.0 By=0.0 Bz=0.546175 ham=2 took 9.1s (elapsed 9.1s)
[job 28] 2/18 n=10 dimensions=1 delta=10.0 J=0.139088 Bx=0.0 By=0.0 Bz=-0.127075 ham=4 took 12.1s (elapsed 21.2s)
[job 28] 3/18 n=10 dimensions=1 delta=10.0 J=-0.958446 Bx=0.0 By=0.0 Bz=-0.004125 ham=6 took 0.7s (elapsed 22.0s)
[job 28] 4/18 n=10 dimensions=1 delta=10.0 J=0.039924 Bx=0.0 By=0.0 Bz=-0.550025 ham=8 took 9.0s (elapsed 31.0s)
[job 28] 5/18 n=10 dimensions=1 delta=10.0 J=0.476303 Bx=0.0 By=0.0 Bz=-0.594078 ham=10 took 15.9s (elapsed 46.9s)
[job 28] 6/18 n=10 dimensions=1 delta=10.0 J=-0.504785 Bx=0.0 By=0.0 Bz=-0.800446 ham=12 took 0.7s (elapsed 47.6s)
[job 28] 7/18 n=10 dimensions=1 delta=10.0 J=0.618667 Bx=0.0 By=0.0 Bz=-0.813737 ham=14 took 13.3s (elapsed 60.9s)
[job 28] 8/18 n=10 dimensions=2 delta=10.0 J=-0.81358 Bx=0.0 By=0.0 Bz=0.120636 ham=0 took 0.6s (elapsed 61.6s)
[job 28] 9/18 n=10 dimensions=2 delta=10.0 J=0.0689 Bx=0.0 By=0.0 Bz=0.546175 ham=2 took 21.1s (elapsed 82.7s)
[job 28] 10/18 n=10 dimensions=2 delta=10.0 J=0.139088 Bx=0.0 By=0.0 Bz=-0.127075 ham=4 took 19.8s (elapsed 102.6s)
[job 28] 11/18 n=10 dimensions=2 delta=10.0 J=-0.958446 Bx=0.0 By=0.0 Bz=-0.004125 ham=6 took 0.6s (elapsed 103.2s)
[job 28] 12/18 n=10 dimensions=2 delta=10.0 J=0.039924 Bx=0.0 By=0.0 Bz=-0.550025 ham=8 took 18.8s (elapsed 122.0s)
[job 28] 13/18 n=10 dimensions=2 delta=10.0 J=0.476303 Bx=0.0 By=0.0 Bz=-0.594078 ham=10 took 30.0s (elapsed 152.2s)
[job 28] 14/18 n=10 dimensions=2 delta=10.0 J=-0.504785 Bx=0.0 By=0.0 Bz=-0.800446 ham=12 took 0.5s (elapsed 152.8s)
[job 28] 15/18 n=10 dimensions=2 delta=10.0 J=0.618667 Bx=0.0 By=0.0 Bz=-0.813737 ham=14 took 29.2s (elapsed 182.0s)
[job 28] 16/18 n=12 dimensions=1 delta=10.0 J=-0.603824 Bx=0.0 By=0.0 Bz=-0.287176 ham=7 took 25.8s (elapsed 207.9s)
[job 28] 17/18 n=12 dimensions=2 delta=10.0 J=-0.806853 Bx=0.0 By=0.0 Bz=-0.047127 ham=5 took 23.3s (elapsed 231.4s)
[job 28] 18/18 n=12 dimensions=2 delta=10.0 J=-0.640511 Bx=0.0 By=0.0 Bz=0.767532 ham=13 took 23.7s (elapsed 255.2s)
[job 28] wrote 7356 rows to bitstring_shards_heisenberg/shard_00028.csv in 255.4s
