host=node097 task=31 threads=4
[job 31/40] 78 cells (30 x n=6, 30 x n=8, 15 x n=10, 3 x n=12)
[job 31] 1/78 n=6 dimensions=1 delta=0.5 J=-0.81358 Bx=0.0 By=0.0 Bz=0.120636 ham=0 took 30.5s (elapsed 30.5s)
[job 31] 2/78 n=6 dimensions=1 delta=0.5 J=0.494654 Bx=0.0 By=0.0 Bz=0.709254 ham=1 took 0.7s (elapsed 31.1s)
[job 31] 3/78 n=6 dimensions=1 delta=0.5 J=0.0689 Bx=0.0 By=0.0 Bz=0.546175 ham=2 took 0.1s (elapsed 31.3s)
[job 31] 4/78 n=6 dimensions=1 delta=0.5 J=-0.746409 Bx=0.0 By=0.0 Bz=-0.96867 ham=3 took 0.5s (elapsed 31.8s)
[job 31] 5/78 n=6 dimensions=1 delta=0.5 J=0.139088 Bx=0.0 By=0.0 Bz=-0.127075 ham=4 took 0.6s (elapsed 32.5s)
[job 31] 6/78 n=6 dimensions=1 delta=0.5 J=-0.806853 Bx=0.0 By=0.0 Bz=-0.047127 ham=5 took 27.7s (elapsed 60.2s)
[job 31] 7/78 n=6 dimensions=1 delta=0.5 J=-0.958446 Bx=0.0 By=0.0 Bz=-0.004125 ham=6 took 24.9s (elapsed 85.2s)
[job 31] 8/78 n=6 dimensions=1 delta=0.5 J=-0.603824 Bx=0.0 By=0.0 Bz=-0.287176 ham=7 took 0.6s (elapsed 85.9s)
[job 31] 9/78 n=6 dimensions=1 delta=0.5 J=0.039924 Bx=0.0 By=0.0 Bz=-0.550025 ham=8 took 0.1s (elapsed 86.1s)
[job 31] 10/78 n=6 dimensions=1 delta=0.5 J=0.454189 Bx=0.0 By=0.0 Bz=0.225511 ham=9 took 23.7s (elapsed 109.8s)
[job 31] 11/78 n=6 dimensions=1 delta=0.5 J=0.476303 Bx=0.0 By=0.0 Bz=-0.594078 ham=10 took 0.6s (elapsed 110.5s)
[job 31] 12/78 n=6 dimensions=1 delta=0.5 J=-0.899855 Bx=0.0 By=0.0 Bz=0.734512 ham=11 took 0.5s (elapsed 111.1s)
[job 31] 13/78 n=6 dimensions=1 delta=0.5 J=-0.504785 Bx=0.0 By=0.0 Bz=-0.800446 ham=12 took 0.2s (elapsed 111.3s)
[job 31] 14/78 n=6 dimensions=1 delta=0.5 J=-0.640511 Bx=0.0 By=0.0 Bz=0.767532 ham=13 took 0.2s (elapsed 111.6s)
[job 31] 15/78 n=6 dimensions=1 delta=0.5 J=0.618667 Bx=0.0 By=0.0 Bz=-0.813737 ham=14 took 0.6s (elapsed 112.2s)
[job 31] 16/78 n=6 dimensions=2 delta=0.5 J=-0.81358 Bx=0.0 By=0.0 Bz=0.120636 ham=0 took 30.4s (elapsed 142.7s)
[job 31] 17/78 n=6 dimensions=2 delta=0.5 J=0.494654 Bx=0.0 By=0.0 Bz=0.709254 ham=1 took 0.6s (elapsed 143.4s)
[job 31] 18/78 n=6 dimensions=2 delta=0.5 J=0.0689 Bx=0.0 By=0.0 Bz=0.546175 ham=2 took 0.2s (elapsed 143.7s)
[job 31] 19/78 n=6 dimensions=2 delta=0.5 J=-0.746409 Bx=0.0 By=0.0 Bz=-0.96867 ham=3 took 0.2s (elapsed 143.9s)
[job 31] 20/78 n=6 dimensions=2 delta=0.5 J=0.139088 Bx=0.0 By=0.0 Bz=-0.127075 ham=4 took 27.5s (elapsed 171.5s)
[job 31] 21/78 n=6 dimensions=2 delta=0.5 J=-0.806853 Bx=0.0 By=0.0 Bz=-0.047127 ham=5 took 26.5s (elapsed 198.1s)
[job 31] 22/78 n=6 dimensions=2 delta=0.5 J=-0.958446 Bx=0.0 By=0.0 Bz=-0.004125 ham=6 took 30.0s (elapsed 228.3s)
[job 31] 23/78 n=6 dimensions=2 delta=0.5 J=-0.603824 Bx=0.0 By=0.0 Bz=-0.287176 ham=7 took 0.6s (elapsed 229.0s)
[job 31] 24/78 n=6 dimensions=2 delta=0.5 J=0.039924 Bx=0.0 By=0.0 Bz=-0.550025 ham=8 took 0.3s (elapsed 229.4s)
[job 31] 25/78 n=6 dimensions=2 delta=0.5 J=0.454189 Bx=0.0 By=0.0 Bz=0.225511 ham=9 took 27.1s (elapsed 256.6s)
[job 31] 26/78 n=6 dimensions=2 delta=0.5 J=0.476303 Bx=0.0 By=0.0 Bz=-0.594078 ham=10 took 0.6s (elapsed 257.3s)
[job 31] 27/78 n=6 dimensions=2 delta=0.5 J=-0.899855 Bx=0.0 By=0.0 Bz=0.734512 ham=11 took 0.4s (elapsed 257.9s)
[job 31] 28/78 n=6 dimensions=2 delta=0.5 J=-0.504785 Bx=0.0 By=0.0 Bz=-0.800446 ham=12 took 0.2s (elapsed 258.1s)
[job 31] 29/78 n=6 dimensions=2 delta=0.5 J=-0.640511 Bx=0.0 By=0.0 Bz=0.767532 ham=13 took 0.2s (elapsed 258.4s)
[job 31] 30/78 n=6 dimensions=2 delta=0.5 J=0.618667 Bx=0.0 By=0.0 Bz=-0.813737 ham=14 took 0.6s (elapsed 259.2s)
[job 31] 31/78 n=8 dimensions=1 delta=0.5 J=-0.81358 Bx=0.0 By=0.0 Bz=0.120636 ham=0 took 74.7s (elapsed 334.0s)
[job 31] 32/78 n=8 dimensions=1 delta=0.5 J=0.494654 Bx=0.0 By=0.0 Bz=0.709254 ham=1 took 31.7s (elapsed 365.8s)
[job 31] 33/78 n=8 dimensions=1 delta=0.5 J=0.0689 Bx=0.0 By=0.0 Bz=0.546175 ham=2 took 0.1s (elapsed 366.1s)
[job 31] 34/78 n=8 dimensions=1 delta=0.5 J=-0.746409 Bx=0.0 By=0.0 Bz=-0.96867 ham=3 took 0.1s (elapsed 366.4s)
[job 31] 35/78 n=8 dimensions=1 delta=0.5 J=0.139088 Bx=0.0 By=0.0 Bz=-0.127075 ham=4 took 22.1s (elapsed 388.7s)
[job 31] 36/78 n=8 dimensions=1 delta=0.5 J=-0.806853 Bx=0.0 By=0.0 Bz=-0.047127 ham=5 took 86.1s (elapsed 474.9s)
[job 31] 37/78 n=8 dimensions=1 delta=0.5 J=-0.958446 Bx=0.0 By=0.0 Bz=-0.004125 ham=6 took 85.6s (elapsed 560.7s)
[job 31] 38/78 n=8 dimensions=1 delta=0.5 J=-0.603824 Bx=0.0 By=0.0 Bz=-0.287176 ham=7 took 26.4s (elapsed 587.3s)
[job 31] 39/78 n=8 dimensions=1 delta=0.5 J=0.039924 Bx=0.0 By=0.0 Bz=-0.550025 ham=8 took 0.1s (elapsed 587.6s)
[job 31] 40/78 n=8 dimensions=1 delta=0.5 J=0.454189 Bx=0.0 By=0.0 Bz=0.225511 ham=9 took 79.8s (elapsed 667.6s)
[job 31] 41/78 n=8 dimensions=1 delta=0.5 J=0.476303 Bx=0.0 By=0.0 Bz=-0.594078 ham=10 took 24.5s (elapsed 692.3s)
[job 31] 42/78 n=8 dimensions=1 delta=0.5 J=-0.899855 Bx=0.0 By=0.0 Bz=0.734512 ham=11 took 0.6s (elapsed 693.1s)
[job 31] 43/78 n=8 dimensions=1 delta=0.5 J=-0.504785 Bx=0.0 By=0.0 Bz=-0.800446 ham=12 took 0.1s (elapsed 693.4s)
[job 31] 44/78 n=8 dimensions=1 delta=0.5 J=-0.640511 Bx=0.0 By=0.0 Bz=0.767532 ham=13 took 0.2s (elapsed 693.8s)
[job 31] 45/78 n=8 dimensions=1 delta=0.5 J=0.618667 Bx=0.0 By=0.0 Bz=-0.813737 ham=14 took 36.0s (elapsed 730.0s)
[job 31] 46/78 n=8 dimensions=2 delta=0.5 J=-0.81358 Bx=0.0 By=0.0 Bz=0.120636 ham=0 took 82.5s (elapsed 812.8s)
[job 31] 47/78 n=8 dimensions=2 delta=0.5 J=0.494654 Bx=0.0 By=0.0 Bz=0.709254 ham=1 took 32.0s (elapsed 845.0s)
[job 31] 48/78 n=8 dimensions=2 delta=0.5 J=0.0689 Bx=0.0 By=0.0 Bz=0.546175 ham=2 took 0.2s (elapsed 845.4s)
[job 31] 49/78 n=8 dimensions=2 delta=0.5 J=-0.746409 Bx=0.0 By=0.0 Bz=-0.96867 ham=3 took 0.1s (elapsed 845.8s)
[job 31] 50/78 n=8 dimensions=2 delta=0.5 J=0.139088 Bx=0.0 By=0.0 Bz=-0.127075 ham=4 took 70.7s (elapsed 916.6s)
[job 31] 51/78 n=8 dimensions=2 delta=0.5 J=-0.806853 Bx=0.0 By=0.0 Bz=-0.047127 ham=5 took 82.5s (elapsed 999.4s)
[job 31] 52/78 n=8 dimensions=2 delta=0.5 J=-0.958446 Bx=0.0 By=0.0 Bz=-0.004125 ham=6 took 79.6s (elapsed 1079.3s)
[job 31] 53/78 n=8 dimensions=2 delta=0.5 J=-0.603824 Bx=0.0 By=0.0 Bz=-0.287176 ham=7 took 29.3s (elapsed 1108.9s)
[job 31] 54/78 n=8 dimensions=2 delta=0.5 J=0.039924 Bx=0.0 By=0.0 Bz=-0.550025 ham=8 took 0.2s (elapsed 1109.4s)
[job 31] 55/78 n=8 dimensions=2 delta=0.5 J=0.454189 Bx=0.0 By=0.0 Bz=0.225511 ham=9 took 88.8s (elapsed 1198.4s)
[job 31] 56/78 n=8 dimensions=2 delta=0.5 J=0.476303 Bx=0.0 By=0.0 Bz=-0.594078 ham=10 took 29.8s (elapsed 1228.5s)
[job 31] 57/78 n=8 dimensions=2 delta=0.5 J=-0.899855 Bx=0.0 By=0.0 Bz=0.734512 ham=11 took 34.4s (elapsed 1263.3s)
[job 31] 58/78 n=8 dimensions=2 delta=0.5 J=-0.504785 Bx=0.0 By=0.0 Bz=-0.800446 ham=12 took 0.2s (elapsed 1263.7s)
[job 31] 59/78 n=8 dimensions=2 delta=0.5 J=-0.640511 Bx=0.0 By=0.0 Bz=0.767532 ham=13 took 0.6s (elapsed 1264.6s)
[job 31] 60/78 n=8 dimensions=2 delta=0.5 J=0.618667 Bx=0.0 By=0.0 Bz=-0.813737 ham=14 took 35.5s (elapsed 1300.4s)
[job 31] 61/78 n=10 dimensions=1 delta=0.5 J=-0.81358 Bx=0.0 By=0.0 Bz=0.120636 ham=0 took 192.6s (elapsed 1493.3s)
[job 31] 62/78 n=10 dimensions=1 delta=0.5 J=0.494654 Bx=0.0 By=0.0 Bz=0.709254 ham=1 took 147.8s (elapsed 1641.4s)
[job 31] 63/78 n=10 dimensions=1 delta=0.5 J=-0.746409 Bx=0.0 By=0.0 Bz=-0.96867 ham=3 took 0.8s (elapsed 1642.7s)
[job 31] 64/78 n=10 dimensions=1 delta=0.5 J=-0.806853 Bx=0.0 By=0.0 Bz=-0.047127 ham=5 took 214.9s (elapsed 1857.9s)
[job 31] 65/78 n=10 dimensions=1 delta=0.5 J=-0.603824 Bx=0.0 By=0.0 Bz=-0.287176 ham=7 took 150.4s (elapsed 2008.6s)
[job 31] 66/78 n=10 dimensions=1 delta=0.5 J=0.454189 Bx=0.0 By=0.0 Bz=0.225511 ham=9 took 173.0s (elapsed 2181.9s)
[job 31] 67/78 n=10 dimensions=1 delta=0.5 J=-0.899855 Bx=0.0 By=0.0 Bz=0.734512 ham=11 took 3.7s (elapsed 2186.0s)
[job 31] 68/78 n=10 dimensions=1 delta=0.5 J=-0.640511 Bx=0.0 By=0.0 Bz=0.767532 ham=13 took 0.7s (elapsed 2187.0s)
[job 31] 69/78 n=10 dimensions=2 delta=0.5 J=0.494654 Bx=0.0 By=0.0 Bz=0.709254 ham=1 took 162.2s (elapsed 2349.5s)
[job 31] 70/78 n=10 dimensions=2 delta=0.5 J=-0.746409 Bx=0.0 By=0.0 Bz=-0.96867 ham=3 took 3.6s (elapsed 2353.5s)
[job 31] 71/78 n=10 dimensions=2 delta=0.5 J=-0.806853 Bx=0.0 By=0.0 Bz=-0.047127 ham=5 took 196.9s (elapsed 2550.8s)
[job 31] 72/78 n=10 dimensions=2 delta=0.5 J=-0.603824 Bx=0.0 By=0.0 Bz=-0.287176 ham=7 took 154.4s (elapsed 2705.6s)
[job 31] 73/78 n=10 dimensions=2 delta=0.5 J=0.454189 Bx=0.0 By=0.0 Bz=0.225511 ham=9 took 169.5s (elapsed 2875.5s)
[job 31] 74/78 n=10 dimensions=2 delta=0.5 J=-0.899855 Bx=0.0 By=0.0 Bz=0.734512 ham=11 took 36.0s (elapsed 2911.8s)
[job 31] 75/78 n=10 dimensions=2 delta=0.5 J=-0.640511 Bx=0.0 By=0.0 Bz=0.767532 ham=13 took 3.7s (elapsed 2916.0s)
[job 31] 76/78 n=12 dimensions=1 delta=0.5 J=0.039924 Bx=0.0 By=0.0 Bz=-0.550025 ham=8 took 24.2s (elapsed 2940.6s)
[job 31] 77/78 n=12 dimensions=2 delta=0.5 J=-0.958446 Bx=0.0 By=0.0 Bz=-0.004125 ham=6 took 1400.6s (elapsed 4341.6s)
[job 31] 78/78 n=12 dimensions=2 delta=0.5 J=0.618667 Bx=0.0 By=0.0 Bz=-0.813737 ham=14 took 1356.8s (elapsed 5698.8s)
[job 31] wrote 33456 rows to bitstring_shards_heisenberg/shard_00031.csv in 5699.7s
