host=node092 task=32 threads=4
[job 32/40] 78 cells (30 x n=6, 30 x n=8, 15 x n=10, 3 x n=12)
[job 32] 1/78 n=6 dimensions=1 delta=1.0 J=-0.81358 Bx=0.0 By=0.0 Bz=0.120636 ham=0 took 0.1s (elapsed 0.1s)
[job 32] 2/78 n=6 dimensions=1 delta=1.0 J=0.494654 Bx=0.0 By=0.0 Bz=0.709254 ham=1 took 0.3s (elapsed 0.5s)
[job 32] 3/78 n=6 dimensions=1 delta=1.0 J=0.0689 Bx=0.0 By=0.0 Bz=0.546175 ham=2 took 0.2s (elapsed 0.7s)
[job 32] 4/78 n=6 dimensions=1 delta=1.0 J=-0.746409 Bx=0.0 By=0.0 Bz=-0.96867 ham=3 took 0.3s (elapsed 0.9s)
[job 32] 5/78 n=6 dimensions=1 delta=1.0 J=0.139088 Bx=0.0 By=0.0 Bz=-0.127075 ham=4 took 7.6s (elapsed 8.5s)
[job 32] 6/78 n=6 dimensions=1 delta=1.0 J=-0.806853 Bx=0.0 By=0.0 Bz=-0.047127 ham=5 took 0.1s (elapsed 8.7s)
[job 32] 7/78 n=6 dimensions=1 delta=1.0 J=-0.958446 Bx=0.0 By=0.0 Bz=-0.004125 ham=6 took 0.2s (elapsed 8.9s)
[job 32] 8/78 n=6 dimensions=1 delta=1.0 J=-0.603824 Bx=0.0 By=0.0 Bz=-0.287176 ham=7 took 0.0s (elapsed 9.0s)
[job 32] 9/78 n=6 dimensions=1 delta=1.0 J=0.039924 Bx=0.0 By=0.0 Bz=-0.550025 ham=8 took 0.2s (elapsed 9.2s)
[job 32] 10/78 n=6 dimensions=1 delta=1.0 J=0.454189 Bx=0.0 By=0.0 Bz=0.225511 ham=9 took 10.6s (elapsed 19.8s)
[job 32] 11/78 n=6 dimensions=1 delta=1.0 J=0.476303 Bx=0.0 By=0.0 Bz=-0.594078 ham=10 took 0.3s (elapsed 20.1s)
[job 32] 12/78 n=6 dimensions=1 delta=1.0 J=-0.899855 Bx=0.0 By=0.0 Bz=0.734512 ham=11 took 0.2s (elapsed 20.4s)
[job 32] 13/78 n=6 dimensions=1 delta=1.0 J=-0.504785 Bx=0.0 By=0.0 Bz=-0.800446 ham=12 took 0.0s (elapsed 20.5s)
[job 32] 14/78 n=6 dimensions=1 delta=1.0 J=-0.640511 Bx=0.0 By=0.0 Bz=0.767532 ham=13 took 0.1s (elapsed 20.6s)
[job 32] 15/78 n=6 dimensions=1 delta=1.0 J=0.618667 Bx=0.0 By=0.0 Bz=-0.813737 ham=14 took 0.3s (elapsed 20.9s)
[job 32] 16/78 n=6 dimensions=2 delta=1.0 J=-0.81358 Bx=0.0 By=0.0 Bz=0.120636 ham=0 took 0.1s (elapsed 21.1s)
[job 32] 17/78 n=6 dimensions=2 delta=1.0 J=0.494654 Bx=0.0 By=0.0 Bz=0.709254 ham=1 took 11.8s (elapsed 33.0s)
[job 32] 18/78 n=6 dimensions=2 delta=1.0 J=0.0689 Bx=0.0 By=0.0 Bz=0.546175 ham=2 took 0.2s (elapsed 33.2s)
[job 32] 19/78 n=6 dimensions=2 delta=1.0 J=-0.746409 Bx=0.0 By=0.0 Bz=-0.96867 ham=3 took 0.0s (elapsed 33.3s)
[job 32] 20/78 n=6 dimensions=2 delta=1.0 J=0.139088 Bx=0.0 By=0.0 Bz=-0.127075 ham=4 took 9.9s (elapsed 43.3s)
[job 32] 21/78 n=6 dimensions=2 delta=1.0 J=-0.806853 Bx=0.0 By=0.0 Bz=-0.047127 ham=5 took 0.1s (elapsed 43.5s)
[job 32] 22/78 n=6 dimensions=2 delta=1.0 J=-0.958446 Bx=0.0 By=0.0 Bz=-0.004125 ham=6 took 0.1s (elapsed 43.7s)
[job 32] 23/78 n=6 dimensions=2 delta=1.0 J=-0.603824 Bx=0.0 By=0.0 Bz=-0.287176 ham=7 took 0.1s (elapsed 43.9s)
[job 32] 24/78 n=6 dimensions=2 delta=1.0 J=0.039924 Bx=0.0 By=0.0 Bz=-0.550025 ham=8 took 0.0s (elapsed 44.0s)
[job 32] 25/78 n=6 dimensions=2 delta=1.0 J=0.454189 Bx=0.0 By=0.0 Bz=0.225511 ham=9 took 12.2s (elapsed 56.4s)
[job 32] 26/78 n=6 dimensions=2 delta=1.0 J=0.476303 Bx=0.0 By=0.0 Bz=-0.594078 ham=10 took 8.7s (elapsed 65.1s)
[job 32] 27/78 n=6 dimensions=2 delta=1.0 J=-0.899855 Bx=0.0 By=0.0 Bz=0.734512 ham=11 took 0.2s (elapsed 65.4s)
[job 32] 28/78 n=6 dimensions=2 delta=1.0 J=-0.504785 Bx=0.0 By=0.0 Bz=-0.800446 ham=12 took 0.0s (elapsed 65.5s)
[job 32] 29/78 n=6 dimensions=2 delta=1.0 J=-0.640511 Bx=0.0 By=0.0 Bz=0.767532 ham=13 took 0.1s (elapsed 65.6s)
[job 32] 30/78 n=6 dimensions=2 delta=1.0 J=0.618667 Bx=0.0 By=0.0 Bz=-0.813737 ham=14 took 12.2s (elapsed 77.9s)
[job 32] 31/78 n=8 dimensions=1 delta=1.0 J=-0.81358 Bx=0.0 By=0.0 Bz=0.120636 ham=0 took 0.1s (elapsed 78.1s)
[job 32] 32/78 n=8 dimensions=1 delta=1.0 J=0.494654 Bx=0.0 By=0.0 Bz=0.709254 ham=1 took 10.4s (elapsed 88.6s)
[job 32] 33/78 n=8 dimensions=1 delta=1.0 J=0.0689 Bx=0.0 By=0.0 Bz=0.546175 ham=2 took 0.0s (elapsed 88.7s)
[job 32] 34/78 n=8 dimensions=1 delta=1.0 J=-0.746409 Bx=0.0 By=0.0 Bz=-0.96867 ham=3 took 0.0s (elapsed 88.9s)
[job 32] 35/78 n=8 dimensions=1 delta=1.0 J=0.139088 Bx=0.0 By=0.0 Bz=-0.127075 ham=4 took 5.7s (elapsed 94.7s)
[job 32] 36/78 n=8 dimensions=1 delta=1.0 J=-0.806853 Bx=0.0 By=0.0 Bz=-0.047127 ham=5 took 0.2s (elapsed 95.0s)
[job 32] 37/78 n=8 dimensions=1 delta=1.0 J=-0.958446 Bx=0.0 By=0.0 Bz=-0.004125 ham=6 took 0.2s (elapsed 95.3s)
[job 32] 38/78 n=8 dimensions=1 delta=1.0 J=-0.603824 Bx=0.0 By=0.0 Bz=-0.287176 ham=7 took 0.2s (elapsed 95.6s)
[job 32] 39/78 n=8 dimensions=1 delta=1.0 J=0.039924 Bx=0.0 By=0.0 Bz=-0.550025 ham=8 took 0.1s (elapsed 95.8s)
[job 32] 40/78 n=8 dimensions=1 delta=1.0 J=0.454189 Bx=0.0 By=0.0 Bz=0.225511 ham=9 took 18.9s (elapsed 114.8s)
[job 32] 41/78 n=8 dimensions=1 delta=1.0 J=0.476303 Bx=0.0 By=0.0 Bz=-0.594078 ham=10 took 8.6s (elapsed 123.6s)
[job 32] 42/78 n=8 dimensions=1 delta=1.0 J=-0.899855 Bx=0.0 By=0.0 Bz=0.734512 ham=11 took 0.2s (elapsed 123.8s)
[job 32] 43/78 n=8 dimensions=1 delta=1.0 J=-0.504785 Bx=0.0 By=0.0 Bz=-0.800446 ham=12 took 0.0s (elapsed 124.0s)
[job 32] 44/78 n=8 dimensions=1 delta=1.0 J=-0.640511 Bx=0.0 By=0.0 Bz=0.767532 ham=13 took 0.1s (elapsed 124.3s)
[job 32] 45/78 n=8 dimensions=1 delta=1.0 J=0.618667 Bx=0.0 By=0.0 Bz=-0.813737 ham=14 took 10.8s (elapsed 135.1s)
[job 32] 46/78 n=8 dimensions=2 delta=1.0 J=-0.81358 Bx=0.0 By=0.0 Bz=0.120636 ham=0 took 0.2s (elapsed 135.4s)
[job 32] 47/78 n=8 dimensions=2 delta=1.0 J=0.494654 Bx=0.0 By=0.0 Bz=0.709254 ham=1 took 17.2s (elapsed 152.8s)
[job 32] 48/78 n=8 dimensions=2 delta=1.0 J=0.0689 Bx=0.0 By=0.0 Bz=0.546175 ham=2 took 0.2s (elapsed 153.1s)
[job 32] 49/78 n=8 dimensions=2 delta=1.0 J=-0.746409 Bx=0.0 By=0.0 Bz=-0.96867 ham=3 took 0.2s (elapsed 153.4s)
[job 32] 50/78 n=8 dimensions=2 delta=1.0 J=0.139088 Bx=0.0 By=0.0 Bz=-0.127075 ham=4 took 15.5s (elapsed 169.1s)
[job 32] 51/78 n=8 dimensions=2 delta=1.0 J=-0.806853 Bx=0.0 By=0.0 Bz=-0.047127 ham=5 took 0.2s (elapsed 169.4s)
[job 32] 52/78 n=8 dimensions=2 delta=1.0 J=-0.958446 Bx=0.0 By=0.0 Bz=-0.004125 ham=6 took 0.0s (elapsed 169.6s)
[job 32] 53/78 n=8 dimensions=2 delta=1.0 J=-0.603824 Bx=0.0 By=0.0 Bz=-0.287176 ham=7 took 0.0s (elapsed 169.7s)
[job 32] 54/78 n=8 dimensions=2 delta=1.0 J=0.039924 Bx=0.0 By=0.0 Bz=-0.550025 ham=8 took 0.1s (elapsed 170.0s)
[job 32] 55/78 n=8 dimensions=2 delta=1.0 J=0.454189 Bx=0.0 By=0.0 Bz=0.225511 ham=9 took 19.6s (elapsed 189.7s)
[job 32] 56/78 n=8 dimensions=2 delta=1.0 J=0.476303 Bx=0.0 By=0.0 Bz=-0.594078 ham=10 took 17.4s (elapsed 207.3s)
[job 32] 57/78 n=8 dimensions=2 delta=1.0 J=-0.899855 Bx=0.0 By=0.0 Bz=0.734512 ham=11 took 0.2s (elapsed 207.7s)
[job 32] 58/78 n=8 dimensions=2 delta=1.0 J=-0.504785 Bx=0.0 By=0.0 Bz=-0.800446 ham=12 took 0.0s (elapsed 207.8s)
[job 32] 59/78 n=8 dimensions=2 delta=1.0 J=-0.640511 Bx=0.0 By=0.0 Bz=0.767532 ham=13 took 0.0s (elapsed 208.1s)
[job 32] 60/78 n=8 dimensions=2 delta=1.0 J=0.618667 Bx=0.0 By=0.0 Bz=-0.813737 ham=14 took 23.3s (elapsed 231.6s)
[job 32] 61/78 n=10 dimensions=1 delta=1.0 J=-0.81358 Bx=0.0 By=0.0 Bz=0.120636 ham=0 took 0.5s (elapsed 232.3s)
[job 32] 62/78 n=10 dimensions=1 delta=1.0 J=0.494654 Bx=0.0 By=0.0 Bz=0.709254 ham=1 took 44.9s (elapsed 277.4s)
[job 32] 63/78 n=10 dimensions=1 delta=1.0 J=-0.746409 Bx=0.0 By=0.0 Bz=-0.96867 ham=3 took 0.6s (elapsed 278.2s)
[job 32] 64/78 n=10 dimensions=1 delta=1.0 J=-0.806853 Bx=0.0 By=0.0 Bz=-0.047127 ham=5 took 0.5s (elapsed 278.9s)
[job 32] 65/78 n=10 dimensions=1 delta=1.0 J=-0.603824 Bx=0.0 By=0.0 Bz=-0.287176 ham=7 took 0.5s (elapsed 279.6s)
[job 32] 66/78 n=10 dimensions=1 delta=1.0 J=0.454189 Bx=0.0 By=0.0 Bz=0.225511 ham=9 took 69.0s (elapsed 348.8s)
[job 32] 67/78 n=10 dimensions=1 delta=1.0 J=-0.899855 Bx=0.0 By=0.0 Bz=0.734512 ham=11 took 0.6s (elapsed 349.6s)
[job 32] 68/78 n=10 dimensions=1 delta=1.0 J=-0.640511 Bx=0.0 By=0.0 Bz=0.767532 ham=13 took 0.5s (elapsed 350.3s)
[job 32] 69/78 n=10 dimensions=2 delta=1.0 J=0.494654 Bx=0.0 By=0.0 Bz=0.709254 ham=1 took 61.4s (elapsed 411.8s)
[job 32] 70/78 n=10 dimensions=2 delta=1.0 J=-0.746409 Bx=0.0 By=0.0 Bz=-0.96867 ham=3 took 0.6s (elapsed 412.7s)
[job 32] 71/78 n=10 dimensions=2 delta=1.0 J=-0.806853 Bx=0.0 By=0.0 Bz=-0.047127 ham=5 took 0.6s (elapsed 413.5s)
[job 32] 72/78 n=10 dimensions=2 delta=1.0 J=-0.603824 Bx=0.0 By=0.0 Bz=-0.287176 ham=7 took 0.6s (elapsed 414.2s)
[job 32] 73/78 n=10 dimensions=2 delta=1.0 J=0.454189 Bx=0.0 By=0.0 Bz=0.225511 ham=9 took 65.3s (elapsed 479.7s)
[job 32] 74/78 n=10 dimensions=2 delta=1.0 J=-0.899855 Bx=0.0 By=0.0 Bz=0.734512 ham=11 took 0.5s (elapsed 480.4s)
[job 32] 75/78 n=10 dimensions=2 delta=1.0 J=-0.640511 Bx=0.0 By=0.0 Bz=0.767532 ham=13 took 0.5s (elapsed 481.2s)
[job 32] 76/78 n=12 dimensions=1 delta=1.0 J=0.039924 Bx=0.0 By=0.0 Bz=-0.550025 ham=8 took 17.2s (elapsed 498.6s)
[job 32] 77/78 n=12 dimensions=2 delta=1.0 J=-0.958446 Bx=0.0 By=0.0 Bz=-0.004125 ham=6 took 17.4s (elapsed 516.2s)
[job 32] 78/78 n=12 dimensions=2 delta=1.0 J=0.618667 Bx=0.0 By=0.0 Bz=-0.813737 ham=14 took 692.1s (elapsed 1208.5s)
[job 32] wrote 18756 rows to bitstring_shards_heisenberg/shard_00032.csv in 1208.9s
