host=node128 task=34 threads=4
[job 34/40] 78 cells (30 x n=6, 30 x n=8, 15 x n=10, 3 x n=12)
[job 34] 1/78 n=6 dimensions=1 delta=100.0 J=-0.81358 Bx=0.0 By=0.0 Bz=0.120636 ham=0 took 0.2s (elapsed 0.2s)
[job 34] 2/78 n=6 dimensions=1 delta=100.0 J=0.494654 Bx=0.0 By=0.0 Bz=0.709254 ham=1 took 0.7s (elapsed 0.9s)
[job 34] 3/78 n=6 dimensions=1 delta=100.0 J=0.0689 Bx=0.0 By=0.0 Bz=0.546175 ham=2 took 0.6s (elapsed 1.5s)
[job 34] 4/78 n=6 dimensions=1 delta=100.0 J=-0.746409 Bx=0.0 By=0.0 Bz=-0.96867 ham=3 took 0.1s (elapsed 1.7s)
[job 34] 5/78 n=6 dimensions=1 delta=100.0 J=0.139088 Bx=0.0 By=0.0 Bz=-0.127075 ham=4 took 0.5s (elapsed 2.3s)
[job 34] 6/78 n=6 dimensions=1 delta=100.0 J=-0.806853 Bx=0.0 By=0.0 Bz=-0.047127 ham=5 took 0.2s (elapsed 2.5s)
[job 34] 7/78 n=6 dimensions=1 delta=100.0 J=-0.958446 Bx=0.0 By=0.0 Bz=-0.004125 ham=6 took 0.1s (elapsed 2.7s)
[job 34] 8/78 n=6 dimensions=1 delta=100.0 J=-0.603824 Bx=0.0 By=0.0 Bz=-0.287176 ham=7 took 0.1s (elapsed 2.9s)
[job 34] 9/78 n=6 dimensions=1 delta=100.0 J=0.039924 Bx=0.0 By=0.0 Bz=-0.550025 ham=8 took 0.4s (elapsed 3.3s)
[job 34] 10/78 n=6 dimensions=1 delta=100.0 J=0.454189 Bx=0.0 By=0.0 Bz=0.225511 ham=9 took 0.7s (elapsed 4.0s)
[job 34] 11/78 n=6 dimensions=1 delta=100.0 J=0.476303 Bx=0.0 By=0.0 Bz=-0.594078 ham=10 took 0.8s (elapsed 4.8s)
[job 34] 12/78 n=6 dimensions=1 delta=100.0 J=-0.899855 Bx=0.0 By=0.0 Bz=0.734512 ham=11 took 0.0s (elapsed 4.9s)
[job 34] 13/78 n=6 dimensions=1 delta=100.0 J=-0.504785 Bx=0.0 By=0.0 Bz=-0.800446 ham=12 took 0.2s (elapsed 5.2s)
[job 34] 14/78 n=6 dimensions=1 delta=100.0 J=-0.640511 Bx=0.0 By=0.0 Bz=0.767532 ham=13 took 0.0s (elapsed 5.3s)
[job 34] 15/78 n=6 dimensions=1 delta=100.0 J=0.618667 Bx=0.0 By=0.0 Bz=-0.813737 ham=14 took 0.6s (elapsed 6.0s)
[job 34] 16/78 n=6 dimensions=2 delta=100.0 J=-0.81358 Bx=0.0 By=0.0 Bz=0.120636 ham=0 took 0.1s (elapsed 6.2s)
[job 34] 17/78 n=6 dimensions=2 delta=100.0 J=0.494654 Bx=0.0 By=0.0 Bz=0.709254 ham=1 took 0.8s (elapsed 7.1s)
[job 34] 18/78 n=6 dimensions=2 delta=100.0 J=0.0689 Bx=0.0 By=0.0 Bz=0.546175 ham=2 took 0.6s (elapsed 7.7s)
[job 34] 19/78 n=6 dimensions=2 delta=100.0 J=-0.746409 Bx=0.0 By=0.0 Bz=-0.96867 ham=3 took 0.0s (elapsed 7.9s)
[job 34] 20/78 n=6 dimensions=2 delta=100.0 J=0.139088 Bx=0.0 By=0.0 Bz=-0.127075 ham=4 took 0.8s (elapsed 8.7s)
[job 34] 21/78 n=6 dimensions=2 delta=100.0 J=-0.806853 Bx=0.0 By=0.0 Bz=-0.047127 ham=5 took 0.0s (elapsed 8.9s)
[job 34] 22/78 n=6 dimensions=2 delta=100.0 J=-0.958446 Bx=0.0 By=0.0 Bz=-0.004125 ham=6 took 0.2s (elapsed 9.1s)
[job 34] 23/78 n=6 dimensions=2 delta=100.0 J=-0.603824 Bx=0.0 By=0.0 Bz=-0.287176 ham=7 took 0.2s (elapsed 9.4s)
[job 34] 24/78 n=6 dimensions=2 delta=100.0 J=0.039924 Bx=0.0 By=0.0 Bz=-0.550025 ham=8 took 0.5s (elapsed 10.0s)
[job 34] 25/78 n=6 dimensions=2 delta=100.0 J=0.454189 Bx=0.0 By=0.0 Bz=0.225511 ham=9 took 0.6s (elapsed 10.7s)
[job 34] 26/78 n=6 dimensions=2 delta=100.0 J=0.476303 Bx=0.0 By=0.0 Bz=-0.594078 ham=10 took 0.7s (elapsed 11.5s)
[job 34] 27/78 n=6 dimensions=2 delta=100.0 J=-0.899855 Bx=0.0 By=0.0 Bz=0.734512 ham=11 took 0.0s (elapsed 11.6s)
[job 34] 28/78 n=6 dimensions=2 delta=100.0 J=-0.504785 Bx=0.0 By=0.0 Bz=-0.800446 ham=12 took 0.2s (elapsed 11.9s)
[job 34] 29/78 n=6 dimensions=2 delta=100.0 J=-0.640511 Bx=0.0 By=0.0 Bz=0.767532 ham=13 took 0.2s (elapsed 12.2s)
[job 34] 30/78 n=6 dimensions=2 delta=100.0 J=0.618667 Bx=0.0 By=0.0 Bz=-0.813737 ham=14 took 0.7s (elapsed 13.0s)
[job 34] 31/78 n=8 dimensions=1 delta=100.0 J=-0.81358 Bx=0.0 By=0.0 Bz=0.120636 ham=0 took 0.2s (elapsed 13.3s)
[job 34] 32/78 n=8 dimensions=1 delta=100.0 J=0.494654 Bx=0.0 By=0.0 Bz=0.709254 ham=1 took 1.4s (elapsed 14.9s)
[job 34] 33/78 n=8 dimensions=1 delta=100.0 J=0.0689 Bx=0.0 By=0.0 Bz=0.546175 ham=2 took 1.3s (elapsed 16.2s)
[job 34] 34/78 n=8 dimensions=1 delta=100.0 J=-0.746409 Bx=0.0 By=0.0 Bz=-0.96867 ham=3 took 0.2s (elapsed 16.5s)
[job 34] 35/78 n=8 dimensions=1 delta=100.0 J=0.139088 Bx=0.0 By=0.0 Bz=-0.127075 ham=4 took 1.2s (elapsed 17.8s)
[job 34] 36/78 n=8 dimensions=1 delta=100.0 J=-0.806853 Bx=0.0 By=0.0 Bz=-0.047127 ham=5 took 0.1s (elapsed 18.0s)
[job 34] 37/78 n=8 dimensions=1 delta=100.0 J=-0.958446 Bx=0.0 By=0.0 Bz=-0.004125 ham=6 took 0.1s (elapsed 18.3s)
[job 34] 38/78 n=8 dimensions=1 delta=100.0 J=-0.603824 Bx=0.0 By=0.0 Bz=-0.287176 ham=7 took 0.1s (elapsed 18.5s)
[job 34] 39/78 n=8 dimensions=1 delta=100.0 J=0.039924 Bx=0.0 By=0.0 Bz=-0.550025 ham=8 took 1.2s (elapsed 19.9s)
[job 34] 40/78 n=8 dimensions=1 delta=100.0 J=0.454189 Bx=0.0 By=0.0 Bz=0.225511 ham=9 took 1.3s (elapsed 21.3s)
[job 34] 41/78 n=8 dimensions=1 delta=100.0 J=0.476303 Bx=0.0 By=0.0 Bz=-0.594078 ham=10 took 1.1s (elapsed 22.6s)
[job 34] 42/78 n=8 dimensions=1 delta=100.0 J=-0.899855 Bx=0.0 By=0.0 Bz=0.734512 ham=11 took 0.1s (elapsed 22.8s)
[job 34] 43/78 n=8 dimensions=1 delta=100.0 J=-0.504785 Bx=0.0 By=0.0 Bz=-0.800446 ham=12 took 0.1s (elapsed 23.1s)
[job 34] 44/78 n=8 dimensions=1 delta=100.0 J=-0.640511 Bx=0.0 By=0.0 Bz=0.767532 ham=13 took 0.1s (elapsed 23.3s)
[job 34] 45/78 n=8 dimensions=1 delta=100.0 J=0.618667 Bx=0.0 By=0.0 Bz=-0.813737 ham=14 took 1.2s (elapsed 24.7s)
[job 34] 46/78 n=8 dimensions=2 delta=100.0 J=-0.81358 Bx=0.0 By=0.0 Bz=0.120636 ham=0 took 0.1s (elapsed 24.9s)
[job 34] 47/78 n=8 dimensions=2 delta=100.0 J=0.494654 Bx=0.0 By=0.0 Bz=0.709254 ham=1 took 6.7s (elapsed 31.8s)
[job 34] 48/78 n=8 dimensions=2 delta=100.0 J=0.0689 Bx=0.0 By=0.0 Bz=0.546175 ham=2 took 3.5s (elapsed 35.5s)
[job 34] 49/78 n=8 dimensions=2 delta=100.0 J=-0.746409 Bx=0.0 By=0.0 Bz=-0.96867 ham=3 took 0.1s (elapsed 35.8s)
[job 34] 50/78 n=8 dimensions=2 delta=100.0 J=0.139088 Bx=0.0 By=0.0 Bz=-0.127075 ham=4 took 4.4s (elapsed 40.4s)
[job 34] 51/78 n=8 dimensions=2 delta=100.0 J=-0.806853 Bx=0.0 By=0.0 Bz=-0.047127 ham=5 took 0.2s (elapsed 40.8s)
[job 34] 52/78 n=8 dimensions=2 delta=100.0 J=-0.958446 Bx=0.0 By=0.0 Bz=-0.004125 ham=6 took 0.1s (elapsed 41.1s)
[job 34] 53/78 n=8 dimensions=2 delta=100.0 J=-0.603824 Bx=0.0 By=0.0 Bz=-0.287176 ham=7 took 0.1s (elapsed 41.4s)
[job 34] 54/78 n=8 dimensions=2 delta=100.0 J=0.039924 Bx=0.0 By=0.0 Bz=-0.550025 ham=8 took 2.4s (elapsed 44.0s)
[job 34] 55/78 n=8 dimensions=2 delta=100.0 J=0.454189 Bx=0.0 By=0.0 Bz=0.225511 ham=9 took 5.3s (elapsed 49.6s)
[job 34] 56/78 n=8 dimensions=2 delta=100.0 J=0.476303 Bx=0.0 By=0.0 Bz=-0.594078 ham=10 took 5.4s (elapsed 55.3s)
[job 34] 57/78 n=8 dimensions=2 delta=100.0 J=-0.899855 Bx=0.0 By=0.0 Bz=0.734512 ham=11 took 0.1s (elapsed 55.6s)
[job 34] 58/78 n=8 dimensions=2 delta=100.0 J=-0.504785 Bx=0.0 By=0.0 Bz=-0.800446 ham=12 took 0.1s (elapsed 55.9s)
[job 34] 59/78 n=8 dimensions=2 delta=100.0 J=-0.640511 Bx=0.0 By=0.0 Bz=0.767532 ham=13 took 0.1s (elapsed 56.2s)
[job 34] 60/78 n=8 dimensions=2 delta=100.0 J=0.618667 Bx=0.0 By=0.0 Bz=-0.813737 ham=14 took 5.1s (elapsed 61.6s)
[job 34] 61/78 n=10 dimensions=1 delta=100.0 J=-0.81358 Bx=0.0 By=0.0 Bz=0.120636 ham=0 took 0.9s (elapsed 62.7s)
[job 34] 62/78 n=10 dimensions=1 delta=100.0 J=0.494654 Bx=0.0 By=0.0 Bz=0.709254 ham=1 took 13.9s (elapsed 76.9s)
[job 34] 63/78 n=10 dimensions=1 delta=100.0 J=-0.746409 Bx=0.0 By=0.0 Bz=-0.96867 ham=3 took 0.9s (elapsed 78.1s)
[job 34] 64/78 n=10 dimensions=1 delta=100.0 J=-0.806853 Bx=0.0 By=0.0 Bz=-0.047127 ham=5 took 0.9s (elapsed 79.2s)
[job 34] 65/78 n=10 dimensions=1 delta=100.0 J=-0.603824 Bx=0.0 By=0.0 Bz=-0.287176 ham=7 took 0.9s (elapsed 80.2s)
[job 34] 66/78 n=10 dimensions=1 delta=100.0 J=0.454189 Bx=0.0 By=0.0 Bz=0.225511 ham=9 took 14.2s (elapsed 94.7s)
[job 34] 67/78 n=10 dimensions=1 delta=100.0 J=-0.899855 Bx=0.0 By=0.0 Bz=0.734512 ham=11 took 0.9s (elapsed 95.8s)
[job 34] 68/78 n=10 dimensions=1 delta=100.0 J=-0.640511 Bx=0.0 By=0.0 Bz=0.767532 ham=13 took 0.9s (elapsed 96.9s)
[job 34] 69/78 n=10 dimensions=2 delta=100.0 J=0.494654 Bx=0.0 By=0.0 Bz=0.709254 ham=1 took 31.2s (elapsed 128.4s)
[job 34] 70/78 n=10 dimensions=2 delta=100.0 J=-0.746409 Bx=0.0 By=0.0 Bz=-0.96867 ham=3 took 0.8s (elapsed 129.5s)
[job 34] 71/78 n=10 dimensions=2 delta=100.0 J=-0.806853 Bx=0.0 By=0.0 Bz=-0.047127 ham=5 took 0.8s (elapsed 130.5s)
[job 34] 72/78 n=10 dimensions=2 delta=100.0 J=-0.603824 Bx=0.0 By=0.0 Bz=-0.287176 ham=7 took 0.8s (elapsed 131.5s)
[job 34] 73/78 n=10 dimensions=2 delta=100.0 J=0.454189 Bx=0.0 By=0.0 Bz=0.225511 ham=9 took 35.0s (elapsed 166.8s)
[job 34] 74/78 n=10 dimensions=2 delta=100.0 J=-0.899855 Bx=0.0 By=0.0 Bz=0.734512 ham=11 took 0.9s (elapsed 168.0s)
[job 34] 75/78 n=10 dimensions=2 delta=100.0 J=-0.640511 Bx=0.0 By=0.0 Bz=0.767532 ham=13 took 0.8s (elapsed 169.1s)
[job 34] 76/78 n=12 dimensions=1 delta=100.0 J=0.039924 Bx=0.0 By=0.0 Bz=-0.550025 ham=8 took 264.8s (elapsed 434.1s)
[job 34] 77/78 n=12 dimensions=2 delta=100.0 J=-0.958446 Bx=0.0 By=0.0 Bz=-0.004125 ham=6 took 25.4s (elapsed 459.8s)
[job 34] 78/78 n=12 dimensions=2 delta=100.0 J=0.618667 Bx=0.0 By=0.0 Bz=-0.813737 ham=14 took 360.2s (elapsed 820.2s)
[job 34] wrote 22836 rows to bitstring_shards_heisenberg/shard_00034.csv in 820.9s
