host=node027 task=27 threads=4
[job 27/40] 18 cells (15 x n=10, 3 x n=12)
[job 27] 1/18 n=10 dimensions=1 delta=1.0 J=0.0689 Bx=0.0 By=0.0 Bz=0.546175 ham=2 took 0.4s (elapsed 0.4s)
[job 27] 2/18 n=10 dimensions=1 delta=1.0 J=0.139088 Bx=0.0 By=0.0 Bz=-0.127075 ham=4 took 31.4s (elapsed 31.9s)
[job 27] 3/18 n=10 dimensions=1 delta=1.0 J=-0.958446 Bx=0.0 By=0.0 Bz=-0.004125 ham=6 took 0.5s (elapsed 32.5s)
[job 27] 4/18 n=10 dimensions=1 delta=1.0 J=0.039924 Bx=0.0 By=0.0 Bz=-0.550025 ham=8 took 0.5s (elapsed 33.0s)
[job 27] 5/18 n=10 dimensions=1 delta=1.0 J=0.476303 Bx=0.0 By=0.0 Bz=-0.594078 ham=10 took 38.3s (elapsed 71.3s)
[job 27] 6/18 n=10 dimensions=1 delta=1.0 J=-0.504785 Bx=0.0 By=0.0 Bz=-0.800446 ham=12 took 0.6s (elapsed 71.9s)
[job 27] 7/18 n=10 dimensions=1 delta=1.0 J=0.618667 Bx=0.0 By=0.0 Bz=-0.813737 ham=14 took 34.7s (elapsed 106.7s)
[job 27] 8/18 n=10 dimensions=2 delta=1.0 J=-0.81358 Bx=0.0 By=0.0 Bz=0.120636 ham=0 took 0.5s (elapsed 107.3s)
[job 27] 9/18 n=10 dimensions=2 delta=1.0 J=0.0689 Bx=0.0 By=0.0 Bz=0.546175 ham=2 took 0.5s (elapsed 107.8s)
[job 27] 10/18 n=10 dimensions=2 delta=1.0 J=0.139088 Bx=0.0 By=0.0 Bz=-0.127075 ham=4 took 33.6s (elapsed 141.4s)
[job 27] 11/18 n=10 dimensions=2 delta=1.0 J=-0.958446 Bx=0.0 By=0.0 Bz=-0.004125 ham=6 took 0.6s (elapsed 142.0s)
[job 27] 12/18 n=10 dimensions=2 delta=1.0 J=0.039924 Bx=0.0 By=0.0 Bz=-0.550025 ham=8 took 0.5s (elapsed 142.5s)
[job 27] 13/18 n=10 dimensions=2 delta=1.0 J=0.476303 Bx=0.0 By=0.0 Bz=-0.594078 ham=10 took 38.7s (elapsed 181.3s)
[job 27] 14/18 n=10 dimensions=2 delta=1.0 J=-0.504785 Bx=0.0 By=0.0 Bz=-0.800446 ham=12 took 0.6s (elapsed 181.9s)
[job 27] 15/18 n=10 dimensions=2 delta=1.0 J=0.618667 Bx=0.0 By=0.0 Bz=-0.813737 ham=14 took 36.5s (elapsed 218.5s)
[job 27] 16/18 n=12 dimensions=1 delta=1.0 J=-0.603824 Bx=0.0 By=0.0 Bz=-0.287176 ham=7 took 18.6s (elapsed 237.2s)
[job 27] 17/18 n=12 dimensions=2 delta=1.0 J=-0.806853 Bx=0.0 By=0.0 Bz=-0.047127 ham=5 took 18.9s (elapsed 256.2s)
[job 27] 18/18 n=12 dimensions=2 delta=1.0 J=-0.640511 Bx=0.0 By=0.0 Bz=0.767532 ham=13 took 17.2s (elapsed 273.4s)
[job 27] wrote 5196 rows to bitstring_shards_heisenberg/shard_00027.csv in 273.5s
