/home/erosanow_hpc/informed_swapping/BARK.py:166: UserWarning: Exited at iteration 50 with accuracies 
[9.80856392e-09]
not reaching the requested tolerance 1e-09.
Use iteration 51 instead with accuracy 
9.808563921936802e-09.

  values, vectors = lobpcg(projected_hamiltonian, guess, largest=False,
/home/erosanow_hpc/informed_swapping/BARK.py:166: UserWarning: Exited postprocessing with accuracies 
[9.80856346e-09]
not reaching the requested tolerance 1e-09.
  values, vectors = lobpcg(projected_hamiltonian, guess, largest=False,
/home/erosanow_hpc/informed_swapping/BARK.py:166: UserWarning: Exited at iteration 50 with accuracies 
[9.80856441e-09]
not reaching the requested tolerance 1e-09.
Use iteration 51 instead with accuracy 
9.80856440523833e-09.

  values, vectors = lobpcg(projected_hamiltonian, guess, largest=False,
/home/erosanow_hpc/informed_swapping/BARK.py:166: UserWarning: Exited postprocessing with accuracies 
[9.80856396e-09]
not reaching the requested tolerance 1e-09.
  values, vectors = lobpcg(projected_hamiltonian, guess, largest=False,
/home/erosanow_hpc/informed_swapping/BARK.py:166: UserWarning: Exited at iteration 50 with accuracies 
[9.8085644e-09]
not reaching the requested tolerance 1e-09.
Use iteration 51 instead with accuracy 
9.808564398960474e-09.

  values, vectors = lobpcg(projected_hamiltonian, guess, largest=False,
/home/erosanow_hpc/informed_swapping/BARK.py:166: UserWarning: Exited postprocessing with accuracies 
[9.80856435e-09]
not reaching the requested tolerance 1e-09.
  values, vectors = lobpcg(projected_hamiltonian, guess, largest=False,
/home/erosanow_hpc/informed_swapping/BARK.py:166: UserWarning: Exited at iteration 50 with accuracies 
[5.43886779e-09]
not reaching the requested tolerance 1e-09.
Use iteration 51 instead with accuracy 
5.438867788189447e-09.

  values, vectors = lobpcg(projected_hamiltonian, guess, largest=False,
/home/erosanow_hpc/informed_swapping/BARK.py:166: UserWarning: Exited postprocessing with accuracies 
[5.43886781e-09]
not reaching the requested tolerance 1e-09.
  values, vectors = lobpcg(projected_hamiltonian, guess, largest=False,
/home/erosanow_hpc/informed_swapping/BARK.py:166: UserWarning: Exited at iteration 50 with accuracies 
[3.19510737e-09]
not reaching the requested tolerance 1e-09.
Use iteration 51 instead with accuracy 
3.1951073707361843e-09.

  values, vectors = lobpcg(projected_hamiltonian, guess, largest=False,
/home/erosanow_hpc/informed_swapping/BARK.py:166: UserWarning: Exited postprocessing with accuracies 
[3.19510759e-09]
not reaching the requested tolerance 1e-09.
  values, vectors = lobpcg(projected_hamiltonian, guess, largest=False,
/home/erosanow_hpc/informed_swapping/BARK.py:166: UserWarning: Exited at iteration 50 with accuracies 
[1.33571064e-05]
not reaching the requested tolerance 1e-09.
Use iteration 50 instead with accuracy 
1.174172784017018e-05.

  values, vectors = lobpcg(projected_hamiltonian, guess, largest=False,
/home/erosanow_hpc/informed_swapping/BARK.py:166: UserWarning: Exited postprocessing with accuracies 
[1.17417278e-05]
not reaching the requested tolerance 1e-09.
  values, vectors = lobpcg(projected_hamiltonian, guess, largest=False,
/home/erosanow_hpc/informed_swapping/BARK.py:166: UserWarning: Exited at iteration 50 with accuracies 
[6.47193533e-07]
not reaching the requested tolerance 1e-09.
Use iteration 51 instead with accuracy 
6.471935332253862e-07.

  values, vectors = lobpcg(projected_hamiltonian, guess, largest=False,
/home/erosanow_hpc/informed_swapping/BARK.py:166: UserWarning: Exited postprocessing with accuracies 
[6.47193533e-07]
not reaching the requested tolerance 1e-09.
  values, vectors = lobpcg(projected_hamiltonian, guess, largest=False,
/home/erosanow_hpc/informed_swapping/BARK.py:166: UserWarning: Exited at iteration 50 with accuracies 
[9.85041594e-09]
not reaching the requested tolerance 1e-09.
Use iteration 50 instead with accuracy 
8.71308423057202e-09.

  values, vectors = lobpcg(projected_hamiltonian, guess, largest=False,
/home/erosanow_hpc/informed_swapping/BARK.py:166: UserWarning: Exited postprocessing with accuracies 
[8.71308436e-09]
not reaching the requested tolerance 1e-09.
  values, vectors = lobpcg(projected_hamiltonian, guess, largest=False,
/home/erosanow_hpc/informed_swapping/BARK.py:166: UserWarning: Exited at iteration 50 with accuracies 
[1.27420764e-09]
not reaching the requested tolerance 1e-09.
Use iteration 51 instead with accuracy 
1.2742076359256424e-09.

  values, vectors = lobpcg(projected_hamiltonian, guess, largest=False,
/home/erosanow_hpc/informed_swapping/BARK.py:166: UserWarning: Exited postprocessing with accuracies 
[1.27420756e-09]
not reaching the requested tolerance 1e-09.
  values, vectors = lobpcg(projected_hamiltonian, guess, largest=False,
/home/erosanow_hpc/informed_swapping/BARK.py:166: UserWarning: Exited at iteration 50 with accuracies 
[3.0020776e-05]
not reaching the requested tolerance 1e-09.
Use iteration 49 instead with accuracy 
2.4608712647655588e-05.

  values, vectors = lobpcg(projected_hamiltonian, guess, largest=False,
/home/erosanow_hpc/informed_swapping/BARK.py:166: UserWarning: Exited postprocessing with accuracies 
[2.46087126e-05]
not reaching the requested tolerance 1e-09.
  values, vectors = lobpcg(projected_hamiltonian, guess, largest=False,
/home/erosanow_hpc/informed_swapping/BARK.py:166: UserWarning: Exited at iteration 50 with accuracies 
[2.24085829e-07]
not reaching the requested tolerance 1e-09.
Use iteration 51 instead with accuracy 
2.240858292696805e-07.

  values, vectors = lobpcg(projected_hamiltonian, guess, largest=False,
/home/erosanow_hpc/informed_swapping/BARK.py:166: UserWarning: Exited postprocessing with accuracies 
[2.24085829e-07]
not reaching the requested tolerance 1e-09.
  values, vectors = lobpcg(projected_hamiltonian, guess, largest=False,
/home/erosanow_hpc/informed_swapping/BARK.py:166: UserWarning: Exited at iteration 50 with accuracies 
[3.06592439e-08]
not reaching the requested tolerance 1e-09.
Use iteration 51 instead with accuracy 
3.0659243900034285e-08.

  values, vectors = lobpcg(projected_hamiltonian, guess, largest=False,
/home/erosanow_hpc/informed_swapping/BARK.py:166: UserWarning: Exited postprocessing with accuracies 
[3.0659244e-08]
not reaching the requested tolerance 1e-09.
  values, vectors = lobpcg(projected_hamiltonian, guess, largest=False,
/home/erosanow_hpc/informed_swapping/BARK.py:166: UserWarning: Exited at iteration 50 with accuracies 
[5.71997165e-07]
not reaching the requested tolerance 1e-09.
Use iteration 51 instead with accuracy 
5.719971646477455e-07.

  values, vectors = lobpcg(projected_hamiltonian, guess, largest=False,
/home/erosanow_hpc/informed_swapping/BARK.py:166: UserWarning: Exited postprocessing with accuracies 
[5.71997165e-07]
not reaching the requested tolerance 1e-09.
  values, vectors = lobpcg(projected_hamiltonian, guess, largest=False,
/home/erosanow_hpc/informed_swapping/BARK.py:166: UserWarning: Exited at iteration 50 with accuracies 
[6.49001786e-06]
not reaching the requested tolerance 1e-09.
Use iteration 48 instead with accuracy 
4.649779391342922e-06.

  values, vectors = lobpcg(projected_hamiltonian, guess, largest=False,
/home/erosanow_hpc/informed_swapping/BARK.py:166: UserWarning: Exited postprocessing with accuracies 
[4.64977939e-06]
not reaching the requested tolerance 1e-09.
  values, vectors = lobpcg(projected_hamiltonian, guess, largest=False,
/home/erosanow_hpc/informed_swapping/BARK.py:166: UserWarning: Exited at iteration 50 with accuracies 
[9.59665419e-08]
not reaching the requested tolerance 1e-09.
Use iteration 51 instead with accuracy 
9.596654190581339e-08.

  values, vectors = lobpcg(projected_hamiltonian, guess, largest=False,
/home/erosanow_hpc/informed_swapping/BARK.py:166: UserWarning: Exited postprocessing with accuracies 
[9.59665414e-08]
not reaching the requested tolerance 1e-09.
  values, vectors = lobpcg(projected_hamiltonian, guess, largest=False,
/home/erosanow_hpc/informed_swapping/BARK.py:166: UserWarning: Exited at iteration 50 with accuracies 
[5.72640697e-06]
not reaching the requested tolerance 1e-09.
Use iteration 51 instead with accuracy 
5.726406973865332e-06.

  values, vectors = lobpcg(projected_hamiltonian, guess, largest=False,
/home/erosanow_hpc/informed_swapping/BARK.py:166: UserWarning: Exited postprocessing with accuracies 
[5.72640697e-06]
not reaching the requested tolerance 1e-09.
  values, vectors = lobpcg(projected_hamiltonian, guess, largest=False,
/home/erosanow_hpc/informed_swapping/BARK.py:166: UserWarning: Exited at iteration 50 with accuracies 
[2.15660528e-08]
not reaching the requested tolerance 1e-09.
Use iteration 51 instead with accuracy 
2.1566052826619267e-08.

  values, vectors = lobpcg(projected_hamiltonian, guess, largest=False,
/home/erosanow_hpc/informed_swapping/BARK.py:166: UserWarning: Exited postprocessing with accuracies 
[2.15660529e-08]
not reaching the requested tolerance 1e-09.
  values, vectors = lobpcg(projected_hamiltonian, guess, largest=False,
/home/erosanow_hpc/informed_swapping/BARK.py:166: UserWarning: Exited at iteration 50 with accuracies 
[9.23367183e-08]
not reaching the requested tolerance 1e-09.
Use iteration 51 instead with accuracy 
9.233671830769623e-08.

  values, vectors = lobpcg(projected_hamiltonian, guess, largest=False,
/home/erosanow_hpc/informed_swapping/BARK.py:166: UserWarning: Exited postprocessing with accuracies 
[9.2336718e-08]
not reaching the requested tolerance 1e-09.
  values, vectors = lobpcg(projected_hamiltonian, guess, largest=False,
/home/erosanow_hpc/informed_swapping/BARK.py:166: UserWarning: Exited at iteration 50 with accuracies 
[1.39297969e-09]
not reaching the requested tolerance 1e-09.
Use iteration 51 instead with accuracy 
1.3929796936031714e-09.

  values, vectors = lobpcg(projected_hamiltonian, guess, largest=False,
/home/erosanow_hpc/informed_swapping/BARK.py:166: UserWarning: Exited postprocessing with accuracies 
[1.39297972e-09]
not reaching the requested tolerance 1e-09.
  values, vectors = lobpcg(projected_hamiltonian, guess, largest=False,
/home/erosanow_hpc/informed_swapping/BARK.py:166: UserWarning: Exited at iteration 50 with accuracies 
[1.14832152e-09]
not reaching the requested tolerance 1e-09.
Use iteration 51 instead with accuracy 
1.1483215234447523e-09.

  values, vectors = lobpcg(projected_hamiltonian, guess, largest=False,
/home/erosanow_hpc/informed_swapping/BARK.py:166: UserWarning: Exited postprocessing with accuracies 
[1.14832157e-09]
not reaching the requested tolerance 1e-09.
  values, vectors = lobpcg(projected_hamiltonian, guess, largest=False,
/home/erosanow_hpc/informed_swapping/BARK.py:166: UserWarning: Exited at iteration 50 with accuracies 
[2.10166837e-08]
not reaching the requested tolerance 1e-09.
Use iteration 51 instead with accuracy 
2.101668373114898e-08.

  values, vectors = lobpcg(projected_hamiltonian, guess, largest=False,
/home/erosanow_hpc/informed_swapping/BARK.py:166: UserWarning: Exited postprocessing with accuracies 
[2.10166838e-08]
not reaching the requested tolerance 1e-09.
  values, vectors = lobpcg(projected_hamiltonian, guess, largest=False,
/home/erosanow_hpc/informed_swapping/BARK.py:166: UserWarning: Exited at iteration 50 with accuracies 
[8.08038166e-07]
not reaching the requested tolerance 1e-09.
Use iteration 43 instead with accuracy 
2.3408944923197243e-07.

  values, vectors = lobpcg(projected_hamiltonian, guess, largest=False,
/home/erosanow_hpc/informed_swapping/BARK.py:166: UserWarning: Exited postprocessing with accuracies 
[2.34089449e-07]
not reaching the requested tolerance 1e-09.
  values, vectors = lobpcg(projected_hamiltonian, guess, largest=False,
/home/erosanow_hpc/informed_swapping/BARK.py:166: UserWarning: Exited at iteration 50 with accuracies 
[3.27361498e-07]
not reaching the requested tolerance 1e-09.
Use iteration 45 instead with accuracy 
1.0319203535600162e-07.

  values, vectors = lobpcg(projected_hamiltonian, guess, largest=False,
/home/erosanow_hpc/informed_swapping/BARK.py:166: UserWarning: Exited postprocessing with accuracies 
[1.03192035e-07]
not reaching the requested tolerance 1e-09.
  values, vectors = lobpcg(projected_hamiltonian, guess, largest=False,
/home/erosanow_hpc/informed_swapping/BARK.py:166: UserWarning: Exited at iteration 50 with accuracies 
[3.84705115e-06]
not reaching the requested tolerance 1e-09.
Use iteration 46 instead with accuracy 
3.773963218502635e-06.

  values, vectors = lobpcg(projected_hamiltonian, guess, largest=False,
/home/erosanow_hpc/informed_swapping/BARK.py:166: UserWarning: Exited postprocessing with accuracies 
[3.77396322e-06]
not reaching the requested tolerance 1e-09.
  values, vectors = lobpcg(projected_hamiltonian, guess, largest=False,
/home/erosanow_hpc/informed_swapping/BARK.py:166: UserWarning: Exited at iteration 50 with accuracies 
[1.35649288e-09]
not reaching the requested tolerance 1e-09.
Use iteration 51 instead with accuracy 
1.3564928773507479e-09.

  values, vectors = lobpcg(projected_hamiltonian, guess, largest=False,
/home/erosanow_hpc/informed_swapping/BARK.py:166: UserWarning: Exited postprocessing with accuracies 
[1.35649358e-09]
not reaching the requested tolerance 1e-09.
  values, vectors = lobpcg(projected_hamiltonian, guess, largest=False,
/home/erosanow_hpc/informed_swapping/BARK.py:166: UserWarning: Exited at iteration 50 with accuracies 
[8.10711963e-09]
not reaching the requested tolerance 1e-09.
Use iteration 51 instead with accuracy 
8.107119631083978e-09.

  values, vectors = lobpcg(projected_hamiltonian, guess, largest=False,
/home/erosanow_hpc/informed_swapping/BARK.py:166: UserWarning: Exited postprocessing with accuracies 
[8.10711959e-09]
not reaching the requested tolerance 1e-09.
  values, vectors = lobpcg(projected_hamiltonian, guess, largest=False,
/home/erosanow_hpc/informed_swapping/BARK.py:166: UserWarning: Exited at iteration 50 with accuracies 
[2.25894677e-07]
not reaching the requested tolerance 1e-09.
Use iteration 51 instead with accuracy 
2.2589467712603307e-07.

  values, vectors = lobpcg(projected_hamiltonian, guess, largest=False,
/home/erosanow_hpc/informed_swapping/BARK.py:166: UserWarning: Exited postprocessing with accuracies 
[2.25894677e-07]
not reaching the requested tolerance 1e-09.
  values, vectors = lobpcg(projected_hamiltonian, guess, largest=False,
/home/erosanow_hpc/informed_swapping/BARK.py:166: UserWarning: Exited at iteration 50 with accuracies 
[9.80856438e-09]
not reaching the requested tolerance 1e-09.
Use iteration 51 instead with accuracy 
9.808564383070055e-09.

  values, vectors = lobpcg(projected_hamiltonian, guess, largest=False,
/home/erosanow_hpc/informed_swapping/BARK.py:166: UserWarning: Exited at iteration 50 with accuracies 
[3.0020776e-05]
not reaching the requested tolerance 1e-09.
Use iteration 49 instead with accuracy 
2.4608712654775154e-05.

  values, vectors = lobpcg(projected_hamiltonian, guess, largest=False,
/home/erosanow_hpc/informed_swapping/BARK.py:166: UserWarning: Exited postprocessing with accuracies 
[2.46087127e-05]
not reaching the requested tolerance 1e-09.
  values, vectors = lobpcg(projected_hamiltonian, guess, largest=False,
/home/erosanow_hpc/informed_swapping/BARK.py:166: UserWarning: Exited at iteration 50 with accuracies 
[2.17246633e-07]
not reaching the requested tolerance 1e-09.
Use iteration 51 instead with accuracy 
2.1724663275713962e-07.

  values, vectors = lobpcg(projected_hamiltonian, guess, largest=False,
/home/erosanow_hpc/informed_swapping/BARK.py:166: UserWarning: Exited postprocessing with accuracies 
[2.17246632e-07]
not reaching the requested tolerance 1e-09.
  values, vectors = lobpcg(projected_hamiltonian, guess, largest=False,
/home/erosanow_hpc/informed_swapping/BARK.py:166: UserWarning: Exited at iteration 50 with accuracies 
[3.06592443e-08]
not reaching the requested tolerance 1e-09.
Use iteration 51 instead with accuracy 
3.0659244252369736e-08.

  values, vectors = lobpcg(projected_hamiltonian, guess, largest=False,
/home/erosanow_hpc/informed_swapping/BARK.py:166: UserWarning: Exited postprocessing with accuracies 
[3.06592442e-08]
not reaching the requested tolerance 1e-09.
  values, vectors = lobpcg(projected_hamiltonian, guess, largest=False,
/home/erosanow_hpc/informed_swapping/BARK.py:166: UserWarning: Exited at iteration 50 with accuracies 
[5.71997165e-07]
not reaching the requested tolerance 1e-09.
Use iteration 51 instead with accuracy 
5.719971646010684e-07.

  values, vectors = lobpcg(projected_hamiltonian, guess, largest=False,
/home/erosanow_hpc/informed_swapping/BARK.py:166: UserWarning: Exited postprocessing with accuracies 
[5.71997164e-07]
not reaching the requested tolerance 1e-09.
  values, vectors = lobpcg(projected_hamiltonian, guess, largest=False,
/home/erosanow_hpc/informed_swapping/BARK.py:166: UserWarning: Exited at iteration 50 with accuracies 
[6.21973351e-06]
not reaching the requested tolerance 1e-09.
Use iteration 49 instead with accuracy 
4.688796390426638e-06.

  values, vectors = lobpcg(projected_hamiltonian, guess, largest=False,
/home/erosanow_hpc/informed_swapping/BARK.py:166: UserWarning: Exited postprocessing with accuracies 
[4.68879639e-06]
not reaching the requested tolerance 1e-09.
  values, vectors = lobpcg(projected_hamiltonian, guess, largest=False,
/home/erosanow_hpc/informed_swapping/BARK.py:166: UserWarning: Exited at iteration 50 with accuracies 
[8.8883866e-08]
not reaching the requested tolerance 1e-09.
Use iteration 51 instead with accuracy 
8.888386600914305e-08.

  values, vectors = lobpcg(projected_hamiltonian, guess, largest=False,
/home/erosanow_hpc/informed_swapping/BARK.py:166: UserWarning: Exited postprocessing with accuracies 
[8.88838661e-08]
not reaching the requested tolerance 1e-09.
  values, vectors = lobpcg(projected_hamiltonian, guess, largest=False,
/home/erosanow_hpc/informed_swapping/BARK.py:166: UserWarning: Exited at iteration 50 with accuracies 
[5.84570243e-06]
not reaching the requested tolerance 1e-09.
Use iteration 51 instead with accuracy 
5.845702428867079e-06.

  values, vectors = lobpcg(projected_hamiltonian, guess, largest=False,
/home/erosanow_hpc/informed_swapping/BARK.py:166: UserWarning: Exited postprocessing with accuracies 
[5.84570243e-06]
not reaching the requested tolerance 1e-09.
  values, vectors = lobpcg(projected_hamiltonian, guess, largest=False,
/home/erosanow_hpc/informed_swapping/BARK.py:166: UserWarning: Exited at iteration 50 with accuracies 
[2.1566053e-08]
not reaching the requested tolerance 1e-09.
Use iteration 51 instead with accuracy 
2.156605295122429e-08.

  values, vectors = lobpcg(projected_hamiltonian, guess, largest=False,
/home/erosanow_hpc/informed_swapping/BARK.py:166: UserWarning: Exited postprocessing with accuracies 
[2.15660531e-08]
not reaching the requested tolerance 1e-09.
  values, vectors = lobpcg(projected_hamiltonian, guess, largest=False,
/home/erosanow_hpc/informed_swapping/BARK.py:166: UserWarning: Exited at iteration 50 with accuracies 
[9.23367174e-08]
not reaching the requested tolerance 1e-09.
Use iteration 51 instead with accuracy 
9.233671741452609e-08.

  values, vectors = lobpcg(projected_hamiltonian, guess, largest=False,
/home/erosanow_hpc/informed_swapping/BARK.py:166: UserWarning: Exited postprocessing with accuracies 
[9.23367169e-08]
not reaching the requested tolerance 1e-09.
  values, vectors = lobpcg(projected_hamiltonian, guess, largest=False,
/home/erosanow_hpc/informed_swapping/BARK.py:166: UserWarning: Exited at iteration 50 with accuracies 
[1.39297939e-09]
not reaching the requested tolerance 1e-09.
Use iteration 51 instead with accuracy 
1.3929793865853782e-09.

  values, vectors = lobpcg(projected_hamiltonian, guess, largest=False,
/home/erosanow_hpc/informed_swapping/BARK.py:166: UserWarning: Exited postprocessing with accuracies 
[1.3929794e-09]
not reaching the requested tolerance 1e-09.
  values, vectors = lobpcg(projected_hamiltonian, guess, largest=False,
/home/erosanow_hpc/informed_swapping/BARK.py:166: UserWarning: Exited at iteration 50 with accuracies 
[1.14832133e-09]
not reaching the requested tolerance 1e-09.
Use iteration 51 instead with accuracy 
1.148321326464926e-09.

  values, vectors = lobpcg(projected_hamiltonian, guess, largest=False,
/home/erosanow_hpc/informed_swapping/BARK.py:166: UserWarning: Exited postprocessing with accuracies 
[1.14832165e-09]
not reaching the requested tolerance 1e-09.
  values, vectors = lobpcg(projected_hamiltonian, guess, largest=False,
