host=node090 task=26 threads=4
[job 26/40] 18 cells (15 x n=10, 3 x n=12)
[job 26] 1/18 n=10 dimensions=1 delta=0.5 J=0.0689 Bx=0.0 By=0.0 Bz=0.546175 ham=2 took 0.6s (elapsed 0.6s)
[job 26] 2/18 n=10 dimensions=1 delta=0.5 J=0.139088 Bx=0.0 By=0.0 Bz=-0.127075 ham=4 took 58.1s (elapsed 58.7s)
[job 26] 3/18 n=10 dimensions=1 delta=0.5 J=-0.958446 Bx=0.0 By=0.0 Bz=-0.004125 ham=6 took 78.6s (elapsed 137.3s)
[job 26] 4/18 n=10 dimensions=1 delta=0.5 J=0.039924 Bx=0.0 By=0.0 Bz=-0.550025 ham=8 took 0.9s (elapsed 138.3s)
[job 26] 5/18 n=10 dimensions=1 delta=0.5 J=0.476303 Bx=0.0 By=0.0 Bz=-0.594078 ham=10 took 74.1s (elapsed 212.4s)
[job 26] 6/18 n=10 dimensions=1 delta=0.5 J=-0.504785 Bx=0.0 By=0.0 Bz=-0.800446 ham=12 took 0.6s (elapsed 213.1s)
[job 26] 7/18 n=10 dimensions=1 delta=0.5 J=0.618667 Bx=0.0 By=0.0 Bz=-0.813737 ham=14 took 76.8s (elapsed 289.9s)
[job 26] 8/18 n=10 dimensions=2 delta=0.5 J=-0.81358 Bx=0.0 By=0.0 Bz=0.120636 ham=0 took 85.7s (elapsed 375.6s)
[job 26] 9/18 n=10 dimensions=2 delta=0.5 J=0.0689 Bx=0.0 By=0.0 Bz=0.546175 ham=2 took 0.7s (elapsed 376.4s)
[job 26] 10/18 n=10 dimensions=2 delta=0.5 J=0.139088 Bx=0.0 By=0.0 Bz=-0.127075 ham=4 took 68.6s (elapsed 445.1s)
[job 26] 11/18 n=10 dimensions=2 delta=0.5 J=-0.958446 Bx=0.0 By=0.0 Bz=-0.004125 ham=6 took 83.3s (elapsed 528.4s)
[job 26] 12/18 n=10 dimensions=2 delta=0.5 J=0.039924 Bx=0.0 By=0.0 Bz=-0.550025 ham=8 took 0.5s (elapsed 529.0s)
[job 26] 13/18 n=10 dimensions=2 delta=0.5 J=0.476303 Bx=0.0 By=0.0 Bz=-0.594078 ham=10 took 65.3s (elapsed 594.4s)
[job 26] 14/18 n=10 dimensions=2 delta=0.5 J=-0.504785 Bx=0.0 By=0.0 Bz=-0.800446 ham=12 took 0.5s (elapsed 595.0s)
[job 26] 15/18 n=10 dimensions=2 delta=0.5 J=0.618667 Bx=0.0 By=0.0 Bz=-0.813737 ham=14 took 72.9s (elapsed 668.0s)
[job 26] 16/18 n=12 dimensions=1 delta=0.5 J=-0.603824 Bx=0.0 By=0.0 Bz=-0.287176 ham=7 took 565.2s (elapsed 1233.3s)
[job 26] 17/18 n=12 dimensions=2 delta=0.5 J=-0.806853 Bx=0.0 By=0.0 Bz=-0.047127 ham=5 took 915.9s (elapsed 2149.2s)
[job 26] 18/18 n=12 dimensions=2 delta=0.5 J=-0.640511 Bx=0.0 By=0.0 Bz=0.767532 ham=13 took 165.0s (elapsed 2314.3s)
[job 26] wrote 8496 rows to bitstring_shards_heisenberg/shard_00026.csv in 2314.6s
