/home/erosanow_hpc/informed_swapping/BARK.py:361: ComplexWarning: Casting complex values to real discards the imaginary part
  alpha, beta = float(alpha[0]), float(beta[0])
/home/erosanow_hpc/informed_swapping/BARK.py:163: UserWarning: Exited at iteration 50 with accuracies 
[3.29877576e-09]
not reaching the requested tolerance 1e-09.
Use iteration 51 instead with accuracy 
3.2987757579841023e-09.

  values, vectors = lobpcg(projected_hamiltonian, guess, largest=False,
/home/erosanow_hpc/informed_swapping/BARK.py:163: UserWarning: Exited postprocessing with accuracies 
[3.29877309e-09]
not reaching the requested tolerance 1e-09.
  values, vectors = lobpcg(projected_hamiltonian, guess, largest=False,
/home/erosanow_hpc/informed_swapping/BARK.py:163: UserWarning: Exited at iteration 50 with accuracies 
[2.64899055e-09]
not reaching the requested tolerance 1e-09.
Use iteration 51 instead with accuracy 
2.648990546860509e-09.

  values, vectors = lobpcg(projected_hamiltonian, guess, largest=False,
/home/erosanow_hpc/informed_swapping/BARK.py:163: UserWarning: Exited postprocessing with accuracies 
[2.64899246e-09]
not reaching the requested tolerance 1e-09.
  values, vectors = lobpcg(projected_hamiltonian, guess, largest=False,
/home/erosanow_hpc/informed_swapping/BARK.py:163: UserWarning: Exited at iteration 50 with accuracies 
[1.17554021e-09]
not reaching the requested tolerance 1e-09.
Use iteration 51 instead with accuracy 
1.1755402114294884e-09.

  values, vectors = lobpcg(projected_hamiltonian, guess, largest=False,
/home/erosanow_hpc/informed_swapping/BARK.py:163: UserWarning: Exited postprocessing with accuracies 
[1.17552246e-09]
not reaching the requested tolerance 1e-09.
  values, vectors = lobpcg(projected_hamiltonian, guess, largest=False,
/home/erosanow_hpc/informed_swapping/BARK.py:163: UserWarning: Exited at iteration 50 with accuracies 
[3.16693527e-09]
not reaching the requested tolerance 1e-09.
Use iteration 51 instead with accuracy 
3.166935270034323e-09.

  values, vectors = lobpcg(projected_hamiltonian, guess, largest=False,
/home/erosanow_hpc/informed_swapping/BARK.py:163: UserWarning: Exited postprocessing with accuracies 
[3.16693565e-09]
not reaching the requested tolerance 1e-09.
  values, vectors = lobpcg(projected_hamiltonian, guess, largest=False,
/home/erosanow_hpc/informed_swapping/BARK.py:163: UserWarning: Exited at iteration 50 with accuracies 
[3.05800898e-09]
not reaching the requested tolerance 1e-09.
Use iteration 51 instead with accuracy 
3.0580089828859346e-09.

  values, vectors = lobpcg(projected_hamiltonian, guess, largest=False,
/home/erosanow_hpc/informed_swapping/BARK.py:163: UserWarning: Exited postprocessing with accuracies 
[3.05801447e-09]
not reaching the requested tolerance 1e-09.
  values, vectors = lobpcg(projected_hamiltonian, guess, largest=False,
/home/erosanow_hpc/informed_swapping/BARK.py:163: UserWarning: Exited at iteration 50 with accuracies 
[2.06902673e-09]
not reaching the requested tolerance 1e-09.
Use iteration 51 instead with accuracy 
2.0690267259453475e-09.

  values, vectors = lobpcg(projected_hamiltonian, guess, largest=False,
/home/erosanow_hpc/informed_swapping/BARK.py:163: UserWarning: Exited postprocessing with accuracies 
[2.06902784e-09]
not reaching the requested tolerance 1e-09.
  values, vectors = lobpcg(projected_hamiltonian, guess, largest=False,
/home/erosanow_hpc/informed_swapping/BARK.py:163: UserWarning: Exited at iteration 50 with accuracies 
[1.50816307e-09]
not reaching the requested tolerance 1e-09.
Use iteration 51 instead with accuracy 
1.5081630743520436e-09.

  values, vectors = lobpcg(projected_hamiltonian, guess, largest=False,
/home/erosanow_hpc/informed_swapping/BARK.py:163: UserWarning: Exited postprocessing with accuracies 
[1.50817398e-09]
not reaching the requested tolerance 1e-09.
  values, vectors = lobpcg(projected_hamiltonian, guess, largest=False,
/home/erosanow_hpc/informed_swapping/BARK.py:163: UserWarning: Exited at iteration 50 with accuracies 
[2.97154804e-09]
not reaching the requested tolerance 1e-09.
Use iteration 51 instead with accuracy 
2.971548044460113e-09.

  values, vectors = lobpcg(projected_hamiltonian, guess, largest=False,
/home/erosanow_hpc/informed_swapping/BARK.py:163: UserWarning: Exited postprocessing with accuracies 
[2.9715538e-09]
not reaching the requested tolerance 1e-09.
  values, vectors = lobpcg(projected_hamiltonian, guess, largest=False,
/home/erosanow_hpc/informed_swapping/BARK.py:163: UserWarning: Exited at iteration 50 with accuracies 
[2.7968713e-09]
not reaching the requested tolerance 1e-09.
Use iteration 51 instead with accuracy 
2.7968712950848044e-09.

  values, vectors = lobpcg(projected_hamiltonian, guess, largest=False,
/home/erosanow_hpc/informed_swapping/BARK.py:163: UserWarning: Exited postprocessing with accuracies 
[2.79687188e-09]
not reaching the requested tolerance 1e-09.
  values, vectors = lobpcg(projected_hamiltonian, guess, largest=False,
/home/erosanow_hpc/informed_swapping/BARK.py:163: UserWarning: Exited at iteration 50 with accuracies 
[1.49150171e-09]
not reaching the requested tolerance 1e-09.
Use iteration 51 instead with accuracy 
1.4915017136993246e-09.

  values, vectors = lobpcg(projected_hamiltonian, guess, largest=False,
/home/erosanow_hpc/informed_swapping/BARK.py:163: UserWarning: Exited postprocessing with accuracies 
[1.49150263e-09]
not reaching the requested tolerance 1e-09.
  values, vectors = lobpcg(projected_hamiltonian, guess, largest=False,
/home/erosanow_hpc/informed_swapping/BARK.py:163: UserWarning: Exited at iteration 50 with accuracies 
[1.63732863e-09]
not reaching the requested tolerance 1e-09.
Use iteration 51 instead with accuracy 
1.6373286266460207e-09.

  values, vectors = lobpcg(projected_hamiltonian, guess, largest=False,
/home/erosanow_hpc/informed_swapping/BARK.py:163: UserWarning: Exited postprocessing with accuracies 
[1.63732379e-09]
not reaching the requested tolerance 1e-09.
  values, vectors = lobpcg(projected_hamiltonian, guess, largest=False,
/home/erosanow_hpc/informed_swapping/BARK.py:163: UserWarning: Exited at iteration 50 with accuracies 
[1.52756938e-09]
not reaching the requested tolerance 1e-09.
Use iteration 51 instead with accuracy 
1.5275693834167384e-09.

  values, vectors = lobpcg(projected_hamiltonian, guess, largest=False,
/home/erosanow_hpc/informed_swapping/BARK.py:163: UserWarning: Exited postprocessing with accuracies 
[1.52756729e-09]
not reaching the requested tolerance 1e-09.
  values, vectors = lobpcg(projected_hamiltonian, guess, largest=False,
/home/erosanow_hpc/informed_swapping/BARK.py:163: UserWarning: Exited at iteration 50 with accuracies 
[9.8367504e-08]
not reaching the requested tolerance 1e-09.
Use iteration 51 instead with accuracy 
9.83675040177619e-08.

  values, vectors = lobpcg(projected_hamiltonian, guess, largest=False,
/home/erosanow_hpc/informed_swapping/BARK.py:163: UserWarning: Exited postprocessing with accuracies 
[9.83675041e-08]
not reaching the requested tolerance 1e-09.
  values, vectors = lobpcg(projected_hamiltonian, guess, largest=False,
/home/erosanow_hpc/informed_swapping/BARK.py:163: UserWarning: Exited at iteration 50 with accuracies 
[9.83674723e-08]
not reaching the requested tolerance 1e-09.
Use iteration 51 instead with accuracy 
9.836747226431637e-08.

  values, vectors = lobpcg(projected_hamiltonian, guess, largest=False,
/home/erosanow_hpc/informed_swapping/BARK.py:163: UserWarning: Exited postprocessing with accuracies 
[9.83674723e-08]
not reaching the requested tolerance 1e-09.
  values, vectors = lobpcg(projected_hamiltonian, guess, largest=False,
/home/erosanow_hpc/informed_swapping/BARK.py:163: UserWarning: Exited at iteration 50 with accuracies 
[1.4943121e-07]
not reaching the requested tolerance 1e-09.
Use iteration 43 instead with accuracy 
4.911088080971564e-09.

  values, vectors = lobpcg(projected_hamiltonian, guess, largest=False,
/home/erosanow_hpc/informed_swapping/BARK.py:163: UserWarning: Exited postprocessing with accuracies 
[4.91108184e-09]
not reaching the requested tolerance 1e-09.
  values, vectors = lobpcg(projected_hamiltonian, guess, largest=False,
/home/erosanow_hpc/informed_swapping/BARK.py:163: UserWarning: Exited at iteration 50 with accuracies 
[7.92276037e-08]
not reaching the requested tolerance 1e-09.
Use iteration 51 instead with accuracy 
7.922760367728961e-08.

  values, vectors = lobpcg(projected_hamiltonian, guess, largest=False,
/home/erosanow_hpc/informed_swapping/BARK.py:163: UserWarning: Exited postprocessing with accuracies 
[7.92276036e-08]
not reaching the requested tolerance 1e-09.
  values, vectors = lobpcg(projected_hamiltonian, guess, largest=False,
/home/erosanow_hpc/informed_swapping/BARK.py:163: UserWarning: Exited at iteration 50 with accuracies 
[7.86915195e-08]
not reaching the requested tolerance 1e-09.
Use iteration 51 instead with accuracy 
7.869151948604449e-08.

  values, vectors = lobpcg(projected_hamiltonian, guess, largest=False,
/home/erosanow_hpc/informed_swapping/BARK.py:163: UserWarning: Exited postprocessing with accuracies 
[7.86915195e-08]
not reaching the requested tolerance 1e-09.
  values, vectors = lobpcg(projected_hamiltonian, guess, largest=False,
/home/erosanow_hpc/informed_swapping/BARK.py:163: UserWarning: Exited at iteration 50 with accuracies 
[1.49444517e-07]
not reaching the requested tolerance 1e-09.
Use iteration 43 instead with accuracy 
4.9149857717766795e-09.

  values, vectors = lobpcg(projected_hamiltonian, guess, largest=False,
/home/erosanow_hpc/informed_swapping/BARK.py:163: UserWarning: Exited postprocessing with accuracies 
[4.91504102e-09]
not reaching the requested tolerance 1e-09.
  values, vectors = lobpcg(projected_hamiltonian, guess, largest=False,
/home/erosanow_hpc/informed_swapping/BARK.py:163: UserWarning: Exited at iteration 50 with accuracies 
[7.92276127e-08]
not reaching the requested tolerance 1e-09.
Use iteration 51 instead with accuracy 
7.922761267348966e-08.

  values, vectors = lobpcg(projected_hamiltonian, guess, largest=False,
/home/erosanow_hpc/informed_swapping/BARK.py:163: UserWarning: Exited postprocessing with accuracies 
[7.92276128e-08]
not reaching the requested tolerance 1e-09.
  values, vectors = lobpcg(projected_hamiltonian, guess, largest=False,
/home/erosanow_hpc/informed_swapping/BARK.py:163: UserWarning: Exited at iteration 50 with accuracies 
[1.49417626e-07]
not reaching the requested tolerance 1e-09.
Use iteration 43 instead with accuracy 
4.908254377678313e-09.

  values, vectors = lobpcg(projected_hamiltonian, guess, largest=False,
/home/erosanow_hpc/informed_swapping/BARK.py:163: UserWarning: Exited postprocessing with accuracies 
[4.90834396e-09]
not reaching the requested tolerance 1e-09.
  values, vectors = lobpcg(projected_hamiltonian, guess, largest=False,
/home/erosanow_hpc/informed_swapping/BARK.py:163: UserWarning: Exited at iteration 50 with accuracies 
[9.91216949e-08]
not reaching the requested tolerance 1e-09.
Use iteration 51 instead with accuracy 
9.912169494009893e-08.

  values, vectors = lobpcg(projected_hamiltonian, guess, largest=False,
/home/erosanow_hpc/informed_swapping/BARK.py:163: UserWarning: Exited postprocessing with accuracies 
[9.91216949e-08]
not reaching the requested tolerance 1e-09.
  values, vectors = lobpcg(projected_hamiltonian, guess, largest=False,
/home/erosanow_hpc/informed_swapping/BARK.py:163: UserWarning: Exited at iteration 50 with accuracies 
[1.37254529e-07]
not reaching the requested tolerance 1e-09.
Use iteration 43 instead with accuracy 
4.559018796358333e-09.

  values, vectors = lobpcg(projected_hamiltonian, guess, largest=False,
/home/erosanow_hpc/informed_swapping/BARK.py:163: UserWarning: Exited postprocessing with accuracies 
[4.55910732e-09]
not reaching the requested tolerance 1e-09.
  values, vectors = lobpcg(projected_hamiltonian, guess, largest=False,
/home/erosanow_hpc/informed_swapping/BARK.py:163: UserWarning: Exited at iteration 50 with accuracies 
[9.10131132e-08]
not reaching the requested tolerance 1e-09.
Use iteration 51 instead with accuracy 
9.101311317760225e-08.

  values, vectors = lobpcg(projected_hamiltonian, guess, largest=False,
/home/erosanow_hpc/informed_swapping/BARK.py:163: UserWarning: Exited postprocessing with accuracies 
[9.10131132e-08]
not reaching the requested tolerance 1e-09.
  values, vectors = lobpcg(projected_hamiltonian, guess, largest=False,
/home/erosanow_hpc/informed_swapping/BARK.py:163: UserWarning: Exited at iteration 50 with accuracies 
[1.37182702e-07]
not reaching the requested tolerance 1e-09.
Use iteration 42 instead with accuracy 
5.13412976474398e-09.

  values, vectors = lobpcg(projected_hamiltonian, guess, largest=False,
/home/erosanow_hpc/informed_swapping/BARK.py:163: UserWarning: Exited postprocessing with accuracies 
[5.13410564e-09]
not reaching the requested tolerance 1e-09.
  values, vectors = lobpcg(projected_hamiltonian, guess, largest=False,
/home/erosanow_hpc/informed_swapping/BARK.py:163: UserWarning: Exited at iteration 50 with accuracies 
[7.27463252e-08]
not reaching the requested tolerance 1e-09.
Use iteration 51 instead with accuracy 
7.274632517232968e-08.

  values, vectors = lobpcg(projected_hamiltonian, guess, largest=False,
/home/erosanow_hpc/informed_swapping/BARK.py:163: UserWarning: Exited postprocessing with accuracies 
[7.27463252e-08]
not reaching the requested tolerance 1e-09.
  values, vectors = lobpcg(projected_hamiltonian, guess, largest=False,
/home/erosanow_hpc/informed_swapping/BARK.py:163: UserWarning: Exited at iteration 50 with accuracies 
[1.37230231e-07]
not reaching the requested tolerance 1e-09.
Use iteration 43 instead with accuracy 
4.518834301680579e-09.

  values, vectors = lobpcg(projected_hamiltonian, guess, largest=False,
/home/erosanow_hpc/informed_swapping/BARK.py:163: UserWarning: Exited postprocessing with accuracies 
[4.51884032e-09]
not reaching the requested tolerance 1e-09.
  values, vectors = lobpcg(projected_hamiltonian, guess, largest=False,
/home/erosanow_hpc/informed_swapping/BARK.py:163: UserWarning: Exited at iteration 50 with accuracies 
[7.27463897e-08]
not reaching the requested tolerance 1e-09.
Use iteration 51 instead with accuracy 
7.2746389748726e-08.

  values, vectors = lobpcg(projected_hamiltonian, guess, largest=False,
/home/erosanow_hpc/informed_swapping/BARK.py:163: UserWarning: Exited postprocessing with accuracies 
[7.27463897e-08]
not reaching the requested tolerance 1e-09.
  values, vectors = lobpcg(projected_hamiltonian, guess, largest=False,
/home/erosanow_hpc/informed_swapping/BARK.py:163: UserWarning: Exited at iteration 50 with accuracies 
[1.37197188e-07]
not reaching the requested tolerance 1e-09.
Use iteration 43 instead with accuracy 
4.511284129083495e-09.

  values, vectors = lobpcg(projected_hamiltonian, guess, largest=False,
/home/erosanow_hpc/informed_swapping/BARK.py:163: UserWarning: Exited postprocessing with accuracies 
[4.51114655e-09]
not reaching the requested tolerance 1e-09.
  values, vectors = lobpcg(projected_hamiltonian, guess, largest=False,
/home/erosanow_hpc/informed_swapping/BARK.py:163: UserWarning: Exited at iteration 50 with accuracies 
[9.10130116e-08]
not reaching the requested tolerance 1e-09.
Use iteration 51 instead with accuracy 
9.101301163410793e-08.

  values, vectors = lobpcg(projected_hamiltonian, guess, largest=False,
/home/erosanow_hpc/informed_swapping/BARK.py:163: UserWarning: Exited postprocessing with accuracies 
[9.10130116e-08]
not reaching the requested tolerance 1e-09.
  values, vectors = lobpcg(projected_hamiltonian, guess, largest=False,
/home/erosanow_hpc/informed_swapping/BARK.py:163: UserWarning: Exited at iteration 50 with accuracies 
[7.22542664e-08]
not reaching the requested tolerance 1e-09.
Use iteration 51 instead with accuracy 
7.225426640561712e-08.

  values, vectors = lobpcg(projected_hamiltonian, guess, largest=False,
/home/erosanow_hpc/informed_swapping/BARK.py:163: UserWarning: Exited postprocessing with accuracies 
[7.22542664e-08]
not reaching the requested tolerance 1e-09.
  values, vectors = lobpcg(projected_hamiltonian, guess, largest=False,
/home/erosanow_hpc/informed_swapping/BARK.py:163: UserWarning: Exited at iteration 50 with accuracies 
[7.21851889e-08]
not reaching the requested tolerance 1e-09.
Use iteration 51 instead with accuracy 
7.218518891161266e-08.

  values, vectors = lobpcg(projected_hamiltonian, guess, largest=False,
/home/erosanow_hpc/informed_swapping/BARK.py:163: UserWarning: Exited postprocessing with accuracies 
[7.21851889e-08]
not reaching the requested tolerance 1e-09.
  values, vectors = lobpcg(projected_hamiltonian, guess, largest=False,
/home/erosanow_hpc/informed_swapping/BARK.py:163: UserWarning: Exited at iteration 50 with accuracies 
[8.25496869e-08]
not reaching the requested tolerance 1e-09.
Use iteration 51 instead with accuracy 
8.254968687755201e-08.

  values, vectors = lobpcg(projected_hamiltonian, guess, largest=False,
/home/erosanow_hpc/informed_swapping/BARK.py:163: UserWarning: Exited postprocessing with accuracies 
[8.25496858e-08]
not reaching the requested tolerance 1e-09.
  values, vectors = lobpcg(projected_hamiltonian, guess, largest=False,
/home/erosanow_hpc/informed_swapping/BARK.py:163: UserWarning: Exited at iteration 50 with accuracies 
[6.90166595e-07]
not reaching the requested tolerance 1e-09.
Use iteration 51 instead with accuracy 
6.901665949847468e-07.

  values, vectors = lobpcg(projected_hamiltonian, guess, largest=False,
/home/erosanow_hpc/informed_swapping/BARK.py:163: UserWarning: Exited postprocessing with accuracies 
[6.90166592e-07]
not reaching the requested tolerance 1e-09.
  values, vectors = lobpcg(projected_hamiltonian, guess, largest=False,
/home/erosanow_hpc/informed_swapping/BARK.py:163: UserWarning: Exited at iteration 50 with accuracies 
[6.29052512e-06]
not reaching the requested tolerance 1e-09.
Use iteration 48 instead with accuracy 
1.9292693483923407e-06.

  values, vectors = lobpcg(projected_hamiltonian, guess, largest=False,
/home/erosanow_hpc/informed_swapping/BARK.py:163: UserWarning: Exited postprocessing with accuracies 
[1.92926934e-06]
not reaching the requested tolerance 1e-09.
  values, vectors = lobpcg(projected_hamiltonian, guess, largest=False,
/home/erosanow_hpc/informed_swapping/BARK.py:163: UserWarning: Exited at iteration 50 with accuracies 
[5.05649135e-06]
not reaching the requested tolerance 1e-09.
Use iteration 50 instead with accuracy 
1.5339830566745226e-06.

  values, vectors = lobpcg(projected_hamiltonian, guess, largest=False,
/home/erosanow_hpc/informed_swapping/BARK.py:163: UserWarning: Exited postprocessing with accuracies 
[1.53398306e-06]
not reaching the requested tolerance 1e-09.
  values, vectors = lobpcg(projected_hamiltonian, guess, largest=False,
/home/erosanow_hpc/informed_swapping/BARK.py:163: UserWarning: Exited at iteration 50 with accuracies 
[6.10065691e-06]
not reaching the requested tolerance 1e-09.
Use iteration 47 instead with accuracy 
4.982270199351414e-06.

  values, vectors = lobpcg(projected_hamiltonian, guess, largest=False,
/home/erosanow_hpc/informed_swapping/BARK.py:163: UserWarning: Exited postprocessing with accuracies 
[4.98227021e-06]
not reaching the requested tolerance 1e-09.
  values, vectors = lobpcg(projected_hamiltonian, guess, largest=False,
/home/erosanow_hpc/informed_swapping/BARK.py:163: UserWarning: Exited at iteration 50 with accuracies 
[3.10536183e-07]
not reaching the requested tolerance 1e-09.
Use iteration 49 instead with accuracy 
1.1995432101539e-07.

  values, vectors = lobpcg(projected_hamiltonian, guess, largest=False,
/home/erosanow_hpc/informed_swapping/BARK.py:163: UserWarning: Exited postprocessing with accuracies 
[1.1995432e-07]
not reaching the requested tolerance 1e-09.
  values, vectors = lobpcg(projected_hamiltonian, guess, largest=False,
/home/erosanow_hpc/informed_swapping/BARK.py:163: UserWarning: Exited at iteration 50 with accuracies 
[2.40947843e-05]
not reaching the requested tolerance 1e-09.
Use iteration 48 instead with accuracy 
8.160722304605011e-06.

  values, vectors = lobpcg(projected_hamiltonian, guess, largest=False,
/home/erosanow_hpc/informed_swapping/BARK.py:163: UserWarning: Exited postprocessing with accuracies 
[8.1607223e-06]
not reaching the requested tolerance 1e-09.
  values, vectors = lobpcg(projected_hamiltonian, guess, largest=False,
/home/erosanow_hpc/informed_swapping/BARK.py:163: UserWarning: Exited at iteration 50 with accuracies 
[1.55070308e-08]
not reaching the requested tolerance 1e-09.
Use iteration 51 instead with accuracy 
1.5507030767914767e-08.

  values, vectors = lobpcg(projected_hamiltonian, guess, largest=False,
/home/erosanow_hpc/informed_swapping/BARK.py:163: UserWarning: Exited postprocessing with accuracies 
[1.55070308e-08]
not reaching the requested tolerance 1e-09.
  values, vectors = lobpcg(projected_hamiltonian, guess, largest=False,
/home/erosanow_hpc/informed_swapping/BARK.py:163: UserWarning: Exited at iteration 50 with accuracies 
[7.0100875e-09]
not reaching the requested tolerance 1e-09.
Use iteration 51 instead with accuracy 
7.010087501417184e-09.

  values, vectors = lobpcg(projected_hamiltonian, guess, largest=False,
/home/erosanow_hpc/informed_swapping/BARK.py:163: UserWarning: Exited postprocessing with accuracies 
[7.01009167e-09]
not reaching the requested tolerance 1e-09.
  values, vectors = lobpcg(projected_hamiltonian, guess, largest=False,
/home/erosanow_hpc/informed_swapping/BARK.py:163: UserWarning: Exited at iteration 50 with accuracies 
[2.45477862e-08]
not reaching the requested tolerance 1e-09.
Use iteration 51 instead with accuracy 
2.454778618003052e-08.

  values, vectors = lobpcg(projected_hamiltonian, guess, largest=False,
/home/erosanow_hpc/informed_swapping/BARK.py:163: UserWarning: Exited postprocessing with accuracies 
[2.45477874e-08]
not reaching the requested tolerance 1e-09.
  values, vectors = lobpcg(projected_hamiltonian, guess, largest=False,
/home/erosanow_hpc/informed_swapping/BARK.py:163: UserWarning: Exited at iteration 50 with accuracies 
[2.31597983e-08]
not reaching the requested tolerance 1e-09.
Use iteration 47 instead with accuracy 
1.8117244178853685e-08.

  values, vectors = lobpcg(projected_hamiltonian, guess, largest=False,
/home/erosanow_hpc/informed_swapping/BARK.py:163: UserWarning: Exited postprocessing with accuracies 
[1.81172462e-08]
not reaching the requested tolerance 1e-09.
  values, vectors = lobpcg(projected_hamiltonian, guess, largest=False,
/home/erosanow_hpc/informed_swapping/BARK.py:163: UserWarning: Exited at iteration 50 with accuracies 
[3.29430773e-08]
not reaching the requested tolerance 1e-09.
Use iteration 51 instead with accuracy 
3.2943077276487734e-08.

  values, vectors = lobpcg(projected_hamiltonian, guess, largest=False,
/home/erosanow_hpc/informed_swapping/BARK.py:163: UserWarning: Exited postprocessing with accuracies 
[3.29430783e-08]
not reaching the requested tolerance 1e-09.
  values, vectors = lobpcg(projected_hamiltonian, guess, largest=False,
/home/erosanow_hpc/informed_swapping/BARK.py:163: UserWarning: Exited at iteration 50 with accuracies 
[1.23642378e-05]
not reaching the requested tolerance 1e-09.
Use iteration 47 instead with accuracy 
8.09482510735613e-06.

  values, vectors = lobpcg(projected_hamiltonian, guess, largest=False,
/home/erosanow_hpc/informed_swapping/BARK.py:163: UserWarning: Exited postprocessing with accuracies 
[8.09482511e-06]
not reaching the requested tolerance 1e-09.
  values, vectors = lobpcg(projected_hamiltonian, guess, largest=False,
/home/erosanow_hpc/informed_swapping/BARK.py:163: UserWarning: Exited at iteration 50 with accuracies 
[4.14879451e-08]
not reaching the requested tolerance 1e-09.
Use iteration 51 instead with accuracy 
4.148794508284317e-08.

  values, vectors = lobpcg(projected_hamiltonian, guess, largest=False,
/home/erosanow_hpc/informed_swapping/BARK.py:163: UserWarning: Exited postprocessing with accuracies 
[4.14879485e-08]
not reaching the requested tolerance 1e-09.
  values, vectors = lobpcg(projected_hamiltonian, guess, largest=False,
/home/erosanow_hpc/informed_swapping/BARK.py:163: UserWarning: Exited at iteration 50 with accuracies 
[1.29302941e-06]
not reaching the requested tolerance 1e-09.
Use iteration 50 instead with accuracy 
1.258398444209514e-06.

  values, vectors = lobpcg(projected_hamiltonian, guess, largest=False,
/home/erosanow_hpc/informed_swapping/BARK.py:163: UserWarning: Exited postprocessing with accuracies 
[1.25839845e-06]
not reaching the requested tolerance 1e-09.
  values, vectors = lobpcg(projected_hamiltonian, guess, largest=False,
/home/erosanow_hpc/informed_swapping/BARK.py:163: UserWarning: Exited at iteration 50 with accuracies 
[4.01813239e-08]
not reaching the requested tolerance 1e-09.
Use iteration 51 instead with accuracy 
4.018132388618179e-08.

  values, vectors = lobpcg(projected_hamiltonian, guess, largest=False,
/home/erosanow_hpc/informed_swapping/BARK.py:163: UserWarning: Exited postprocessing with accuracies 
[4.01813279e-08]
not reaching the requested tolerance 1e-09.
  values, vectors = lobpcg(projected_hamiltonian, guess, largest=False,
/home/erosanow_hpc/informed_swapping/BARK.py:163: UserWarning: Exited at iteration 50 with accuracies 
[7.05753772e-07]
not reaching the requested tolerance 1e-09.
Use iteration 50 instead with accuracy 
4.835344519753268e-07.

  values, vectors = lobpcg(projected_hamiltonian, guess, largest=False,
/home/erosanow_hpc/informed_swapping/BARK.py:163: UserWarning: Exited postprocessing with accuracies 
[4.83534453e-07]
not reaching the requested tolerance 1e-09.
  values, vectors = lobpcg(projected_hamiltonian, guess, largest=False,
/home/erosanow_hpc/informed_swapping/BARK.py:163: UserWarning: Exited at iteration 50 with accuracies 
[5.59662733e-06]
not reaching the requested tolerance 1e-09.
Use iteration 49 instead with accuracy 
2.0339329717593413e-06.

  values, vectors = lobpcg(projected_hamiltonian, guess, largest=False,
/home/erosanow_hpc/informed_swapping/BARK.py:163: UserWarning: Exited postprocessing with accuracies 
[2.03393298e-06]
not reaching the requested tolerance 1e-09.
  values, vectors = lobpcg(projected_hamiltonian, guess, largest=False,
/home/erosanow_hpc/informed_swapping/BARK.py:163: UserWarning: Exited at iteration 50 with accuracies 
[3.63477322e-07]
not reaching the requested tolerance 1e-09.
Use iteration 50 instead with accuracy 
3.593621163481103e-07.

  values, vectors = lobpcg(projected_hamiltonian, guess, largest=False,
/home/erosanow_hpc/informed_swapping/BARK.py:163: UserWarning: Exited postprocessing with accuracies 
[3.59362126e-07]
not reaching the requested tolerance 1e-09.
  values, vectors = lobpcg(projected_hamiltonian, guess, largest=False,
/home/erosanow_hpc/informed_swapping/BARK.py:163: UserWarning: Exited at iteration 50 with accuracies 
[1.61555207e-05]
not reaching the requested tolerance 1e-09.
Use iteration 48 instead with accuracy 
6.903384062486595e-06.

  values, vectors = lobpcg(projected_hamiltonian, guess, largest=False,
/home/erosanow_hpc/informed_swapping/BARK.py:163: UserWarning: Exited postprocessing with accuracies 
[6.90338406e-06]
not reaching the requested tolerance 1e-09.
  values, vectors = lobpcg(projected_hamiltonian, guess, largest=False,
/home/erosanow_hpc/informed_swapping/BARK.py:163: UserWarning: Exited at iteration 50 with accuracies 
[7.49231496e-07]
not reaching the requested tolerance 1e-09.
Use iteration 43 instead with accuracy 
2.1316678564238802e-07.

  values, vectors = lobpcg(projected_hamiltonian, guess, largest=False,
/home/erosanow_hpc/informed_swapping/BARK.py:163: UserWarning: Exited postprocessing with accuracies 
[2.13166787e-07]
not reaching the requested tolerance 1e-09.
  values, vectors = lobpcg(projected_hamiltonian, guess, largest=False,
/home/erosanow_hpc/informed_swapping/BARK.py:163: UserWarning: Exited at iteration 50 with accuracies 
[1.34412997e-05]
not reaching the requested tolerance 1e-09.
Use iteration 49 instead with accuracy 
4.408384745088877e-06.

  values, vectors = lobpcg(projected_hamiltonian, guess, largest=False,
/home/erosanow_hpc/informed_swapping/BARK.py:163: UserWarning: Exited postprocessing with accuracies 
[4.40838474e-06]
not reaching the requested tolerance 1e-09.
  values, vectors = lobpcg(projected_hamiltonian, guess, largest=False,
/home/erosanow_hpc/informed_swapping/BARK.py:163: UserWarning: Exited at iteration 50 with accuracies 
[4.65679567e-08]
not reaching the requested tolerance 1e-09.
Use iteration 47 instead with accuracy 
2.3814413105722288e-08.

  values, vectors = lobpcg(projected_hamiltonian, guess, largest=False,
/home/erosanow_hpc/informed_swapping/BARK.py:163: UserWarning: Exited postprocessing with accuracies 
[2.38144126e-08]
not reaching the requested tolerance 1e-09.
  values, vectors = lobpcg(projected_hamiltonian, guess, largest=False,
/home/erosanow_hpc/informed_swapping/BARK.py:163: UserWarning: Exited at iteration 50 with accuracies 
[8.93586151e-09]
not reaching the requested tolerance 1e-09.
Use iteration 47 instead with accuracy 
4.342339148151023e-09.

  values, vectors = lobpcg(projected_hamiltonian, guess, largest=False,
/home/erosanow_hpc/informed_swapping/BARK.py:163: UserWarning: Exited postprocessing with accuracies 
[4.34233632e-09]
not reaching the requested tolerance 1e-09.
  values, vectors = lobpcg(projected_hamiltonian, guess, largest=False,
/home/erosanow_hpc/informed_swapping/BARK.py:163: UserWarning: Exited at iteration 50 with accuracies 
[2.34369094e-06]
not reaching the requested tolerance 1e-09.
Use iteration 51 instead with accuracy 
2.343690940663599e-06.

  values, vectors = lobpcg(projected_hamiltonian, guess, largest=False,
/home/erosanow_hpc/informed_swapping/BARK.py:163: UserWarning: Exited postprocessing with accuracies 
[2.34369094e-06]
not reaching the requested tolerance 1e-09.
  values, vectors = lobpcg(projected_hamiltonian, guess, largest=False,
/home/erosanow_hpc/informed_swapping/BARK.py:163: UserWarning: Exited at iteration 50 with accuracies 
[7.46452564e-09]
not reaching the requested tolerance 1e-09.
Use iteration 51 instead with accuracy 
7.464525639546423e-09.

  values, vectors = lobpcg(projected_hamiltonian, guess, largest=False,
/home/erosanow_hpc/informed_swapping/BARK.py:163: UserWarning: Exited postprocessing with accuracies 
[7.46452518e-09]
not reaching the requested tolerance 1e-09.
  values, vectors = lobpcg(projected_hamiltonian, guess, largest=False,
/home/erosanow_hpc/informed_swapping/BARK.py:163: UserWarning: Exited at iteration 50 with accuracies 
[8.99462314e-09]
not reaching the requested tolerance 1e-09.
Use iteration 51 instead with accuracy 
8.994623143122523e-09.

  values, vectors = lobpcg(projected_hamiltonian, guess, largest=False,
/home/erosanow_hpc/informed_swapping/BARK.py:163: UserWarning: Exited postprocessing with accuracies 
[8.99462368e-09]
not reaching the requested tolerance 1e-09.
  values, vectors = lobpcg(projected_hamiltonian, guess, largest=False,
/home/erosanow_hpc/informed_swapping/BARK.py:163: UserWarning: Exited at iteration 50 with accuracies 
[2.48612546e-07]
not reaching the requested tolerance 1e-09.
Use iteration 47 instead with accuracy 
1.9478235454099678e-07.

  values, vectors = lobpcg(projected_hamiltonian, guess, largest=False,
/home/erosanow_hpc/informed_swapping/BARK.py:163: UserWarning: Exited postprocessing with accuracies 
[1.94782354e-07]
not reaching the requested tolerance 1e-09.
  values, vectors = lobpcg(projected_hamiltonian, guess, largest=False,
/home/erosanow_hpc/informed_swapping/BARK.py:163: UserWarning: Exited at iteration 50 with accuracies 
[2.10926796e-05]
not reaching the requested tolerance 1e-09.
Use iteration 48 instead with accuracy 
7.502782442344447e-06.

  values, vectors = lobpcg(projected_hamiltonian, guess, largest=False,
/home/erosanow_hpc/informed_swapping/BARK.py:163: UserWarning: Exited postprocessing with accuracies 
[7.50278244e-06]
not reaching the requested tolerance 1e-09.
  values, vectors = lobpcg(projected_hamiltonian, guess, largest=False,
/home/erosanow_hpc/informed_swapping/BARK.py:163: UserWarning: Exited at iteration 50 with accuracies 
[4.19756116e-08]
not reaching the requested tolerance 1e-09.
Use iteration 51 instead with accuracy 
4.1975611569359285e-08.

  values, vectors = lobpcg(projected_hamiltonian, guess, largest=False,
/home/erosanow_hpc/informed_swapping/BARK.py:163: UserWarning: Exited postprocessing with accuracies 
[4.1975618e-08]
not reaching the requested tolerance 1e-09.
  values, vectors = lobpcg(projected_hamiltonian, guess, largest=False,
/home/erosanow_hpc/informed_swapping/BARK.py:163: UserWarning: Exited at iteration 50 with accuracies 
[1.2962192e-06]
not reaching the requested tolerance 1e-09.
Use iteration 50 instead with accuracy 
1.2141584245981301e-06.

  values, vectors = lobpcg(projected_hamiltonian, guess, largest=False,
/home/erosanow_hpc/informed_swapping/BARK.py:163: UserWarning: Exited postprocessing with accuracies 
[1.21415843e-06]
not reaching the requested tolerance 1e-09.
  values, vectors = lobpcg(projected_hamiltonian, guess, largest=False,
/home/erosanow_hpc/informed_swapping/BARK.py:163: UserWarning: Exited at iteration 50 with accuracies 
[7.56666845e-08]
not reaching the requested tolerance 1e-09.
Use iteration 47 instead with accuracy 
7.471748442928575e-08.

  values, vectors = lobpcg(projected_hamiltonian, guess, largest=False,
/home/erosanow_hpc/informed_swapping/BARK.py:163: UserWarning: Exited postprocessing with accuracies 
[7.47174817e-08]
not reaching the requested tolerance 1e-09.
  values, vectors = lobpcg(projected_hamiltonian, guess, largest=False,
/home/erosanow_hpc/informed_swapping/BARK.py:163: UserWarning: Exited at iteration 50 with accuracies 
[7.07566983e-07]
not reaching the requested tolerance 1e-09.
Use iteration 51 instead with accuracy 
7.075669832426284e-07.

  values, vectors = lobpcg(projected_hamiltonian, guess, largest=False,
/home/erosanow_hpc/informed_swapping/BARK.py:163: UserWarning: Exited postprocessing with accuracies 
[7.07566985e-07]
not reaching the requested tolerance 1e-09.
  values, vectors = lobpcg(projected_hamiltonian, guess, largest=False,
/home/erosanow_hpc/informed_swapping/BARK.py:163: UserWarning: Exited at iteration 50 with accuracies 
[5.65791202e-06]
not reaching the requested tolerance 1e-09.
Use iteration 49 instead with accuracy 
2.463987007551091e-06.

  values, vectors = lobpcg(projected_hamiltonian, guess, largest=False,
/home/erosanow_hpc/informed_swapping/BARK.py:163: UserWarning: Exited postprocessing with accuracies 
[2.46398701e-06]
not reaching the requested tolerance 1e-09.
  values, vectors = lobpcg(projected_hamiltonian, guess, largest=False,
/home/erosanow_hpc/informed_swapping/BARK.py:163: UserWarning: Exited at iteration 50 with accuracies 
[8.0333844e-07]
not reaching the requested tolerance 1e-09.
Use iteration 50 instead with accuracy 
2.788488814410411e-07.

  values, vectors = lobpcg(projected_hamiltonian, guess, largest=False,
/home/erosanow_hpc/informed_swapping/BARK.py:163: UserWarning: Exited postprocessing with accuracies 
[2.7884889e-07]
not reaching the requested tolerance 1e-09.
  values, vectors = lobpcg(projected_hamiltonian, guess, largest=False,
/home/erosanow_hpc/informed_swapping/BARK.py:163: UserWarning: Exited at iteration 50 with accuracies 
[1.38762885e-05]
not reaching the requested tolerance 1e-09.
Use iteration 48 instead with accuracy 
7.295578228810574e-06.

  values, vectors = lobpcg(projected_hamiltonian, guess, largest=False,
/home/erosanow_hpc/informed_swapping/BARK.py:163: UserWarning: Exited postprocessing with accuracies 
[7.29557823e-06]
not reaching the requested tolerance 1e-09.
  values, vectors = lobpcg(projected_hamiltonian, guess, largest=False,
/home/erosanow_hpc/informed_swapping/BARK.py:163: UserWarning: Exited at iteration 50 with accuracies 
[5.51701551e-07]
not reaching the requested tolerance 1e-09.
Use iteration 44 instead with accuracy 
2.508221153421767e-07.

  values, vectors = lobpcg(projected_hamiltonian, guess, largest=False,
/home/erosanow_hpc/informed_swapping/BARK.py:163: UserWarning: Exited postprocessing with accuracies 
[2.50822115e-07]
not reaching the requested tolerance 1e-09.
  values, vectors = lobpcg(projected_hamiltonian, guess, largest=False,
/home/erosanow_hpc/informed_swapping/BARK.py:163: UserWarning: Exited at iteration 50 with accuracies 
[1.33747784e-05]
not reaching the requested tolerance 1e-09.
Use iteration 49 instead with accuracy 
4.814313059391188e-06.

  values, vectors = lobpcg(projected_hamiltonian, guess, largest=False,
/home/erosanow_hpc/informed_swapping/BARK.py:163: UserWarning: Exited postprocessing with accuracies 
[4.81431306e-06]
not reaching the requested tolerance 1e-09.
  values, vectors = lobpcg(projected_hamiltonian, guess, largest=False,
/home/erosanow_hpc/informed_swapping/BARK.py:163: UserWarning: Exited at iteration 50 with accuracies 
[1.38149008e-08]
not reaching the requested tolerance 1e-09.
Use iteration 51 instead with accuracy 
1.3814900826408154e-08.

  values, vectors = lobpcg(projected_hamiltonian, guess, largest=False,
/home/erosanow_hpc/informed_swapping/BARK.py:163: UserWarning: Exited postprocessing with accuracies 
[1.38149008e-08]
not reaching the requested tolerance 1e-09.
  values, vectors = lobpcg(projected_hamiltonian, guess, largest=False,
/home/erosanow_hpc/informed_swapping/BARK.py:163: UserWarning: Exited at iteration 50 with accuracies 
[1.74482529e-06]
not reaching the requested tolerance 1e-09.
Use iteration 51 instead with accuracy 
1.7448252941746593e-06.

  values, vectors = lobpcg(projected_hamiltonian, guess, largest=False,
/home/erosanow_hpc/informed_swapping/BARK.py:163: UserWarning: Exited postprocessing with accuracies 
[1.74482529e-06]
not reaching the requested tolerance 1e-09.
  values, vectors = lobpcg(projected_hamiltonian, guess, largest=False,
/home/erosanow_hpc/informed_swapping/BARK.py:163: UserWarning: Exited at iteration 50 with accuracies 
[5.37466295e-09]
not reaching the requested tolerance 1e-09.
Use iteration 51 instead with accuracy 
5.374662949828516e-09.

  values, vectors = lobpcg(projected_hamiltonian, guess, largest=False,
/home/erosanow_hpc/informed_swapping/BARK.py:163: UserWarning: Exited postprocessing with accuracies 
[5.37466218e-09]
not reaching the requested tolerance 1e-09.
  values, vectors = lobpcg(projected_hamiltonian, guess, largest=False,
/home/erosanow_hpc/informed_swapping/BARK.py:163: UserWarning: Exited at iteration 50 with accuracies 
[1.6968718e-08]
not reaching the requested tolerance 1e-09.
Use iteration 47 instead with accuracy 
1.5414722052832793e-08.

  values, vectors = lobpcg(projected_hamiltonian, guess, largest=False,
/home/erosanow_hpc/informed_swapping/BARK.py:163: UserWarning: Exited postprocessing with accuracies 
[1.54147245e-08]
not reaching the requested tolerance 1e-09.
  values, vectors = lobpcg(projected_hamiltonian, guess, largest=False,
/home/erosanow_hpc/informed_swapping/BARK.py:163: UserWarning: Exited at iteration 50 with accuracies 
[6.88283377e-08]
not reaching the requested tolerance 1e-09.
Use iteration 51 instead with accuracy 
6.88283377355366e-08.

  values, vectors = lobpcg(projected_hamiltonian, guess, largest=False,
/home/erosanow_hpc/informed_swapping/BARK.py:163: UserWarning: Exited postprocessing with accuracies 
[6.88283382e-08]
not reaching the requested tolerance 1e-09.
  values, vectors = lobpcg(projected_hamiltonian, guess, largest=False,
/home/erosanow_hpc/informed_swapping/BARK.py:163: UserWarning: Exited at iteration 50 with accuracies 
[5.16303241e-06]
not reaching the requested tolerance 1e-09.
Use iteration 51 instead with accuracy 
5.1630324076065974e-06.

  values, vectors = lobpcg(projected_hamiltonian, guess, largest=False,
/home/erosanow_hpc/informed_swapping/BARK.py:163: UserWarning: Exited postprocessing with accuracies 
[5.16303241e-06]
not reaching the requested tolerance 1e-09.
  values, vectors = lobpcg(projected_hamiltonian, guess, largest=False,
/home/erosanow_hpc/informed_swapping/BARK.py:163: UserWarning: Exited at iteration 50 with accuracies 
[4.19009215e-08]
not reaching the requested tolerance 1e-09.
Use iteration 51 instead with accuracy 
4.190092146939534e-08.

  values, vectors = lobpcg(projected_hamiltonian, guess, largest=False,
/home/erosanow_hpc/informed_swapping/BARK.py:163: UserWarning: Exited postprocessing with accuracies 
[4.19009218e-08]
not reaching the requested tolerance 1e-09.
  values, vectors = lobpcg(projected_hamiltonian, guess, largest=False,
/home/erosanow_hpc/informed_swapping/BARK.py:163: UserWarning: Exited at iteration 50 with accuracies 
[1.03836424e-06]
not reaching the requested tolerance 1e-09.
Use iteration 51 instead with accuracy 
1.038364235271325e-06.

  values, vectors = lobpcg(projected_hamiltonian, guess, largest=False,
/home/erosanow_hpc/informed_swapping/BARK.py:163: UserWarning: Exited postprocessing with accuracies 
[1.03836423e-06]
not reaching the requested tolerance 1e-09.
  values, vectors = lobpcg(projected_hamiltonian, guess, largest=False,
/home/erosanow_hpc/informed_swapping/BARK.py:163: UserWarning: Exited at iteration 50 with accuracies 
[3.74508962e-08]
not reaching the requested tolerance 1e-09.
Use iteration 51 instead with accuracy 
3.745089622507674e-08.

  values, vectors = lobpcg(projected_hamiltonian, guess, largest=False,
/home/erosanow_hpc/informed_swapping/BARK.py:163: UserWarning: Exited postprocessing with accuracies 
[3.74508928e-08]
not reaching the requested tolerance 1e-09.
  values, vectors = lobpcg(projected_hamiltonian, guess, largest=False,
/home/erosanow_hpc/informed_swapping/BARK.py:163: UserWarning: Exited at iteration 50 with accuracies 
[7.09603411e-07]
not reaching the requested tolerance 1e-09.
Use iteration 51 instead with accuracy 
7.096034111428691e-07.

  values, vectors = lobpcg(projected_hamiltonian, guess, largest=False,
/home/erosanow_hpc/informed_swapping/BARK.py:163: UserWarning: Exited postprocessing with accuracies 
[7.0960341e-07]
not reaching the requested tolerance 1e-09.
  values, vectors = lobpcg(projected_hamiltonian, guess, largest=False,
/home/erosanow_hpc/informed_swapping/BARK.py:163: UserWarning: Exited at iteration 50 with accuracies 
[5.64498694e-06]
not reaching the requested tolerance 1e-09.
Use iteration 49 instead with accuracy 
2.0247318058722274e-06.

  values, vectors = lobpcg(projected_hamiltonian, guess, largest=False,
/home/erosanow_hpc/informed_swapping/BARK.py:163: UserWarning: Exited postprocessing with accuracies 
[2.02473181e-06]
not reaching the requested tolerance 1e-09.
  values, vectors = lobpcg(projected_hamiltonian, guess, largest=False,
/home/erosanow_hpc/informed_swapping/BARK.py:163: UserWarning: Exited at iteration 50 with accuracies 
[8.15614211e-07]
not reaching the requested tolerance 1e-09.
Use iteration 50 instead with accuracy 
2.8481956821219017e-07.

  values, vectors = lobpcg(projected_hamiltonian, guess, largest=False,
/home/erosanow_hpc/informed_swapping/BARK.py:163: UserWarning: Exited postprocessing with accuracies 
[2.8481957e-07]
not reaching the requested tolerance 1e-09.
  values, vectors = lobpcg(projected_hamiltonian, guess, largest=False,
/home/erosanow_hpc/informed_swapping/BARK.py:163: UserWarning: Exited at iteration 50 with accuracies 
[1.48404285e-05]
not reaching the requested tolerance 1e-09.
Use iteration 48 instead with accuracy 
7.018437720911277e-06.

  values, vectors = lobpcg(projected_hamiltonian, guess, largest=False,
/home/erosanow_hpc/informed_swapping/BARK.py:163: UserWarning: Exited postprocessing with accuracies 
[7.01843772e-06]
not reaching the requested tolerance 1e-09.
  values, vectors = lobpcg(projected_hamiltonian, guess, largest=False,
/home/erosanow_hpc/informed_swapping/BARK.py:163: UserWarning: Exited at iteration 50 with accuracies 
[6.88987756e-07]
not reaching the requested tolerance 1e-09.
Use iteration 47 instead with accuracy 
1.8150484274624708e-07.

  values, vectors = lobpcg(projected_hamiltonian, guess, largest=False,
/home/erosanow_hpc/informed_swapping/BARK.py:163: UserWarning: Exited postprocessing with accuracies 
[1.81504844e-07]
not reaching the requested tolerance 1e-09.
  values, vectors = lobpcg(projected_hamiltonian, guess, largest=False,
/home/erosanow_hpc/informed_swapping/BARK.py:163: UserWarning: Exited at iteration 50 with accuracies 
[1.74153692e-05]
not reaching the requested tolerance 1e-09.
Use iteration 49 instead with accuracy 
4.516685012867688e-06.

  values, vectors = lobpcg(projected_hamiltonian, guess, largest=False,
/home/erosanow_hpc/informed_swapping/BARK.py:163: UserWarning: Exited postprocessing with accuracies 
[4.51668502e-06]
not reaching the requested tolerance 1e-09.
  values, vectors = lobpcg(projected_hamiltonian, guess, largest=False,
/home/erosanow_hpc/informed_swapping/BARK.py:163: UserWarning: Exited at iteration 50 with accuracies 
[4.4257393e-08]
not reaching the requested tolerance 1e-09.
Use iteration 47 instead with accuracy 
2.5037936288122858e-08.

  values, vectors = lobpcg(projected_hamiltonian, guess, largest=False,
/home/erosanow_hpc/informed_swapping/BARK.py:163: UserWarning: Exited postprocessing with accuracies 
[2.50379395e-08]
not reaching the requested tolerance 1e-09.
  values, vectors = lobpcg(projected_hamiltonian, guess, largest=False,
/home/erosanow_hpc/informed_swapping/BARK.py:163: UserWarning: Exited at iteration 50 with accuracies 
[8.74476207e-09]
not reaching the requested tolerance 1e-09.
Use iteration 47 instead with accuracy 
4.401607989697407e-09.

  values, vectors = lobpcg(projected_hamiltonian, guess, largest=False,
/home/erosanow_hpc/informed_swapping/BARK.py:163: UserWarning: Exited postprocessing with accuracies 
[4.40160237e-09]
not reaching the requested tolerance 1e-09.
  values, vectors = lobpcg(projected_hamiltonian, guess, largest=False,
/home/erosanow_hpc/informed_swapping/BARK.py:163: UserWarning: Exited at iteration 50 with accuracies 
[2.88039232e-06]
not reaching the requested tolerance 1e-09.
Use iteration 47 instead with accuracy 
2.4554499204197612e-06.

  values, vectors = lobpcg(projected_hamiltonian, guess, largest=False,
/home/erosanow_hpc/informed_swapping/BARK.py:163: UserWarning: Exited postprocessing with accuracies 
[2.45544992e-06]
not reaching the requested tolerance 1e-09.
  values, vectors = lobpcg(projected_hamiltonian, guess, largest=False,
/home/erosanow_hpc/informed_swapping/BARK.py:163: UserWarning: Exited at iteration 50 with accuracies 
[5.40317075e-09]
not reaching the requested tolerance 1e-09.
Use iteration 51 instead with accuracy 
5.403170749798802e-09.

  values, vectors = lobpcg(projected_hamiltonian, guess, largest=False,
/home/erosanow_hpc/informed_swapping/BARK.py:163: UserWarning: Exited postprocessing with accuracies 
[5.40317045e-09]
not reaching the requested tolerance 1e-09.
  values, vectors = lobpcg(projected_hamiltonian, guess, largest=False,
/home/erosanow_hpc/informed_swapping/BARK.py:163: UserWarning: Exited at iteration 50 with accuracies 
[1.94038019e-08]
not reaching the requested tolerance 1e-09.
Use iteration 47 instead with accuracy 
1.548682633402468e-08.

  values, vectors = lobpcg(projected_hamiltonian, guess, largest=False,
/home/erosanow_hpc/informed_swapping/BARK.py:163: UserWarning: Exited postprocessing with accuracies 
[1.54868253e-08]
not reaching the requested tolerance 1e-09.
  values, vectors = lobpcg(projected_hamiltonian, guess, largest=False,
/home/erosanow_hpc/informed_swapping/BARK.py:163: UserWarning: Exited at iteration 50 with accuracies 
[2.13825177e-07]
not reaching the requested tolerance 1e-09.
Use iteration 47 instead with accuracy 
1.7399184170487913e-07.

  values, vectors = lobpcg(projected_hamiltonian, guess, largest=False,
/home/erosanow_hpc/informed_swapping/BARK.py:163: UserWarning: Exited postprocessing with accuracies 
[1.73991841e-07]
not reaching the requested tolerance 1e-09.
  values, vectors = lobpcg(projected_hamiltonian, guess, largest=False,
/home/erosanow_hpc/informed_swapping/BARK.py:163: UserWarning: Exited at iteration 50 with accuracies 
[1.08407412e-05]
not reaching the requested tolerance 1e-09.
Use iteration 48 instead with accuracy 
7.144911699978524e-06.

  values, vectors = lobpcg(projected_hamiltonian, guess, largest=False,
/home/erosanow_hpc/informed_swapping/BARK.py:163: UserWarning: Exited postprocessing with accuracies 
[7.1449117e-06]
not reaching the requested tolerance 1e-09.
  values, vectors = lobpcg(projected_hamiltonian, guess, largest=False,
/home/erosanow_hpc/informed_swapping/BARK.py:163: UserWarning: Exited at iteration 50 with accuracies 
[6.82605993e-08]
not reaching the requested tolerance 1e-09.
Use iteration 50 instead with accuracy 
2.5723398613141815e-08.

  values, vectors = lobpcg(projected_hamiltonian, guess, largest=False,
/home/erosanow_hpc/informed_swapping/BARK.py:163: UserWarning: Exited postprocessing with accuracies 
[2.57233969e-08]
not reaching the requested tolerance 1e-09.
  values, vectors = lobpcg(projected_hamiltonian, guess, largest=False,
/home/erosanow_hpc/informed_swapping/BARK.py:163: UserWarning: Exited at iteration 50 with accuracies 
[1.47045612e-06]
not reaching the requested tolerance 1e-09.
Use iteration 50 instead with accuracy 
1.15602392907516e-06.

  values, vectors = lobpcg(projected_hamiltonian, guess, largest=False,
/home/erosanow_hpc/informed_swapping/BARK.py:163: UserWarning: Exited postprocessing with accuracies 
[1.15602393e-06]
not reaching the requested tolerance 1e-09.
  values, vectors = lobpcg(projected_hamiltonian, guess, largest=False,
/home/erosanow_hpc/informed_swapping/BARK.py:163: UserWarning: Exited at iteration 50 with accuracies 
[4.99654116e-08]
not reaching the requested tolerance 1e-09.
Use iteration 51 instead with accuracy 
4.9965411557768555e-08.

  values, vectors = lobpcg(projected_hamiltonian, guess, largest=False,
/home/erosanow_hpc/informed_swapping/BARK.py:163: UserWarning: Exited postprocessing with accuracies 
[4.99653993e-08]
not reaching the requested tolerance 1e-09.
  values, vectors = lobpcg(projected_hamiltonian, guess, largest=False,
/home/erosanow_hpc/informed_swapping/BARK.py:163: UserWarning: Exited at iteration 50 with accuracies 
[6.91916697e-07]
not reaching the requested tolerance 1e-09.
Use iteration 50 instead with accuracy 
4.85352880284469e-07.

  values, vectors = lobpcg(projected_hamiltonian, guess, largest=False,
/home/erosanow_hpc/informed_swapping/BARK.py:163: UserWarning: Exited postprocessing with accuracies 
[4.85352884e-07]
not reaching the requested tolerance 1e-09.
  values, vectors = lobpcg(projected_hamiltonian, guess, largest=False,
/home/erosanow_hpc/informed_swapping/BARK.py:163: UserWarning: Exited at iteration 50 with accuracies 
[4.69006995e-06]
not reaching the requested tolerance 1e-09.
Use iteration 48 instead with accuracy 
2.2196696092315414e-06.

  values, vectors = lobpcg(projected_hamiltonian, guess, largest=False,
/home/erosanow_hpc/informed_swapping/BARK.py:163: UserWarning: Exited postprocessing with accuracies 
[2.2196696e-06]
not reaching the requested tolerance 1e-09.
  values, vectors = lobpcg(projected_hamiltonian, guess, largest=False,
/home/erosanow_hpc/informed_swapping/BARK.py:163: UserWarning: Exited at iteration 50 with accuracies 
[2.92745714e-07]
not reaching the requested tolerance 1e-09.
Use iteration 51 instead with accuracy 
2.927457143964519e-07.

  values, vectors = lobpcg(projected_hamiltonian, guess, largest=False,
/home/erosanow_hpc/informed_swapping/BARK.py:163: UserWarning: Exited postprocessing with accuracies 
[2.92745716e-07]
not reaching the requested tolerance 1e-09.
  values, vectors = lobpcg(projected_hamiltonian, guess, largest=False,
/home/erosanow_hpc/informed_swapping/BARK.py:163: UserWarning: Exited at iteration 50 with accuracies 
[9.47555525e-06]
not reaching the requested tolerance 1e-09.
Use iteration 48 instead with accuracy 
7.965287747400095e-06.

  values, vectors = lobpcg(projected_hamiltonian, guess, largest=False,
/home/erosanow_hpc/informed_swapping/BARK.py:163: UserWarning: Exited postprocessing with accuracies 
[7.96528775e-06]
not reaching the requested tolerance 1e-09.
  values, vectors = lobpcg(projected_hamiltonian, guess, largest=False,
/home/erosanow_hpc/informed_swapping/BARK.py:163: UserWarning: Exited at iteration 50 with accuracies 
[7.16955081e-07]
not reaching the requested tolerance 1e-09.
Use iteration 43 instead with accuracy 
1.995036094307481e-07.

  values, vectors = lobpcg(projected_hamiltonian, guess, largest=False,
/home/erosanow_hpc/informed_swapping/BARK.py:163: UserWarning: Exited postprocessing with accuracies 
[1.99503609e-07]
not reaching the requested tolerance 1e-09.
  values, vectors = lobpcg(projected_hamiltonian, guess, largest=False,
/home/erosanow_hpc/informed_swapping/BARK.py:163: UserWarning: Exited at iteration 50 with accuracies 
[9.364335e-06]
not reaching the requested tolerance 1e-09.
Use iteration 50 instead with accuracy 
4.518296911853367e-06.

  values, vectors = lobpcg(projected_hamiltonian, guess, largest=False,
/home/erosanow_hpc/informed_swapping/BARK.py:163: UserWarning: Exited postprocessing with accuracies 
[4.51829692e-06]
not reaching the requested tolerance 1e-09.
  values, vectors = lobpcg(projected_hamiltonian, guess, largest=False,
/home/erosanow_hpc/informed_swapping/BARK.py:163: UserWarning: Exited at iteration 50 with accuracies 
[1.41177933e-08]
not reaching the requested tolerance 1e-09.
Use iteration 51 instead with accuracy 
1.4117793259223728e-08.

  values, vectors = lobpcg(projected_hamiltonian, guess, largest=False,
/home/erosanow_hpc/informed_swapping/BARK.py:163: UserWarning: Exited postprocessing with accuracies 
[1.41177933e-08]
not reaching the requested tolerance 1e-09.
  values, vectors = lobpcg(projected_hamiltonian, guess, largest=False,
/home/erosanow_hpc/informed_swapping/BARK.py:163: UserWarning: Exited at iteration 50 with accuracies 
[1.68632882e-06]
not reaching the requested tolerance 1e-09.
Use iteration 51 instead with accuracy 
1.68632882090493e-06.

  values, vectors = lobpcg(projected_hamiltonian, guess, largest=False,
/home/erosanow_hpc/informed_swapping/BARK.py:163: UserWarning: Exited postprocessing with accuracies 
[1.68632882e-06]
not reaching the requested tolerance 1e-09.
  values, vectors = lobpcg(projected_hamiltonian, guess, largest=False,
/home/erosanow_hpc/informed_swapping/BARK.py:163: UserWarning: Exited at iteration 50 with accuracies 
[6.729466e-09]
not reaching the requested tolerance 1e-09.
Use iteration 51 instead with accuracy 
6.72946600343268e-09.

  values, vectors = lobpcg(projected_hamiltonian, guess, largest=False,
/home/erosanow_hpc/informed_swapping/BARK.py:163: UserWarning: Exited postprocessing with accuracies 
[6.72946714e-09]
not reaching the requested tolerance 1e-09.
  values, vectors = lobpcg(projected_hamiltonian, guess, largest=False,
/home/erosanow_hpc/informed_swapping/BARK.py:163: UserWarning: Exited at iteration 50 with accuracies 
[1.07298583e-08]
not reaching the requested tolerance 1e-09.
Use iteration 51 instead with accuracy 
1.0729858342250857e-08.

  values, vectors = lobpcg(projected_hamiltonian, guess, largest=False,
/home/erosanow_hpc/informed_swapping/BARK.py:163: UserWarning: Exited postprocessing with accuracies 
[1.07298587e-08]
not reaching the requested tolerance 1e-09.
  values, vectors = lobpcg(projected_hamiltonian, guess, largest=False,
/home/erosanow_hpc/informed_swapping/BARK.py:163: UserWarning: Exited at iteration 50 with accuracies 
[4.90973799e-08]
not reaching the requested tolerance 1e-09.
Use iteration 51 instead with accuracy 
4.909737992585844e-08.

  values, vectors = lobpcg(projected_hamiltonian, guess, largest=False,
/home/erosanow_hpc/informed_swapping/BARK.py:163: UserWarning: Exited postprocessing with accuracies 
[4.90973807e-08]
not reaching the requested tolerance 1e-09.
  values, vectors = lobpcg(projected_hamiltonian, guess, largest=False,
/home/erosanow_hpc/informed_swapping/BARK.py:163: UserWarning: Exited at iteration 50 with accuracies 
[5.62735765e-06]
not reaching the requested tolerance 1e-09.
Use iteration 51 instead with accuracy 
5.627357652520804e-06.

  values, vectors = lobpcg(projected_hamiltonian, guess, largest=False,
/home/erosanow_hpc/informed_swapping/BARK.py:163: UserWarning: Exited postprocessing with accuracies 
[5.62735765e-06]
not reaching the requested tolerance 1e-09.
  values, vectors = lobpcg(projected_hamiltonian, guess, largest=False,
/home/erosanow_hpc/informed_swapping/BARK.py:163: UserWarning: Exited at iteration 50 with accuracies 
[3.61473542e-08]
not reaching the requested tolerance 1e-09.
Use iteration 51 instead with accuracy 
3.614735419794056e-08.

  values, vectors = lobpcg(projected_hamiltonian, guess, largest=False,
/home/erosanow_hpc/informed_swapping/BARK.py:163: UserWarning: Exited postprocessing with accuracies 
[3.61473569e-08]
not reaching the requested tolerance 1e-09.
  values, vectors = lobpcg(projected_hamiltonian, guess, largest=False,
/home/erosanow_hpc/informed_swapping/BARK.py:163: UserWarning: Exited at iteration 50 with accuracies 
[1.43789591e-06]
not reaching the requested tolerance 1e-09.
Use iteration 50 instead with accuracy 
1.028789231157762e-06.

  values, vectors = lobpcg(projected_hamiltonian, guess, largest=False,
/home/erosanow_hpc/informed_swapping/BARK.py:163: UserWarning: Exited postprocessing with accuracies 
[1.02878923e-06]
not reaching the requested tolerance 1e-09.
  values, vectors = lobpcg(projected_hamiltonian, guess, largest=False,
/home/erosanow_hpc/informed_swapping/BARK.py:163: UserWarning: Exited at iteration 50 with accuracies 
[7.7370274e-09]
not reaching the requested tolerance 1e-09.
Use iteration 9 instead with accuracy 
3.9746922654859505e-09.

  values, vectors = lobpcg(projected_hamiltonian, guess, largest=False,
/home/erosanow_hpc/informed_swapping/BARK.py:163: UserWarning: Exited postprocessing with accuracies 
[3.97469227e-09]
not reaching the requested tolerance 1e-09.
  values, vectors = lobpcg(projected_hamiltonian, guess, largest=False,
/home/erosanow_hpc/informed_swapping/BARK.py:163: UserWarning: Exited at iteration 50 with accuracies 
[1.41346863e-08]
not reaching the requested tolerance 1e-09.
Use iteration 8 instead with accuracy 
3.856804523602329e-09.

  values, vectors = lobpcg(projected_hamiltonian, guess, largest=False,
/home/erosanow_hpc/informed_swapping/BARK.py:163: UserWarning: Exited postprocessing with accuracies 
[3.85680452e-09]
not reaching the requested tolerance 1e-09.
  values, vectors = lobpcg(projected_hamiltonian, guess, largest=False,
/home/erosanow_hpc/informed_swapping/BARK.py:163: UserWarning: Exited at iteration 50 with accuracies 
[1.14883473e-08]
not reaching the requested tolerance 1e-09.
Use iteration 8 instead with accuracy 
4.075882070308372e-09.

  values, vectors = lobpcg(projected_hamiltonian, guess, largest=False,
/home/erosanow_hpc/informed_swapping/BARK.py:163: UserWarning: Exited postprocessing with accuracies 
[4.07588208e-09]
not reaching the requested tolerance 1e-09.
  values, vectors = lobpcg(projected_hamiltonian, guess, largest=False,
/home/erosanow_hpc/informed_swapping/BARK.py:163: UserWarning: Exited at iteration 50 with accuracies 
[6.52728465e-09]
not reaching the requested tolerance 1e-09.
Use iteration 8 instead with accuracy 
3.792918412988458e-09.

  values, vectors = lobpcg(projected_hamiltonian, guess, largest=False,
/home/erosanow_hpc/informed_swapping/BARK.py:163: UserWarning: Exited postprocessing with accuracies 
[3.79291807e-09]
not reaching the requested tolerance 1e-09.
  values, vectors = lobpcg(projected_hamiltonian, guess, largest=False,
/home/erosanow_hpc/informed_swapping/BARK.py:163: UserWarning: Exited at iteration 50 with accuracies 
[4.78374211e-09]
not reaching the requested tolerance 1e-09.
Use iteration 9 instead with accuracy 
3.9779300734893165e-09.

  values, vectors = lobpcg(projected_hamiltonian, guess, largest=False,
/home/erosanow_hpc/informed_swapping/BARK.py:163: UserWarning: Exited postprocessing with accuracies 
[3.97793008e-09]
not reaching the requested tolerance 1e-09.
  values, vectors = lobpcg(projected_hamiltonian, guess, largest=False,
/home/erosanow_hpc/informed_swapping/BARK.py:163: UserWarning: Exited at iteration 50 with accuracies 
[6.41917626e-08]
not reaching the requested tolerance 1e-09.
Use iteration 9 instead with accuracy 
4.015017000962241e-09.

  values, vectors = lobpcg(projected_hamiltonian, guess, largest=False,
/home/erosanow_hpc/informed_swapping/BARK.py:163: UserWarning: Exited postprocessing with accuracies 
[4.015017e-09]
not reaching the requested tolerance 1e-09.
  values, vectors = lobpcg(projected_hamiltonian, guess, largest=False,
/home/erosanow_hpc/informed_swapping/BARK.py:163: UserWarning: Exited at iteration 50 with accuracies 
[5.09968958e-09]
not reaching the requested tolerance 1e-09.
Use iteration 8 instead with accuracy 
4.510286661063441e-09.

  values, vectors = lobpcg(projected_hamiltonian, guess, largest=False,
/home/erosanow_hpc/informed_swapping/BARK.py:163: UserWarning: Exited postprocessing with accuracies 
[4.51028664e-09]
not reaching the requested tolerance 1e-09.
  values, vectors = lobpcg(projected_hamiltonian, guess, largest=False,
/home/erosanow_hpc/informed_swapping/BARK.py:163: UserWarning: Exited at iteration 50 with accuracies 
[4.6616757e-09]
not reaching the requested tolerance 1e-09.
Use iteration 8 instead with accuracy 
4.582057034609073e-09.

  values, vectors = lobpcg(projected_hamiltonian, guess, largest=False,
/home/erosanow_hpc/informed_swapping/BARK.py:163: UserWarning: Exited postprocessing with accuracies 
[4.58205702e-09]
not reaching the requested tolerance 1e-09.
  values, vectors = lobpcg(projected_hamiltonian, guess, largest=False,
/home/erosanow_hpc/informed_swapping/BARK.py:163: UserWarning: Exited at iteration 50 with accuracies 
[2.33081521e-09]
not reaching the requested tolerance 1e-09.
Use iteration 51 instead with accuracy 
2.330815208643079e-09.

  values, vectors = lobpcg(projected_hamiltonian, guess, largest=False,
/home/erosanow_hpc/informed_swapping/BARK.py:163: UserWarning: Exited postprocessing with accuracies 
[2.33081522e-09]
not reaching the requested tolerance 1e-09.
  values, vectors = lobpcg(projected_hamiltonian, guess, largest=False,
/home/erosanow_hpc/informed_swapping/BARK.py:163: UserWarning: Exited at iteration 50 with accuracies 
[1.16505946e-08]
not reaching the requested tolerance 1e-09.
Use iteration 9 instead with accuracy 
1.1454061942191558e-08.

  values, vectors = lobpcg(projected_hamiltonian, guess, largest=False,
/home/erosanow_hpc/informed_swapping/BARK.py:163: UserWarning: Exited postprocessing with accuracies 
[1.14540619e-08]
not reaching the requested tolerance 1e-09.
  values, vectors = lobpcg(projected_hamiltonian, guess, largest=False,
/home/erosanow_hpc/informed_swapping/BARK.py:163: UserWarning: Exited at iteration 50 with accuracies 
[6.49670348e-09]
not reaching the requested tolerance 1e-09.
Use iteration 51 instead with accuracy 
6.496703477444168e-09.

  values, vectors = lobpcg(projected_hamiltonian, guess, largest=False,
/home/erosanow_hpc/informed_swapping/BARK.py:163: UserWarning: Exited postprocessing with accuracies 
[6.49670208e-09]
not reaching the requested tolerance 1e-09.
  values, vectors = lobpcg(projected_hamiltonian, guess, largest=False,
/home/erosanow_hpc/informed_swapping/BARK.py:163: UserWarning: Exited at iteration 50 with accuracies 
[7.73702929e-09]
not reaching the requested tolerance 1e-09.
Use iteration 9 instead with accuracy 
3.97469227653437e-09.

  values, vectors = lobpcg(projected_hamiltonian, guess, largest=False,
/home/erosanow_hpc/informed_swapping/BARK.py:163: UserWarning: Exited postprocessing with accuracies 
[3.97469228e-09]
not reaching the requested tolerance 1e-09.
  values, vectors = lobpcg(projected_hamiltonian, guess, largest=False,
/home/erosanow_hpc/informed_swapping/BARK.py:163: UserWarning: Exited at iteration 50 with accuracies 
[1.41346818e-08]
not reaching the requested tolerance 1e-09.
Use iteration 8 instead with accuracy 
3.856804546405214e-09.

  values, vectors = lobpcg(projected_hamiltonian, guess, largest=False,
/home/erosanow_hpc/informed_swapping/BARK.py:163: UserWarning: Exited postprocessing with accuracies 
[3.85680453e-09]
not reaching the requested tolerance 1e-09.
  values, vectors = lobpcg(projected_hamiltonian, guess, largest=False,
/home/erosanow_hpc/informed_swapping/BARK.py:163: UserWarning: Exited at iteration 50 with accuracies 
[1.14889319e-08]
not reaching the requested tolerance 1e-09.
Use iteration 8 instead with accuracy 
4.075882130566007e-09.

  values, vectors = lobpcg(projected_hamiltonian, guess, largest=False,
/home/erosanow_hpc/informed_swapping/BARK.py:163: UserWarning: Exited postprocessing with accuracies 
[4.07588213e-09]
not reaching the requested tolerance 1e-09.
  values, vectors = lobpcg(projected_hamiltonian, guess, largest=False,
/home/erosanow_hpc/informed_swapping/BARK.py:163: UserWarning: Exited at iteration 50 with accuracies 
[6.52723953e-09]
not reaching the requested tolerance 1e-09.
Use iteration 8 instead with accuracy 
3.792918537834415e-09.

  values, vectors = lobpcg(projected_hamiltonian, guess, largest=False,
/home/erosanow_hpc/informed_swapping/BARK.py:163: UserWarning: Exited postprocessing with accuracies 
[3.79291831e-09]
not reaching the requested tolerance 1e-09.
  values, vectors = lobpcg(projected_hamiltonian, guess, largest=False,
/home/erosanow_hpc/informed_swapping/BARK.py:163: UserWarning: Exited at iteration 50 with accuracies 
[4.78374499e-09]
not reaching the requested tolerance 1e-09.
Use iteration 9 instead with accuracy 
3.9779300817324575e-09.

  values, vectors = lobpcg(projected_hamiltonian, guess, largest=False,
/home/erosanow_hpc/informed_swapping/BARK.py:163: UserWarning: Exited postprocessing with accuracies 
[3.9779301e-09]
not reaching the requested tolerance 1e-09.
  values, vectors = lobpcg(projected_hamiltonian, guess, largest=False,
/home/erosanow_hpc/informed_swapping/BARK.py:163: UserWarning: Exited at iteration 50 with accuracies 
[6.41933025e-08]
not reaching the requested tolerance 1e-09.
Use iteration 9 instead with accuracy 
4.015016994678553e-09.

  values, vectors = lobpcg(projected_hamiltonian, guess, largest=False,
/home/erosanow_hpc/informed_swapping/BARK.py:163: UserWarning: Exited postprocessing with accuracies 
[4.01501711e-09]
not reaching the requested tolerance 1e-09.
  values, vectors = lobpcg(projected_hamiltonian, guess, largest=False,
/home/erosanow_hpc/informed_swapping/BARK.py:163: UserWarning: Exited at iteration 50 with accuracies 
[5.09969655e-09]
not reaching the requested tolerance 1e-09.
Use iteration 8 instead with accuracy 
4.510286639781771e-09.

  values, vectors = lobpcg(projected_hamiltonian, guess, largest=False,
/home/erosanow_hpc/informed_swapping/BARK.py:163: UserWarning: Exited postprocessing with accuracies 
[4.51028666e-09]
not reaching the requested tolerance 1e-09.
  values, vectors = lobpcg(projected_hamiltonian, guess, largest=False,
/home/erosanow_hpc/informed_swapping/BARK.py:163: UserWarning: Exited at iteration 50 with accuracies 
[4.66167076e-09]
not reaching the requested tolerance 1e-09.
Use iteration 8 instead with accuracy 
4.5820570211749924e-09.

  values, vectors = lobpcg(projected_hamiltonian, guess, largest=False,
/home/erosanow_hpc/informed_swapping/BARK.py:163: UserWarning: Exited postprocessing with accuracies 
[4.58205704e-09]
not reaching the requested tolerance 1e-09.
  values, vectors = lobpcg(projected_hamiltonian, guess, largest=False,
/home/erosanow_hpc/informed_swapping/BARK.py:163: UserWarning: Exited at iteration 50 with accuracies 
[2.33079156e-09]
not reaching the requested tolerance 1e-09.
Use iteration 51 instead with accuracy 
2.330791557419914e-09.

  values, vectors = lobpcg(projected_hamiltonian, guess, largest=False,
/home/erosanow_hpc/informed_swapping/BARK.py:163: UserWarning: Exited postprocessing with accuracies 
[2.33079154e-09]
not reaching the requested tolerance 1e-09.
  values, vectors = lobpcg(projected_hamiltonian, guess, largest=False,
/home/erosanow_hpc/informed_swapping/BARK.py:163: UserWarning: Exited at iteration 50 with accuracies 
[1.16505363e-08]
not reaching the requested tolerance 1e-09.
Use iteration 9 instead with accuracy 
1.145406153683572e-08.

  values, vectors = lobpcg(projected_hamiltonian, guess, largest=False,
/home/erosanow_hpc/informed_swapping/BARK.py:163: UserWarning: Exited postprocessing with accuracies 
[1.14540615e-08]
not reaching the requested tolerance 1e-09.
  values, vectors = lobpcg(projected_hamiltonian, guess, largest=False,
/home/erosanow_hpc/informed_swapping/BARK.py:163: UserWarning: Exited at iteration 50 with accuracies 
[6.49670257e-09]
not reaching the requested tolerance 1e-09.
Use iteration 51 instead with accuracy 
6.49670256780685e-09.

  values, vectors = lobpcg(projected_hamiltonian, guess, largest=False,
/home/erosanow_hpc/informed_swapping/BARK.py:163: UserWarning: Exited postprocessing with accuracies 
[6.49670254e-09]
not reaching the requested tolerance 1e-09.
  values, vectors = lobpcg(projected_hamiltonian, guess, largest=False,
/home/erosanow_hpc/informed_swapping/BARK.py:163: UserWarning: Exited at iteration 50 with accuracies 
[7.73702073e-09]
not reaching the requested tolerance 1e-09.
Use iteration 9 instead with accuracy 
3.974692280335631e-09.

  values, vectors = lobpcg(projected_hamiltonian, guess, largest=False,
/home/erosanow_hpc/informed_swapping/BARK.py:163: UserWarning: Exited at iteration 50 with accuracies 
[1.41346787e-08]
not reaching the requested tolerance 1e-09.
Use iteration 8 instead with accuracy 
3.856804522953918e-09.

  values, vectors = lobpcg(projected_hamiltonian, guess, largest=False,
/home/erosanow_hpc/informed_swapping/BARK.py:163: UserWarning: Exited at iteration 50 with accuracies 
[1.14879444e-08]
not reaching the requested tolerance 1e-09.
Use iteration 8 instead with accuracy 
4.075882068325271e-09.

  values, vectors = lobpcg(projected_hamiltonian, guess, largest=False,
/home/erosanow_hpc/informed_swapping/BARK.py:163: UserWarning: Exited postprocessing with accuracies 
[4.07588207e-09]
not reaching the requested tolerance 1e-09.
  values, vectors = lobpcg(projected_hamiltonian, guess, largest=False,
/home/erosanow_hpc/informed_swapping/BARK.py:163: UserWarning: Exited at iteration 50 with accuracies 
[6.52727106e-09]
not reaching the requested tolerance 1e-09.
Use iteration 8 instead with accuracy 
3.792918418797546e-09.

  values, vectors = lobpcg(projected_hamiltonian, guess, largest=False,
/home/erosanow_hpc/informed_swapping/BARK.py:163: UserWarning: Exited postprocessing with accuracies 
[3.79291853e-09]
not reaching the requested tolerance 1e-09.
  values, vectors = lobpcg(projected_hamiltonian, guess, largest=False,
/home/erosanow_hpc/informed_swapping/BARK.py:163: UserWarning: Exited at iteration 50 with accuracies 
[4.7837429e-09]
not reaching the requested tolerance 1e-09.
Use iteration 9 instead with accuracy 
3.977930097497159e-09.

  values, vectors = lobpcg(projected_hamiltonian, guess, largest=False,
/home/erosanow_hpc/informed_swapping/BARK.py:163: UserWarning: Exited at iteration 50 with accuracies 
[6.41927263e-08]
not reaching the requested tolerance 1e-09.
Use iteration 9 instead with accuracy 
4.015016999422451e-09.

  values, vectors = lobpcg(projected_hamiltonian, guess, largest=False,
/home/erosanow_hpc/informed_swapping/BARK.py:163: UserWarning: Exited postprocessing with accuracies 
[4.01501699e-09]
not reaching the requested tolerance 1e-09.
  values, vectors = lobpcg(projected_hamiltonian, guess, largest=False,
/home/erosanow_hpc/informed_swapping/BARK.py:163: UserWarning: Exited at iteration 50 with accuracies 
[5.0996821e-09]
not reaching the requested tolerance 1e-09.
Use iteration 8 instead with accuracy 
4.5102866372436415e-09.

  values, vectors = lobpcg(projected_hamiltonian, guess, largest=False,
/home/erosanow_hpc/informed_swapping/BARK.py:163: UserWarning: Exited at iteration 50 with accuracies 
[4.66166583e-09]
not reaching the requested tolerance 1e-09.
Use iteration 8 instead with accuracy 
4.582057020405228e-09.

  values, vectors = lobpcg(projected_hamiltonian, guess, largest=False,
/home/erosanow_hpc/informed_swapping/BARK.py:163: UserWarning: Exited postprocessing with accuracies 
[4.58205701e-09]
not reaching the requested tolerance 1e-09.
  values, vectors = lobpcg(projected_hamiltonian, guess, largest=False,
/home/erosanow_hpc/informed_swapping/BARK.py:163: UserWarning: Exited at iteration 50 with accuracies 
[2.33066394e-09]
not reaching the requested tolerance 1e-09.
Use iteration 51 instead with accuracy 
2.3306639373904454e-09.

  values, vectors = lobpcg(projected_hamiltonian, guess, largest=False,
/home/erosanow_hpc/informed_swapping/BARK.py:163: UserWarning: Exited postprocessing with accuracies 
[2.33066404e-09]
not reaching the requested tolerance 1e-09.
  values, vectors = lobpcg(projected_hamiltonian, guess, largest=False,
/home/erosanow_hpc/informed_swapping/BARK.py:163: UserWarning: Exited at iteration 50 with accuracies 
[1.16505286e-08]
not reaching the requested tolerance 1e-09.
Use iteration 9 instead with accuracy 
1.145406168762125e-08.

  values, vectors = lobpcg(projected_hamiltonian, guess, largest=False,
/home/erosanow_hpc/informed_swapping/BARK.py:163: UserWarning: Exited postprocessing with accuracies 
[1.14540617e-08]
not reaching the requested tolerance 1e-09.
  values, vectors = lobpcg(projected_hamiltonian, guess, largest=False,
/home/erosanow_hpc/informed_swapping/BARK.py:163: UserWarning: Exited at iteration 50 with accuracies 
[6.49670426e-09]
not reaching the requested tolerance 1e-09.
Use iteration 51 instead with accuracy 
6.496704257736903e-09.

  values, vectors = lobpcg(projected_hamiltonian, guess, largest=False,
/home/erosanow_hpc/informed_swapping/BARK.py:163: UserWarning: Exited postprocessing with accuracies 
[6.49670339e-09]
not reaching the requested tolerance 1e-09.
  values, vectors = lobpcg(projected_hamiltonian, guess, largest=False,
/home/erosanow_hpc/informed_swapping/BARK.py:163: UserWarning: Exited at iteration 50 with accuracies 
[4.89408373e-09]
not reaching the requested tolerance 1e-09.
Use iteration 51 instead with accuracy 
4.894083734235832e-09.

  values, vectors = lobpcg(projected_hamiltonian, guess, largest=False,
/home/erosanow_hpc/informed_swapping/BARK.py:163: UserWarning: Exited postprocessing with accuracies 
[4.89408383e-09]
not reaching the requested tolerance 1e-09.
  values, vectors = lobpcg(projected_hamiltonian, guess, largest=False,
/home/erosanow_hpc/informed_swapping/BARK.py:163: UserWarning: Exited at iteration 50 with accuracies 
[1.34028943e-08]
not reaching the requested tolerance 1e-09.
Use iteration 9 instead with accuracy 
9.94638909100535e-09.

  values, vectors = lobpcg(projected_hamiltonian, guess, largest=False,
/home/erosanow_hpc/informed_swapping/BARK.py:163: UserWarning: Exited postprocessing with accuracies 
[9.94638909e-09]
not reaching the requested tolerance 1e-09.
  values, vectors = lobpcg(projected_hamiltonian, guess, largest=False,
/home/erosanow_hpc/informed_swapping/BARK.py:163: UserWarning: Exited at iteration 50 with accuracies 
[5.66782259e-09]
not reaching the requested tolerance 1e-09.
Use iteration 51 instead with accuracy 
5.6678225913267685e-09.

  values, vectors = lobpcg(projected_hamiltonian, guess, largest=False,
/home/erosanow_hpc/informed_swapping/BARK.py:163: UserWarning: Exited postprocessing with accuracies 
[5.66782177e-09]
not reaching the requested tolerance 1e-09.
  values, vectors = lobpcg(projected_hamiltonian, guess, largest=False,
/home/erosanow_hpc/informed_swapping/BARK.py:163: UserWarning: Exited at iteration 50 with accuracies 
[7.73702516e-09]
not reaching the requested tolerance 1e-09.
Use iteration 9 instead with accuracy 
3.974692287970754e-09.

  values, vectors = lobpcg(projected_hamiltonian, guess, largest=False,
/home/erosanow_hpc/informed_swapping/BARK.py:163: UserWarning: Exited postprocessing with accuracies 
[3.97469231e-09]
not reaching the requested tolerance 1e-09.
  values, vectors = lobpcg(projected_hamiltonian, guess, largest=False,
/home/erosanow_hpc/informed_swapping/BARK.py:163: UserWarning: Exited at iteration 50 with accuracies 
[1.41346791e-08]
not reaching the requested tolerance 1e-09.
Use iteration 8 instead with accuracy 
3.856804552841465e-09.

  values, vectors = lobpcg(projected_hamiltonian, guess, largest=False,
/home/erosanow_hpc/informed_swapping/BARK.py:163: UserWarning: Exited postprocessing with accuracies 
[3.85680456e-09]
not reaching the requested tolerance 1e-09.
  values, vectors = lobpcg(projected_hamiltonian, guess, largest=False,
/home/erosanow_hpc/informed_swapping/BARK.py:163: UserWarning: Exited at iteration 50 with accuracies 
[1.14887859e-08]
not reaching the requested tolerance 1e-09.
Use iteration 8 instead with accuracy 
4.075882139610248e-09.

  values, vectors = lobpcg(projected_hamiltonian, guess, largest=False,
/home/erosanow_hpc/informed_swapping/BARK.py:163: UserWarning: Exited postprocessing with accuracies 
[4.07588214e-09]
not reaching the requested tolerance 1e-09.
  values, vectors = lobpcg(projected_hamiltonian, guess, largest=False,
/home/erosanow_hpc/informed_swapping/BARK.py:163: UserWarning: Exited at iteration 50 with accuracies 
[6.52725729e-09]
not reaching the requested tolerance 1e-09.
Use iteration 8 instead with accuracy 
3.792918544448015e-09.

  values, vectors = lobpcg(projected_hamiltonian, guess, largest=False,
/home/erosanow_hpc/informed_swapping/BARK.py:163: UserWarning: Exited postprocessing with accuracies 
[3.79291824e-09]
not reaching the requested tolerance 1e-09.
  values, vectors = lobpcg(projected_hamiltonian, guess, largest=False,
/home/erosanow_hpc/informed_swapping/BARK.py:163: UserWarning: Exited at iteration 50 with accuracies 
[4.78374094e-09]
not reaching the requested tolerance 1e-09.
Use iteration 9 instead with accuracy 
3.9779300910387555e-09.

  values, vectors = lobpcg(projected_hamiltonian, guess, largest=False,
/home/erosanow_hpc/informed_swapping/BARK.py:163: UserWarning: Exited postprocessing with accuracies 
[3.97793011e-09]
not reaching the requested tolerance 1e-09.
  values, vectors = lobpcg(projected_hamiltonian, guess, largest=False,
/home/erosanow_hpc/informed_swapping/BARK.py:163: UserWarning: Exited at iteration 50 with accuracies 
[6.41927939e-08]
not reaching the requested tolerance 1e-09.
Use iteration 9 instead with accuracy 
4.015017001566978e-09.

  values, vectors = lobpcg(projected_hamiltonian, guess, largest=False,
/home/erosanow_hpc/informed_swapping/BARK.py:163: UserWarning: Exited postprocessing with accuracies 
[4.01501707e-09]
not reaching the requested tolerance 1e-09.
  values, vectors = lobpcg(projected_hamiltonian, guess, largest=False,
/home/erosanow_hpc/informed_swapping/BARK.py:163: UserWarning: Exited at iteration 50 with accuracies 
[5.09966204e-09]
not reaching the requested tolerance 1e-09.
Use iteration 8 instead with accuracy 
4.5102866603064e-09.

  values, vectors = lobpcg(projected_hamiltonian, guess, largest=False,
/home/erosanow_hpc/informed_swapping/BARK.py:163: UserWarning: Exited at iteration 50 with accuracies 
[4.66166509e-09]
not reaching the requested tolerance 1e-09.
Use iteration 8 instead with accuracy 
4.582057129124916e-09.

  values, vectors = lobpcg(projected_hamiltonian, guess, largest=False,
/home/erosanow_hpc/informed_swapping/BARK.py:163: UserWarning: Exited at iteration 50 with accuracies 
[2.33086539e-09]
not reaching the requested tolerance 1e-09.
Use iteration 51 instead with accuracy 
2.3308653945258788e-09.

  values, vectors = lobpcg(projected_hamiltonian, guess, largest=False,
/home/erosanow_hpc/informed_swapping/BARK.py:163: UserWarning: Exited postprocessing with accuracies 
[2.33086539e-09]
not reaching the requested tolerance 1e-09.
  values, vectors = lobpcg(projected_hamiltonian, guess, largest=False,
/home/erosanow_hpc/informed_swapping/BARK.py:163: UserWarning: Exited at iteration 50 with accuracies 
[1.16508607e-08]
not reaching the requested tolerance 1e-09.
Use iteration 9 instead with accuracy 
1.145406114963089e-08.

  values, vectors = lobpcg(projected_hamiltonian, guess, largest=False,
/home/erosanow_hpc/informed_swapping/BARK.py:163: UserWarning: Exited postprocessing with accuracies 
[1.14540611e-08]
not reaching the requested tolerance 1e-09.
  values, vectors = lobpcg(projected_hamiltonian, guess, largest=False,
/home/erosanow_hpc/informed_swapping/BARK.py:163: UserWarning: Exited at iteration 50 with accuracies 
[6.49669578e-09]
not reaching the requested tolerance 1e-09.
Use iteration 51 instead with accuracy 
6.4966957793833405e-09.

  values, vectors = lobpcg(projected_hamiltonian, guess, largest=False,
/home/erosanow_hpc/informed_swapping/BARK.py:163: UserWarning: Exited postprocessing with accuracies 
[6.49669575e-09]
not reaching the requested tolerance 1e-09.
  values, vectors = lobpcg(projected_hamiltonian, guess, largest=False,
/home/erosanow_hpc/informed_swapping/BARK.py:163: UserWarning: Exited at iteration 50 with accuracies 
[7.73702267e-09]
not reaching the requested tolerance 1e-09.
Use iteration 9 instead with accuracy 
3.974692302017985e-09.

  values, vectors = lobpcg(projected_hamiltonian, guess, largest=False,
/home/erosanow_hpc/informed_swapping/BARK.py:163: UserWarning: Exited at iteration 50 with accuracies 
[1.41346797e-08]
not reaching the requested tolerance 1e-09.
Use iteration 8 instead with accuracy 
3.856804546841202e-09.

  values, vectors = lobpcg(projected_hamiltonian, guess, largest=False,
/home/erosanow_hpc/informed_swapping/BARK.py:163: UserWarning: Exited postprocessing with accuracies 
[3.85680455e-09]
not reaching the requested tolerance 1e-09.
  values, vectors = lobpcg(projected_hamiltonian, guess, largest=False,
/home/erosanow_hpc/informed_swapping/BARK.py:163: UserWarning: Exited at iteration 50 with accuracies 
[1.14885256e-08]
not reaching the requested tolerance 1e-09.
Use iteration 8 instead with accuracy 
4.075882077435987e-09.

  values, vectors = lobpcg(projected_hamiltonian, guess, largest=False,
/home/erosanow_hpc/informed_swapping/BARK.py:163: UserWarning: Exited at iteration 50 with accuracies 
[6.52728529e-09]
not reaching the requested tolerance 1e-09.
Use iteration 8 instead with accuracy 
3.792918449027902e-09.

  values, vectors = lobpcg(projected_hamiltonian, guess, largest=False,
/home/erosanow_hpc/informed_swapping/BARK.py:163: UserWarning: Exited postprocessing with accuracies 
[3.79291808e-09]
not reaching the requested tolerance 1e-09.
  values, vectors = lobpcg(projected_hamiltonian, guess, largest=False,
/home/erosanow_hpc/informed_swapping/BARK.py:163: UserWarning: Exited at iteration 50 with accuracies 
[4.78374009e-09]
not reaching the requested tolerance 1e-09.
Use iteration 9 instead with accuracy 
3.977930101878957e-09.

  values, vectors = lobpcg(projected_hamiltonian, guess, largest=False,
/home/erosanow_hpc/informed_swapping/BARK.py:163: UserWarning: Exited at iteration 50 with accuracies 
[6.4193278e-08]
not reaching the requested tolerance 1e-09.
Use iteration 9 instead with accuracy 
4.015016998904475e-09.

  values, vectors = lobpcg(projected_hamiltonian, guess, largest=False,
/home/erosanow_hpc/informed_swapping/BARK.py:163: UserWarning: Exited postprocessing with accuracies 
[4.01501701e-09]
not reaching the requested tolerance 1e-09.
  values, vectors = lobpcg(projected_hamiltonian, guess, largest=False,
/home/erosanow_hpc/informed_swapping/BARK.py:163: UserWarning: Exited at iteration 50 with accuracies 
[5.09967767e-09]
not reaching the requested tolerance 1e-09.
Use iteration 8 instead with accuracy 
4.510286654382363e-09.

  values, vectors = lobpcg(projected_hamiltonian, guess, largest=False,
/home/erosanow_hpc/informed_swapping/BARK.py:163: UserWarning: Exited at iteration 50 with accuracies 
[4.66166619e-09]
not reaching the requested tolerance 1e-09.
Use iteration 8 instead with accuracy 
4.5820570486074515e-09.

  values, vectors = lobpcg(projected_hamiltonian, guess, largest=False,
/home/erosanow_hpc/informed_swapping/BARK.py:163: UserWarning: Exited postprocessing with accuracies 
[4.58205703e-09]
not reaching the requested tolerance 1e-09.
  values, vectors = lobpcg(projected_hamiltonian, guess, largest=False,
/home/erosanow_hpc/informed_swapping/BARK.py:163: UserWarning: Exited at iteration 50 with accuracies 
[2.33101202e-09]
not reaching the requested tolerance 1e-09.
Use iteration 51 instead with accuracy 
2.3310120233091126e-09.

  values, vectors = lobpcg(projected_hamiltonian, guess, largest=False,
/home/erosanow_hpc/informed_swapping/BARK.py:163: UserWarning: Exited postprocessing with accuracies 
[2.33101201e-09]
not reaching the requested tolerance 1e-09.
  values, vectors = lobpcg(projected_hamiltonian, guess, largest=False,
/home/erosanow_hpc/informed_swapping/BARK.py:163: UserWarning: Exited at iteration 50 with accuracies 
[1.16506126e-08]
not reaching the requested tolerance 1e-09.
Use iteration 9 instead with accuracy 
1.1454059981807614e-08.

  values, vectors = lobpcg(projected_hamiltonian, guess, largest=False,
/home/erosanow_hpc/informed_swapping/BARK.py:163: UserWarning: Exited postprocessing with accuracies 
[1.145406e-08]
not reaching the requested tolerance 1e-09.
  values, vectors = lobpcg(projected_hamiltonian, guess, largest=False,
/home/erosanow_hpc/informed_swapping/BARK.py:163: UserWarning: Exited at iteration 50 with accuracies 
[6.49669776e-09]
not reaching the requested tolerance 1e-09.
Use iteration 51 instead with accuracy 
6.4966977620252455e-09.

  values, vectors = lobpcg(projected_hamiltonian, guess, largest=False,
/home/erosanow_hpc/informed_swapping/BARK.py:163: UserWarning: Exited postprocessing with accuracies 
[6.4966981e-09]
not reaching the requested tolerance 1e-09.
  values, vectors = lobpcg(projected_hamiltonian, guess, largest=False,
