host=node093 task=34 threads=4
[job 34/40] 78 cells (30 x n=6, 30 x n=8, 15 x n=10, 3 x n=12)
[job 34] 1/78 n=6 dimensions=1 delta=100.0 J=-0.81358 Bx=0.0 By=0.0 Bz=0.120636 ham=0 took 0.1s (elapsed 0.1s)
[job 34] 2/78 n=6 dimensions=1 delta=100.0 J=0.494654 Bx=0.0 By=0.0 Bz=0.709254 ham=1 took 0.4s (elapsed 0.5s)
[job 34] 3/78 n=6 dimensions=1 delta=100.0 J=0.0689 Bx=0.0 By=0.0 Bz=0.546175 ham=2 took 0.3s (elapsed 0.8s)
[job 34] 4/78 n=6 dimensions=1 delta=100.0 J=-0.746409 Bx=0.0 By=0.0 Bz=-0.96867 ham=3 took 0.1s (elapsed 1.0s)
[job 34] 5/78 n=6 dimensions=1 delta=100.0 J=0.139088 Bx=0.0 By=0.0 Bz=-0.127075 ham=4 took 0.5s (elapsed 1.5s)
[job 34] 6/78 n=6 dimensions=1 delta=100.0 J=-0.806853 Bx=0.0 By=0.0 Bz=-0.047127 ham=5 took 0.1s (elapsed 1.7s)
[job 34] 7/78 n=6 dimensions=1 delta=100.0 J=-0.958446 Bx=0.0 By=0.0 Bz=-0.004125 ham=6 took 0.1s (elapsed 1.8s)
[job 34] 8/78 n=6 dimensions=1 delta=100.0 J=-0.603824 Bx=0.0 By=0.0 Bz=-0.287176 ham=7 took 0.1s (elapsed 2.0s)
[job 34] 9/78 n=6 dimensions=1 delta=100.0 J=0.039924 Bx=0.0 By=0.0 Bz=-0.550025 ham=8 took 0.3s (elapsed 2.4s)
[job 34] 10/78 n=6 dimensions=1 delta=100.0 J=0.454189 Bx=0.0 By=0.0 Bz=0.225511 ham=9 took 0.6s (elapsed 3.0s)
[job 34] 11/78 n=6 dimensions=1 delta=100.0 J=0.476303 Bx=0.0 By=0.0 Bz=-0.594078 ham=10 took 0.6s (elapsed 3.7s)
[job 34] 12/78 n=6 dimensions=1 delta=100.0 J=-0.899855 Bx=0.0 By=0.0 Bz=0.734512 ham=11 took 0.2s (elapsed 3.9s)
[job 34] 13/78 n=6 dimensions=1 delta=100.0 J=-0.504785 Bx=0.0 By=0.0 Bz=-0.800446 ham=12 took 0.0s (elapsed 3.9s)
[job 34] 14/78 n=6 dimensions=1 delta=100.0 J=-0.640511 Bx=0.0 By=0.0 Bz=0.767532 ham=13 took 0.2s (elapsed 4.2s)
[job 34] 15/78 n=6 dimensions=1 delta=100.0 J=0.618667 Bx=0.0 By=0.0 Bz=-0.813737 ham=14 took 0.4s (elapsed 4.6s)
[job 34] 16/78 n=6 dimensions=2 delta=100.0 J=-0.81358 Bx=0.0 By=0.0 Bz=0.120636 ham=0 took 0.1s (elapsed 4.8s)
[job 34] 17/78 n=6 dimensions=2 delta=100.0 J=0.494654 Bx=0.0 By=0.0 Bz=0.709254 ham=1 took 0.5s (elapsed 5.3s)
[job 34] 18/78 n=6 dimensions=2 delta=100.0 J=0.0689 Bx=0.0 By=0.0 Bz=0.546175 ham=2 took 0.5s (elapsed 5.9s)
[job 34] 19/78 n=6 dimensions=2 delta=100.0 J=-0.746409 Bx=0.0 By=0.0 Bz=-0.96867 ham=3 took 0.1s (elapsed 6.2s)
[job 34] 20/78 n=6 dimensions=2 delta=100.0 J=0.139088 Bx=0.0 By=0.0 Bz=-0.127075 ham=4 took 0.2s (elapsed 6.4s)
[job 34] 21/78 n=6 dimensions=2 delta=100.0 J=-0.806853 Bx=0.0 By=0.0 Bz=-0.047127 ham=5 took 0.1s (elapsed 6.6s)
[job 34] 22/78 n=6 dimensions=2 delta=100.0 J=-0.958446 Bx=0.0 By=0.0 Bz=-0.004125 ham=6 took 0.0s (elapsed 6.7s)
[job 34] 23/78 n=6 dimensions=2 delta=100.0 J=-0.603824 Bx=0.0 By=0.0 Bz=-0.287176 ham=7 took 0.1s (elapsed 7.0s)
[job 34] 24/78 n=6 dimensions=2 delta=100.0 J=0.039924 Bx=0.0 By=0.0 Bz=-0.550025 ham=8 took 0.4s (elapsed 7.5s)
[job 34] 25/78 n=6 dimensions=2 delta=100.0 J=0.454189 Bx=0.0 By=0.0 Bz=0.225511 ham=9 took 0.4s (elapsed 7.9s)
[job 34] 26/78 n=6 dimensions=2 delta=100.0 J=0.476303 Bx=0.0 By=0.0 Bz=-0.594078 ham=10 took 0.4s (elapsed 8.4s)
[job 34] 27/78 n=6 dimensions=2 delta=100.0 J=-0.899855 Bx=0.0 By=0.0 Bz=0.734512 ham=11 took 0.2s (elapsed 8.7s)
[job 34] 28/78 n=6 dimensions=2 delta=100.0 J=-0.504785 Bx=0.0 By=0.0 Bz=-0.800446 ham=12 took 0.0s (elapsed 8.8s)
[job 34] 29/78 n=6 dimensions=2 delta=100.0 J=-0.640511 Bx=0.0 By=0.0 Bz=0.767532 ham=13 took 0.1s (elapsed 9.0s)
[job 34] 30/78 n=6 dimensions=2 delta=100.0 J=0.618667 Bx=0.0 By=0.0 Bz=-0.813737 ham=14 took 0.9s (elapsed 10.0s)
[job 34] 31/78 n=8 dimensions=1 delta=100.0 J=-0.81358 Bx=0.0 By=0.0 Bz=0.120636 ham=0 took 0.1s (elapsed 10.2s)
[job 34] 32/78 n=8 dimensions=1 delta=100.0 J=0.494654 Bx=0.0 By=0.0 Bz=0.709254 ham=1 took 1.1s (elapsed 11.4s)
[job 34] 33/78 n=8 dimensions=1 delta=100.0 J=0.0689 Bx=0.0 By=0.0 Bz=0.546175 ham=2 took 0.8s (elapsed 12.4s)
[job 34] 34/78 n=8 dimensions=1 delta=100.0 J=-0.746409 Bx=0.0 By=0.0 Bz=-0.96867 ham=3 took 0.3s (elapsed 12.8s)
[job 34] 35/78 n=8 dimensions=1 delta=100.0 J=0.139088 Bx=0.0 By=0.0 Bz=-0.127075 ham=4 took 1.0s (elapsed 13.9s)
[job 34] 36/78 n=8 dimensions=1 delta=100.0 J=-0.806853 Bx=0.0 By=0.0 Bz=-0.047127 ham=5 took 0.0s (elapsed 14.1s)
[job 34] 37/78 n=8 dimensions=1 delta=100.0 J=-0.958446 Bx=0.0 By=0.0 Bz=-0.004125 ham=6 took 0.0s (elapsed 14.3s)
[job 34] 38/78 n=8 dimensions=1 delta=100.0 J=-0.603824 Bx=0.0 By=0.0 Bz=-0.287176 ham=7 took 0.2s (elapsed 14.6s)
[job 34] 39/78 n=8 dimensions=1 delta=100.0 J=0.039924 Bx=0.0 By=0.0 Bz=-0.550025 ham=8 took 0.5s (elapsed 15.2s)
[job 34] 40/78 n=8 dimensions=1 delta=100.0 J=0.454189 Bx=0.0 By=0.0 Bz=0.225511 ham=9 took 0.7s (elapsed 16.1s)
[job 34] 41/78 n=8 dimensions=1 delta=100.0 J=0.476303 Bx=0.0 By=0.0 Bz=-0.594078 ham=10 took 0.6s (elapsed 16.8s)
[job 34] 42/78 n=8 dimensions=1 delta=100.0 J=-0.899855 Bx=0.0 By=0.0 Bz=0.734512 ham=11 took 0.0s (elapsed 17.0s)
[job 34] 43/78 n=8 dimensions=1 delta=100.0 J=-0.504785 Bx=0.0 By=0.0 Bz=-0.800446 ham=12 took 0.2s (elapsed 17.3s)
[job 34] 44/78 n=8 dimensions=1 delta=100.0 J=-0.640511 Bx=0.0 By=0.0 Bz=0.767532 ham=13 took 0.0s (elapsed 17.5s)
[job 34] 45/78 n=8 dimensions=1 delta=100.0 J=0.618667 Bx=0.0 By=0.0 Bz=-0.813737 ham=14 took 0.7s (elapsed 18.3s)
[job 34] 46/78 n=8 dimensions=2 delta=100.0 J=-0.81358 Bx=0.0 By=0.0 Bz=0.120636 ham=0 took 0.2s (elapsed 18.7s)
[job 34] 47/78 n=8 dimensions=2 delta=100.0 J=0.494654 Bx=0.0 By=0.0 Bz=0.709254 ham=1 took 1.0s (elapsed 19.8s)
[job 34] 48/78 n=8 dimensions=2 delta=100.0 J=0.0689 Bx=0.0 By=0.0 Bz=0.546175 ham=2 took 0.5s (elapsed 20.5s)
[job 34] 49/78 n=8 dimensions=2 delta=100.0 J=-0.746409 Bx=0.0 By=0.0 Bz=-0.96867 ham=3 took 0.0s (elapsed 20.7s)
[job 34] 50/78 n=8 dimensions=2 delta=100.0 J=0.139088 Bx=0.0 By=0.0 Bz=-0.127075 ham=4 took 1.1s (elapsed 22.0s)
[job 34] 51/78 n=8 dimensions=2 delta=100.0 J=-0.806853 Bx=0.0 By=0.0 Bz=-0.047127 ham=5 took 0.0s (elapsed 22.2s)
[job 34] 52/78 n=8 dimensions=2 delta=100.0 J=-0.958446 Bx=0.0 By=0.0 Bz=-0.004125 ham=6 took 0.0s (elapsed 22.4s)
[job 34] 53/78 n=8 dimensions=2 delta=100.0 J=-0.603824 Bx=0.0 By=0.0 Bz=-0.287176 ham=7 took 0.0s (elapsed 22.6s)
[job 34] 54/78 n=8 dimensions=2 delta=100.0 J=0.039924 Bx=0.0 By=0.0 Bz=-0.550025 ham=8 took 0.6s (elapsed 23.4s)
[job 34] 55/78 n=8 dimensions=2 delta=100.0 J=0.454189 Bx=0.0 By=0.0 Bz=0.225511 ham=9 took 0.9s (elapsed 24.5s)
[job 34] 56/78 n=8 dimensions=2 delta=100.0 J=0.476303 Bx=0.0 By=0.0 Bz=-0.594078 ham=10 took 1.3s (elapsed 25.9s)
[job 34] 57/78 n=8 dimensions=2 delta=100.0 J=-0.899855 Bx=0.0 By=0.0 Bz=0.734512 ham=11 took 0.2s (elapsed 26.3s)
[job 34] 58/78 n=8 dimensions=2 delta=100.0 J=-0.504785 Bx=0.0 By=0.0 Bz=-0.800446 ham=12 took 0.0s (elapsed 26.5s)
[job 34] 59/78 n=8 dimensions=2 delta=100.0 J=-0.640511 Bx=0.0 By=0.0 Bz=0.767532 ham=13 took 0.0s (elapsed 26.8s)
[job 34] 60/78 n=8 dimensions=2 delta=100.0 J=0.618667 Bx=0.0 By=0.0 Bz=-0.813737 ham=14 took 0.6s (elapsed 27.6s)
[job 34] 61/78 n=10 dimensions=1 delta=100.0 J=-0.81358 Bx=0.0 By=0.0 Bz=0.120636 ham=0 took 0.6s (elapsed 28.5s)
[job 34] 62/78 n=10 dimensions=1 delta=100.0 J=0.494654 Bx=0.0 By=0.0 Bz=0.709254 ham=1 took 7.2s (elapsed 35.8s)
[job 34] 63/78 n=10 dimensions=1 delta=100.0 J=-0.746409 Bx=0.0 By=0.0 Bz=-0.96867 ham=3 took 0.7s (elapsed 36.8s)
[job 34] 64/78 n=10 dimensions=1 delta=100.0 J=-0.806853 Bx=0.0 By=0.0 Bz=-0.047127 ham=5 took 0.7s (elapsed 37.7s)
[job 34] 65/78 n=10 dimensions=1 delta=100.0 J=-0.603824 Bx=0.0 By=0.0 Bz=-0.287176 ham=7 took 0.6s (elapsed 38.5s)
[job 34] 66/78 n=10 dimensions=1 delta=100.0 J=0.454189 Bx=0.0 By=0.0 Bz=0.225511 ham=9 took 7.0s (elapsed 45.6s)
[job 34] 67/78 n=10 dimensions=1 delta=100.0 J=-0.899855 Bx=0.0 By=0.0 Bz=0.734512 ham=11 took 0.6s (elapsed 46.5s)
[job 34] 68/78 n=10 dimensions=1 delta=100.0 J=-0.640511 Bx=0.0 By=0.0 Bz=0.767532 ham=13 took 0.7s (elapsed 47.3s)
[job 34] 69/78 n=10 dimensions=2 delta=100.0 J=0.494654 Bx=0.0 By=0.0 Bz=0.709254 ham=1 took 10.3s (elapsed 57.9s)
[job 34] 70/78 n=10 dimensions=2 delta=100.0 J=-0.746409 Bx=0.0 By=0.0 Bz=-0.96867 ham=3 took 0.5s (elapsed 58.7s)
[job 34] 71/78 n=10 dimensions=2 delta=100.0 J=-0.806853 Bx=0.0 By=0.0 Bz=-0.047127 ham=5 took 0.6s (elapsed 59.5s)
[job 34] 72/78 n=10 dimensions=2 delta=100.0 J=-0.603824 Bx=0.0 By=0.0 Bz=-0.287176 ham=7 took 0.5s (elapsed 60.2s)
[job 34] 73/78 n=10 dimensions=2 delta=100.0 J=0.454189 Bx=0.0 By=0.0 Bz=0.225511 ham=9 took 10.6s (elapsed 71.0s)
[job 34] 74/78 n=10 dimensions=2 delta=100.0 J=-0.899855 Bx=0.0 By=0.0 Bz=0.734512 ham=11 took 0.6s (elapsed 71.9s)
[job 34] 75/78 n=10 dimensions=2 delta=100.0 J=-0.640511 Bx=0.0 By=0.0 Bz=0.767532 ham=13 took 0.7s (elapsed 72.8s)
[job 34] 76/78 n=12 dimensions=1 delta=100.0 J=0.039924 Bx=0.0 By=0.0 Bz=-0.550025 ham=8 took 79.2s (elapsed 152.3s)
[job 34] 77/78 n=12 dimensions=2 delta=100.0 J=-0.958446 Bx=0.0 By=0.0 Bz=-0.004125 ham=6 took 24.7s (elapsed 177.2s)
[job 34] 78/78 n=12 dimensions=2 delta=100.0 J=0.618667 Bx=0.0 By=0.0 Bz=-0.813737 ham=14 took 70.0s (elapsed 247.5s)
[job 34] wrote 22836 rows to bitstring_shards_heisenberg/shard_00034.csv in 248.0s
