host=node041 task=32 threads=4
[job 32/40] 78 cells (30 x n=6, 30 x n=8, 15 x n=10, 3 x n=12)
[job 32] 1/78 n=6 dimensions=1 delta=1.0 J=-0.81358 Bx=0.0 By=0.0 Bz=0.120636 ham=0 took 0.1s (elapsed 0.1s)
[job 32] 2/78 n=6 dimensions=1 delta=1.0 J=0.494654 Bx=0.0 By=0.0 Bz=0.709254 ham=1 took 0.4s (elapsed 0.5s)
[job 32] 3/78 n=6 dimensions=1 delta=1.0 J=0.0689 Bx=0.0 By=0.0 Bz=0.546175 ham=2 took 0.3s (elapsed 0.8s)
[job 32] 4/78 n=6 dimensions=1 delta=1.0 J=-0.746409 Bx=0.0 By=0.0 Bz=-0.96867 ham=3 took 0.1s (elapsed 1.0s)
[job 32] 5/78 n=6 dimensions=1 delta=1.0 J=0.139088 Bx=0.0 By=0.0 Bz=-0.127075 ham=4 took 5.4s (elapsed 6.4s)
[job 32] 6/78 n=6 dimensions=1 delta=1.0 J=-0.806853 Bx=0.0 By=0.0 Bz=-0.047127 ham=5 took 0.1s (elapsed 6.5s)
[job 32] 7/78 n=6 dimensions=1 delta=1.0 J=-0.958446 Bx=0.0 By=0.0 Bz=-0.004125 ham=6 took 0.2s (elapsed 6.8s)
[job 32] 8/78 n=6 dimensions=1 delta=1.0 J=-0.603824 Bx=0.0 By=0.0 Bz=-0.287176 ham=7 took 0.0s (elapsed 6.8s)
[job 32] 9/78 n=6 dimensions=1 delta=1.0 J=0.039924 Bx=0.0 By=0.0 Bz=-0.550025 ham=8 took 0.1s (elapsed 7.0s)
[job 32] 10/78 n=6 dimensions=1 delta=1.0 J=0.454189 Bx=0.0 By=0.0 Bz=0.225511 ham=9 took 10.5s (elapsed 17.6s)
[job 32] 11/78 n=6 dimensions=1 delta=1.0 J=0.476303 Bx=0.0 By=0.0 Bz=-0.594078 ham=10 took 0.3s (elapsed 17.9s)
[job 32] 12/78 n=6 dimensions=1 delta=1.0 J=-0.899855 Bx=0.0 By=0.0 Bz=0.734512 ham=11 took 0.2s (elapsed 18.1s)
[job 32] 13/78 n=6 dimensions=1 delta=1.0 J=-0.504785 Bx=0.0 By=0.0 Bz=-0.800446 ham=12 took 0.1s (elapsed 18.3s)
[job 32] 14/78 n=6 dimensions=1 delta=1.0 J=-0.640511 Bx=0.0 By=0.0 Bz=0.767532 ham=13 took 0.2s (elapsed 18.5s)
[job 32] 15/78 n=6 dimensions=1 delta=1.0 J=0.618667 Bx=0.0 By=0.0 Bz=-0.813737 ham=14 took 0.2s (elapsed 18.8s)
[job 32] 16/78 n=6 dimensions=2 delta=1.0 J=-0.81358 Bx=0.0 By=0.0 Bz=0.120636 ham=0 took 0.0s (elapsed 18.8s)
[job 32] 17/78 n=6 dimensions=2 delta=1.0 J=0.494654 Bx=0.0 By=0.0 Bz=0.709254 ham=1 took 8.6s (elapsed 27.4s)
[job 32] 18/78 n=6 dimensions=2 delta=1.0 J=0.0689 Bx=0.0 By=0.0 Bz=0.546175 ham=2 took 0.1s (elapsed 27.7s)
[job 32] 19/78 n=6 dimensions=2 delta=1.0 J=-0.746409 Bx=0.0 By=0.0 Bz=-0.96867 ham=3 took 0.1s (elapsed 27.8s)
[job 32] 20/78 n=6 dimensions=2 delta=1.0 J=0.139088 Bx=0.0 By=0.0 Bz=-0.127075 ham=4 took 8.9s (elapsed 36.8s)
[job 32] 21/78 n=6 dimensions=2 delta=1.0 J=-0.806853 Bx=0.0 By=0.0 Bz=-0.047127 ham=5 took 0.1s (elapsed 37.0s)
[job 32] 22/78 n=6 dimensions=2 delta=1.0 J=-0.958446 Bx=0.0 By=0.0 Bz=-0.004125 ham=6 took 0.2s (elapsed 37.2s)
[job 32] 23/78 n=6 dimensions=2 delta=1.0 J=-0.603824 Bx=0.0 By=0.0 Bz=-0.287176 ham=7 took 0.0s (elapsed 37.3s)
[job 32] 24/78 n=6 dimensions=2 delta=1.0 J=0.039924 Bx=0.0 By=0.0 Bz=-0.550025 ham=8 took 0.2s (elapsed 37.5s)
[job 32] 25/78 n=6 dimensions=2 delta=1.0 J=0.454189 Bx=0.0 By=0.0 Bz=0.225511 ham=9 took 8.1s (elapsed 45.7s)
[job 32] 26/78 n=6 dimensions=2 delta=1.0 J=0.476303 Bx=0.0 By=0.0 Bz=-0.594078 ham=10 took 8.6s (elapsed 54.3s)
[job 32] 27/78 n=6 dimensions=2 delta=1.0 J=-0.899855 Bx=0.0 By=0.0 Bz=0.734512 ham=11 took 0.1s (elapsed 54.6s)
[job 32] 28/78 n=6 dimensions=2 delta=1.0 J=-0.504785 Bx=0.0 By=0.0 Bz=-0.800446 ham=12 took 0.2s (elapsed 54.8s)
[job 32] 29/78 n=6 dimensions=2 delta=1.0 J=-0.640511 Bx=0.0 By=0.0 Bz=0.767532 ham=13 took 0.0s (elapsed 54.9s)
[job 32] 30/78 n=6 dimensions=2 delta=1.0 J=0.618667 Bx=0.0 By=0.0 Bz=-0.813737 ham=14 took 11.8s (elapsed 66.8s)
[job 32] 31/78 n=8 dimensions=1 delta=1.0 J=-0.81358 Bx=0.0 By=0.0 Bz=0.120636 ham=0 took 0.1s (elapsed 67.1s)
[job 32] 32/78 n=8 dimensions=1 delta=1.0 J=0.494654 Bx=0.0 By=0.0 Bz=0.709254 ham=1 took 8.9s (elapsed 76.0s)
[job 32] 33/78 n=8 dimensions=1 delta=1.0 J=0.0689 Bx=0.0 By=0.0 Bz=0.546175 ham=2 took 0.1s (elapsed 76.3s)
[job 32] 34/78 n=8 dimensions=1 delta=1.0 J=-0.746409 Bx=0.0 By=0.0 Bz=-0.96867 ham=3 took 0.0s (elapsed 76.4s)
[job 32] 35/78 n=8 dimensions=1 delta=1.0 J=0.139088 Bx=0.0 By=0.0 Bz=-0.127075 ham=4 took 5.4s (elapsed 81.9s)
[job 32] 36/78 n=8 dimensions=1 delta=1.0 J=-0.806853 Bx=0.0 By=0.0 Bz=-0.047127 ham=5 took 0.1s (elapsed 82.2s)
[job 32] 37/78 n=8 dimensions=1 delta=1.0 J=-0.958446 Bx=0.0 By=0.0 Bz=-0.004125 ham=6 took 0.0s (elapsed 82.3s)
[job 32] 38/78 n=8 dimensions=1 delta=1.0 J=-0.603824 Bx=0.0 By=0.0 Bz=-0.287176 ham=7 took 0.0s (elapsed 82.4s)
[job 32] 39/78 n=8 dimensions=1 delta=1.0 J=0.039924 Bx=0.0 By=0.0 Bz=-0.550025 ham=8 took 0.2s (elapsed 82.7s)
[job 32] 40/78 n=8 dimensions=1 delta=1.0 J=0.454189 Bx=0.0 By=0.0 Bz=0.225511 ham=9 took 16.4s (elapsed 99.2s)
[job 32] 41/78 n=8 dimensions=1 delta=1.0 J=0.476303 Bx=0.0 By=0.0 Bz=-0.594078 ham=10 took 8.0s (elapsed 107.4s)
[job 32] 42/78 n=8 dimensions=1 delta=1.0 J=-0.899855 Bx=0.0 By=0.0 Bz=0.734512 ham=11 took 0.1s (elapsed 107.7s)
[job 32] 43/78 n=8 dimensions=1 delta=1.0 J=-0.504785 Bx=0.0 By=0.0 Bz=-0.800446 ham=12 took 0.0s (elapsed 107.9s)
[job 32] 44/78 n=8 dimensions=1 delta=1.0 J=-0.640511 Bx=0.0 By=0.0 Bz=0.767532 ham=13 took 0.1s (elapsed 108.1s)
[job 32] 45/78 n=8 dimensions=1 delta=1.0 J=0.618667 Bx=0.0 By=0.0 Bz=-0.813737 ham=14 took 8.6s (elapsed 116.9s)
[job 32] 46/78 n=8 dimensions=2 delta=1.0 J=-0.81358 Bx=0.0 By=0.0 Bz=0.120636 ham=0 took 0.0s (elapsed 117.0s)
[job 32] 47/78 n=8 dimensions=2 delta=1.0 J=0.494654 Bx=0.0 By=0.0 Bz=0.709254 ham=1 took 15.3s (elapsed 132.5s)
[job 32] 48/78 n=8 dimensions=2 delta=1.0 J=0.0689 Bx=0.0 By=0.0 Bz=0.546175 ham=2 took 0.0s (elapsed 132.7s)
[job 32] 49/78 n=8 dimensions=2 delta=1.0 J=-0.746409 Bx=0.0 By=0.0 Bz=-0.96867 ham=3 took 0.0s (elapsed 132.9s)
[job 32] 50/78 n=8 dimensions=2 delta=1.0 J=0.139088 Bx=0.0 By=0.0 Bz=-0.127075 ham=4 took 14.6s (elapsed 147.7s)
[job 32] 51/78 n=8 dimensions=2 delta=1.0 J=-0.806853 Bx=0.0 By=0.0 Bz=-0.047127 ham=5 took 0.2s (elapsed 148.0s)
[job 32] 52/78 n=8 dimensions=2 delta=1.0 J=-0.958446 Bx=0.0 By=0.0 Bz=-0.004125 ham=6 took 0.2s (elapsed 148.3s)
[job 32] 53/78 n=8 dimensions=2 delta=1.0 J=-0.603824 Bx=0.0 By=0.0 Bz=-0.287176 ham=7 took 0.2s (elapsed 148.6s)
[job 32] 54/78 n=8 dimensions=2 delta=1.0 J=0.039924 Bx=0.0 By=0.0 Bz=-0.550025 ham=8 took 0.0s (elapsed 148.7s)
[job 32] 55/78 n=8 dimensions=2 delta=1.0 J=0.454189 Bx=0.0 By=0.0 Bz=0.225511 ham=9 took 15.7s (elapsed 164.5s)
[job 32] 56/78 n=8 dimensions=2 delta=1.0 J=0.476303 Bx=0.0 By=0.0 Bz=-0.594078 ham=10 took 21.1s (elapsed 185.8s)
[job 32] 57/78 n=8 dimensions=2 delta=1.0 J=-0.899855 Bx=0.0 By=0.0 Bz=0.734512 ham=11 took 0.0s (elapsed 186.0s)
[job 32] 58/78 n=8 dimensions=2 delta=1.0 J=-0.504785 Bx=0.0 By=0.0 Bz=-0.800446 ham=12 took 0.0s (elapsed 186.2s)
[job 32] 59/78 n=8 dimensions=2 delta=1.0 J=-0.640511 Bx=0.0 By=0.0 Bz=0.767532 ham=13 took 0.0s (elapsed 186.4s)
[job 32] 60/78 n=8 dimensions=2 delta=1.0 J=0.618667 Bx=0.0 By=0.0 Bz=-0.813737 ham=14 took 15.1s (elapsed 201.7s)
[job 32] 61/78 n=10 dimensions=1 delta=1.0 J=-0.81358 Bx=0.0 By=0.0 Bz=0.120636 ham=0 took 0.5s (elapsed 202.4s)
[job 32] 62/78 n=10 dimensions=1 delta=1.0 J=0.494654 Bx=0.0 By=0.0 Bz=0.709254 ham=1 took 32.0s (elapsed 234.5s)
[job 32] 63/78 n=10 dimensions=1 delta=1.0 J=-0.746409 Bx=0.0 By=0.0 Bz=-0.96867 ham=3 took 0.5s (elapsed 235.3s)
[job 32] 64/78 n=10 dimensions=1 delta=1.0 J=-0.806853 Bx=0.0 By=0.0 Bz=-0.047127 ham=5 took 0.5s (elapsed 235.9s)
[job 32] 65/78 n=10 dimensions=1 delta=1.0 J=-0.603824 Bx=0.0 By=0.0 Bz=-0.287176 ham=7 took 0.5s (elapsed 236.5s)
[job 32] 66/78 n=10 dimensions=1 delta=1.0 J=0.454189 Bx=0.0 By=0.0 Bz=0.225511 ham=9 took 39.8s (elapsed 276.5s)
[job 32] 67/78 n=10 dimensions=1 delta=1.0 J=-0.899855 Bx=0.0 By=0.0 Bz=0.734512 ham=11 took 0.5s (elapsed 277.2s)
[job 32] 68/78 n=10 dimensions=1 delta=1.0 J=-0.640511 Bx=0.0 By=0.0 Bz=0.767532 ham=13 took 0.5s (elapsed 277.8s)
[job 32] 69/78 n=10 dimensions=2 delta=1.0 J=0.494654 Bx=0.0 By=0.0 Bz=0.709254 ham=1 took 35.7s (elapsed 313.7s)
[job 32] 70/78 n=10 dimensions=2 delta=1.0 J=-0.746409 Bx=0.0 By=0.0 Bz=-0.96867 ham=3 took 0.5s (elapsed 314.5s)
[job 32] 71/78 n=10 dimensions=2 delta=1.0 J=-0.806853 Bx=0.0 By=0.0 Bz=-0.047127 ham=5 took 0.4s (elapsed 315.1s)
[job 32] 72/78 n=10 dimensions=2 delta=1.0 J=-0.603824 Bx=0.0 By=0.0 Bz=-0.287176 ham=7 took 0.5s (elapsed 315.8s)
[job 32] 73/78 n=10 dimensions=2 delta=1.0 J=0.454189 Bx=0.0 By=0.0 Bz=0.225511 ham=9 took 40.8s (elapsed 356.8s)
[job 32] 74/78 n=10 dimensions=2 delta=1.0 J=-0.899855 Bx=0.0 By=0.0 Bz=0.734512 ham=11 took 0.5s (elapsed 357.5s)
[job 32] 75/78 n=10 dimensions=2 delta=1.0 J=-0.640511 Bx=0.0 By=0.0 Bz=0.767532 ham=13 took 0.5s (elapsed 358.2s)
[job 32] 76/78 n=12 dimensions=1 delta=1.0 J=0.039924 Bx=0.0 By=0.0 Bz=-0.550025 ham=8 took 16.5s (elapsed 374.9s)
[job 32] 77/78 n=12 dimensions=2 delta=1.0 J=-0.958446 Bx=0.0 By=0.0 Bz=-0.004125 ham=6 took 17.6s (elapsed 392.6s)
[job 32] 78/78 n=12 dimensions=2 delta=1.0 J=0.618667 Bx=0.0 By=0.0 Bz=-0.813737 ham=14 took 620.7s (elapsed 1013.5s)
[job 32] wrote 18756 rows to bitstring_shards_heisenberg/shard_00032.csv in 1013.9s
