host=node082 task=31 threads=4
[job 31/40] 78 cells (30 x n=6, 30 x n=8, 15 x n=10, 3 x n=12)
[job 31] 1/78 n=6 dimensions=1 delta=0.5 J=-0.81358 Bx=0.0 By=0.0 Bz=0.120636 ham=0 took 18.3s (elapsed 18.3s)
[job 31] 2/78 n=6 dimensions=1 delta=0.5 J=0.494654 Bx=0.0 By=0.0 Bz=0.709254 ham=1 took 0.3s (elapsed 18.6s)
[job 31] 3/78 n=6 dimensions=1 delta=0.5 J=0.0689 Bx=0.0 By=0.0 Bz=0.546175 ham=2 took 0.2s (elapsed 18.7s)
[job 31] 4/78 n=6 dimensions=1 delta=0.5 J=-0.746409 Bx=0.0 By=0.0 Bz=-0.96867 ham=3 took 0.1s (elapsed 18.9s)
[job 31] 5/78 n=6 dimensions=1 delta=0.5 J=0.139088 Bx=0.0 By=0.0 Bz=-0.127075 ham=4 took 0.2s (elapsed 19.2s)
[job 31] 6/78 n=6 dimensions=1 delta=0.5 J=-0.806853 Bx=0.0 By=0.0 Bz=-0.047127 ham=5 took 15.0s (elapsed 34.2s)
[job 31] 7/78 n=6 dimensions=1 delta=0.5 J=-0.958446 Bx=0.0 By=0.0 Bz=-0.004125 ham=6 took 19.4s (elapsed 53.6s)
[job 31] 8/78 n=6 dimensions=1 delta=0.5 J=-0.603824 Bx=0.0 By=0.0 Bz=-0.287176 ham=7 took 0.3s (elapsed 53.9s)
[job 31] 9/78 n=6 dimensions=1 delta=0.5 J=0.039924 Bx=0.0 By=0.0 Bz=-0.550025 ham=8 took 0.0s (elapsed 54.0s)
[job 31] 10/78 n=6 dimensions=1 delta=0.5 J=0.454189 Bx=0.0 By=0.0 Bz=0.225511 ham=9 took 16.6s (elapsed 70.6s)
[job 31] 11/78 n=6 dimensions=1 delta=0.5 J=0.476303 Bx=0.0 By=0.0 Bz=-0.594078 ham=10 took 0.3s (elapsed 70.9s)
[job 31] 12/78 n=6 dimensions=1 delta=0.5 J=-0.899855 Bx=0.0 By=0.0 Bz=0.734512 ham=11 took 0.3s (elapsed 71.3s)
[job 31] 13/78 n=6 dimensions=1 delta=0.5 J=-0.504785 Bx=0.0 By=0.0 Bz=-0.800446 ham=12 took 0.1s (elapsed 71.5s)
[job 31] 14/78 n=6 dimensions=1 delta=0.5 J=-0.640511 Bx=0.0 By=0.0 Bz=0.767532 ham=13 took 0.2s (elapsed 71.7s)
[job 31] 15/78 n=6 dimensions=1 delta=0.5 J=0.618667 Bx=0.0 By=0.0 Bz=-0.813737 ham=14 took 0.2s (elapsed 72.0s)
[job 31] 16/78 n=6 dimensions=2 delta=0.5 J=-0.81358 Bx=0.0 By=0.0 Bz=0.120636 ham=0 took 19.2s (elapsed 91.2s)
[job 31] 17/78 n=6 dimensions=2 delta=0.5 J=0.494654 Bx=0.0 By=0.0 Bz=0.709254 ham=1 took 0.3s (elapsed 91.6s)
[job 31] 18/78 n=6 dimensions=2 delta=0.5 J=0.0689 Bx=0.0 By=0.0 Bz=0.546175 ham=2 took 0.0s (elapsed 91.7s)
[job 31] 19/78 n=6 dimensions=2 delta=0.5 J=-0.746409 Bx=0.0 By=0.0 Bz=-0.96867 ham=3 took 0.0s (elapsed 91.9s)
[job 31] 20/78 n=6 dimensions=2 delta=0.5 J=0.139088 Bx=0.0 By=0.0 Bz=-0.127075 ham=4 took 11.7s (elapsed 103.6s)
[job 31] 21/78 n=6 dimensions=2 delta=0.5 J=-0.806853 Bx=0.0 By=0.0 Bz=-0.047127 ham=5 took 19.3s (elapsed 123.0s)
[job 31] 22/78 n=6 dimensions=2 delta=0.5 J=-0.958446 Bx=0.0 By=0.0 Bz=-0.004125 ham=6 took 19.2s (elapsed 142.3s)
[job 31] 23/78 n=6 dimensions=2 delta=0.5 J=-0.603824 Bx=0.0 By=0.0 Bz=-0.287176 ham=7 took 0.3s (elapsed 142.7s)
[job 31] 24/78 n=6 dimensions=2 delta=0.5 J=0.039924 Bx=0.0 By=0.0 Bz=-0.550025 ham=8 took 0.0s (elapsed 142.9s)
[job 31] 25/78 n=6 dimensions=2 delta=0.5 J=0.454189 Bx=0.0 By=0.0 Bz=0.225511 ham=9 took 16.2s (elapsed 159.2s)
[job 31] 26/78 n=6 dimensions=2 delta=0.5 J=0.476303 Bx=0.0 By=0.0 Bz=-0.594078 ham=10 took 0.3s (elapsed 159.5s)
[job 31] 27/78 n=6 dimensions=2 delta=0.5 J=-0.899855 Bx=0.0 By=0.0 Bz=0.734512 ham=11 took 0.2s (elapsed 159.9s)
[job 31] 28/78 n=6 dimensions=2 delta=0.5 J=-0.504785 Bx=0.0 By=0.0 Bz=-0.800446 ham=12 took 0.0s (elapsed 160.0s)
[job 31] 29/78 n=6 dimensions=2 delta=0.5 J=-0.640511 Bx=0.0 By=0.0 Bz=0.767532 ham=13 took 0.1s (elapsed 160.3s)
[job 31] 30/78 n=6 dimensions=2 delta=0.5 J=0.618667 Bx=0.0 By=0.0 Bz=-0.813737 ham=14 took 0.3s (elapsed 160.7s)
[job 31] 31/78 n=8 dimensions=1 delta=0.5 J=-0.81358 Bx=0.0 By=0.0 Bz=0.120636 ham=0 took 24.8s (elapsed 185.6s)
[job 31] 32/78 n=8 dimensions=1 delta=0.5 J=0.494654 Bx=0.0 By=0.0 Bz=0.709254 ham=1 took 17.1s (elapsed 202.8s)
[job 31] 33/78 n=8 dimensions=1 delta=0.5 J=0.0689 Bx=0.0 By=0.0 Bz=0.546175 ham=2 took 0.1s (elapsed 203.2s)
[job 31] 34/78 n=8 dimensions=1 delta=0.5 J=-0.746409 Bx=0.0 By=0.0 Bz=-0.96867 ham=3 took 0.0s (elapsed 203.3s)
[job 31] 35/78 n=8 dimensions=1 delta=0.5 J=0.139088 Bx=0.0 By=0.0 Bz=-0.127075 ham=4 took 9.8s (elapsed 213.3s)
[job 31] 36/78 n=8 dimensions=1 delta=0.5 J=-0.806853 Bx=0.0 By=0.0 Bz=-0.047127 ham=5 took 27.8s (elapsed 241.3s)
[job 31] 37/78 n=8 dimensions=1 delta=0.5 J=-0.958446 Bx=0.0 By=0.0 Bz=-0.004125 ham=6 took 31.9s (elapsed 273.4s)
[job 31] 38/78 n=8 dimensions=1 delta=0.5 J=-0.603824 Bx=0.0 By=0.0 Bz=-0.287176 ham=7 took 18.5s (elapsed 292.2s)
[job 31] 39/78 n=8 dimensions=1 delta=0.5 J=0.039924 Bx=0.0 By=0.0 Bz=-0.550025 ham=8 took 0.1s (elapsed 292.5s)
[job 31] 40/78 n=8 dimensions=1 delta=0.5 J=0.454189 Bx=0.0 By=0.0 Bz=0.225511 ham=9 took 26.5s (elapsed 319.1s)
[job 31] 41/78 n=8 dimensions=1 delta=0.5 J=0.476303 Bx=0.0 By=0.0 Bz=-0.594078 ham=10 took 15.6s (elapsed 334.9s)
[job 31] 42/78 n=8 dimensions=1 delta=0.5 J=-0.899855 Bx=0.0 By=0.0 Bz=0.734512 ham=11 took 0.3s (elapsed 335.4s)
[job 31] 43/78 n=8 dimensions=1 delta=0.5 J=-0.504785 Bx=0.0 By=0.0 Bz=-0.800446 ham=12 took 0.0s (elapsed 335.6s)
[job 31] 44/78 n=8 dimensions=1 delta=0.5 J=-0.640511 Bx=0.0 By=0.0 Bz=0.767532 ham=13 took 0.0s (elapsed 335.8s)
[job 31] 45/78 n=8 dimensions=1 delta=0.5 J=0.618667 Bx=0.0 By=0.0 Bz=-0.813737 ham=14 took 16.5s (elapsed 352.5s)
[job 31] 46/78 n=8 dimensions=2 delta=0.5 J=-0.81358 Bx=0.0 By=0.0 Bz=0.120636 ham=0 took 26.9s (elapsed 379.7s)
[job 31] 47/78 n=8 dimensions=2 delta=0.5 J=0.494654 Bx=0.0 By=0.0 Bz=0.709254 ham=1 took 16.9s (elapsed 396.8s)
[job 31] 48/78 n=8 dimensions=2 delta=0.5 J=0.0689 Bx=0.0 By=0.0 Bz=0.546175 ham=2 took 0.1s (elapsed 397.2s)
[job 31] 49/78 n=8 dimensions=2 delta=0.5 J=-0.746409 Bx=0.0 By=0.0 Bz=-0.96867 ham=3 took 0.0s (elapsed 397.4s)
[job 31] 50/78 n=8 dimensions=2 delta=0.5 J=0.139088 Bx=0.0 By=0.0 Bz=-0.127075 ham=4 took 19.6s (elapsed 417.2s)
[job 31] 51/78 n=8 dimensions=2 delta=0.5 J=-0.806853 Bx=0.0 By=0.0 Bz=-0.047127 ham=5 took 25.1s (elapsed 442.5s)
[job 31] 52/78 n=8 dimensions=2 delta=0.5 J=-0.958446 Bx=0.0 By=0.0 Bz=-0.004125 ham=6 took 26.9s (elapsed 469.6s)
[job 31] 53/78 n=8 dimensions=2 delta=0.5 J=-0.603824 Bx=0.0 By=0.0 Bz=-0.287176 ham=7 took 17.5s (elapsed 487.4s)
[job 31] 54/78 n=8 dimensions=2 delta=0.5 J=0.039924 Bx=0.0 By=0.0 Bz=-0.550025 ham=8 took 0.0s (elapsed 487.7s)
[job 31] 55/78 n=8 dimensions=2 delta=0.5 J=0.454189 Bx=0.0 By=0.0 Bz=0.225511 ham=9 took 24.7s (elapsed 512.7s)
[job 31] 56/78 n=8 dimensions=2 delta=0.5 J=0.476303 Bx=0.0 By=0.0 Bz=-0.594078 ham=10 took 17.2s (elapsed 530.2s)
[job 31] 57/78 n=8 dimensions=2 delta=0.5 J=-0.899855 Bx=0.0 By=0.0 Bz=0.734512 ham=11 took 23.1s (elapsed 553.6s)
[job 31] 58/78 n=8 dimensions=2 delta=0.5 J=-0.504785 Bx=0.0 By=0.0 Bz=-0.800446 ham=12 took 0.0s (elapsed 553.9s)
[job 31] 59/78 n=8 dimensions=2 delta=0.5 J=-0.640511 Bx=0.0 By=0.0 Bz=0.767532 ham=13 took 0.2s (elapsed 554.4s)
[job 31] 60/78 n=8 dimensions=2 delta=0.5 J=0.618667 Bx=0.0 By=0.0 Bz=-0.813737 ham=14 took 17.2s (elapsed 571.9s)
[job 31] 61/78 n=10 dimensions=1 delta=0.5 J=-0.81358 Bx=0.0 By=0.0 Bz=0.120636 ham=0 took 66.8s (elapsed 638.9s)
[job 31] 62/78 n=10 dimensions=1 delta=0.5 J=0.494654 Bx=0.0 By=0.0 Bz=0.709254 ham=1 took 50.5s (elapsed 689.7s)
[job 31] 63/78 n=10 dimensions=1 delta=0.5 J=-0.746409 Bx=0.0 By=0.0 Bz=-0.96867 ham=3 took 0.5s (elapsed 690.4s)
[job 31] 64/78 n=10 dimensions=1 delta=0.5 J=-0.806853 Bx=0.0 By=0.0 Bz=-0.047127 ham=5 took 77.5s (elapsed 768.2s)
[job 31] 65/78 n=10 dimensions=1 delta=0.5 J=-0.603824 Bx=0.0 By=0.0 Bz=-0.287176 ham=7 took 50.0s (elapsed 818.6s)
[job 31] 66/78 n=10 dimensions=1 delta=0.5 J=0.454189 Bx=0.0 By=0.0 Bz=0.225511 ham=9 took 56.2s (elapsed 875.1s)
[job 31] 67/78 n=10 dimensions=1 delta=0.5 J=-0.899855 Bx=0.0 By=0.0 Bz=0.734512 ham=11 took 1.6s (elapsed 877.0s)
[job 31] 68/78 n=10 dimensions=1 delta=0.5 J=-0.640511 Bx=0.0 By=0.0 Bz=0.767532 ham=13 took 0.5s (elapsed 877.9s)
[job 31] 69/78 n=10 dimensions=2 delta=0.5 J=0.494654 Bx=0.0 By=0.0 Bz=0.709254 ham=1 took 69.8s (elapsed 948.0s)
[job 31] 70/78 n=10 dimensions=2 delta=0.5 J=-0.746409 Bx=0.0 By=0.0 Bz=-0.96867 ham=3 took 1.6s (elapsed 949.9s)
[job 31] 71/78 n=10 dimensions=2 delta=0.5 J=-0.806853 Bx=0.0 By=0.0 Bz=-0.047127 ham=5 took 77.1s (elapsed 1027.3s)
[job 31] 72/78 n=10 dimensions=2 delta=0.5 J=-0.603824 Bx=0.0 By=0.0 Bz=-0.287176 ham=7 took 67.4s (elapsed 1095.0s)
[job 31] 73/78 n=10 dimensions=2 delta=0.5 J=0.454189 Bx=0.0 By=0.0 Bz=0.225511 ham=9 took 72.6s (elapsed 1168.0s)
[job 31] 74/78 n=10 dimensions=2 delta=0.5 J=-0.899855 Bx=0.0 By=0.0 Bz=0.734512 ham=11 took 6.5s (elapsed 1174.9s)
[job 31] 75/78 n=10 dimensions=2 delta=0.5 J=-0.640511 Bx=0.0 By=0.0 Bz=0.767532 ham=13 took 1.5s (elapsed 1176.7s)
[job 31] 76/78 n=12 dimensions=1 delta=0.5 J=0.039924 Bx=0.0 By=0.0 Bz=-0.550025 ham=8 took 20.2s (elapsed 1197.3s)
[job 31] 77/78 n=12 dimensions=2 delta=0.5 J=-0.958446 Bx=0.0 By=0.0 Bz=-0.004125 ham=6 took 781.7s (elapsed 1979.4s)
[job 31] 78/78 n=12 dimensions=2 delta=0.5 J=0.618667 Bx=0.0 By=0.0 Bz=-0.813737 ham=14 took 673.2s (elapsed 2652.9s)
[job 31] wrote 33456 rows to bitstring_shards_heisenberg/shard_00031.csv in 2653.6s
