host=node103 task=32 threads=4
[job 32/40] 78 cells (30 x n=6, 30 x n=8, 15 x n=10, 3 x n=12)
[job 32] 1/78 n=6 dimensions=1 delta=1.0 J=-0.81358 Bx=0.0 By=0.0 Bz=0.120636 ham=0 took 0.1s (elapsed 0.1s)
[job 32] 2/78 n=6 dimensions=1 delta=1.0 J=0.494654 Bx=0.0 By=0.0 Bz=0.709254 ham=1 took 0.6s (elapsed 0.7s)
[job 32] 3/78 n=6 dimensions=1 delta=1.0 J=0.0689 Bx=0.0 By=0.0 Bz=0.546175 ham=2 took 0.0s (elapsed 0.8s)
[job 32] 4/78 n=6 dimensions=1 delta=1.0 J=-0.746409 Bx=0.0 By=0.0 Bz=-0.96867 ham=3 took 0.1s (elapsed 0.9s)
[job 32] 5/78 n=6 dimensions=1 delta=1.0 J=0.139088 Bx=0.0 By=0.0 Bz=-0.127075 ham=4 took 17.4s (elapsed 18.2s)
[job 32] 6/78 n=6 dimensions=1 delta=1.0 J=-0.806853 Bx=0.0 By=0.0 Bz=-0.047127 ham=5 took 0.2s (elapsed 18.5s)
[job 32] 7/78 n=6 dimensions=1 delta=1.0 J=-0.958446 Bx=0.0 By=0.0 Bz=-0.004125 ham=6 took 0.3s (elapsed 18.7s)
[job 32] 8/78 n=6 dimensions=1 delta=1.0 J=-0.603824 Bx=0.0 By=0.0 Bz=-0.287176 ham=7 took 0.2s (elapsed 18.9s)
[job 32] 9/78 n=6 dimensions=1 delta=1.0 J=0.039924 Bx=0.0 By=0.0 Bz=-0.550025 ham=8 took 0.3s (elapsed 19.2s)
[job 32] 10/78 n=6 dimensions=1 delta=1.0 J=0.454189 Bx=0.0 By=0.0 Bz=0.225511 ham=9 took 25.7s (elapsed 44.9s)
[job 32] 11/78 n=6 dimensions=1 delta=1.0 J=0.476303 Bx=0.0 By=0.0 Bz=-0.594078 ham=10 took 0.6s (elapsed 45.6s)
[job 32] 12/78 n=6 dimensions=1 delta=1.0 J=-0.899855 Bx=0.0 By=0.0 Bz=0.734512 ham=11 took 0.1s (elapsed 45.7s)
[job 32] 13/78 n=6 dimensions=1 delta=1.0 J=-0.504785 Bx=0.0 By=0.0 Bz=-0.800446 ham=12 took 0.2s (elapsed 46.0s)
[job 32] 14/78 n=6 dimensions=1 delta=1.0 J=-0.640511 Bx=0.0 By=0.0 Bz=0.767532 ham=13 took 0.1s (elapsed 46.1s)
[job 32] 15/78 n=6 dimensions=1 delta=1.0 J=0.618667 Bx=0.0 By=0.0 Bz=-0.813737 ham=14 took 0.7s (elapsed 46.9s)
[job 32] 16/78 n=6 dimensions=2 delta=1.0 J=-0.81358 Bx=0.0 By=0.0 Bz=0.120636 ham=0 took 0.0s (elapsed 47.0s)
[job 32] 17/78 n=6 dimensions=2 delta=1.0 J=0.494654 Bx=0.0 By=0.0 Bz=0.709254 ham=1 took 26.1s (elapsed 73.1s)
[job 32] 18/78 n=6 dimensions=2 delta=1.0 J=0.0689 Bx=0.0 By=0.0 Bz=0.546175 ham=2 took 0.1s (elapsed 73.3s)
[job 32] 19/78 n=6 dimensions=2 delta=1.0 J=-0.746409 Bx=0.0 By=0.0 Bz=-0.96867 ham=3 took 0.0s (elapsed 73.4s)
[job 32] 20/78 n=6 dimensions=2 delta=1.0 J=0.139088 Bx=0.0 By=0.0 Bz=-0.127075 ham=4 took 21.7s (elapsed 95.2s)
[job 32] 21/78 n=6 dimensions=2 delta=1.0 J=-0.806853 Bx=0.0 By=0.0 Bz=-0.047127 ham=5 took 0.2s (elapsed 95.5s)
[job 32] 22/78 n=6 dimensions=2 delta=1.0 J=-0.958446 Bx=0.0 By=0.0 Bz=-0.004125 ham=6 took 0.1s (elapsed 95.6s)
[job 32] 23/78 n=6 dimensions=2 delta=1.0 J=-0.603824 Bx=0.0 By=0.0 Bz=-0.287176 ham=7 took 0.1s (elapsed 95.8s)
[job 32] 24/78 n=6 dimensions=2 delta=1.0 J=0.039924 Bx=0.0 By=0.0 Bz=-0.550025 ham=8 took 0.0s (elapsed 96.0s)
[job 32] 25/78 n=6 dimensions=2 delta=1.0 J=0.454189 Bx=0.0 By=0.0 Bz=0.225511 ham=9 took 25.1s (elapsed 121.2s)
[job 32] 26/78 n=6 dimensions=2 delta=1.0 J=0.476303 Bx=0.0 By=0.0 Bz=-0.594078 ham=10 took 24.6s (elapsed 145.9s)
[job 32] 27/78 n=6 dimensions=2 delta=1.0 J=-0.899855 Bx=0.0 By=0.0 Bz=0.734512 ham=11 took 0.1s (elapsed 146.1s)
[job 32] 28/78 n=6 dimensions=2 delta=1.0 J=-0.504785 Bx=0.0 By=0.0 Bz=-0.800446 ham=12 took 0.2s (elapsed 146.4s)
[job 32] 29/78 n=6 dimensions=2 delta=1.0 J=-0.640511 Bx=0.0 By=0.0 Bz=0.767532 ham=13 took 0.0s (elapsed 146.5s)
[job 32] 30/78 n=6 dimensions=2 delta=1.0 J=0.618667 Bx=0.0 By=0.0 Bz=-0.813737 ham=14 took 24.8s (elapsed 171.5s)
[job 32] 31/78 n=8 dimensions=1 delta=1.0 J=-0.81358 Bx=0.0 By=0.0 Bz=0.120636 ham=0 took 0.2s (elapsed 171.8s)
[job 32] 32/78 n=8 dimensions=1 delta=1.0 J=0.494654 Bx=0.0 By=0.0 Bz=0.709254 ham=1 took 26.0s (elapsed 197.8s)
[job 32] 33/78 n=8 dimensions=1 delta=1.0 J=0.0689 Bx=0.0 By=0.0 Bz=0.546175 ham=2 took 0.2s (elapsed 198.1s)
[job 32] 34/78 n=8 dimensions=1 delta=1.0 J=-0.746409 Bx=0.0 By=0.0 Bz=-0.96867 ham=3 took 0.1s (elapsed 198.3s)
[job 32] 35/78 n=8 dimensions=1 delta=1.0 J=0.139088 Bx=0.0 By=0.0 Bz=-0.127075 ham=4 took 20.5s (elapsed 218.9s)
[job 32] 36/78 n=8 dimensions=1 delta=1.0 J=-0.806853 Bx=0.0 By=0.0 Bz=-0.047127 ham=5 took 0.2s (elapsed 219.2s)
[job 32] 37/78 n=8 dimensions=1 delta=1.0 J=-0.958446 Bx=0.0 By=0.0 Bz=-0.004125 ham=6 took 0.2s (elapsed 219.5s)
[job 32] 38/78 n=8 dimensions=1 delta=1.0 J=-0.603824 Bx=0.0 By=0.0 Bz=-0.287176 ham=7 took 0.1s (elapsed 219.7s)
[job 32] 39/78 n=8 dimensions=1 delta=1.0 J=0.039924 Bx=0.0 By=0.0 Bz=-0.550025 ham=8 took 0.2s (elapsed 220.0s)
[job 32] 40/78 n=8 dimensions=1 delta=1.0 J=0.454189 Bx=0.0 By=0.0 Bz=0.225511 ham=9 took 33.8s (elapsed 254.0s)
[job 32] 41/78 n=8 dimensions=1 delta=1.0 J=0.476303 Bx=0.0 By=0.0 Bz=-0.594078 ham=10 took 24.1s (elapsed 278.1s)
[job 32] 42/78 n=8 dimensions=1 delta=1.0 J=-0.899855 Bx=0.0 By=0.0 Bz=0.734512 ham=11 took 0.2s (elapsed 278.5s)
[job 32] 43/78 n=8 dimensions=1 delta=1.0 J=-0.504785 Bx=0.0 By=0.0 Bz=-0.800446 ham=12 took 0.1s (elapsed 278.7s)
[job 32] 44/78 n=8 dimensions=1 delta=1.0 J=-0.640511 Bx=0.0 By=0.0 Bz=0.767532 ham=13 took 0.1s (elapsed 278.9s)
[job 32] 45/78 n=8 dimensions=1 delta=1.0 J=0.618667 Bx=0.0 By=0.0 Bz=-0.813737 ham=14 took 25.3s (elapsed 304.3s)
[job 32] 46/78 n=8 dimensions=2 delta=1.0 J=-0.81358 Bx=0.0 By=0.0 Bz=0.120636 ham=0 took 0.2s (elapsed 304.7s)
[job 32] 47/78 n=8 dimensions=2 delta=1.0 J=0.494654 Bx=0.0 By=0.0 Bz=0.709254 ham=1 took 30.6s (elapsed 335.4s)
[job 32] 48/78 n=8 dimensions=2 delta=1.0 J=0.0689 Bx=0.0 By=0.0 Bz=0.546175 ham=2 took 0.2s (elapsed 335.7s)
[job 32] 49/78 n=8 dimensions=2 delta=1.0 J=-0.746409 Bx=0.0 By=0.0 Bz=-0.96867 ham=3 took 0.2s (elapsed 336.0s)
[job 32] 50/78 n=8 dimensions=2 delta=1.0 J=0.139088 Bx=0.0 By=0.0 Bz=-0.127075 ham=4 took 32.0s (elapsed 368.1s)
[job 32] 51/78 n=8 dimensions=2 delta=1.0 J=-0.806853 Bx=0.0 By=0.0 Bz=-0.047127 ham=5 took 0.2s (elapsed 368.5s)
[job 32] 52/78 n=8 dimensions=2 delta=1.0 J=-0.958446 Bx=0.0 By=0.0 Bz=-0.004125 ham=6 took 0.1s (elapsed 368.7s)
[job 32] 53/78 n=8 dimensions=2 delta=1.0 J=-0.603824 Bx=0.0 By=0.0 Bz=-0.287176 ham=7 took 0.1s (elapsed 368.9s)
[job 32] 54/78 n=8 dimensions=2 delta=1.0 J=0.039924 Bx=0.0 By=0.0 Bz=-0.550025 ham=8 took 0.1s (elapsed 369.2s)
[job 32] 55/78 n=8 dimensions=2 delta=1.0 J=0.454189 Bx=0.0 By=0.0 Bz=0.225511 ham=9 took 36.3s (elapsed 405.6s)
[job 32] 56/78 n=8 dimensions=2 delta=1.0 J=0.476303 Bx=0.0 By=0.0 Bz=-0.594078 ham=10 took 34.0s (elapsed 439.8s)
[job 32] 57/78 n=8 dimensions=2 delta=1.0 J=-0.899855 Bx=0.0 By=0.0 Bz=0.734512 ham=11 took 0.2s (elapsed 440.2s)
[job 32] 58/78 n=8 dimensions=2 delta=1.0 J=-0.504785 Bx=0.0 By=0.0 Bz=-0.800446 ham=12 took 0.1s (elapsed 440.5s)
[job 32] 59/78 n=8 dimensions=2 delta=1.0 J=-0.640511 Bx=0.0 By=0.0 Bz=0.767532 ham=13 took 0.1s (elapsed 440.7s)
[job 32] 60/78 n=8 dimensions=2 delta=1.0 J=0.618667 Bx=0.0 By=0.0 Bz=-0.813737 ham=14 took 39.5s (elapsed 480.4s)
[job 32] 61/78 n=10 dimensions=1 delta=1.0 J=-0.81358 Bx=0.0 By=0.0 Bz=0.120636 ham=0 took 0.8s (elapsed 481.4s)
[job 32] 62/78 n=10 dimensions=1 delta=1.0 J=0.494654 Bx=0.0 By=0.0 Bz=0.709254 ham=1 took 83.5s (elapsed 565.2s)
[job 32] 63/78 n=10 dimensions=1 delta=1.0 J=-0.746409 Bx=0.0 By=0.0 Bz=-0.96867 ham=3 took 0.7s (elapsed 566.1s)
[job 32] 64/78 n=10 dimensions=1 delta=1.0 J=-0.806853 Bx=0.0 By=0.0 Bz=-0.047127 ham=5 took 0.7s (elapsed 567.1s)
[job 32] 65/78 n=10 dimensions=1 delta=1.0 J=-0.603824 Bx=0.0 By=0.0 Bz=-0.287176 ham=7 took 0.8s (elapsed 568.0s)
[job 32] 66/78 n=10 dimensions=1 delta=1.0 J=0.454189 Bx=0.0 By=0.0 Bz=0.225511 ham=9 took 103.6s (elapsed 671.8s)
[job 32] 67/78 n=10 dimensions=1 delta=1.0 J=-0.899855 Bx=0.0 By=0.0 Bz=0.734512 ham=11 took 0.8s (elapsed 672.8s)
[job 32] 68/78 n=10 dimensions=1 delta=1.0 J=-0.640511 Bx=0.0 By=0.0 Bz=0.767532 ham=13 took 0.7s (elapsed 673.7s)
[job 32] 69/78 n=10 dimensions=2 delta=1.0 J=0.494654 Bx=0.0 By=0.0 Bz=0.709254 ham=1 took 78.2s (elapsed 752.1s)
[job 32] 70/78 n=10 dimensions=2 delta=1.0 J=-0.746409 Bx=0.0 By=0.0 Bz=-0.96867 ham=3 took 0.8s (elapsed 753.2s)
[job 32] 71/78 n=10 dimensions=2 delta=1.0 J=-0.806853 Bx=0.0 By=0.0 Bz=-0.047127 ham=5 took 0.8s (elapsed 754.2s)
[job 32] 72/78 n=10 dimensions=2 delta=1.0 J=-0.603824 Bx=0.0 By=0.0 Bz=-0.287176 ham=7 took 0.8s (elapsed 755.2s)
[job 32] 73/78 n=10 dimensions=2 delta=1.0 J=0.454189 Bx=0.0 By=0.0 Bz=0.225511 ham=9 took 100.8s (elapsed 856.1s)
[job 32] 74/78 n=10 dimensions=2 delta=1.0 J=-0.899855 Bx=0.0 By=0.0 Bz=0.734512 ham=11 took 0.8s (elapsed 857.2s)
[job 32] 75/78 n=10 dimensions=2 delta=1.0 J=-0.640511 Bx=0.0 By=0.0 Bz=0.767532 ham=13 took 0.8s (elapsed 858.2s)
[job 32] 76/78 n=12 dimensions=1 delta=1.0 J=0.039924 Bx=0.0 By=0.0 Bz=-0.550025 ham=8 took 25.4s (elapsed 883.9s)
[job 32] 77/78 n=12 dimensions=2 delta=1.0 J=-0.958446 Bx=0.0 By=0.0 Bz=-0.004125 ham=6 took 25.4s (elapsed 909.5s)
[job 32] 78/78 n=12 dimensions=2 delta=1.0 J=0.618667 Bx=0.0 By=0.0 Bz=-0.813737 ham=14 took 1357.4s (elapsed 2267.2s)
[job 32] wrote 18756 rows to bitstring_shards_heisenberg/shard_00032.csv in 2267.7s
