host=node173 task=29 threads=4
[job 29/40] 18 cells (15 x n=10, 3 x n=12)
[job 29] 1/18 n=10 dimensions=1 delta=100.0 J=0.0689 Bx=0.0 By=0.0 Bz=0.546175 ham=2 took 16.5s (elapsed 16.5s)
[job 29] 2/18 n=10 dimensions=1 delta=100.0 J=0.139088 Bx=0.0 By=0.0 Bz=-0.127075 ham=4 took 15.0s (elapsed 31.5s)
[job 29] 3/18 n=10 dimensions=1 delta=100.0 J=-0.958446 Bx=0.0 By=0.0 Bz=-0.004125 ham=6 took 1.1s (elapsed 32.6s)
[job 29] 4/18 n=10 dimensions=1 delta=100.0 J=0.039924 Bx=0.0 By=0.0 Bz=-0.550025 ham=8 took 15.1s (elapsed 47.7s)
[job 29] 5/18 n=10 dimensions=1 delta=100.0 J=0.476303 Bx=0.0 By=0.0 Bz=-0.594078 ham=10 took 18.3s (elapsed 66.1s)
[job 29] 6/18 n=10 dimensions=1 delta=100.0 J=-0.504785 Bx=0.0 By=0.0 Bz=-0.800446 ham=12 took 1.5s (elapsed 67.7s)
[job 29] 7/18 n=10 dimensions=1 delta=100.0 J=0.618667 Bx=0.0 By=0.0 Bz=-0.813737 ham=14 took 17.6s (elapsed 85.3s)
[job 29] 8/18 n=10 dimensions=2 delta=100.0 J=-0.81358 Bx=0.0 By=0.0 Bz=0.120636 ham=0 took 0.9s (elapsed 86.2s)
[job 29] 9/18 n=10 dimensions=2 delta=100.0 J=0.0689 Bx=0.0 By=0.0 Bz=0.546175 ham=2 took 19.0s (elapsed 105.2s)
[job 29] 10/18 n=10 dimensions=2 delta=100.0 J=0.139088 Bx=0.0 By=0.0 Bz=-0.127075 ham=4 took 31.4s (elapsed 136.7s)
[job 29] 11/18 n=10 dimensions=2 delta=100.0 J=-0.958446 Bx=0.0 By=0.0 Bz=-0.004125 ham=6 took 0.9s (elapsed 137.7s)
[job 29] 12/18 n=10 dimensions=2 delta=100.0 J=0.039924 Bx=0.0 By=0.0 Bz=-0.550025 ham=8 took 20.1s (elapsed 157.9s)
[job 29] 13/18 n=10 dimensions=2 delta=100.0 J=0.476303 Bx=0.0 By=0.0 Bz=-0.594078 ham=10 took 32.9s (elapsed 190.9s)
[job 29] 14/18 n=10 dimensions=2 delta=100.0 J=-0.504785 Bx=0.0 By=0.0 Bz=-0.800446 ham=12 took 0.9s (elapsed 191.9s)
[job 29] 15/18 n=10 dimensions=2 delta=100.0 J=0.618667 Bx=0.0 By=0.0 Bz=-0.813737 ham=14 took 59.8s (elapsed 251.7s)
[job 29] 16/18 n=12 dimensions=1 delta=100.0 J=-0.603824 Bx=0.0 By=0.0 Bz=-0.287176 ham=7 took 67.2s (elapsed 319.1s)
[job 29] 17/18 n=12 dimensions=2 delta=100.0 J=-0.806853 Bx=0.0 By=0.0 Bz=-0.047127 ham=5 took 27.5s (elapsed 346.7s)
[job 29] 18/18 n=12 dimensions=2 delta=100.0 J=-0.640511 Bx=0.0 By=0.0 Bz=0.767532 ham=13 took 27.8s (elapsed 374.5s)
[job 29] wrote 7356 rows to bitstring_shards_heisenberg/shard_00029.csv in 374.7s
