/home/erosanow_hpc/informed_swapping/BARK.py:166: UserWarning: Exited at iteration 50 with accuracies 
[3.36849619e-07]
not reaching the requested tolerance 1e-09.
Use iteration 51 instead with accuracy 
3.3684961939627573e-07.

  values, vectors = lobpcg(projected_hamiltonian, guess, largest=False,
/home/erosanow_hpc/informed_swapping/BARK.py:166: UserWarning: Exited postprocessing with accuracies 
[3.36849619e-07]
not reaching the requested tolerance 1e-09.
  values, vectors = lobpcg(projected_hamiltonian, guess, largest=False,
/home/erosanow_hpc/informed_swapping/BARK.py:166: UserWarning: Exited at iteration 50 with accuracies 
[3.54996025e-07]
not reaching the requested tolerance 1e-09.
Use iteration 51 instead with accuracy 
3.5499602520164686e-07.

  values, vectors = lobpcg(projected_hamiltonian, guess, largest=False,
/home/erosanow_hpc/informed_swapping/BARK.py:166: UserWarning: Exited postprocessing with accuracies 
[3.54996025e-07]
not reaching the requested tolerance 1e-09.
  values, vectors = lobpcg(projected_hamiltonian, guess, largest=False,
/home/erosanow_hpc/informed_swapping/BARK.py:166: UserWarning: Exited at iteration 50 with accuracies 
[1.29266509e-08]
not reaching the requested tolerance 1e-09.
Use iteration 51 instead with accuracy 
1.2926650873091641e-08.

  values, vectors = lobpcg(projected_hamiltonian, guess, largest=False,
/home/erosanow_hpc/informed_swapping/BARK.py:166: UserWarning: Exited postprocessing with accuracies 
[1.29266505e-08]
not reaching the requested tolerance 1e-09.
  values, vectors = lobpcg(projected_hamiltonian, guess, largest=False,
/home/erosanow_hpc/informed_swapping/BARK.py:166: UserWarning: Exited at iteration 50 with accuracies 
[3.54996024e-07]
not reaching the requested tolerance 1e-09.
Use iteration 51 instead with accuracy 
3.5499602414904023e-07.

  values, vectors = lobpcg(projected_hamiltonian, guess, largest=False,
/home/erosanow_hpc/informed_swapping/BARK.py:166: UserWarning: Exited postprocessing with accuracies 
[3.54996024e-07]
not reaching the requested tolerance 1e-09.
  values, vectors = lobpcg(projected_hamiltonian, guess, largest=False,
/home/erosanow_hpc/informed_swapping/BARK.py:166: UserWarning: Exited at iteration 50 with accuracies 
[1.27284534e-08]
not reaching the requested tolerance 1e-09.
Use iteration 51 instead with accuracy 
1.2728453355690579e-08.

  values, vectors = lobpcg(projected_hamiltonian, guess, largest=False,
/home/erosanow_hpc/informed_swapping/BARK.py:166: UserWarning: Exited postprocessing with accuracies 
[1.27284532e-08]
not reaching the requested tolerance 1e-09.
  values, vectors = lobpcg(projected_hamiltonian, guess, largest=False,
/home/erosanow_hpc/informed_swapping/BARK.py:166: UserWarning: Exited at iteration 50 with accuracies 
[2.2812478e-08]
not reaching the requested tolerance 1e-09.
Use iteration 51 instead with accuracy 
2.281247797540978e-08.

  values, vectors = lobpcg(projected_hamiltonian, guess, largest=False,
/home/erosanow_hpc/informed_swapping/BARK.py:166: UserWarning: Exited postprocessing with accuracies 
[2.28124781e-08]
not reaching the requested tolerance 1e-09.
  values, vectors = lobpcg(projected_hamiltonian, guess, largest=False,
/home/erosanow_hpc/informed_swapping/BARK.py:166: UserWarning: Exited at iteration 50 with accuracies 
[1.3626165e-09]
not reaching the requested tolerance 1e-09.
Use iteration 51 instead with accuracy 
1.3626164995201824e-09.

  values, vectors = lobpcg(projected_hamiltonian, guess, largest=False,
/home/erosanow_hpc/informed_swapping/BARK.py:166: UserWarning: Exited postprocessing with accuracies 
[1.36261639e-09]
not reaching the requested tolerance 1e-09.
  values, vectors = lobpcg(projected_hamiltonian, guess, largest=False,
/home/erosanow_hpc/informed_swapping/BARK.py:166: UserWarning: Exited at iteration 50 with accuracies 
[2.40528959e-05]
not reaching the requested tolerance 1e-09.
Use iteration 44 instead with accuracy 
1.7701282794347867e-05.

  values, vectors = lobpcg(projected_hamiltonian, guess, largest=False,
/home/erosanow_hpc/informed_swapping/BARK.py:166: UserWarning: Exited postprocessing with accuracies 
[1.77012828e-05]
not reaching the requested tolerance 1e-09.
  values, vectors = lobpcg(projected_hamiltonian, guess, largest=False,
/home/erosanow_hpc/informed_swapping/BARK.py:166: UserWarning: Exited at iteration 50 with accuracies 
[4.00282357e-09]
not reaching the requested tolerance 1e-09.
Use iteration 51 instead with accuracy 
4.00282357358518e-09.

  values, vectors = lobpcg(projected_hamiltonian, guess, largest=False,
/home/erosanow_hpc/informed_swapping/BARK.py:166: UserWarning: Exited postprocessing with accuracies 
[4.0028235e-09]
not reaching the requested tolerance 1e-09.
  values, vectors = lobpcg(projected_hamiltonian, guess, largest=False,
/home/erosanow_hpc/informed_swapping/BARK.py:166: UserWarning: Exited at iteration 50 with accuracies 
[1.88738755e-05]
not reaching the requested tolerance 1e-09.
Use iteration 51 instead with accuracy 
1.8873875450880914e-05.

  values, vectors = lobpcg(projected_hamiltonian, guess, largest=False,
/home/erosanow_hpc/informed_swapping/BARK.py:166: UserWarning: Exited postprocessing with accuracies 
[1.88738755e-05]
not reaching the requested tolerance 1e-09.
  values, vectors = lobpcg(projected_hamiltonian, guess, largest=False,
/home/erosanow_hpc/informed_swapping/BARK.py:166: UserWarning: Exited at iteration 50 with accuracies 
[2.7747298e-05]
not reaching the requested tolerance 1e-09.
Use iteration 47 instead with accuracy 
1.6283183737297807e-05.

  values, vectors = lobpcg(projected_hamiltonian, guess, largest=False,
/home/erosanow_hpc/informed_swapping/BARK.py:166: UserWarning: Exited postprocessing with accuracies 
[1.62831837e-05]
not reaching the requested tolerance 1e-09.
  values, vectors = lobpcg(projected_hamiltonian, guess, largest=False,
/home/erosanow_hpc/informed_swapping/BARK.py:166: UserWarning: Exited at iteration 50 with accuracies 
[3.69126935e-09]
not reaching the requested tolerance 1e-09.
Use iteration 49 instead with accuracy 
2.694873934957464e-09.

  values, vectors = lobpcg(projected_hamiltonian, guess, largest=False,
/home/erosanow_hpc/informed_swapping/BARK.py:166: UserWarning: Exited postprocessing with accuracies 
[2.69487389e-09]
not reaching the requested tolerance 1e-09.
  values, vectors = lobpcg(projected_hamiltonian, guess, largest=False,
/home/erosanow_hpc/informed_swapping/BARK.py:166: UserWarning: Exited at iteration 50 with accuracies 
[1.77939004e-05]
not reaching the requested tolerance 1e-09.
Use iteration 51 instead with accuracy 
1.779390039027501e-05.

  values, vectors = lobpcg(projected_hamiltonian, guess, largest=False,
/home/erosanow_hpc/informed_swapping/BARK.py:166: UserWarning: Exited postprocessing with accuracies 
[1.77939004e-05]
not reaching the requested tolerance 1e-09.
  values, vectors = lobpcg(projected_hamiltonian, guess, largest=False,
/home/erosanow_hpc/informed_swapping/BARK.py:166: UserWarning: Exited at iteration 50 with accuracies 
[2.77472981e-05]
not reaching the requested tolerance 1e-09.
Use iteration 47 instead with accuracy 
1.6283183760932702e-05.

  values, vectors = lobpcg(projected_hamiltonian, guess, largest=False,
/home/erosanow_hpc/informed_swapping/BARK.py:166: UserWarning: Exited postprocessing with accuracies 
[1.62831838e-05]
not reaching the requested tolerance 1e-09.
  values, vectors = lobpcg(projected_hamiltonian, guess, largest=False,
/home/erosanow_hpc/informed_swapping/BARK.py:166: UserWarning: Exited at iteration 50 with accuracies 
[3.69126838e-09]
not reaching the requested tolerance 1e-09.
Use iteration 49 instead with accuracy 
2.6948735177059914e-09.

  values, vectors = lobpcg(projected_hamiltonian, guess, largest=False,
/home/erosanow_hpc/informed_swapping/BARK.py:166: UserWarning: Exited postprocessing with accuracies 
[2.69487329e-09]
not reaching the requested tolerance 1e-09.
  values, vectors = lobpcg(projected_hamiltonian, guess, largest=False,
