host=node078 task=27 threads=4
[job 27/40] 18 cells (15 x n=10, 3 x n=12)
[job 27] 1/18 n=10 dimensions=1 delta=1.0 J=0.0689 Bx=0.0 By=0.0 Bz=0.546175 ham=2 took 0.5s (elapsed 0.5s)
[job 27] 2/18 n=10 dimensions=1 delta=1.0 J=0.139088 Bx=0.0 By=0.0 Bz=-0.127075 ham=4 took 78.3s (elapsed 78.8s)
[job 27] 3/18 n=10 dimensions=1 delta=1.0 J=-0.958446 Bx=0.0 By=0.0 Bz=-0.004125 ham=6 took 0.5s (elapsed 79.4s)
[job 27] 4/18 n=10 dimensions=1 delta=1.0 J=0.039924 Bx=0.0 By=0.0 Bz=-0.550025 ham=8 took 0.6s (elapsed 80.0s)
[job 27] 5/18 n=10 dimensions=1 delta=1.0 J=0.476303 Bx=0.0 By=0.0 Bz=-0.594078 ham=10 took 97.9s (elapsed 178.0s)
[job 27] 6/18 n=10 dimensions=1 delta=1.0 J=-0.504785 Bx=0.0 By=0.0 Bz=-0.800446 ham=12 took 0.5s (elapsed 178.6s)
[job 27] 7/18 n=10 dimensions=1 delta=1.0 J=0.618667 Bx=0.0 By=0.0 Bz=-0.813737 ham=14 took 100.3s (elapsed 278.9s)
[job 27] 8/18 n=10 dimensions=2 delta=1.0 J=-0.81358 Bx=0.0 By=0.0 Bz=0.120636 ham=0 took 0.6s (elapsed 279.6s)
[job 27] 9/18 n=10 dimensions=2 delta=1.0 J=0.0689 Bx=0.0 By=0.0 Bz=0.546175 ham=2 took 0.6s (elapsed 280.2s)
[job 27] 10/18 n=10 dimensions=2 delta=1.0 J=0.139088 Bx=0.0 By=0.0 Bz=-0.127075 ham=4 took 103.5s (elapsed 383.7s)
[job 27] 11/18 n=10 dimensions=2 delta=1.0 J=-0.958446 Bx=0.0 By=0.0 Bz=-0.004125 ham=6 took 0.6s (elapsed 384.3s)
[job 27] 12/18 n=10 dimensions=2 delta=1.0 J=0.039924 Bx=0.0 By=0.0 Bz=-0.550025 ham=8 took 0.6s (elapsed 385.0s)
[job 27] 13/18 n=10 dimensions=2 delta=1.0 J=0.476303 Bx=0.0 By=0.0 Bz=-0.594078 ham=10 took 119.7s (elapsed 504.8s)
[job 27] 14/18 n=10 dimensions=2 delta=1.0 J=-0.504785 Bx=0.0 By=0.0 Bz=-0.800446 ham=12 took 0.5s (elapsed 505.4s)
[job 27] 15/18 n=10 dimensions=2 delta=1.0 J=0.618667 Bx=0.0 By=0.0 Bz=-0.813737 ham=14 took 111.5s (elapsed 616.9s)
[job 27] 16/18 n=12 dimensions=1 delta=1.0 J=-0.603824 Bx=0.0 By=0.0 Bz=-0.287176 ham=7 took 17.5s (elapsed 634.4s)
[job 27] 17/18 n=12 dimensions=2 delta=1.0 J=-0.806853 Bx=0.0 By=0.0 Bz=-0.047127 ham=5 took 17.9s (elapsed 652.4s)
[job 27] 18/18 n=12 dimensions=2 delta=1.0 J=-0.640511 Bx=0.0 By=0.0 Bz=0.767532 ham=13 took 17.8s (elapsed 670.2s)
[job 27] wrote 5196 rows to bitstring_shards_heisenberg/shard_00027.csv in 670.4s
