host=node106 task=33 threads=4
[job 33/40] 78 cells (30 x n=6, 30 x n=8, 15 x n=10, 3 x n=12)
[job 33] 1/78 n=6 dimensions=1 delta=10.0 J=-0.81358 Bx=0.0 By=0.0 Bz=0.120636 ham=0 took 0.4s (elapsed 0.4s)
[job 33] 2/78 n=6 dimensions=1 delta=10.0 J=0.494654 Bx=0.0 By=0.0 Bz=0.709254 ham=1 took 1.4s (elapsed 1.9s)
[job 33] 3/78 n=6 dimensions=1 delta=10.0 J=0.0689 Bx=0.0 By=0.0 Bz=0.546175 ham=2 took 1.5s (elapsed 3.3s)
[job 33] 4/78 n=6 dimensions=1 delta=10.0 J=-0.746409 Bx=0.0 By=0.0 Bz=-0.96867 ham=3 took 0.2s (elapsed 3.5s)
[job 33] 5/78 n=6 dimensions=1 delta=10.0 J=0.139088 Bx=0.0 By=0.0 Bz=-0.127075 ham=4 took 1.5s (elapsed 5.1s)
[job 33] 6/78 n=6 dimensions=1 delta=10.0 J=-0.806853 Bx=0.0 By=0.0 Bz=-0.047127 ham=5 took 0.2s (elapsed 5.3s)
[job 33] 7/78 n=6 dimensions=1 delta=10.0 J=-0.958446 Bx=0.0 By=0.0 Bz=-0.004125 ham=6 took 0.2s (elapsed 5.5s)
[job 33] 8/78 n=6 dimensions=1 delta=10.0 J=-0.603824 Bx=0.0 By=0.0 Bz=-0.287176 ham=7 took 0.2s (elapsed 5.7s)
[job 33] 9/78 n=6 dimensions=1 delta=10.0 J=0.039924 Bx=0.0 By=0.0 Bz=-0.550025 ham=8 took 0.6s (elapsed 6.3s)
[job 33] 10/78 n=6 dimensions=1 delta=10.0 J=0.454189 Bx=0.0 By=0.0 Bz=0.225511 ham=9 took 1.6s (elapsed 8.0s)
[job 33] 11/78 n=6 dimensions=1 delta=10.0 J=0.476303 Bx=0.0 By=0.0 Bz=-0.594078 ham=10 took 1.4s (elapsed 9.4s)
[job 33] 12/78 n=6 dimensions=1 delta=10.0 J=-0.899855 Bx=0.0 By=0.0 Bz=0.734512 ham=11 took 0.2s (elapsed 9.7s)
[job 33] 13/78 n=6 dimensions=1 delta=10.0 J=-0.504785 Bx=0.0 By=0.0 Bz=-0.800446 ham=12 took 0.1s (elapsed 9.8s)
[job 33] 14/78 n=6 dimensions=1 delta=10.0 J=-0.640511 Bx=0.0 By=0.0 Bz=0.767532 ham=13 took 0.3s (elapsed 10.1s)
[job 33] 15/78 n=6 dimensions=1 delta=10.0 J=0.618667 Bx=0.0 By=0.0 Bz=-0.813737 ham=14 took 1.1s (elapsed 11.3s)
[job 33] 16/78 n=6 dimensions=2 delta=10.0 J=-0.81358 Bx=0.0 By=0.0 Bz=0.120636 ham=0 took 0.1s (elapsed 11.5s)
[job 33] 17/78 n=6 dimensions=2 delta=10.0 J=0.494654 Bx=0.0 By=0.0 Bz=0.709254 ham=1 took 7.7s (elapsed 19.2s)
[job 33] 18/78 n=6 dimensions=2 delta=10.0 J=0.0689 Bx=0.0 By=0.0 Bz=0.546175 ham=2 took 7.6s (elapsed 26.9s)
[job 33] 19/78 n=6 dimensions=2 delta=10.0 J=-0.746409 Bx=0.0 By=0.0 Bz=-0.96867 ham=3 took 0.1s (elapsed 27.1s)
[job 33] 20/78 n=6 dimensions=2 delta=10.0 J=0.139088 Bx=0.0 By=0.0 Bz=-0.127075 ham=4 took 6.2s (elapsed 33.4s)
[job 33] 21/78 n=6 dimensions=2 delta=10.0 J=-0.806853 Bx=0.0 By=0.0 Bz=-0.047127 ham=5 took 0.2s (elapsed 33.6s)
[job 33] 22/78 n=6 dimensions=2 delta=10.0 J=-0.958446 Bx=0.0 By=0.0 Bz=-0.004125 ham=6 took 0.2s (elapsed 33.9s)
[job 33] 23/78 n=6 dimensions=2 delta=10.0 J=-0.603824 Bx=0.0 By=0.0 Bz=-0.287176 ham=7 took 0.2s (elapsed 34.1s)
[job 33] 24/78 n=6 dimensions=2 delta=10.0 J=0.039924 Bx=0.0 By=0.0 Bz=-0.550025 ham=8 took 5.4s (elapsed 39.6s)
[job 33] 25/78 n=6 dimensions=2 delta=10.0 J=0.454189 Bx=0.0 By=0.0 Bz=0.225511 ham=9 took 8.6s (elapsed 48.3s)
[job 33] 26/78 n=6 dimensions=2 delta=10.0 J=0.476303 Bx=0.0 By=0.0 Bz=-0.594078 ham=10 took 8.3s (elapsed 56.7s)
[job 33] 27/78 n=6 dimensions=2 delta=10.0 J=-0.899855 Bx=0.0 By=0.0 Bz=0.734512 ham=11 took 0.2s (elapsed 57.0s)
[job 33] 28/78 n=6 dimensions=2 delta=10.0 J=-0.504785 Bx=0.0 By=0.0 Bz=-0.800446 ham=12 took 0.2s (elapsed 57.3s)
[job 33] 29/78 n=6 dimensions=2 delta=10.0 J=-0.640511 Bx=0.0 By=0.0 Bz=0.767532 ham=13 took 0.2s (elapsed 57.6s)
[job 33] 30/78 n=6 dimensions=2 delta=10.0 J=0.618667 Bx=0.0 By=0.0 Bz=-0.813737 ham=14 took 9.4s (elapsed 67.1s)
[job 33] 31/78 n=8 dimensions=1 delta=10.0 J=-0.81358 Bx=0.0 By=0.0 Bz=0.120636 ham=0 took 0.2s (elapsed 67.4s)
[job 33] 32/78 n=8 dimensions=1 delta=10.0 J=0.494654 Bx=0.0 By=0.0 Bz=0.709254 ham=1 took 18.2s (elapsed 85.7s)
[job 33] 33/78 n=8 dimensions=1 delta=10.0 J=0.0689 Bx=0.0 By=0.0 Bz=0.546175 ham=2 took 12.0s (elapsed 97.8s)
[job 33] 34/78 n=8 dimensions=1 delta=10.0 J=-0.746409 Bx=0.0 By=0.0 Bz=-0.96867 ham=3 took 0.2s (elapsed 98.1s)
[job 33] 35/78 n=8 dimensions=1 delta=10.0 J=0.139088 Bx=0.0 By=0.0 Bz=-0.127075 ham=4 took 15.3s (elapsed 113.5s)
[job 33] 36/78 n=8 dimensions=1 delta=10.0 J=-0.806853 Bx=0.0 By=0.0 Bz=-0.047127 ham=5 took 0.2s (elapsed 113.9s)
[job 33] 37/78 n=8 dimensions=1 delta=10.0 J=-0.958446 Bx=0.0 By=0.0 Bz=-0.004125 ham=6 took 0.2s (elapsed 114.2s)
[job 33] 38/78 n=8 dimensions=1 delta=10.0 J=-0.603824 Bx=0.0 By=0.0 Bz=-0.287176 ham=7 took 0.2s (elapsed 114.5s)
[job 33] 39/78 n=8 dimensions=1 delta=10.0 J=0.039924 Bx=0.0 By=0.0 Bz=-0.550025 ham=8 took 7.5s (elapsed 122.1s)
[job 33] 40/78 n=8 dimensions=1 delta=10.0 J=0.454189 Bx=0.0 By=0.0 Bz=0.225511 ham=9 took 9.9s (elapsed 132.2s)
[job 33] 41/78 n=8 dimensions=1 delta=10.0 J=0.476303 Bx=0.0 By=0.0 Bz=-0.594078 ham=10 took 12.4s (elapsed 144.8s)
[job 33] 42/78 n=8 dimensions=1 delta=10.0 J=-0.899855 Bx=0.0 By=0.0 Bz=0.734512 ham=11 took 0.2s (elapsed 145.1s)
[job 33] 43/78 n=8 dimensions=1 delta=10.0 J=-0.504785 Bx=0.0 By=0.0 Bz=-0.800446 ham=12 took 0.2s (elapsed 145.4s)
[job 33] 44/78 n=8 dimensions=1 delta=10.0 J=-0.640511 Bx=0.0 By=0.0 Bz=0.767532 ham=13 took 0.1s (elapsed 145.7s)
[job 33] 45/78 n=8 dimensions=1 delta=10.0 J=0.618667 Bx=0.0 By=0.0 Bz=-0.813737 ham=14 took 19.5s (elapsed 165.4s)
[job 33] 46/78 n=8 dimensions=2 delta=10.0 J=-0.81358 Bx=0.0 By=0.0 Bz=0.120636 ham=0 took 0.2s (elapsed 165.9s)
[job 33] 47/78 n=8 dimensions=2 delta=10.0 J=0.494654 Bx=0.0 By=0.0 Bz=0.709254 ham=1 took 37.4s (elapsed 203.5s)
[job 33] 48/78 n=8 dimensions=2 delta=10.0 J=0.0689 Bx=0.0 By=0.0 Bz=0.546175 ham=2 took 15.3s (elapsed 218.9s)
[job 33] 49/78 n=8 dimensions=2 delta=10.0 J=-0.746409 Bx=0.0 By=0.0 Bz=-0.96867 ham=3 took 0.2s (elapsed 219.4s)
[job 33] 50/78 n=8 dimensions=2 delta=10.0 J=0.139088 Bx=0.0 By=0.0 Bz=-0.127075 ham=4 took 27.2s (elapsed 246.7s)
[job 33] 51/78 n=8 dimensions=2 delta=10.0 J=-0.806853 Bx=0.0 By=0.0 Bz=-0.047127 ham=5 took 0.3s (elapsed 247.2s)
[job 33] 52/78 n=8 dimensions=2 delta=10.0 J=-0.958446 Bx=0.0 By=0.0 Bz=-0.004125 ham=6 took 0.2s (elapsed 247.6s)
[job 33] 53/78 n=8 dimensions=2 delta=10.0 J=-0.603824 Bx=0.0 By=0.0 Bz=-0.287176 ham=7 took 0.1s (elapsed 247.8s)
[job 33] 54/78 n=8 dimensions=2 delta=10.0 J=0.039924 Bx=0.0 By=0.0 Bz=-0.550025 ham=8 took 12.6s (elapsed 260.6s)
[job 33] 55/78 n=8 dimensions=2 delta=10.0 J=0.454189 Bx=0.0 By=0.0 Bz=0.225511 ham=9 took 35.6s (elapsed 296.4s)
[job 33] 56/78 n=8 dimensions=2 delta=10.0 J=0.476303 Bx=0.0 By=0.0 Bz=-0.594078 ham=10 took 35.4s (elapsed 332.0s)
[job 33] 57/78 n=8 dimensions=2 delta=10.0 J=-0.899855 Bx=0.0 By=0.0 Bz=0.734512 ham=11 took 0.2s (elapsed 332.5s)
[job 33] 58/78 n=8 dimensions=2 delta=10.0 J=-0.504785 Bx=0.0 By=0.0 Bz=-0.800446 ham=12 took 0.1s (elapsed 332.8s)
[job 33] 59/78 n=8 dimensions=2 delta=10.0 J=-0.640511 Bx=0.0 By=0.0 Bz=0.767532 ham=13 took 0.1s (elapsed 333.1s)
[job 33] 60/78 n=8 dimensions=2 delta=10.0 J=0.618667 Bx=0.0 By=0.0 Bz=-0.813737 ham=14 took 32.8s (elapsed 366.2s)
[job 33] 61/78 n=10 dimensions=1 delta=10.0 J=-0.81358 Bx=0.0 By=0.0 Bz=0.120636 ham=0 took 0.8s (elapsed 367.3s)
[job 33] 62/78 n=10 dimensions=1 delta=10.0 J=0.494654 Bx=0.0 By=0.0 Bz=0.709254 ham=1 took 94.5s (elapsed 462.1s)
[job 33] 63/78 n=10 dimensions=1 delta=10.0 J=-0.746409 Bx=0.0 By=0.0 Bz=-0.96867 ham=3 took 0.8s (elapsed 463.0s)
[job 33] 64/78 n=10 dimensions=1 delta=10.0 J=-0.806853 Bx=0.0 By=0.0 Bz=-0.047127 ham=5 took 0.8s (elapsed 464.1s)
[job 33] 65/78 n=10 dimensions=1 delta=10.0 J=-0.603824 Bx=0.0 By=0.0 Bz=-0.287176 ham=7 took 0.7s (elapsed 465.0s)
[job 33] 66/78 n=10 dimensions=1 delta=10.0 J=0.454189 Bx=0.0 By=0.0 Bz=0.225511 ham=9 took 86.9s (elapsed 552.2s)
[job 33] 67/78 n=10 dimensions=1 delta=10.0 J=-0.899855 Bx=0.0 By=0.0 Bz=0.734512 ham=11 took 1.0s (elapsed 553.4s)
[job 33] 68/78 n=10 dimensions=1 delta=10.0 J=-0.640511 Bx=0.0 By=0.0 Bz=0.767532 ham=13 took 0.8s (elapsed 554.4s)
[job 33] 69/78 n=10 dimensions=2 delta=10.0 J=0.494654 Bx=0.0 By=0.0 Bz=0.709254 ham=1 took 169.4s (elapsed 724.0s)
[job 33] 70/78 n=10 dimensions=2 delta=10.0 J=-0.746409 Bx=0.0 By=0.0 Bz=-0.96867 ham=3 took 0.7s (elapsed 725.0s)
[job 33] 71/78 n=10 dimensions=2 delta=10.0 J=-0.806853 Bx=0.0 By=0.0 Bz=-0.047127 ham=5 took 1.1s (elapsed 726.4s)
[job 33] 72/78 n=10 dimensions=2 delta=10.0 J=-0.603824 Bx=0.0 By=0.0 Bz=-0.287176 ham=7 took 0.8s (elapsed 727.5s)
[job 33] 73/78 n=10 dimensions=2 delta=10.0 J=0.454189 Bx=0.0 By=0.0 Bz=0.225511 ham=9 took 169.4s (elapsed 897.1s)
[job 33] 74/78 n=10 dimensions=2 delta=10.0 J=-0.899855 Bx=0.0 By=0.0 Bz=0.734512 ham=11 took 0.8s (elapsed 898.2s)
[job 33] 75/78 n=10 dimensions=2 delta=10.0 J=-0.640511 Bx=0.0 By=0.0 Bz=0.767532 ham=13 took 0.7s (elapsed 899.2s)
[job 33] 76/78 n=12 dimensions=1 delta=10.0 J=0.039924 Bx=0.0 By=0.0 Bz=-0.550025 ham=8 took 794.4s (elapsed 1693.9s)
[job 33] 77/78 n=12 dimensions=2 delta=10.0 J=-0.958446 Bx=0.0 By=0.0 Bz=-0.004125 ham=6 took 22.0s (elapsed 1716.2s)
[job 33] 78/78 n=12 dimensions=2 delta=10.0 J=0.618667 Bx=0.0 By=0.0 Bz=-0.813737 ham=14 took 2076.4s (elapsed 3792.9s)
[job 33] wrote 22836 rows to bitstring_shards_heisenberg/shard_00033.csv in 3793.4s
