host=node088 task=34 threads=4
[job 34/40] 78 cells (30 x n=6, 30 x n=8, 15 x n=10, 3 x n=12)
[job 34] 1/78 n=6 dimensions=1 delta=100.0 J=-0.81358 Bx=0.0 By=0.0 Bz=0.120636 ham=0 took 0.2s (elapsed 0.2s)
[job 34] 2/78 n=6 dimensions=1 delta=100.0 J=0.494654 Bx=0.0 By=0.0 Bz=0.709254 ham=1 took 0.4s (elapsed 0.6s)
[job 34] 3/78 n=6 dimensions=1 delta=100.0 J=0.0689 Bx=0.0 By=0.0 Bz=0.546175 ham=2 took 0.4s (elapsed 0.9s)
[job 34] 4/78 n=6 dimensions=1 delta=100.0 J=-0.746409 Bx=0.0 By=0.0 Bz=-0.96867 ham=3 took 0.2s (elapsed 1.2s)
[job 34] 5/78 n=6 dimensions=1 delta=100.0 J=0.139088 Bx=0.0 By=0.0 Bz=-0.127075 ham=4 took 0.3s (elapsed 1.5s)
[job 34] 6/78 n=6 dimensions=1 delta=100.0 J=-0.806853 Bx=0.0 By=0.0 Bz=-0.047127 ham=5 took 0.1s (elapsed 1.7s)
[job 34] 7/78 n=6 dimensions=1 delta=100.0 J=-0.958446 Bx=0.0 By=0.0 Bz=-0.004125 ham=6 took 0.2s (elapsed 1.9s)
[job 34] 8/78 n=6 dimensions=1 delta=100.0 J=-0.603824 Bx=0.0 By=0.0 Bz=-0.287176 ham=7 took 0.1s (elapsed 2.1s)
[job 34] 9/78 n=6 dimensions=1 delta=100.0 J=0.039924 Bx=0.0 By=0.0 Bz=-0.550025 ham=8 took 0.4s (elapsed 2.5s)
[job 34] 10/78 n=6 dimensions=1 delta=100.0 J=0.454189 Bx=0.0 By=0.0 Bz=0.225511 ham=9 took 0.4s (elapsed 3.0s)
[job 34] 11/78 n=6 dimensions=1 delta=100.0 J=0.476303 Bx=0.0 By=0.0 Bz=-0.594078 ham=10 took 0.2s (elapsed 3.2s)
[job 34] 12/78 n=6 dimensions=1 delta=100.0 J=-0.899855 Bx=0.0 By=0.0 Bz=0.734512 ham=11 took 0.4s (elapsed 3.7s)
[job 34] 13/78 n=6 dimensions=1 delta=100.0 J=-0.504785 Bx=0.0 By=0.0 Bz=-0.800446 ham=12 took 0.2s (elapsed 3.9s)
[job 34] 14/78 n=6 dimensions=1 delta=100.0 J=-0.640511 Bx=0.0 By=0.0 Bz=0.767532 ham=13 took 0.1s (elapsed 4.1s)
[job 34] 15/78 n=6 dimensions=1 delta=100.0 J=0.618667 Bx=0.0 By=0.0 Bz=-0.813737 ham=14 took 0.4s (elapsed 4.6s)
[job 34] 16/78 n=6 dimensions=2 delta=100.0 J=-0.81358 Bx=0.0 By=0.0 Bz=0.120636 ham=0 took 0.0s (elapsed 4.7s)
[job 34] 17/78 n=6 dimensions=2 delta=100.0 J=0.494654 Bx=0.0 By=0.0 Bz=0.709254 ham=1 took 0.3s (elapsed 5.2s)
[job 34] 18/78 n=6 dimensions=2 delta=100.0 J=0.0689 Bx=0.0 By=0.0 Bz=0.546175 ham=2 took 0.4s (elapsed 5.6s)
[job 34] 19/78 n=6 dimensions=2 delta=100.0 J=-0.746409 Bx=0.0 By=0.0 Bz=-0.96867 ham=3 took 0.1s (elapsed 5.7s)
[job 34] 20/78 n=6 dimensions=2 delta=100.0 J=0.139088 Bx=0.0 By=0.0 Bz=-0.127075 ham=4 took 0.9s (elapsed 6.7s)
[job 34] 21/78 n=6 dimensions=2 delta=100.0 J=-0.806853 Bx=0.0 By=0.0 Bz=-0.047127 ham=5 took 0.2s (elapsed 6.9s)
[job 34] 22/78 n=6 dimensions=2 delta=100.0 J=-0.958446 Bx=0.0 By=0.0 Bz=-0.004125 ham=6 took 0.1s (elapsed 7.1s)
[job 34] 23/78 n=6 dimensions=2 delta=100.0 J=-0.603824 Bx=0.0 By=0.0 Bz=-0.287176 ham=7 took 0.1s (elapsed 7.2s)
[job 34] 24/78 n=6 dimensions=2 delta=100.0 J=0.039924 Bx=0.0 By=0.0 Bz=-0.550025 ham=8 took 0.4s (elapsed 7.8s)
[job 34] 25/78 n=6 dimensions=2 delta=100.0 J=0.454189 Bx=0.0 By=0.0 Bz=0.225511 ham=9 took 0.3s (elapsed 8.2s)
[job 34] 26/78 n=6 dimensions=2 delta=100.0 J=0.476303 Bx=0.0 By=0.0 Bz=-0.594078 ham=10 took 0.3s (elapsed 8.6s)
[job 34] 27/78 n=6 dimensions=2 delta=100.0 J=-0.899855 Bx=0.0 By=0.0 Bz=0.734512 ham=11 took 0.2s (elapsed 8.9s)
[job 34] 28/78 n=6 dimensions=2 delta=100.0 J=-0.504785 Bx=0.0 By=0.0 Bz=-0.800446 ham=12 took 0.2s (elapsed 9.2s)
[job 34] 29/78 n=6 dimensions=2 delta=100.0 J=-0.640511 Bx=0.0 By=0.0 Bz=0.767532 ham=13 took 0.2s (elapsed 9.4s)
[job 34] 30/78 n=6 dimensions=2 delta=100.0 J=0.618667 Bx=0.0 By=0.0 Bz=-0.813737 ham=14 took 0.6s (elapsed 10.1s)
[job 34] 31/78 n=8 dimensions=1 delta=100.0 J=-0.81358 Bx=0.0 By=0.0 Bz=0.120636 ham=0 took 0.1s (elapsed 10.3s)
[job 34] 32/78 n=8 dimensions=1 delta=100.0 J=0.494654 Bx=0.0 By=0.0 Bz=0.709254 ham=1 took 1.8s (elapsed 12.3s)
[job 34] 33/78 n=8 dimensions=1 delta=100.0 J=0.0689 Bx=0.0 By=0.0 Bz=0.546175 ham=2 took 1.7s (elapsed 14.2s)
[job 34] 34/78 n=8 dimensions=1 delta=100.0 J=-0.746409 Bx=0.0 By=0.0 Bz=-0.96867 ham=3 took 0.2s (elapsed 14.5s)
[job 34] 35/78 n=8 dimensions=1 delta=100.0 J=0.139088 Bx=0.0 By=0.0 Bz=-0.127075 ham=4 took 1.2s (elapsed 15.8s)
[job 34] 36/78 n=8 dimensions=1 delta=100.0 J=-0.806853 Bx=0.0 By=0.0 Bz=-0.047127 ham=5 took 0.1s (elapsed 16.0s)
[job 34] 37/78 n=8 dimensions=1 delta=100.0 J=-0.958446 Bx=0.0 By=0.0 Bz=-0.004125 ham=6 took 0.1s (elapsed 16.3s)
[job 34] 38/78 n=8 dimensions=1 delta=100.0 J=-0.603824 Bx=0.0 By=0.0 Bz=-0.287176 ham=7 took 0.0s (elapsed 16.5s)
[job 34] 39/78 n=8 dimensions=1 delta=100.0 J=0.039924 Bx=0.0 By=0.0 Bz=-0.550025 ham=8 took 1.8s (elapsed 18.5s)
[job 34] 40/78 n=8 dimensions=1 delta=100.0 J=0.454189 Bx=0.0 By=0.0 Bz=0.225511 ham=9 took 1.5s (elapsed 20.1s)
[job 34] 41/78 n=8 dimensions=1 delta=100.0 J=0.476303 Bx=0.0 By=0.0 Bz=-0.594078 ham=10 took 3.7s (elapsed 23.9s)
[job 34] 42/78 n=8 dimensions=1 delta=100.0 J=-0.899855 Bx=0.0 By=0.0 Bz=0.734512 ham=11 took 0.0s (elapsed 24.0s)
[job 34] 43/78 n=8 dimensions=1 delta=100.0 J=-0.504785 Bx=0.0 By=0.0 Bz=-0.800446 ham=12 took 0.0s (elapsed 24.2s)
[job 34] 44/78 n=8 dimensions=1 delta=100.0 J=-0.640511 Bx=0.0 By=0.0 Bz=0.767532 ham=13 took 0.0s (elapsed 24.3s)
[job 34] 45/78 n=8 dimensions=1 delta=100.0 J=0.618667 Bx=0.0 By=0.0 Bz=-0.813737 ham=14 took 1.6s (elapsed 26.1s)
[job 34] 46/78 n=8 dimensions=2 delta=100.0 J=-0.81358 Bx=0.0 By=0.0 Bz=0.120636 ham=0 took 0.0s (elapsed 26.2s)
[job 34] 47/78 n=8 dimensions=2 delta=100.0 J=0.494654 Bx=0.0 By=0.0 Bz=0.709254 ham=1 took 1.6s (elapsed 28.0s)
[job 34] 48/78 n=8 dimensions=2 delta=100.0 J=0.0689 Bx=0.0 By=0.0 Bz=0.546175 ham=2 took 1.8s (elapsed 29.9s)
[job 34] 49/78 n=8 dimensions=2 delta=100.0 J=-0.746409 Bx=0.0 By=0.0 Bz=-0.96867 ham=3 took 0.2s (elapsed 30.3s)
[job 34] 50/78 n=8 dimensions=2 delta=100.0 J=0.139088 Bx=0.0 By=0.0 Bz=-0.127075 ham=4 took 1.7s (elapsed 32.1s)
[job 34] 51/78 n=8 dimensions=2 delta=100.0 J=-0.806853 Bx=0.0 By=0.0 Bz=-0.047127 ham=5 took 0.7s (elapsed 33.0s)
[job 34] 52/78 n=8 dimensions=2 delta=100.0 J=-0.958446 Bx=0.0 By=0.0 Bz=-0.004125 ham=6 took 0.0s (elapsed 33.2s)
[job 34] 53/78 n=8 dimensions=2 delta=100.0 J=-0.603824 Bx=0.0 By=0.0 Bz=-0.287176 ham=7 took 0.4s (elapsed 33.8s)
[job 34] 54/78 n=8 dimensions=2 delta=100.0 J=0.039924 Bx=0.0 By=0.0 Bz=-0.550025 ham=8 took 1.6s (elapsed 35.5s)
[job 34] 55/78 n=8 dimensions=2 delta=100.0 J=0.454189 Bx=0.0 By=0.0 Bz=0.225511 ham=9 took 1.4s (elapsed 37.1s)
[job 34] 56/78 n=8 dimensions=2 delta=100.0 J=0.476303 Bx=0.0 By=0.0 Bz=-0.594078 ham=10 took 6.1s (elapsed 43.3s)
[job 34] 57/78 n=8 dimensions=2 delta=100.0 J=-0.899855 Bx=0.0 By=0.0 Bz=0.734512 ham=11 took 0.2s (elapsed 43.7s)
[job 34] 58/78 n=8 dimensions=2 delta=100.0 J=-0.504785 Bx=0.0 By=0.0 Bz=-0.800446 ham=12 took 0.0s (elapsed 43.9s)
[job 34] 59/78 n=8 dimensions=2 delta=100.0 J=-0.640511 Bx=0.0 By=0.0 Bz=0.767532 ham=13 took 0.2s (elapsed 44.3s)
[job 34] 60/78 n=8 dimensions=2 delta=100.0 J=0.618667 Bx=0.0 By=0.0 Bz=-0.813737 ham=14 took 2.0s (elapsed 46.5s)
[job 34] 61/78 n=10 dimensions=1 delta=100.0 J=-0.81358 Bx=0.0 By=0.0 Bz=0.120636 ham=0 took 0.9s (elapsed 47.5s)
[job 34] 62/78 n=10 dimensions=1 delta=100.0 J=0.494654 Bx=0.0 By=0.0 Bz=0.709254 ham=1 took 10.7s (elapsed 58.5s)
[job 34] 63/78 n=10 dimensions=1 delta=100.0 J=-0.746409 Bx=0.0 By=0.0 Bz=-0.96867 ham=3 took 1.3s (elapsed 60.0s)
[job 34] 64/78 n=10 dimensions=1 delta=100.0 J=-0.806853 Bx=0.0 By=0.0 Bz=-0.047127 ham=5 took 1.3s (elapsed 61.5s)
[job 34] 65/78 n=10 dimensions=1 delta=100.0 J=-0.603824 Bx=0.0 By=0.0 Bz=-0.287176 ham=7 took 1.6s (elapsed 63.3s)
[job 34] 66/78 n=10 dimensions=1 delta=100.0 J=0.454189 Bx=0.0 By=0.0 Bz=0.225511 ham=9 took 12.4s (elapsed 75.9s)
[job 34] 67/78 n=10 dimensions=1 delta=100.0 J=-0.899855 Bx=0.0 By=0.0 Bz=0.734512 ham=11 took 0.6s (elapsed 76.7s)
[job 34] 68/78 n=10 dimensions=1 delta=100.0 J=-0.640511 Bx=0.0 By=0.0 Bz=0.767532 ham=13 took 0.6s (elapsed 77.4s)
[job 34] 69/78 n=10 dimensions=2 delta=100.0 J=0.494654 Bx=0.0 By=0.0 Bz=0.709254 ham=1 took 17.5s (elapsed 95.1s)
[job 34] 70/78 n=10 dimensions=2 delta=100.0 J=-0.746409 Bx=0.0 By=0.0 Bz=-0.96867 ham=3 took 2.1s (elapsed 97.4s)
[job 34] 71/78 n=10 dimensions=2 delta=100.0 J=-0.806853 Bx=0.0 By=0.0 Bz=-0.047127 ham=5 took 1.2s (elapsed 98.9s)
[job 34] 72/78 n=10 dimensions=2 delta=100.0 J=-0.603824 Bx=0.0 By=0.0 Bz=-0.287176 ham=7 took 1.2s (elapsed 100.3s)
[job 34] 73/78 n=10 dimensions=2 delta=100.0 J=0.454189 Bx=0.0 By=0.0 Bz=0.225511 ham=9 took 13.6s (elapsed 114.0s)
[job 34] 74/78 n=10 dimensions=2 delta=100.0 J=-0.899855 Bx=0.0 By=0.0 Bz=0.734512 ham=11 took 0.5s (elapsed 114.8s)
[job 34] 75/78 n=10 dimensions=2 delta=100.0 J=-0.640511 Bx=0.0 By=0.0 Bz=0.767532 ham=13 took 0.6s (elapsed 115.7s)
[job 34] 76/78 n=12 dimensions=1 delta=100.0 J=0.039924 Bx=0.0 By=0.0 Bz=-0.550025 ham=8 took 95.7s (elapsed 211.6s)
[job 34] 77/78 n=12 dimensions=2 delta=100.0 J=-0.958446 Bx=0.0 By=0.0 Bz=-0.004125 ham=6 took 16.0s (elapsed 227.8s)
[job 34] 78/78 n=12 dimensions=2 delta=100.0 J=0.618667 Bx=0.0 By=0.0 Bz=-0.813737 ham=14 took 56.8s (elapsed 284.9s)
[job 34] wrote 22836 rows to bitstring_shards_heisenberg/shard_00034.csv in 285.3s
