host=node035 task=28 threads=4
[job 28/40] 18 cells (15 x n=10, 3 x n=12)
[job 28] 1/18 n=10 dimensions=1 delta=10.0 J=0.0689 Bx=0.0 By=0.0 Bz=0.546175 ham=2 took 8.4s (elapsed 8.4s)
[job 28] 2/18 n=10 dimensions=1 delta=10.0 J=0.139088 Bx=0.0 By=0.0 Bz=-0.127075 ham=4 took 11.3s (elapsed 19.7s)
[job 28] 3/18 n=10 dimensions=1 delta=10.0 J=-0.958446 Bx=0.0 By=0.0 Bz=-0.004125 ham=6 took 0.6s (elapsed 20.4s)
[job 28] 4/18 n=10 dimensions=1 delta=10.0 J=0.039924 Bx=0.0 By=0.0 Bz=-0.550025 ham=8 took 8.5s (elapsed 28.9s)
[job 28] 5/18 n=10 dimensions=1 delta=10.0 J=0.476303 Bx=0.0 By=0.0 Bz=-0.594078 ham=10 took 13.5s (elapsed 42.4s)
[job 28] 6/18 n=10 dimensions=1 delta=10.0 J=-0.504785 Bx=0.0 By=0.0 Bz=-0.800446 ham=12 took 0.7s (elapsed 43.1s)
[job 28] 7/18 n=10 dimensions=1 delta=10.0 J=0.618667 Bx=0.0 By=0.0 Bz=-0.813737 ham=14 took 13.1s (elapsed 56.3s)
[job 28] 8/18 n=10 dimensions=2 delta=10.0 J=-0.81358 Bx=0.0 By=0.0 Bz=0.120636 ham=0 took 0.6s (elapsed 57.0s)
[job 28] 9/18 n=10 dimensions=2 delta=10.0 J=0.0689 Bx=0.0 By=0.0 Bz=0.546175 ham=2 took 17.2s (elapsed 74.2s)
[job 28] 10/18 n=10 dimensions=2 delta=10.0 J=0.139088 Bx=0.0 By=0.0 Bz=-0.127075 ham=4 took 16.1s (elapsed 90.5s)
[job 28] 11/18 n=10 dimensions=2 delta=10.0 J=-0.958446 Bx=0.0 By=0.0 Bz=-0.004125 ham=6 took 0.5s (elapsed 91.0s)
[job 28] 12/18 n=10 dimensions=2 delta=10.0 J=0.039924 Bx=0.0 By=0.0 Bz=-0.550025 ham=8 took 13.8s (elapsed 104.9s)
[job 28] 13/18 n=10 dimensions=2 delta=10.0 J=0.476303 Bx=0.0 By=0.0 Bz=-0.594078 ham=10 took 27.5s (elapsed 132.6s)
[job 28] 14/18 n=10 dimensions=2 delta=10.0 J=-0.504785 Bx=0.0 By=0.0 Bz=-0.800446 ham=12 took 0.6s (elapsed 133.3s)
[job 28] 15/18 n=10 dimensions=2 delta=10.0 J=0.618667 Bx=0.0 By=0.0 Bz=-0.813737 ham=14 took 25.6s (elapsed 159.0s)
[job 28] 16/18 n=12 dimensions=1 delta=10.0 J=-0.603824 Bx=0.0 By=0.0 Bz=-0.287176 ham=7 took 25.6s (elapsed 184.7s)
[job 28] 17/18 n=12 dimensions=2 delta=10.0 J=-0.806853 Bx=0.0 By=0.0 Bz=-0.047127 ham=5 took 23.5s (elapsed 208.3s)
[job 28] 18/18 n=12 dimensions=2 delta=10.0 J=-0.640511 Bx=0.0 By=0.0 Bz=0.767532 ham=13 took 23.6s (elapsed 232.0s)
[job 28] wrote 7356 rows to bitstring_shards_heisenberg/shard_00028.csv in 232.2s
