host=node075 task=33 threads=4
[job 33/40] 78 cells (30 x n=6, 30 x n=8, 15 x n=10, 3 x n=12)
[job 33] 1/78 n=6 dimensions=1 delta=10.0 J=-0.81358 Bx=0.0 By=0.0 Bz=0.120636 ham=0 took 0.1s (elapsed 0.1s)
[job 33] 2/78 n=6 dimensions=1 delta=10.0 J=0.494654 Bx=0.0 By=0.0 Bz=0.709254 ham=1 took 0.4s (elapsed 0.5s)
[job 33] 3/78 n=6 dimensions=1 delta=10.0 J=0.0689 Bx=0.0 By=0.0 Bz=0.546175 ham=2 took 0.8s (elapsed 1.3s)
[job 33] 4/78 n=6 dimensions=1 delta=10.0 J=-0.746409 Bx=0.0 By=0.0 Bz=-0.96867 ham=3 took 0.1s (elapsed 1.5s)
[job 33] 5/78 n=6 dimensions=1 delta=10.0 J=0.139088 Bx=0.0 By=0.0 Bz=-0.127075 ham=4 took 0.4s (elapsed 2.0s)
[job 33] 6/78 n=6 dimensions=1 delta=10.0 J=-0.806853 Bx=0.0 By=0.0 Bz=-0.047127 ham=5 took 0.1s (elapsed 2.1s)
[job 33] 7/78 n=6 dimensions=1 delta=10.0 J=-0.958446 Bx=0.0 By=0.0 Bz=-0.004125 ham=6 took 0.1s (elapsed 2.3s)
[job 33] 8/78 n=6 dimensions=1 delta=10.0 J=-0.603824 Bx=0.0 By=0.0 Bz=-0.287176 ham=7 took 0.2s (elapsed 2.6s)
[job 33] 9/78 n=6 dimensions=1 delta=10.0 J=0.039924 Bx=0.0 By=0.0 Bz=-0.550025 ham=8 took 0.3s (elapsed 2.9s)
[job 33] 10/78 n=6 dimensions=1 delta=10.0 J=0.454189 Bx=0.0 By=0.0 Bz=0.225511 ham=9 took 0.3s (elapsed 3.2s)
[job 33] 11/78 n=6 dimensions=1 delta=10.0 J=0.476303 Bx=0.0 By=0.0 Bz=-0.594078 ham=10 took 0.3s (elapsed 3.6s)
[job 33] 12/78 n=6 dimensions=1 delta=10.0 J=-0.899855 Bx=0.0 By=0.0 Bz=0.734512 ham=11 took 0.1s (elapsed 3.8s)
[job 33] 13/78 n=6 dimensions=1 delta=10.0 J=-0.504785 Bx=0.0 By=0.0 Bz=-0.800446 ham=12 took 0.1s (elapsed 4.0s)
[job 33] 14/78 n=6 dimensions=1 delta=10.0 J=-0.640511 Bx=0.0 By=0.0 Bz=0.767532 ham=13 took 0.2s (elapsed 4.3s)
[job 33] 15/78 n=6 dimensions=1 delta=10.0 J=0.618667 Bx=0.0 By=0.0 Bz=-0.813737 ham=14 took 0.7s (elapsed 5.0s)
[job 33] 16/78 n=6 dimensions=2 delta=10.0 J=-0.81358 Bx=0.0 By=0.0 Bz=0.120636 ham=0 took 0.1s (elapsed 5.3s)
[job 33] 17/78 n=6 dimensions=2 delta=10.0 J=0.494654 Bx=0.0 By=0.0 Bz=0.709254 ham=1 took 0.7s (elapsed 6.1s)
[job 33] 18/78 n=6 dimensions=2 delta=10.0 J=0.0689 Bx=0.0 By=0.0 Bz=0.546175 ham=2 took 0.6s (elapsed 6.7s)
[job 33] 19/78 n=6 dimensions=2 delta=10.0 J=-0.746409 Bx=0.0 By=0.0 Bz=-0.96867 ham=3 took 0.1s (elapsed 7.0s)
[job 33] 20/78 n=6 dimensions=2 delta=10.0 J=0.139088 Bx=0.0 By=0.0 Bz=-0.127075 ham=4 took 0.8s (elapsed 7.9s)
[job 33] 21/78 n=6 dimensions=2 delta=10.0 J=-0.806853 Bx=0.0 By=0.0 Bz=-0.047127 ham=5 took 0.2s (elapsed 8.1s)
[job 33] 22/78 n=6 dimensions=2 delta=10.0 J=-0.958446 Bx=0.0 By=0.0 Bz=-0.004125 ham=6 took 0.1s (elapsed 8.3s)
[job 33] 23/78 n=6 dimensions=2 delta=10.0 J=-0.603824 Bx=0.0 By=0.0 Bz=-0.287176 ham=7 took 0.1s (elapsed 8.5s)
[job 33] 24/78 n=6 dimensions=2 delta=10.0 J=0.039924 Bx=0.0 By=0.0 Bz=-0.550025 ham=8 took 0.5s (elapsed 9.1s)
[job 33] 25/78 n=6 dimensions=2 delta=10.0 J=0.454189 Bx=0.0 By=0.0 Bz=0.225511 ham=9 took 0.5s (elapsed 9.7s)
[job 33] 26/78 n=6 dimensions=2 delta=10.0 J=0.476303 Bx=0.0 By=0.0 Bz=-0.594078 ham=10 took 0.3s (elapsed 10.2s)
[job 33] 27/78 n=6 dimensions=2 delta=10.0 J=-0.899855 Bx=0.0 By=0.0 Bz=0.734512 ham=11 took 0.1s (elapsed 10.4s)
[job 33] 28/78 n=6 dimensions=2 delta=10.0 J=-0.504785 Bx=0.0 By=0.0 Bz=-0.800446 ham=12 took 0.2s (elapsed 10.7s)
[job 33] 29/78 n=6 dimensions=2 delta=10.0 J=-0.640511 Bx=0.0 By=0.0 Bz=0.767532 ham=13 took 0.2s (elapsed 10.9s)
[job 33] 30/78 n=6 dimensions=2 delta=10.0 J=0.618667 Bx=0.0 By=0.0 Bz=-0.813737 ham=14 took 0.4s (elapsed 11.4s)
[job 33] 31/78 n=8 dimensions=1 delta=10.0 J=-0.81358 Bx=0.0 By=0.0 Bz=0.120636 ham=0 took 0.0s (elapsed 11.5s)
[job 33] 32/78 n=8 dimensions=1 delta=10.0 J=0.494654 Bx=0.0 By=0.0 Bz=0.709254 ham=1 took 1.5s (elapsed 13.2s)
[job 33] 33/78 n=8 dimensions=1 delta=10.0 J=0.0689 Bx=0.0 By=0.0 Bz=0.546175 ham=2 took 1.4s (elapsed 14.8s)
[job 33] 34/78 n=8 dimensions=1 delta=10.0 J=-0.746409 Bx=0.0 By=0.0 Bz=-0.96867 ham=3 took 0.2s (elapsed 15.1s)
[job 33] 35/78 n=8 dimensions=1 delta=10.0 J=0.139088 Bx=0.0 By=0.0 Bz=-0.127075 ham=4 took 1.5s (elapsed 16.6s)
[job 33] 36/78 n=8 dimensions=1 delta=10.0 J=-0.806853 Bx=0.0 By=0.0 Bz=-0.047127 ham=5 took 0.2s (elapsed 16.9s)
[job 33] 37/78 n=8 dimensions=1 delta=10.0 J=-0.958446 Bx=0.0 By=0.0 Bz=-0.004125 ham=6 took 0.2s (elapsed 17.2s)
[job 33] 38/78 n=8 dimensions=1 delta=10.0 J=-0.603824 Bx=0.0 By=0.0 Bz=-0.287176 ham=7 took 0.2s (elapsed 17.5s)
[job 33] 39/78 n=8 dimensions=1 delta=10.0 J=0.039924 Bx=0.0 By=0.0 Bz=-0.550025 ham=8 took 0.8s (elapsed 18.4s)
[job 33] 40/78 n=8 dimensions=1 delta=10.0 J=0.454189 Bx=0.0 By=0.0 Bz=0.225511 ham=9 took 1.4s (elapsed 19.9s)
[job 33] 41/78 n=8 dimensions=1 delta=10.0 J=0.476303 Bx=0.0 By=0.0 Bz=-0.594078 ham=10 took 1.8s (elapsed 21.9s)
[job 33] 42/78 n=8 dimensions=1 delta=10.0 J=-0.899855 Bx=0.0 By=0.0 Bz=0.734512 ham=11 took 0.0s (elapsed 22.0s)
[job 33] 43/78 n=8 dimensions=1 delta=10.0 J=-0.504785 Bx=0.0 By=0.0 Bz=-0.800446 ham=12 took 0.2s (elapsed 22.3s)
[job 33] 44/78 n=8 dimensions=1 delta=10.0 J=-0.640511 Bx=0.0 By=0.0 Bz=0.767532 ham=13 took 0.0s (elapsed 22.5s)
[job 33] 45/78 n=8 dimensions=1 delta=10.0 J=0.618667 Bx=0.0 By=0.0 Bz=-0.813737 ham=14 took 1.9s (elapsed 24.5s)
[job 33] 46/78 n=8 dimensions=2 delta=10.0 J=-0.81358 Bx=0.0 By=0.0 Bz=0.120636 ham=0 took 0.0s (elapsed 24.7s)
[job 33] 47/78 n=8 dimensions=2 delta=10.0 J=0.494654 Bx=0.0 By=0.0 Bz=0.709254 ham=1 took 6.1s (elapsed 31.0s)
[job 33] 48/78 n=8 dimensions=2 delta=10.0 J=0.0689 Bx=0.0 By=0.0 Bz=0.546175 ham=2 took 4.9s (elapsed 36.0s)
[job 33] 49/78 n=8 dimensions=2 delta=10.0 J=-0.746409 Bx=0.0 By=0.0 Bz=-0.96867 ham=3 took 0.0s (elapsed 36.2s)
[job 33] 50/78 n=8 dimensions=2 delta=10.0 J=0.139088 Bx=0.0 By=0.0 Bz=-0.127075 ham=4 took 7.4s (elapsed 43.9s)
[job 33] 51/78 n=8 dimensions=2 delta=10.0 J=-0.806853 Bx=0.0 By=0.0 Bz=-0.047127 ham=5 took 0.0s (elapsed 44.1s)
[job 33] 52/78 n=8 dimensions=2 delta=10.0 J=-0.958446 Bx=0.0 By=0.0 Bz=-0.004125 ham=6 took 0.0s (elapsed 44.3s)
[job 33] 53/78 n=8 dimensions=2 delta=10.0 J=-0.603824 Bx=0.0 By=0.0 Bz=-0.287176 ham=7 took 0.0s (elapsed 44.6s)
[job 33] 54/78 n=8 dimensions=2 delta=10.0 J=0.039924 Bx=0.0 By=0.0 Bz=-0.550025 ham=8 took 1.5s (elapsed 46.3s)
[job 33] 55/78 n=8 dimensions=2 delta=10.0 J=0.454189 Bx=0.0 By=0.0 Bz=0.225511 ham=9 took 10.0s (elapsed 56.5s)
[job 33] 56/78 n=8 dimensions=2 delta=10.0 J=0.476303 Bx=0.0 By=0.0 Bz=-0.594078 ham=10 took 8.8s (elapsed 65.5s)
[job 33] 57/78 n=8 dimensions=2 delta=10.0 J=-0.899855 Bx=0.0 By=0.0 Bz=0.734512 ham=11 took 0.2s (elapsed 65.9s)
[job 33] 58/78 n=8 dimensions=2 delta=10.0 J=-0.504785 Bx=0.0 By=0.0 Bz=-0.800446 ham=12 took 0.0s (elapsed 66.1s)
[job 33] 59/78 n=8 dimensions=2 delta=10.0 J=-0.640511 Bx=0.0 By=0.0 Bz=0.767532 ham=13 took 0.0s (elapsed 66.4s)
[job 33] 60/78 n=8 dimensions=2 delta=10.0 J=0.618667 Bx=0.0 By=0.0 Bz=-0.813737 ham=14 took 10.8s (elapsed 77.4s)
[job 33] 61/78 n=10 dimensions=1 delta=10.0 J=-0.81358 Bx=0.0 By=0.0 Bz=0.120636 ham=0 took 0.6s (elapsed 78.2s)
[job 33] 62/78 n=10 dimensions=1 delta=10.0 J=0.494654 Bx=0.0 By=0.0 Bz=0.709254 ham=1 took 20.4s (elapsed 98.8s)
[job 33] 63/78 n=10 dimensions=1 delta=10.0 J=-0.746409 Bx=0.0 By=0.0 Bz=-0.96867 ham=3 took 0.6s (elapsed 99.7s)
[job 33] 64/78 n=10 dimensions=1 delta=10.0 J=-0.806853 Bx=0.0 By=0.0 Bz=-0.047127 ham=5 took 0.6s (elapsed 100.5s)
[job 33] 65/78 n=10 dimensions=1 delta=10.0 J=-0.603824 Bx=0.0 By=0.0 Bz=-0.287176 ham=7 took 0.6s (elapsed 101.2s)
[job 33] 66/78 n=10 dimensions=1 delta=10.0 J=0.454189 Bx=0.0 By=0.0 Bz=0.225511 ham=9 took 19.1s (elapsed 120.6s)
[job 33] 67/78 n=10 dimensions=1 delta=10.0 J=-0.899855 Bx=0.0 By=0.0 Bz=0.734512 ham=11 took 0.6s (elapsed 121.4s)
[job 33] 68/78 n=10 dimensions=1 delta=10.0 J=-0.640511 Bx=0.0 By=0.0 Bz=0.767532 ham=13 took 0.6s (elapsed 122.1s)
[job 33] 69/78 n=10 dimensions=2 delta=10.0 J=0.494654 Bx=0.0 By=0.0 Bz=0.709254 ham=1 took 40.0s (elapsed 162.3s)
[job 33] 70/78 n=10 dimensions=2 delta=10.0 J=-0.746409 Bx=0.0 By=0.0 Bz=-0.96867 ham=3 took 0.6s (elapsed 163.2s)
[job 33] 71/78 n=10 dimensions=2 delta=10.0 J=-0.806853 Bx=0.0 By=0.0 Bz=-0.047127 ham=5 took 0.5s (elapsed 164.0s)
[job 33] 72/78 n=10 dimensions=2 delta=10.0 J=-0.603824 Bx=0.0 By=0.0 Bz=-0.287176 ham=7 took 0.5s (elapsed 164.7s)
[job 33] 73/78 n=10 dimensions=2 delta=10.0 J=0.454189 Bx=0.0 By=0.0 Bz=0.225511 ham=9 took 36.5s (elapsed 201.4s)
[job 33] 74/78 n=10 dimensions=2 delta=10.0 J=-0.899855 Bx=0.0 By=0.0 Bz=0.734512 ham=11 took 0.5s (elapsed 202.2s)
[job 33] 75/78 n=10 dimensions=2 delta=10.0 J=-0.640511 Bx=0.0 By=0.0 Bz=0.767532 ham=13 took 0.5s (elapsed 203.0s)
[job 33] 76/78 n=12 dimensions=1 delta=10.0 J=0.039924 Bx=0.0 By=0.0 Bz=-0.550025 ham=8 took 135.3s (elapsed 338.6s)
[job 33] 77/78 n=12 dimensions=2 delta=10.0 J=-0.958446 Bx=0.0 By=0.0 Bz=-0.004125 ham=6 took 23.4s (elapsed 362.3s)
[job 33] 78/78 n=12 dimensions=2 delta=10.0 J=0.618667 Bx=0.0 By=0.0 Bz=-0.813737 ham=14 took 402.7s (elapsed 765.2s)
[job 33] wrote 22836 rows to bitstring_shards_heisenberg/shard_00033.csv in 765.7s
