host=node080 task=27 threads=4
[job 27/40] 18 cells (15 x n=10, 3 x n=12)
[job 27] 1/18 n=10 dimensions=1 delta=1.0 J=0.0689 Bx=0.0 By=0.0 Bz=0.546175 ham=2 took 0.5s (elapsed 0.5s)
[job 27] 2/18 n=10 dimensions=1 delta=1.0 J=0.139088 Bx=0.0 By=0.0 Bz=-0.127075 ham=4 took 82.2s (elapsed 82.7s)
[job 27] 3/18 n=10 dimensions=1 delta=1.0 J=-0.958446 Bx=0.0 By=0.0 Bz=-0.004125 ham=6 took 0.5s (elapsed 83.2s)
[job 27] 4/18 n=10 dimensions=1 delta=1.0 J=0.039924 Bx=0.0 By=0.0 Bz=-0.550025 ham=8 took 0.6s (elapsed 83.8s)
[job 27] 5/18 n=10 dimensions=1 delta=1.0 J=0.476303 Bx=0.0 By=0.0 Bz=-0.594078 ham=10 took 99.3s (elapsed 183.1s)
[job 27] 6/18 n=10 dimensions=1 delta=1.0 J=-0.504785 Bx=0.0 By=0.0 Bz=-0.800446 ham=12 took 0.5s (elapsed 183.7s)
[job 27] 7/18 n=10 dimensions=1 delta=1.0 J=0.618667 Bx=0.0 By=0.0 Bz=-0.813737 ham=14 took 103.2s (elapsed 286.9s)
[job 27] 8/18 n=10 dimensions=2 delta=1.0 J=-0.81358 Bx=0.0 By=0.0 Bz=0.120636 ham=0 took 0.5s (elapsed 287.5s)
[job 27] 9/18 n=10 dimensions=2 delta=1.0 J=0.0689 Bx=0.0 By=0.0 Bz=0.546175 ham=2 took 0.7s (elapsed 288.2s)
[job 27] 10/18 n=10 dimensions=2 delta=1.0 J=0.139088 Bx=0.0 By=0.0 Bz=-0.127075 ham=4 took 91.8s (elapsed 380.0s)
[job 27] 11/18 n=10 dimensions=2 delta=1.0 J=-0.958446 Bx=0.0 By=0.0 Bz=-0.004125 ham=6 took 0.5s (elapsed 380.6s)
[job 27] 12/18 n=10 dimensions=2 delta=1.0 J=0.039924 Bx=0.0 By=0.0 Bz=-0.550025 ham=8 took 0.6s (elapsed 381.2s)
[job 27] 13/18 n=10 dimensions=2 delta=1.0 J=0.476303 Bx=0.0 By=0.0 Bz=-0.594078 ham=10 took 106.0s (elapsed 487.3s)
[job 27] 14/18 n=10 dimensions=2 delta=1.0 J=-0.504785 Bx=0.0 By=0.0 Bz=-0.800446 ham=12 took 0.5s (elapsed 487.9s)
[job 27] 15/18 n=10 dimensions=2 delta=1.0 J=0.618667 Bx=0.0 By=0.0 Bz=-0.813737 ham=14 took 111.3s (elapsed 599.3s)
[job 27] 16/18 n=12 dimensions=1 delta=1.0 J=-0.603824 Bx=0.0 By=0.0 Bz=-0.287176 ham=7 took 19.3s (elapsed 618.7s)
[job 27] 17/18 n=12 dimensions=2 delta=1.0 J=-0.806853 Bx=0.0 By=0.0 Bz=-0.047127 ham=5 took 19.7s (elapsed 638.4s)
[job 27] 18/18 n=12 dimensions=2 delta=1.0 J=-0.640511 Bx=0.0 By=0.0 Bz=0.767532 ham=13 took 19.6s (elapsed 658.0s)
[job 27] wrote 5196 rows to bitstring_shards_heisenberg/shard_00027.csv in 658.2s
