host=node075 task=30 threads=4
[job 30/40] 78 cells (30 x n=6, 30 x n=8, 15 x n=10, 3 x n=12)
[job 30] 1/78 n=6 dimensions=1 delta=0.0 J=-0.81358 Bx=0.0 By=0.0 Bz=0.120636 ham=0 took 11.2s (elapsed 11.2s)
[job 30] 2/78 n=6 dimensions=1 delta=0.0 J=0.494654 Bx=0.0 By=0.0 Bz=0.709254 ham=1 took 0.2s (elapsed 11.5s)
[job 30] 3/78 n=6 dimensions=1 delta=0.0 J=0.0689 Bx=0.0 By=0.0 Bz=0.546175 ham=2 took 0.2s (elapsed 11.7s)
[job 30] 4/78 n=6 dimensions=1 delta=0.0 J=-0.746409 Bx=0.0 By=0.0 Bz=-0.96867 ham=3 took 0.3s (elapsed 12.1s)
[job 30] 5/78 n=6 dimensions=1 delta=0.0 J=0.139088 Bx=0.0 By=0.0 Bz=-0.127075 ham=4 took 0.2s (elapsed 12.3s)
[job 30] 6/78 n=6 dimensions=1 delta=0.0 J=-0.806853 Bx=0.0 By=0.0 Bz=-0.047127 ham=5 took 9.3s (elapsed 21.6s)
[job 30] 7/78 n=6 dimensions=1 delta=0.0 J=-0.958446 Bx=0.0 By=0.0 Bz=-0.004125 ham=6 took 9.7s (elapsed 31.3s)
[job 30] 8/78 n=6 dimensions=1 delta=0.0 J=-0.603824 Bx=0.0 By=0.0 Bz=-0.287176 ham=7 took 0.3s (elapsed 31.7s)
[job 30] 9/78 n=6 dimensions=1 delta=0.0 J=0.039924 Bx=0.0 By=0.0 Bz=-0.550025 ham=8 took 0.2s (elapsed 31.9s)
[job 30] 10/78 n=6 dimensions=1 delta=0.0 J=0.454189 Bx=0.0 By=0.0 Bz=0.225511 ham=9 took 0.3s (elapsed 32.3s)
[job 30] 11/78 n=6 dimensions=1 delta=0.0 J=0.476303 Bx=0.0 By=0.0 Bz=-0.594078 ham=10 took 0.3s (elapsed 32.6s)
[job 30] 12/78 n=6 dimensions=1 delta=0.0 J=-0.899855 Bx=0.0 By=0.0 Bz=0.734512 ham=11 took 0.3s (elapsed 32.9s)
[job 30] 13/78 n=6 dimensions=1 delta=0.0 J=-0.504785 Bx=0.0 By=0.0 Bz=-0.800446 ham=12 took 0.1s (elapsed 33.1s)
[job 30] 14/78 n=6 dimensions=1 delta=0.0 J=-0.640511 Bx=0.0 By=0.0 Bz=0.767532 ham=13 took 0.2s (elapsed 33.4s)
[job 30] 15/78 n=6 dimensions=1 delta=0.0 J=0.618667 Bx=0.0 By=0.0 Bz=-0.813737 ham=14 took 0.2s (elapsed 33.6s)
[job 30] 16/78 n=6 dimensions=2 delta=0.0 J=-0.81358 Bx=0.0 By=0.0 Bz=0.120636 ham=0 took 8.9s (elapsed 42.6s)
[job 30] 17/78 n=6 dimensions=2 delta=0.0 J=0.494654 Bx=0.0 By=0.0 Bz=0.709254 ham=1 took 0.3s (elapsed 43.0s)
[job 30] 18/78 n=6 dimensions=2 delta=0.0 J=0.0689 Bx=0.0 By=0.0 Bz=0.546175 ham=2 took 0.0s (elapsed 43.1s)
[job 30] 19/78 n=6 dimensions=2 delta=0.0 J=-0.746409 Bx=0.0 By=0.0 Bz=-0.96867 ham=3 took 0.3s (elapsed 43.5s)
[job 30] 20/78 n=6 dimensions=2 delta=0.0 J=0.139088 Bx=0.0 By=0.0 Bz=-0.127075 ham=4 took 0.3s (elapsed 43.8s)
[job 30] 21/78 n=6 dimensions=2 delta=0.0 J=-0.806853 Bx=0.0 By=0.0 Bz=-0.047127 ham=5 took 11.4s (elapsed 55.3s)
[job 30] 22/78 n=6 dimensions=2 delta=0.0 J=-0.958446 Bx=0.0 By=0.0 Bz=-0.004125 ham=6 took 9.1s (elapsed 64.5s)
[job 30] 23/78 n=6 dimensions=2 delta=0.0 J=-0.603824 Bx=0.0 By=0.0 Bz=-0.287176 ham=7 took 9.3s (elapsed 73.9s)
[job 30] 24/78 n=6 dimensions=2 delta=0.0 J=0.039924 Bx=0.0 By=0.0 Bz=-0.550025 ham=8 took 0.1s (elapsed 74.2s)
[job 30] 25/78 n=6 dimensions=2 delta=0.0 J=0.454189 Bx=0.0 By=0.0 Bz=0.225511 ham=9 took 20.9s (elapsed 95.2s)
[job 30] 26/78 n=6 dimensions=2 delta=0.0 J=0.476303 Bx=0.0 By=0.0 Bz=-0.594078 ham=10 took 0.3s (elapsed 95.6s)
[job 30] 27/78 n=6 dimensions=2 delta=0.0 J=-0.899855 Bx=0.0 By=0.0 Bz=0.734512 ham=11 took 0.3s (elapsed 96.0s)
[job 30] 28/78 n=6 dimensions=2 delta=0.0 J=-0.504785 Bx=0.0 By=0.0 Bz=-0.800446 ham=12 took 0.1s (elapsed 96.2s)
[job 30] 29/78 n=6 dimensions=2 delta=0.0 J=-0.640511 Bx=0.0 By=0.0 Bz=0.767532 ham=13 took 0.2s (elapsed 96.5s)
[job 30] 30/78 n=6 dimensions=2 delta=0.0 J=0.618667 Bx=0.0 By=0.0 Bz=-0.813737 ham=14 took 0.2s (elapsed 96.9s)
[job 30] 31/78 n=8 dimensions=1 delta=0.0 J=-0.81358 Bx=0.0 By=0.0 Bz=0.120636 ham=0 took 21.8s (elapsed 118.8s)
[job 30] 32/78 n=8 dimensions=1 delta=0.0 J=0.494654 Bx=0.0 By=0.0 Bz=0.709254 ham=1 took 11.8s (elapsed 130.8s)
[job 30] 33/78 n=8 dimensions=1 delta=0.0 J=0.0689 Bx=0.0 By=0.0 Bz=0.546175 ham=2 took 0.0s (elapsed 131.0s)
[job 30] 34/78 n=8 dimensions=1 delta=0.0 J=-0.746409 Bx=0.0 By=0.0 Bz=-0.96867 ham=3 took 11.3s (elapsed 142.5s)
[job 30] 35/78 n=8 dimensions=1 delta=0.0 J=0.139088 Bx=0.0 By=0.0 Bz=-0.127075 ham=4 took 6.2s (elapsed 148.9s)
[job 30] 36/78 n=8 dimensions=1 delta=0.0 J=-0.806853 Bx=0.0 By=0.0 Bz=-0.047127 ham=5 took 21.0s (elapsed 170.1s)
[job 30] 37/78 n=8 dimensions=1 delta=0.0 J=-0.958446 Bx=0.0 By=0.0 Bz=-0.004125 ham=6 took 21.6s (elapsed 192.0s)
[job 30] 38/78 n=8 dimensions=1 delta=0.0 J=-0.603824 Bx=0.0 By=0.0 Bz=-0.287176 ham=7 took 8.2s (elapsed 200.4s)
[job 30] 39/78 n=8 dimensions=1 delta=0.0 J=0.039924 Bx=0.0 By=0.0 Bz=-0.550025 ham=8 took 0.2s (elapsed 200.8s)
[job 30] 40/78 n=8 dimensions=1 delta=0.0 J=0.454189 Bx=0.0 By=0.0 Bz=0.225511 ham=9 took 7.4s (elapsed 208.3s)
[job 30] 41/78 n=8 dimensions=1 delta=0.0 J=0.476303 Bx=0.0 By=0.0 Bz=-0.594078 ham=10 took 10.1s (elapsed 218.6s)
[job 30] 42/78 n=8 dimensions=1 delta=0.0 J=-0.899855 Bx=0.0 By=0.0 Bz=0.734512 ham=11 took 8.2s (elapsed 227.0s)
[job 30] 43/78 n=8 dimensions=1 delta=0.0 J=-0.504785 Bx=0.0 By=0.0 Bz=-0.800446 ham=12 took 0.3s (elapsed 227.5s)
[job 30] 44/78 n=8 dimensions=1 delta=0.0 J=-0.640511 Bx=0.0 By=0.0 Bz=0.767532 ham=13 took 10.2s (elapsed 238.0s)
[job 30] 45/78 n=8 dimensions=1 delta=0.0 J=0.618667 Bx=0.0 By=0.0 Bz=-0.813737 ham=14 took 10.3s (elapsed 248.5s)
[job 30] 46/78 n=8 dimensions=2 delta=0.0 J=-0.81358 Bx=0.0 By=0.0 Bz=0.120636 ham=0 took 23.3s (elapsed 272.1s)
[job 30] 47/78 n=8 dimensions=2 delta=0.0 J=0.494654 Bx=0.0 By=0.0 Bz=0.709254 ham=1 took 10.9s (elapsed 283.2s)
[job 30] 48/78 n=8 dimensions=2 delta=0.0 J=0.0689 Bx=0.0 By=0.0 Bz=0.546175 ham=2 took 0.2s (elapsed 283.6s)
[job 30] 49/78 n=8 dimensions=2 delta=0.0 J=-0.746409 Bx=0.0 By=0.0 Bz=-0.96867 ham=3 took 11.5s (elapsed 295.3s)
[job 30] 50/78 n=8 dimensions=2 delta=0.0 J=0.139088 Bx=0.0 By=0.0 Bz=-0.127075 ham=4 took 6.9s (elapsed 302.5s)
[job 30] 51/78 n=8 dimensions=2 delta=0.0 J=-0.806853 Bx=0.0 By=0.0 Bz=-0.047127 ham=5 took 24.9s (elapsed 327.7s)
[job 30] 52/78 n=8 dimensions=2 delta=0.0 J=-0.958446 Bx=0.0 By=0.0 Bz=-0.004125 ham=6 took 18.3s (elapsed 346.3s)
[job 30] 53/78 n=8 dimensions=2 delta=0.0 J=-0.603824 Bx=0.0 By=0.0 Bz=-0.287176 ham=7 took 19.3s (elapsed 365.8s)
[job 30] 54/78 n=8 dimensions=2 delta=0.0 J=0.039924 Bx=0.0 By=0.0 Bz=-0.550025 ham=8 took 0.2s (elapsed 366.3s)
[job 30] 55/78 n=8 dimensions=2 delta=0.0 J=0.454189 Bx=0.0 By=0.0 Bz=0.225511 ham=9 took 21.4s (elapsed 388.0s)
[job 30] 56/78 n=8 dimensions=2 delta=0.0 J=0.476303 Bx=0.0 By=0.0 Bz=-0.594078 ham=10 took 10.8s (elapsed 399.0s)
[job 30] 57/78 n=8 dimensions=2 delta=0.0 J=-0.899855 Bx=0.0 By=0.0 Bz=0.734512 ham=11 took 8.5s (elapsed 407.8s)
[job 30] 58/78 n=8 dimensions=2 delta=0.0 J=-0.504785 Bx=0.0 By=0.0 Bz=-0.800446 ham=12 took 11.0s (elapsed 419.1s)
[job 30] 59/78 n=8 dimensions=2 delta=0.0 J=-0.640511 Bx=0.0 By=0.0 Bz=0.767532 ham=13 took 8.3s (elapsed 427.7s)
[job 30] 60/78 n=8 dimensions=2 delta=0.0 J=0.618667 Bx=0.0 By=0.0 Bz=-0.813737 ham=14 took 11.3s (elapsed 439.4s)
[job 30] 61/78 n=10 dimensions=1 delta=0.0 J=-0.81358 Bx=0.0 By=0.0 Bz=0.120636 ham=0 took 53.9s (elapsed 493.5s)
[job 30] 62/78 n=10 dimensions=1 delta=0.0 J=0.494654 Bx=0.0 By=0.0 Bz=0.709254 ham=1 took 4.9s (elapsed 498.8s)
[job 30] 63/78 n=10 dimensions=1 delta=0.0 J=-0.746409 Bx=0.0 By=0.0 Bz=-0.96867 ham=3 took 38.8s (elapsed 537.9s)
[job 30] 64/78 n=10 dimensions=1 delta=0.0 J=-0.806853 Bx=0.0 By=0.0 Bz=-0.047127 ham=5 took 45.9s (elapsed 584.1s)
[job 30] 65/78 n=10 dimensions=1 delta=0.0 J=-0.603824 Bx=0.0 By=0.0 Bz=-0.287176 ham=7 took 38.5s (elapsed 623.0s)
[job 30] 66/78 n=10 dimensions=1 delta=0.0 J=0.454189 Bx=0.0 By=0.0 Bz=0.225511 ham=9 took 33.6s (elapsed 656.9s)
[job 30] 67/78 n=10 dimensions=1 delta=0.0 J=-0.899855 Bx=0.0 By=0.0 Bz=0.734512 ham=11 took 29.9s (elapsed 687.2s)
[job 30] 68/78 n=10 dimensions=1 delta=0.0 J=-0.640511 Bx=0.0 By=0.0 Bz=0.767532 ham=13 took 37.6s (elapsed 725.1s)
[job 30] 69/78 n=10 dimensions=2 delta=0.0 J=0.494654 Bx=0.0 By=0.0 Bz=0.709254 ham=1 took 28.8s (elapsed 754.3s)
[job 30] 70/78 n=10 dimensions=2 delta=0.0 J=-0.746409 Bx=0.0 By=0.0 Bz=-0.96867 ham=3 took 26.3s (elapsed 781.0s)
[job 30] 71/78 n=10 dimensions=2 delta=0.0 J=-0.806853 Bx=0.0 By=0.0 Bz=-0.047127 ham=5 took 49.2s (elapsed 830.5s)
[job 30] 72/78 n=10 dimensions=2 delta=0.0 J=-0.603824 Bx=0.0 By=0.0 Bz=-0.287176 ham=7 took 52.6s (elapsed 883.6s)
[job 30] 73/78 n=10 dimensions=2 delta=0.0 J=0.454189 Bx=0.0 By=0.0 Bz=0.225511 ham=9 took 42.9s (elapsed 926.9s)
[job 30] 74/78 n=10 dimensions=2 delta=0.0 J=-0.899855 Bx=0.0 By=0.0 Bz=0.734512 ham=11 took 50.6s (elapsed 977.9s)
[job 30] 75/78 n=10 dimensions=2 delta=0.0 J=-0.640511 Bx=0.0 By=0.0 Bz=0.767532 ham=13 took 46.5s (elapsed 1024.8s)
[job 30] 76/78 n=12 dimensions=1 delta=0.0 J=0.039924 Bx=0.0 By=0.0 Bz=-0.550025 ham=8 took 31.2s (elapsed 1056.5s)
[job 30] 77/78 n=12 dimensions=2 delta=0.0 J=-0.958446 Bx=0.0 By=0.0 Bz=-0.004125 ham=6 took 621.6s (elapsed 1678.4s)
[job 30] 78/78 n=12 dimensions=2 delta=0.0 J=0.618667 Bx=0.0 By=0.0 Bz=-0.813737 ham=14 took 388.3s (elapsed 2067.1s)
[job 30] wrote 39336 rows to bitstring_shards_heisenberg/shard_00030.csv in 2067.9s
