merged 40 shards -> equal_bitstrings_results.csv: 71280 rows (142560 expected for a complete run)
coverage per number of sites:
  n=  6:   30/60 cells
  n=  8:   30/60 cells
  n= 10:   30/60 cells
  n= 12:   30/60 cells
Loaded 71280 rows from equal_bitstrings_results.csv
all: 1 clusters so far, 12 figures
by_N: 5 clusters so far, 60 figures
by_maxint: 8 clusters so far, 96 figures
by_gsdens: 11 clusters so far, 126 figures
by_hamdens: 14 clusters so far, 156 figures
by_overlap: 17 clusters so far, 186 figures
by_N_maxint: 29 clusters so far, 330 figures
by_N_gsdens: 41 clusters so far, 450 figures
by_N_hamdens: 53 clusters so far, 570 figures
by_N_overlap: 65 clusters so far, 690 figures
by_maxint_gsdens: 70 clusters so far, 740 figures
by_maxint_hamdens: 73 clusters so far, 770 figures
by_maxint_overlap: 82 clusters so far, 860 figures
by_gsdens_hamdens: 87 clusters so far, 915 figures
by_gsdens_overlap: 96 clusters so far, 1014 figures
by_hamdens_overlap: 105 clusters so far, 1113 figures
by_N_maxint_gsdens: 125 clusters so far, 1313 figures
by_N_maxint_hamdens: 137 clusters so far, 1433 figures
by_N_maxint_overlap: 173 clusters so far, 1793 figures
by_N_gsdens_hamdens: 193 clusters so far, 2013 figures
by_N_gsdens_overlap: 228 clusters so far, 2398 figures
by_N_hamdens_overlap: 264 clusters so far, 2794 figures
by_maxint_gsdens_hamdens: 269 clusters so far, 2849 figures
by_maxint_gsdens_overlap: 284 clusters so far, 3014 figures
by_maxint_hamdens_overlap: 293 clusters so far, 3113 figures
by_gsdens_hamdens_overlap: 308 clusters so far, 3293 figures
by_N_maxint_gsdens_hamdens: 328 clusters so far, 3513 figures
by_N_maxint_gsdens_overlap: 372 clusters so far, 3997 figures
by_N_maxint_hamdens_overlap: 408 clusters so far, 4393 figures
by_N_gsdens_hamdens_overlap: 452 clusters so far, 4921 figures
by_maxint_gsdens_hamdens_overlap: 467 clusters so far, 5101 figures
by_N_maxint_gsdens_hamdens_overlap: 511 clusters so far, 5629 figures
Wrote 5629 PDF files in 511 clusters under equal_bitstrings_plots/ (43 clusters skipped for holding fewer than 5 runs)
index: equal_bitstrings_plots/plot_index.csv
bins:  equal_bitstrings_plots/bin_edges.csv
