[job 53/60] 32 cells (10 x n=6, 10 x n=8, 10 x n=10, 2 x n=12)
[job 53] 1/32 n=6 dimensions=1 delta=10.0 J=0.494654 Bx=0.0 By=0.0 Bz=0.709254 ham=1 took 55.6s (elapsed 55.6s)
[job 53] 2/32 n=6 dimensions=1 delta=10.0 J=0.139088 Bx=0.0 By=0.0 Bz=-0.127075 ham=4 took 95.5s (elapsed 151.2s)
[job 53] 3/32 n=6 dimensions=1 delta=10.0 J=-0.603824 Bx=0.0 By=0.0 Bz=-0.287176 ham=7 took 0.0s (elapsed 151.2s)
[job 53] 4/32 n=6 dimensions=1 delta=10.0 J=0.476303 Bx=0.0 By=0.0 Bz=-0.594078 ham=10 took 88.9s (elapsed 240.1s)
[job 53] 5/32 n=6 dimensions=1 delta=10.0 J=-0.640511 Bx=0.0 By=0.0 Bz=0.767532 ham=13 took 0.0s (elapsed 240.1s)
[job 53] 6/32 n=6 dimensions=2 delta=10.0 J=0.494654 Bx=0.0 By=0.0 Bz=0.709254 ham=1 took 6.6s (elapsed 246.7s)
[job 53] 7/32 n=6 dimensions=2 delta=10.0 J=0.139088 Bx=0.0 By=0.0 Bz=-0.127075 ham=4 took 9.2s (elapsed 256.0s)
[job 53] 8/32 n=6 dimensions=2 delta=10.0 J=-0.603824 Bx=0.0 By=0.0 Bz=-0.287176 ham=7 took 0.0s (elapsed 256.0s)
[job 53] 9/32 n=6 dimensions=2 delta=10.0 J=0.476303 Bx=0.0 By=0.0 Bz=-0.594078 ham=10 took 5.9s (elapsed 261.9s)
[job 53] 10/32 n=6 dimensions=2 delta=10.0 J=-0.640511 Bx=0.0 By=0.0 Bz=0.767532 ham=13 took 0.0s (elapsed 262.0s)
[job 53] 11/32 n=8 dimensions=1 delta=10.0 J=0.494654 Bx=0.0 By=0.0 Bz=0.709254 ham=1 took 192.8s (elapsed 454.8s)
[job 53] 12/32 n=8 dimensions=1 delta=10.0 J=0.139088 Bx=0.0 By=0.0 Bz=-0.127075 ham=4 took 213.8s (elapsed 668.7s)
[job 53] 13/32 n=8 dimensions=1 delta=10.0 J=-0.603824 Bx=0.0 By=0.0 Bz=-0.287176 ham=7 took 0.0s (elapsed 668.8s)
[job 53] 14/32 n=8 dimensions=1 delta=10.0 J=0.476303 Bx=0.0 By=0.0 Bz=-0.594078 ham=10 took 193.2s (elapsed 862.0s)
[job 53] 15/32 n=8 dimensions=1 delta=10.0 J=-0.640511 Bx=0.0 By=0.0 Bz=0.767532 ham=13 took 0.0s (elapsed 862.1s)
[job 53] 16/32 n=8 dimensions=2 delta=10.0 J=0.494654 Bx=0.0 By=0.0 Bz=0.709254 ham=1 took 109.3s (elapsed 971.5s)
[job 53] 17/32 n=8 dimensions=2 delta=10.0 J=0.139088 Bx=0.0 By=0.0 Bz=-0.127075 ham=4 took 124.9s (elapsed 1096.5s)
[job 53] 18/32 n=8 dimensions=2 delta=10.0 J=-0.603824 Bx=0.0 By=0.0 Bz=-0.287176 ham=7 took 0.0s (elapsed 1096.7s)
[job 53] 19/32 n=8 dimensions=2 delta=10.0 J=0.476303 Bx=0.0 By=0.0 Bz=-0.594078 ham=10 took 125.2s (elapsed 1221.9s)
[job 53] 20/32 n=8 dimensions=2 delta=10.0 J=-0.640511 Bx=0.0 By=0.0 Bz=0.767532 ham=13 took 0.0s (elapsed 1222.0s)
[job 53] 21/32 n=10 dimensions=1 delta=10.0 J=0.494654 Bx=0.0 By=0.0 Bz=0.709254 ham=1 took 4412.7s (elapsed 5634.8s)
[job 53] 22/32 n=10 dimensions=1 delta=10.0 J=0.139088 Bx=0.0 By=0.0 Bz=-0.127075 ham=4 took 1221.8s (elapsed 6856.8s)
[job 53] 23/32 n=10 dimensions=1 delta=10.0 J=-0.603824 Bx=0.0 By=0.0 Bz=-0.287176 ham=7 took 1.4s (elapsed 6858.4s)
[job 53] 24/32 n=10 dimensions=1 delta=10.0 J=0.476303 Bx=0.0 By=0.0 Bz=-0.594078 ham=10 took 1299.1s (elapsed 8157.5s)
[job 53] 25/32 n=10 dimensions=1 delta=10.0 J=-0.640511 Bx=0.0 By=0.0 Bz=0.767532 ham=13 took 1.5s (elapsed 8159.1s)
[job 53] 26/32 n=10 dimensions=2 delta=10.0 J=0.494654 Bx=0.0 By=0.0 Bz=0.709254 ham=1 took 1248.9s (elapsed 9408.1s)
[job 53] 27/32 n=10 dimensions=2 delta=10.0 J=0.139088 Bx=0.0 By=0.0 Bz=-0.127075 ham=4 took 1183.8s (elapsed 10592.0s)
[job 53] 28/32 n=10 dimensions=2 delta=10.0 J=-0.603824 Bx=0.0 By=0.0 Bz=-0.287176 ham=7 took 1.3s (elapsed 10593.5s)
[job 53] 29/32 n=10 dimensions=2 delta=10.0 J=0.476303 Bx=0.0 By=0.0 Bz=-0.594078 ham=10 took 962.5s (elapsed 11556.1s)
[job 53] 30/32 n=10 dimensions=2 delta=10.0 J=-0.640511 Bx=0.0 By=0.0 Bz=0.767532 ham=13 took 1.0s (elapsed 11557.3s)
[job 53] 31/32 n=12 dimensions=1 delta=10.0 J=-0.603824 Bx=0.0 By=0.0 Bz=-0.287176 ham=7 took 101.7s (elapsed 11659.1s)
[job 53] 32/32 n=12 dimensions=2 delta=10.0 J=0.476303 Bx=0.0 By=0.0 Bz=-0.594078 ham=10 took 12835.1s (elapsed 24494.3s)
[job 53] wrote 12144 rows to bitstring_shards_heisenberg_v2/shard_00053.csv in 24494.6s
