[job 59/60] 32 cells (10 x n=6, 10 x n=8, 10 x n=10, 2 x n=12)
[job 59] 1/32 n=6 dimensions=1 delta=100.0 J=0.0689 Bx=0.0 By=0.0 Bz=0.546175 ham=2 took 104.3s (elapsed 104.3s)
[job 59] 2/32 n=6 dimensions=1 delta=100.0 J=-0.806853 Bx=0.0 By=0.0 Bz=-0.047127 ham=5 took 0.0s (elapsed 104.3s)
[job 59] 3/32 n=6 dimensions=1 delta=100.0 J=0.039924 Bx=0.0 By=0.0 Bz=-0.550025 ham=8 took 98.7s (elapsed 203.0s)
[job 59] 4/32 n=6 dimensions=1 delta=100.0 J=-0.899855 Bx=0.0 By=0.0 Bz=0.734512 ham=11 took 0.0s (elapsed 203.0s)
[job 59] 5/32 n=6 dimensions=1 delta=100.0 J=0.618667 Bx=0.0 By=0.0 Bz=-0.813737 ham=14 took 98.8s (elapsed 301.9s)
[job 59] 6/32 n=6 dimensions=2 delta=100.0 J=0.0689 Bx=0.0 By=0.0 Bz=0.546175 ham=2 took 103.3s (elapsed 405.2s)
[job 59] 7/32 n=6 dimensions=2 delta=100.0 J=-0.806853 Bx=0.0 By=0.0 Bz=-0.047127 ham=5 took 0.0s (elapsed 405.3s)
[job 59] 8/32 n=6 dimensions=2 delta=100.0 J=0.039924 Bx=0.0 By=0.0 Bz=-0.550025 ham=8 took 100.7s (elapsed 506.0s)
[job 59] 9/32 n=6 dimensions=2 delta=100.0 J=-0.899855 Bx=0.0 By=0.0 Bz=0.734512 ham=11 took 0.0s (elapsed 506.1s)
[job 59] 10/32 n=6 dimensions=2 delta=100.0 J=0.618667 Bx=0.0 By=0.0 Bz=-0.813737 ham=14 took 101.4s (elapsed 607.5s)
[job 59] 11/32 n=8 dimensions=1 delta=100.0 J=0.0689 Bx=0.0 By=0.0 Bz=0.546175 ham=2 took 173.8s (elapsed 781.3s)
[job 59] 12/32 n=8 dimensions=1 delta=100.0 J=-0.806853 Bx=0.0 By=0.0 Bz=-0.047127 ham=5 took 0.0s (elapsed 781.4s)
[job 59] 13/32 n=8 dimensions=1 delta=100.0 J=0.039924 Bx=0.0 By=0.0 Bz=-0.550025 ham=8 took 177.8s (elapsed 959.2s)
[job 59] 14/32 n=8 dimensions=1 delta=100.0 J=-0.899855 Bx=0.0 By=0.0 Bz=0.734512 ham=11 took 0.0s (elapsed 959.3s)
[job 59] 15/32 n=8 dimensions=1 delta=100.0 J=0.618667 Bx=0.0 By=0.0 Bz=-0.813737 ham=14 took 192.6s (elapsed 1152.0s)
[job 59] 16/32 n=8 dimensions=2 delta=100.0 J=0.0689 Bx=0.0 By=0.0 Bz=0.546175 ham=2 took 206.8s (elapsed 1358.8s)
[job 59] 17/32 n=8 dimensions=2 delta=100.0 J=-0.806853 Bx=0.0 By=0.0 Bz=-0.047127 ham=5 took 0.0s (elapsed 1359.0s)
[job 59] 18/32 n=8 dimensions=2 delta=100.0 J=0.039924 Bx=0.0 By=0.0 Bz=-0.550025 ham=8 took 188.6s (elapsed 1547.7s)
[job 59] 19/32 n=8 dimensions=2 delta=100.0 J=-0.899855 Bx=0.0 By=0.0 Bz=0.734512 ham=11 took 0.0s (elapsed 1547.7s)
[job 59] 20/32 n=8 dimensions=2 delta=100.0 J=0.618667 Bx=0.0 By=0.0 Bz=-0.813737 ham=14 took 201.3s (elapsed 1749.2s)
[job 59] 21/32 n=10 dimensions=1 delta=100.0 J=0.0689 Bx=0.0 By=0.0 Bz=0.546175 ham=2 took 1062.1s (elapsed 2811.4s)
[job 59] 22/32 n=10 dimensions=1 delta=100.0 J=-0.806853 Bx=0.0 By=0.0 Bz=-0.047127 ham=5 took 1.2s (elapsed 2812.7s)
[job 59] 23/32 n=10 dimensions=1 delta=100.0 J=0.039924 Bx=0.0 By=0.0 Bz=-0.550025 ham=8 took 1014.4s (elapsed 3827.2s)
[job 59] 24/32 n=10 dimensions=1 delta=100.0 J=-0.899855 Bx=0.0 By=0.0 Bz=0.734512 ham=11 took 2.0s (elapsed 3829.3s)
[job 59] 25/32 n=10 dimensions=1 delta=100.0 J=0.618667 Bx=0.0 By=0.0 Bz=-0.813737 ham=14 took 1055.3s (elapsed 4884.7s)
[job 59] 26/32 n=10 dimensions=2 delta=100.0 J=0.0689 Bx=0.0 By=0.0 Bz=0.546175 ham=2 took 1051.6s (elapsed 5936.4s)
[job 59] 27/32 n=10 dimensions=2 delta=100.0 J=-0.806853 Bx=0.0 By=0.0 Bz=-0.047127 ham=5 took 1.5s (elapsed 5938.0s)
[job 59] 28/32 n=10 dimensions=2 delta=100.0 J=0.039924 Bx=0.0 By=0.0 Bz=-0.550025 ham=8 took 1137.4s (elapsed 7075.5s)
[job 59] 29/32 n=10 dimensions=2 delta=100.0 J=-0.899855 Bx=0.0 By=0.0 Bz=0.734512 ham=11 took 1.5s (elapsed 7077.1s)
[job 59] 30/32 n=10 dimensions=2 delta=100.0 J=0.618667 Bx=0.0 By=0.0 Bz=-0.813737 ham=14 took 1069.8s (elapsed 8147.1s)
[job 59] 31/32 n=12 dimensions=1 delta=100.0 J=0.039924 Bx=0.0 By=0.0 Bz=-0.550025 ham=8 took 10153.1s (elapsed 18300.4s)
[job 59] 32/32 n=12 dimensions=2 delta=100.0 J=-0.899855 Bx=0.0 By=0.0 Bz=0.734512 ham=11 took 76.3s (elapsed 18376.9s)
[job 59] wrote 12144 rows to bitstring_shards_heisenberg_v2/shard_00059.csv in 18377.1s
