[job 54/60] 32 cells (10 x n=6, 10 x n=8, 10 x n=10, 2 x n=12)
[job 54] 1/32 n=6 dimensions=1 delta=100.0 J=0.494654 Bx=0.0 By=0.0 Bz=0.709254 ham=1 took 103.2s (elapsed 103.2s)
[job 54] 2/32 n=6 dimensions=1 delta=100.0 J=0.139088 Bx=0.0 By=0.0 Bz=-0.127075 ham=4 took 106.1s (elapsed 209.3s)
[job 54] 3/32 n=6 dimensions=1 delta=100.0 J=-0.603824 Bx=0.0 By=0.0 Bz=-0.287176 ham=7 took 0.0s (elapsed 209.4s)
[job 54] 4/32 n=6 dimensions=1 delta=100.0 J=0.476303 Bx=0.0 By=0.0 Bz=-0.594078 ham=10 took 109.5s (elapsed 318.9s)
[job 54] 5/32 n=6 dimensions=1 delta=100.0 J=-0.640511 Bx=0.0 By=0.0 Bz=0.767532 ham=13 took 0.0s (elapsed 318.9s)
[job 54] 6/32 n=6 dimensions=2 delta=100.0 J=0.494654 Bx=0.0 By=0.0 Bz=0.709254 ham=1 took 108.0s (elapsed 427.0s)
[job 54] 7/32 n=6 dimensions=2 delta=100.0 J=0.139088 Bx=0.0 By=0.0 Bz=-0.127075 ham=4 took 107.0s (elapsed 534.0s)
[job 54] 8/32 n=6 dimensions=2 delta=100.0 J=-0.603824 Bx=0.0 By=0.0 Bz=-0.287176 ham=7 took 0.0s (elapsed 534.0s)
[job 54] 9/32 n=6 dimensions=2 delta=100.0 J=0.476303 Bx=0.0 By=0.0 Bz=-0.594078 ham=10 took 135.4s (elapsed 669.4s)
[job 54] 10/32 n=6 dimensions=2 delta=100.0 J=-0.640511 Bx=0.0 By=0.0 Bz=0.767532 ham=13 took 0.0s (elapsed 669.5s)
[job 54] 11/32 n=8 dimensions=1 delta=100.0 J=0.494654 Bx=0.0 By=0.0 Bz=0.709254 ham=1 took 219.9s (elapsed 889.4s)
[job 54] 12/32 n=8 dimensions=1 delta=100.0 J=0.139088 Bx=0.0 By=0.0 Bz=-0.127075 ham=4 took 222.9s (elapsed 1112.4s)
[job 54] 13/32 n=8 dimensions=1 delta=100.0 J=-0.603824 Bx=0.0 By=0.0 Bz=-0.287176 ham=7 took 0.0s (elapsed 1112.5s)
[job 54] 14/32 n=8 dimensions=1 delta=100.0 J=0.476303 Bx=0.0 By=0.0 Bz=-0.594078 ham=10 took 215.2s (elapsed 1327.7s)
[job 54] 15/32 n=8 dimensions=1 delta=100.0 J=-0.640511 Bx=0.0 By=0.0 Bz=0.767532 ham=13 took 0.1s (elapsed 1327.9s)
[job 54] 16/32 n=8 dimensions=2 delta=100.0 J=0.494654 Bx=0.0 By=0.0 Bz=0.709254 ham=1 took 248.6s (elapsed 1576.5s)
[job 54] 17/32 n=8 dimensions=2 delta=100.0 J=0.139088 Bx=0.0 By=0.0 Bz=-0.127075 ham=4 took 242.5s (elapsed 1819.1s)
[job 54] 18/32 n=8 dimensions=2 delta=100.0 J=-0.603824 Bx=0.0 By=0.0 Bz=-0.287176 ham=7 took 0.0s (elapsed 1819.3s)
[job 54] 19/32 n=8 dimensions=2 delta=100.0 J=0.476303 Bx=0.0 By=0.0 Bz=-0.594078 ham=10 took 243.1s (elapsed 2062.4s)
[job 54] 20/32 n=8 dimensions=2 delta=100.0 J=-0.640511 Bx=0.0 By=0.0 Bz=0.767532 ham=13 took 0.0s (elapsed 2062.6s)
[job 54] 21/32 n=10 dimensions=1 delta=100.0 J=0.494654 Bx=0.0 By=0.0 Bz=0.709254 ham=1 took 1533.3s (elapsed 3596.0s)
[job 54] 22/32 n=10 dimensions=1 delta=100.0 J=0.139088 Bx=0.0 By=0.0 Bz=-0.127075 ham=4 took 1363.6s (elapsed 4959.6s)
[job 54] 23/32 n=10 dimensions=1 delta=100.0 J=-0.603824 Bx=0.0 By=0.0 Bz=-0.287176 ham=7 took 1.5s (elapsed 4961.2s)
[job 54] 24/32 n=10 dimensions=1 delta=100.0 J=0.476303 Bx=0.0 By=0.0 Bz=-0.594078 ham=10 took 1195.2s (elapsed 6156.5s)
[job 54] 25/32 n=10 dimensions=1 delta=100.0 J=-0.640511 Bx=0.0 By=0.0 Bz=0.767532 ham=13 took 1.2s (elapsed 6157.8s)
[job 54] 26/32 n=10 dimensions=2 delta=100.0 J=0.494654 Bx=0.0 By=0.0 Bz=0.709254 ham=1 took 995.2s (elapsed 7153.1s)
[job 54] 27/32 n=10 dimensions=2 delta=100.0 J=0.139088 Bx=0.0 By=0.0 Bz=-0.127075 ham=4 took 1084.5s (elapsed 8237.7s)
[job 54] 28/32 n=10 dimensions=2 delta=100.0 J=-0.603824 Bx=0.0 By=0.0 Bz=-0.287176 ham=7 took 1.3s (elapsed 8239.1s)
[job 54] 29/32 n=10 dimensions=2 delta=100.0 J=0.476303 Bx=0.0 By=0.0 Bz=-0.594078 ham=10 took 975.7s (elapsed 9215.0s)
[job 54] 30/32 n=10 dimensions=2 delta=100.0 J=-0.640511 Bx=0.0 By=0.0 Bz=0.767532 ham=13 took 1.0s (elapsed 9216.1s)
[job 54] 31/32 n=12 dimensions=1 delta=100.0 J=-0.603824 Bx=0.0 By=0.0 Bz=-0.287176 ham=7 took 147.2s (elapsed 9363.4s)
[job 54] 32/32 n=12 dimensions=2 delta=100.0 J=0.476303 Bx=0.0 By=0.0 Bz=-0.594078 ham=10 took 12466.7s (elapsed 21830.3s)
[job 54] wrote 12144 rows to bitstring_shards_heisenberg_v2/shard_00054.csv in 21830.6s
