[job 58/60] 32 cells (10 x n=6, 10 x n=8, 10 x n=10, 2 x n=12)
[job 58] 1/32 n=6 dimensions=1 delta=10.0 J=0.0689 Bx=0.0 By=0.0 Bz=0.546175 ham=2 took 87.7s (elapsed 87.7s)
[job 58] 2/32 n=6 dimensions=1 delta=10.0 J=-0.806853 Bx=0.0 By=0.0 Bz=-0.047127 ham=5 took 0.0s (elapsed 87.7s)
[job 58] 3/32 n=6 dimensions=1 delta=10.0 J=0.039924 Bx=0.0 By=0.0 Bz=-0.550025 ham=8 took 32.6s (elapsed 120.3s)
[job 58] 4/32 n=6 dimensions=1 delta=10.0 J=-0.899855 Bx=0.0 By=0.0 Bz=0.734512 ham=11 took 0.0s (elapsed 120.4s)
[job 58] 5/32 n=6 dimensions=1 delta=10.0 J=0.618667 Bx=0.0 By=0.0 Bz=-0.813737 ham=14 took 77.8s (elapsed 198.1s)
[job 58] 6/32 n=6 dimensions=2 delta=10.0 J=0.0689 Bx=0.0 By=0.0 Bz=0.546175 ham=2 took 7.2s (elapsed 205.3s)
[job 58] 7/32 n=6 dimensions=2 delta=10.0 J=-0.806853 Bx=0.0 By=0.0 Bz=-0.047127 ham=5 took 0.0s (elapsed 205.4s)
[job 58] 8/32 n=6 dimensions=2 delta=10.0 J=0.039924 Bx=0.0 By=0.0 Bz=-0.550025 ham=8 took 6.1s (elapsed 211.5s)
[job 58] 9/32 n=6 dimensions=2 delta=10.0 J=-0.899855 Bx=0.0 By=0.0 Bz=0.734512 ham=11 took 0.0s (elapsed 211.5s)
[job 58] 10/32 n=6 dimensions=2 delta=10.0 J=0.618667 Bx=0.0 By=0.0 Bz=-0.813737 ham=14 took 5.8s (elapsed 217.3s)
[job 58] 11/32 n=8 dimensions=1 delta=10.0 J=0.0689 Bx=0.0 By=0.0 Bz=0.546175 ham=2 took 164.4s (elapsed 381.7s)
[job 58] 12/32 n=8 dimensions=1 delta=10.0 J=-0.806853 Bx=0.0 By=0.0 Bz=-0.047127 ham=5 took 0.0s (elapsed 381.8s)
[job 58] 13/32 n=8 dimensions=1 delta=10.0 J=0.039924 Bx=0.0 By=0.0 Bz=-0.550025 ham=8 took 158.9s (elapsed 540.7s)
[job 58] 14/32 n=8 dimensions=1 delta=10.0 J=-0.899855 Bx=0.0 By=0.0 Bz=0.734512 ham=11 took 0.0s (elapsed 540.8s)
[job 58] 15/32 n=8 dimensions=1 delta=10.0 J=0.618667 Bx=0.0 By=0.0 Bz=-0.813737 ham=14 took 176.4s (elapsed 717.3s)
[job 58] 16/32 n=8 dimensions=2 delta=10.0 J=0.0689 Bx=0.0 By=0.0 Bz=0.546175 ham=2 took 140.3s (elapsed 857.7s)
[job 58] 17/32 n=8 dimensions=2 delta=10.0 J=-0.806853 Bx=0.0 By=0.0 Bz=-0.047127 ham=5 took 0.0s (elapsed 857.8s)
[job 58] 18/32 n=8 dimensions=2 delta=10.0 J=0.039924 Bx=0.0 By=0.0 Bz=-0.550025 ham=8 took 149.5s (elapsed 1007.3s)
[job 58] 19/32 n=8 dimensions=2 delta=10.0 J=-0.899855 Bx=0.0 By=0.0 Bz=0.734512 ham=11 took 0.0s (elapsed 1007.4s)
[job 58] 20/32 n=8 dimensions=2 delta=10.0 J=0.618667 Bx=0.0 By=0.0 Bz=-0.813737 ham=14 took 96.9s (elapsed 1104.4s)
[job 58] 21/32 n=10 dimensions=1 delta=10.0 J=0.0689 Bx=0.0 By=0.0 Bz=0.546175 ham=2 took 1046.6s (elapsed 2151.1s)
[job 58] 22/32 n=10 dimensions=1 delta=10.0 J=-0.806853 Bx=0.0 By=0.0 Bz=-0.047127 ham=5 took 1.3s (elapsed 2152.5s)
[job 58] 23/32 n=10 dimensions=1 delta=10.0 J=0.039924 Bx=0.0 By=0.0 Bz=-0.550025 ham=8 took 960.8s (elapsed 3113.4s)
[job 58] 24/32 n=10 dimensions=1 delta=10.0 J=-0.899855 Bx=0.0 By=0.0 Bz=0.734512 ham=11 took 1.3s (elapsed 3114.8s)
[job 58] 25/32 n=10 dimensions=1 delta=10.0 J=0.618667 Bx=0.0 By=0.0 Bz=-0.813737 ham=14 took 970.0s (elapsed 4084.9s)
[job 58] 26/32 n=10 dimensions=2 delta=10.0 J=0.0689 Bx=0.0 By=0.0 Bz=0.546175 ham=2 took 804.9s (elapsed 4889.9s)
[job 58] 27/32 n=10 dimensions=2 delta=10.0 J=-0.806853 Bx=0.0 By=0.0 Bz=-0.047127 ham=5 took 1.1s (elapsed 4891.1s)
[job 58] 28/32 n=10 dimensions=2 delta=10.0 J=0.039924 Bx=0.0 By=0.0 Bz=-0.550025 ham=8 took 795.5s (elapsed 5686.7s)
[job 58] 29/32 n=10 dimensions=2 delta=10.0 J=-0.899855 Bx=0.0 By=0.0 Bz=0.734512 ham=11 took 1.1s (elapsed 5687.9s)
[job 58] 30/32 n=10 dimensions=2 delta=10.0 J=0.618667 Bx=0.0 By=0.0 Bz=-0.813737 ham=14 took 1004.9s (elapsed 6692.9s)
[job 58] 31/32 n=12 dimensions=1 delta=10.0 J=0.039924 Bx=0.0 By=0.0 Bz=-0.550025 ham=8 took 11106.7s (elapsed 17799.7s)
[job 58] 32/32 n=12 dimensions=2 delta=10.0 J=-0.899855 Bx=0.0 By=0.0 Bz=0.734512 ham=11 took 78.0s (elapsed 17877.8s)
[job 58] wrote 12144 rows to bitstring_shards_heisenberg_v2/shard_00058.csv in 17878.1s
