[job 46/60] 32 cells (10 x n=6, 10 x n=8, 10 x n=10, 2 x n=12)
[job 46] 1/32 n=6 dimensions=1 delta=0.5 J=-0.81358 Bx=0.0 By=0.0 Bz=0.120636 ham=0 took 0.5s (elapsed 0.5s)
[job 46] 2/32 n=6 dimensions=1 delta=0.5 J=-0.746409 Bx=0.0 By=0.0 Bz=-0.96867 ham=3 took 0.0s (elapsed 0.5s)
[job 46] 3/32 n=6 dimensions=1 delta=0.5 J=-0.958446 Bx=0.0 By=0.0 Bz=-0.004125 ham=6 took 0.6s (elapsed 1.1s)
[job 46] 4/32 n=6 dimensions=1 delta=0.5 J=0.454189 Bx=0.0 By=0.0 Bz=0.225511 ham=9 took 0.8s (elapsed 1.9s)
[job 46] 5/32 n=6 dimensions=1 delta=0.5 J=-0.504785 Bx=0.0 By=0.0 Bz=-0.800446 ham=12 took 0.0s (elapsed 1.9s)
[job 46] 6/32 n=6 dimensions=2 delta=0.5 J=-0.81358 Bx=0.0 By=0.0 Bz=0.120636 ham=0 took 0.6s (elapsed 2.6s)
[job 46] 7/32 n=6 dimensions=2 delta=0.5 J=-0.746409 Bx=0.0 By=0.0 Bz=-0.96867 ham=3 took 0.0s (elapsed 2.6s)
[job 46] 8/32 n=6 dimensions=2 delta=0.5 J=-0.958446 Bx=0.0 By=0.0 Bz=-0.004125 ham=6 took 0.5s (elapsed 3.1s)
[job 46] 9/32 n=6 dimensions=2 delta=0.5 J=0.454189 Bx=0.0 By=0.0 Bz=0.225511 ham=9 took 0.6s (elapsed 3.7s)
[job 46] 10/32 n=6 dimensions=2 delta=0.5 J=-0.504785 Bx=0.0 By=0.0 Bz=-0.800446 ham=12 took 0.0s (elapsed 3.8s)
[job 46] 11/32 n=8 dimensions=1 delta=0.5 J=-0.81358 Bx=0.0 By=0.0 Bz=0.120636 ham=0 took 3.3s (elapsed 7.1s)
[job 46] 12/32 n=8 dimensions=1 delta=0.5 J=-0.746409 Bx=0.0 By=0.0 Bz=-0.96867 ham=3 took 0.0s (elapsed 7.2s)
[job 46] 13/32 n=8 dimensions=1 delta=0.5 J=-0.958446 Bx=0.0 By=0.0 Bz=-0.004125 ham=6 took 3.0s (elapsed 10.2s)
[job 46] 14/32 n=8 dimensions=1 delta=0.5 J=0.454189 Bx=0.0 By=0.0 Bz=0.225511 ham=9 took 3.6s (elapsed 13.9s)
[job 46] 15/32 n=8 dimensions=1 delta=0.5 J=-0.504785 Bx=0.0 By=0.0 Bz=-0.800446 ham=12 took 0.1s (elapsed 14.0s)
[job 46] 16/32 n=8 dimensions=2 delta=0.5 J=-0.81358 Bx=0.0 By=0.0 Bz=0.120636 ham=0 took 2.9s (elapsed 16.9s)
[job 46] 17/32 n=8 dimensions=2 delta=0.5 J=-0.746409 Bx=0.0 By=0.0 Bz=-0.96867 ham=3 took 0.0s (elapsed 17.0s)
[job 46] 18/32 n=8 dimensions=2 delta=0.5 J=-0.958446 Bx=0.0 By=0.0 Bz=-0.004125 ham=6 took 2.9s (elapsed 20.0s)
[job 46] 19/32 n=8 dimensions=2 delta=0.5 J=0.454189 Bx=0.0 By=0.0 Bz=0.225511 ham=9 took 3.4s (elapsed 23.5s)
[job 46] 20/32 n=8 dimensions=2 delta=0.5 J=-0.504785 Bx=0.0 By=0.0 Bz=-0.800446 ham=12 took 0.0s (elapsed 23.6s)
[job 46] 21/32 n=10 dimensions=1 delta=0.5 J=-0.81358 Bx=0.0 By=0.0 Bz=0.120636 ham=0 took 38.4s (elapsed 62.2s)
[job 46] 22/32 n=10 dimensions=1 delta=0.5 J=-0.746409 Bx=0.0 By=0.0 Bz=-0.96867 ham=3 took 1.6s (elapsed 63.8s)
[job 46] 23/32 n=10 dimensions=1 delta=0.5 J=-0.958446 Bx=0.0 By=0.0 Bz=-0.004125 ham=6 took 55.3s (elapsed 119.3s)
[job 46] 24/32 n=10 dimensions=1 delta=0.5 J=0.454189 Bx=0.0 By=0.0 Bz=0.225511 ham=9 took 44.5s (elapsed 163.9s)
[job 46] 25/32 n=10 dimensions=1 delta=0.5 J=-0.504785 Bx=0.0 By=0.0 Bz=-0.800446 ham=12 took 1.7s (elapsed 165.7s)
[job 46] 26/32 n=10 dimensions=2 delta=0.5 J=-0.81358 Bx=0.0 By=0.0 Bz=0.120636 ham=0 took 52.6s (elapsed 218.5s)
[job 46] 27/32 n=10 dimensions=2 delta=0.5 J=-0.746409 Bx=0.0 By=0.0 Bz=-0.96867 ham=3 took 10.6s (elapsed 229.3s)
[job 46] 28/32 n=10 dimensions=2 delta=0.5 J=-0.958446 Bx=0.0 By=0.0 Bz=-0.004125 ham=6 took 52.7s (elapsed 282.1s)
[job 46] 29/32 n=10 dimensions=2 delta=0.5 J=0.454189 Bx=0.0 By=0.0 Bz=0.225511 ham=9 took 53.4s (elapsed 335.6s)
[job 46] 30/32 n=10 dimensions=2 delta=0.5 J=-0.504785 Bx=0.0 By=0.0 Bz=-0.800446 ham=12 took 1.5s (elapsed 337.3s)
[job 46] 31/32 n=12 dimensions=1 delta=0.5 J=-0.958446 Bx=0.0 By=0.0 Bz=-0.004125 ham=6 took 1934.6s (elapsed 2272.1s)
[job 46] 32/32 n=12 dimensions=2 delta=0.5 J=0.454189 Bx=0.0 By=0.0 Bz=0.225511 ham=9 took 1709.5s (elapsed 3981.8s)
[job 46] wrote 13244 rows to bitstring_shards_heisenberg_v2/shard_00046.csv in 3982.0s
