[job 45/60] 32 cells (10 x n=6, 10 x n=8, 10 x n=10, 2 x n=12)
[job 45] 1/32 n=6 dimensions=1 delta=0.0 J=-0.81358 Bx=0.0 By=0.0 Bz=0.120636 ham=0 took 0.6s (elapsed 0.6s)
[job 45] 2/32 n=6 dimensions=1 delta=0.0 J=-0.746409 Bx=0.0 By=0.0 Bz=-0.96867 ham=3 took 0.4s (elapsed 1.0s)
[job 45] 3/32 n=6 dimensions=1 delta=0.0 J=-0.958446 Bx=0.0 By=0.0 Bz=-0.004125 ham=6 took 0.5s (elapsed 1.5s)
[job 45] 4/32 n=6 dimensions=1 delta=0.0 J=0.454189 Bx=0.0 By=0.0 Bz=0.225511 ham=9 took 0.6s (elapsed 2.1s)
[job 45] 5/32 n=6 dimensions=1 delta=0.0 J=-0.504785 Bx=0.0 By=0.0 Bz=-0.800446 ham=12 took 0.4s (elapsed 2.5s)
[job 45] 6/32 n=6 dimensions=2 delta=0.0 J=-0.81358 Bx=0.0 By=0.0 Bz=0.120636 ham=0 took 0.5s (elapsed 3.1s)
[job 45] 7/32 n=6 dimensions=2 delta=0.0 J=-0.746409 Bx=0.0 By=0.0 Bz=-0.96867 ham=3 took 0.4s (elapsed 3.5s)
[job 45] 8/32 n=6 dimensions=2 delta=0.0 J=-0.958446 Bx=0.0 By=0.0 Bz=-0.004125 ham=6 took 0.6s (elapsed 4.1s)
[job 45] 9/32 n=6 dimensions=2 delta=0.0 J=0.454189 Bx=0.0 By=0.0 Bz=0.225511 ham=9 took 0.6s (elapsed 4.8s)
[job 45] 10/32 n=6 dimensions=2 delta=0.0 J=-0.504785 Bx=0.0 By=0.0 Bz=-0.800446 ham=12 took 0.3s (elapsed 5.1s)
[job 45] 11/32 n=8 dimensions=1 delta=0.0 J=-0.81358 Bx=0.0 By=0.0 Bz=0.120636 ham=0 took 3.3s (elapsed 8.5s)
[job 45] 12/32 n=8 dimensions=1 delta=0.0 J=-0.746409 Bx=0.0 By=0.0 Bz=-0.96867 ham=3 took 1.5s (elapsed 10.0s)
[job 45] 13/32 n=8 dimensions=1 delta=0.0 J=-0.958446 Bx=0.0 By=0.0 Bz=-0.004125 ham=6 took 3.4s (elapsed 13.5s)
[job 45] 14/32 n=8 dimensions=1 delta=0.0 J=0.454189 Bx=0.0 By=0.0 Bz=0.225511 ham=9 took 3.2s (elapsed 16.8s)
[job 45] 15/32 n=8 dimensions=1 delta=0.0 J=-0.504785 Bx=0.0 By=0.0 Bz=-0.800446 ham=12 took 1.2s (elapsed 18.2s)
[job 45] 16/32 n=8 dimensions=2 delta=0.0 J=-0.81358 Bx=0.0 By=0.0 Bz=0.120636 ham=0 took 3.4s (elapsed 21.6s)
[job 45] 17/32 n=8 dimensions=2 delta=0.0 J=-0.746409 Bx=0.0 By=0.0 Bz=-0.96867 ham=3 took 1.3s (elapsed 23.1s)
[job 45] 18/32 n=8 dimensions=2 delta=0.0 J=-0.958446 Bx=0.0 By=0.0 Bz=-0.004125 ham=6 took 3.3s (elapsed 26.5s)
[job 45] 19/32 n=8 dimensions=2 delta=0.0 J=0.454189 Bx=0.0 By=0.0 Bz=0.225511 ham=9 took 3.5s (elapsed 30.1s)
[job 45] 20/32 n=8 dimensions=2 delta=0.0 J=-0.504785 Bx=0.0 By=0.0 Bz=-0.800446 ham=12 took 1.4s (elapsed 31.6s)
[job 45] 21/32 n=10 dimensions=1 delta=0.0 J=-0.81358 Bx=0.0 By=0.0 Bz=0.120636 ham=0 took 56.0s (elapsed 87.7s)
[job 45] 22/32 n=10 dimensions=1 delta=0.0 J=-0.746409 Bx=0.0 By=0.0 Bz=-0.96867 ham=3 took 22.0s (elapsed 109.8s)
[job 45] 23/32 n=10 dimensions=1 delta=0.0 J=-0.958446 Bx=0.0 By=0.0 Bz=-0.004125 ham=6 took 58.8s (elapsed 168.8s)
[job 45] 24/32 n=10 dimensions=1 delta=0.0 J=0.454189 Bx=0.0 By=0.0 Bz=0.225511 ham=9 took 47.2s (elapsed 216.1s)
[job 45] 25/32 n=10 dimensions=1 delta=0.0 J=-0.504785 Bx=0.0 By=0.0 Bz=-0.800446 ham=12 took 15.5s (elapsed 231.9s)
[job 45] 26/32 n=10 dimensions=2 delta=0.0 J=-0.81358 Bx=0.0 By=0.0 Bz=0.120636 ham=0 took 54.8s (elapsed 286.8s)
[job 45] 27/32 n=10 dimensions=2 delta=0.0 J=-0.746409 Bx=0.0 By=0.0 Bz=-0.96867 ham=3 took 20.0s (elapsed 307.1s)
[job 45] 28/32 n=10 dimensions=2 delta=0.0 J=-0.958446 Bx=0.0 By=0.0 Bz=-0.004125 ham=6 took 55.7s (elapsed 362.9s)
[job 45] 29/32 n=10 dimensions=2 delta=0.0 J=0.454189 Bx=0.0 By=0.0 Bz=0.225511 ham=9 took 42.8s (elapsed 405.9s)
[job 45] 30/32 n=10 dimensions=2 delta=0.0 J=-0.504785 Bx=0.0 By=0.0 Bz=-0.800446 ham=12 took 20.2s (elapsed 426.4s)
[job 45] 31/32 n=12 dimensions=1 delta=0.0 J=-0.958446 Bx=0.0 By=0.0 Bz=-0.004125 ham=6 took 2248.8s (elapsed 2675.4s)
[job 45] 32/32 n=12 dimensions=2 delta=0.0 J=0.454189 Bx=0.0 By=0.0 Bz=0.225511 ham=9 took 1486.4s (elapsed 4162.1s)
[job 45] wrote 18384 rows to bitstring_shards_heisenberg_v2/shard_00045.csv in 4162.5s
