[job 55/60] 32 cells (10 x n=6, 10 x n=8, 10 x n=10, 2 x n=12)
[job 55] 1/32 n=6 dimensions=1 delta=0.0 J=0.0689 Bx=0.0 By=0.0 Bz=0.546175 ham=2 took 0.0s (elapsed 0.0s)
[job 55] 2/32 n=6 dimensions=1 delta=0.0 J=-0.806853 Bx=0.0 By=0.0 Bz=-0.047127 ham=5 took 0.5s (elapsed 0.6s)
[job 55] 3/32 n=6 dimensions=1 delta=0.0 J=0.039924 Bx=0.0 By=0.0 Bz=-0.550025 ham=8 took 0.0s (elapsed 0.6s)
[job 55] 4/32 n=6 dimensions=1 delta=0.0 J=-0.899855 Bx=0.0 By=0.0 Bz=0.734512 ham=11 took 0.5s (elapsed 1.1s)
[job 55] 5/32 n=6 dimensions=1 delta=0.0 J=0.618667 Bx=0.0 By=0.0 Bz=-0.813737 ham=14 took 0.3s (elapsed 1.4s)
[job 55] 6/32 n=6 dimensions=2 delta=0.0 J=0.0689 Bx=0.0 By=0.0 Bz=0.546175 ham=2 took 0.0s (elapsed 1.4s)
[job 55] 7/32 n=6 dimensions=2 delta=0.0 J=-0.806853 Bx=0.0 By=0.0 Bz=-0.047127 ham=5 took 0.6s (elapsed 2.0s)
[job 55] 8/32 n=6 dimensions=2 delta=0.0 J=0.039924 Bx=0.0 By=0.0 Bz=-0.550025 ham=8 took 0.0s (elapsed 2.1s)
[job 55] 9/32 n=6 dimensions=2 delta=0.0 J=-0.899855 Bx=0.0 By=0.0 Bz=0.734512 ham=11 took 0.4s (elapsed 2.5s)
[job 55] 10/32 n=6 dimensions=2 delta=0.0 J=0.618667 Bx=0.0 By=0.0 Bz=-0.813737 ham=14 took 0.4s (elapsed 2.9s)
[job 55] 11/32 n=8 dimensions=1 delta=0.0 J=0.0689 Bx=0.0 By=0.0 Bz=0.546175 ham=2 took 0.0s (elapsed 3.0s)
[job 55] 12/32 n=8 dimensions=1 delta=0.0 J=-0.806853 Bx=0.0 By=0.0 Bz=-0.047127 ham=5 took 2.8s (elapsed 5.8s)
[job 55] 13/32 n=8 dimensions=1 delta=0.0 J=0.039924 Bx=0.0 By=0.0 Bz=-0.550025 ham=8 took 0.0s (elapsed 5.9s)
[job 55] 14/32 n=8 dimensions=1 delta=0.0 J=-0.899855 Bx=0.0 By=0.0 Bz=0.734512 ham=11 took 2.4s (elapsed 8.4s)
[job 55] 15/32 n=8 dimensions=1 delta=0.0 J=0.618667 Bx=0.0 By=0.0 Bz=-0.813737 ham=14 took 1.4s (elapsed 9.8s)
[job 55] 16/32 n=8 dimensions=2 delta=0.0 J=0.0689 Bx=0.0 By=0.0 Bz=0.546175 ham=2 took 0.0s (elapsed 9.9s)
[job 55] 17/32 n=8 dimensions=2 delta=0.0 J=-0.806853 Bx=0.0 By=0.0 Bz=-0.047127 ham=5 took 2.8s (elapsed 12.7s)
[job 55] 18/32 n=8 dimensions=2 delta=0.0 J=0.039924 Bx=0.0 By=0.0 Bz=-0.550025 ham=8 took 0.0s (elapsed 12.8s)
[job 55] 19/32 n=8 dimensions=2 delta=0.0 J=-0.899855 Bx=0.0 By=0.0 Bz=0.734512 ham=11 took 2.0s (elapsed 14.9s)
[job 55] 20/32 n=8 dimensions=2 delta=0.0 J=0.618667 Bx=0.0 By=0.0 Bz=-0.813737 ham=14 took 1.2s (elapsed 16.2s)
[job 55] 21/32 n=10 dimensions=1 delta=0.0 J=0.0689 Bx=0.0 By=0.0 Bz=0.546175 ham=2 took 1.7s (elapsed 18.0s)
[job 55] 22/32 n=10 dimensions=1 delta=0.0 J=-0.806853 Bx=0.0 By=0.0 Bz=-0.047127 ham=5 took 49.8s (elapsed 67.9s)
[job 55] 23/32 n=10 dimensions=1 delta=0.0 J=0.039924 Bx=0.0 By=0.0 Bz=-0.550025 ham=8 took 1.5s (elapsed 69.5s)
[job 55] 24/32 n=10 dimensions=1 delta=0.0 J=-0.899855 Bx=0.0 By=0.0 Bz=0.734512 ham=11 took 37.7s (elapsed 107.4s)
[job 55] 25/32 n=10 dimensions=1 delta=0.0 J=0.618667 Bx=0.0 By=0.0 Bz=-0.813737 ham=14 took 12.5s (elapsed 119.9s)
[job 55] 26/32 n=10 dimensions=2 delta=0.0 J=0.0689 Bx=0.0 By=0.0 Bz=0.546175 ham=2 took 1.6s (elapsed 121.6s)
[job 55] 27/32 n=10 dimensions=2 delta=0.0 J=-0.806853 Bx=0.0 By=0.0 Bz=-0.047127 ham=5 took 50.0s (elapsed 171.7s)
[job 55] 28/32 n=10 dimensions=2 delta=0.0 J=0.039924 Bx=0.0 By=0.0 Bz=-0.550025 ham=8 took 1.6s (elapsed 173.4s)
[job 55] 29/32 n=10 dimensions=2 delta=0.0 J=-0.899855 Bx=0.0 By=0.0 Bz=0.734512 ham=11 took 34.6s (elapsed 208.1s)
[job 55] 30/32 n=10 dimensions=2 delta=0.0 J=0.618667 Bx=0.0 By=0.0 Bz=-0.813737 ham=14 took 17.9s (elapsed 226.1s)
[job 55] 31/32 n=12 dimensions=1 delta=0.0 J=0.039924 Bx=0.0 By=0.0 Bz=-0.550025 ham=8 took 126.8s (elapsed 353.0s)
[job 55] 32/32 n=12 dimensions=2 delta=0.0 J=-0.899855 Bx=0.0 By=0.0 Bz=0.734512 ham=11 took 1344.4s (elapsed 1697.5s)
[job 55] wrote 12144 rows to bitstring_shards_heisenberg_v2/shard_00055.csv in 1697.8s
