[job 51/60] 32 cells (10 x n=6, 10 x n=8, 10 x n=10, 2 x n=12)
[job 51] 1/32 n=6 dimensions=1 delta=0.5 J=0.494654 Bx=0.0 By=0.0 Bz=0.709254 ham=1 took 0.5s (elapsed 0.5s)
[job 51] 2/32 n=6 dimensions=1 delta=0.5 J=0.139088 Bx=0.0 By=0.0 Bz=-0.127075 ham=4 took 1.0s (elapsed 1.6s)
[job 51] 3/32 n=6 dimensions=1 delta=0.5 J=-0.603824 Bx=0.0 By=0.0 Bz=-0.287176 ham=7 took 0.6s (elapsed 2.1s)
[job 51] 4/32 n=6 dimensions=1 delta=0.5 J=0.476303 Bx=0.0 By=0.0 Bz=-0.594078 ham=10 took 0.6s (elapsed 2.7s)
[job 51] 5/32 n=6 dimensions=1 delta=0.5 J=-0.640511 Bx=0.0 By=0.0 Bz=0.767532 ham=13 took 0.0s (elapsed 2.7s)
[job 51] 6/32 n=6 dimensions=2 delta=0.5 J=0.494654 Bx=0.0 By=0.0 Bz=0.709254 ham=1 took 0.4s (elapsed 3.1s)
[job 51] 7/32 n=6 dimensions=2 delta=0.5 J=0.139088 Bx=0.0 By=0.0 Bz=-0.127075 ham=4 took 0.7s (elapsed 3.8s)
[job 51] 8/32 n=6 dimensions=2 delta=0.5 J=-0.603824 Bx=0.0 By=0.0 Bz=-0.287176 ham=7 took 0.3s (elapsed 4.2s)
[job 51] 9/32 n=6 dimensions=2 delta=0.5 J=0.476303 Bx=0.0 By=0.0 Bz=-0.594078 ham=10 took 0.4s (elapsed 4.6s)
[job 51] 10/32 n=6 dimensions=2 delta=0.5 J=-0.640511 Bx=0.0 By=0.0 Bz=0.767532 ham=13 took 0.0s (elapsed 4.6s)
[job 51] 11/32 n=8 dimensions=1 delta=0.5 J=0.494654 Bx=0.0 By=0.0 Bz=0.709254 ham=1 took 2.5s (elapsed 7.1s)
[job 51] 12/32 n=8 dimensions=1 delta=0.5 J=0.139088 Bx=0.0 By=0.0 Bz=-0.127075 ham=4 took 4.1s (elapsed 11.3s)
[job 51] 13/32 n=8 dimensions=1 delta=0.5 J=-0.603824 Bx=0.0 By=0.0 Bz=-0.287176 ham=7 took 1.3s (elapsed 12.6s)
[job 51] 14/32 n=8 dimensions=1 delta=0.5 J=0.476303 Bx=0.0 By=0.0 Bz=-0.594078 ham=10 took 2.6s (elapsed 15.3s)
[job 51] 15/32 n=8 dimensions=1 delta=0.5 J=-0.640511 Bx=0.0 By=0.0 Bz=0.767532 ham=13 took 0.0s (elapsed 15.4s)
[job 51] 16/32 n=8 dimensions=2 delta=0.5 J=0.494654 Bx=0.0 By=0.0 Bz=0.709254 ham=1 took 2.4s (elapsed 17.8s)
[job 51] 17/32 n=8 dimensions=2 delta=0.5 J=0.139088 Bx=0.0 By=0.0 Bz=-0.127075 ham=4 took 3.8s (elapsed 21.7s)
[job 51] 18/32 n=8 dimensions=2 delta=0.5 J=-0.603824 Bx=0.0 By=0.0 Bz=-0.287176 ham=7 took 2.1s (elapsed 23.9s)
[job 51] 19/32 n=8 dimensions=2 delta=0.5 J=0.476303 Bx=0.0 By=0.0 Bz=-0.594078 ham=10 took 2.3s (elapsed 26.2s)
[job 51] 20/32 n=8 dimensions=2 delta=0.5 J=-0.640511 Bx=0.0 By=0.0 Bz=0.767532 ham=13 took 0.9s (elapsed 27.2s)
[job 51] 21/32 n=10 dimensions=1 delta=0.5 J=0.494654 Bx=0.0 By=0.0 Bz=0.709254 ham=1 took 22.1s (elapsed 49.4s)
[job 51] 22/32 n=10 dimensions=1 delta=0.5 J=0.139088 Bx=0.0 By=0.0 Bz=-0.127075 ham=4 took 57.5s (elapsed 107.0s)
[job 51] 23/32 n=10 dimensions=1 delta=0.5 J=-0.603824 Bx=0.0 By=0.0 Bz=-0.287176 ham=7 took 18.3s (elapsed 125.6s)
[job 51] 24/32 n=10 dimensions=1 delta=0.5 J=0.476303 Bx=0.0 By=0.0 Bz=-0.594078 ham=10 took 39.2s (elapsed 164.9s)
[job 51] 25/32 n=10 dimensions=1 delta=0.5 J=-0.640511 Bx=0.0 By=0.0 Bz=0.767532 ham=13 took 1.8s (elapsed 166.9s)
[job 51] 26/32 n=10 dimensions=2 delta=0.5 J=0.494654 Bx=0.0 By=0.0 Bz=0.709254 ham=1 took 36.0s (elapsed 203.0s)
[job 51] 27/32 n=10 dimensions=2 delta=0.5 J=0.139088 Bx=0.0 By=0.0 Bz=-0.127075 ham=4 took 44.6s (elapsed 247.8s)
[job 51] 28/32 n=10 dimensions=2 delta=0.5 J=-0.603824 Bx=0.0 By=0.0 Bz=-0.287176 ham=7 took 36.4s (elapsed 284.3s)
[job 51] 29/32 n=10 dimensions=2 delta=0.5 J=0.476303 Bx=0.0 By=0.0 Bz=-0.594078 ham=10 took 35.4s (elapsed 320.0s)
[job 51] 30/32 n=10 dimensions=2 delta=0.5 J=-0.640511 Bx=0.0 By=0.0 Bz=0.767532 ham=13 took 9.7s (elapsed 329.8s)
[job 51] 31/32 n=12 dimensions=1 delta=0.5 J=-0.603824 Bx=0.0 By=0.0 Bz=-0.287176 ham=7 took 702.2s (elapsed 1032.2s)
[job 51] 32/32 n=12 dimensions=2 delta=0.5 J=0.476303 Bx=0.0 By=0.0 Bz=-0.594078 ham=10 took 1429.9s (elapsed 2462.4s)
[job 51] wrote 16564 rows to bitstring_shards_heisenberg_v2/shard_00051.csv in 2462.8s
