[job 56/60] 32 cells (10 x n=6, 10 x n=8, 10 x n=10, 2 x n=12)
[job 56] 1/32 n=6 dimensions=1 delta=0.5 J=0.0689 Bx=0.0 By=0.0 Bz=0.546175 ham=2 took 0.0s (elapsed 0.0s)
[job 56] 2/32 n=6 dimensions=1 delta=0.5 J=-0.806853 Bx=0.0 By=0.0 Bz=-0.047127 ham=5 took 0.5s (elapsed 0.5s)
[job 56] 3/32 n=6 dimensions=1 delta=0.5 J=0.039924 Bx=0.0 By=0.0 Bz=-0.550025 ham=8 took 0.0s (elapsed 0.5s)
[job 56] 4/32 n=6 dimensions=1 delta=0.5 J=-0.899855 Bx=0.0 By=0.0 Bz=0.734512 ham=11 took 0.3s (elapsed 0.8s)
[job 56] 5/32 n=6 dimensions=1 delta=0.5 J=0.618667 Bx=0.0 By=0.0 Bz=-0.813737 ham=14 took 0.5s (elapsed 1.3s)
[job 56] 6/32 n=6 dimensions=2 delta=0.5 J=0.0689 Bx=0.0 By=0.0 Bz=0.546175 ham=2 took 0.0s (elapsed 1.3s)
[job 56] 7/32 n=6 dimensions=2 delta=0.5 J=-0.806853 Bx=0.0 By=0.0 Bz=-0.047127 ham=5 took 0.5s (elapsed 1.8s)
[job 56] 8/32 n=6 dimensions=2 delta=0.5 J=0.039924 Bx=0.0 By=0.0 Bz=-0.550025 ham=8 took 0.0s (elapsed 1.9s)
[job 56] 9/32 n=6 dimensions=2 delta=0.5 J=-0.899855 Bx=0.0 By=0.0 Bz=0.734512 ham=11 took 0.2s (elapsed 2.1s)
[job 56] 10/32 n=6 dimensions=2 delta=0.5 J=0.618667 Bx=0.0 By=0.0 Bz=-0.813737 ham=14 took 0.4s (elapsed 2.5s)
[job 56] 11/32 n=8 dimensions=1 delta=0.5 J=0.0689 Bx=0.0 By=0.0 Bz=0.546175 ham=2 took 0.0s (elapsed 2.6s)
[job 56] 12/32 n=8 dimensions=1 delta=0.5 J=-0.806853 Bx=0.0 By=0.0 Bz=-0.047127 ham=5 took 2.6s (elapsed 5.2s)
[job 56] 13/32 n=8 dimensions=1 delta=0.5 J=0.039924 Bx=0.0 By=0.0 Bz=-0.550025 ham=8 took 0.0s (elapsed 5.3s)
[job 56] 14/32 n=8 dimensions=1 delta=0.5 J=-0.899855 Bx=0.0 By=0.0 Bz=0.734512 ham=11 took 0.7s (elapsed 6.1s)
[job 56] 15/32 n=8 dimensions=1 delta=0.5 J=0.618667 Bx=0.0 By=0.0 Bz=-0.813737 ham=14 took 2.3s (elapsed 8.4s)
[job 56] 16/32 n=8 dimensions=2 delta=0.5 J=0.0689 Bx=0.0 By=0.0 Bz=0.546175 ham=2 took 0.0s (elapsed 8.5s)
[job 56] 17/32 n=8 dimensions=2 delta=0.5 J=-0.806853 Bx=0.0 By=0.0 Bz=-0.047127 ham=5 took 2.4s (elapsed 10.9s)
[job 56] 18/32 n=8 dimensions=2 delta=0.5 J=0.039924 Bx=0.0 By=0.0 Bz=-0.550025 ham=8 took 0.0s (elapsed 11.0s)
[job 56] 19/32 n=8 dimensions=2 delta=0.5 J=-0.899855 Bx=0.0 By=0.0 Bz=0.734512 ham=11 took 0.9s (elapsed 12.0s)
[job 56] 20/32 n=8 dimensions=2 delta=0.5 J=0.618667 Bx=0.0 By=0.0 Bz=-0.813737 ham=14 took 2.0s (elapsed 14.0s)
[job 56] 21/32 n=10 dimensions=1 delta=0.5 J=0.0689 Bx=0.0 By=0.0 Bz=0.546175 ham=2 took 1.3s (elapsed 15.4s)
[job 56] 22/32 n=10 dimensions=1 delta=0.5 J=-0.806853 Bx=0.0 By=0.0 Bz=-0.047127 ham=5 took 46.8s (elapsed 62.2s)
[job 56] 23/32 n=10 dimensions=1 delta=0.5 J=0.039924 Bx=0.0 By=0.0 Bz=-0.550025 ham=8 took 1.3s (elapsed 63.6s)
[job 56] 24/32 n=10 dimensions=1 delta=0.5 J=-0.899855 Bx=0.0 By=0.0 Bz=0.734512 ham=11 took 9.3s (elapsed 73.0s)
[job 56] 25/32 n=10 dimensions=1 delta=0.5 J=0.618667 Bx=0.0 By=0.0 Bz=-0.813737 ham=14 took 32.4s (elapsed 105.4s)
[job 56] 26/32 n=10 dimensions=2 delta=0.5 J=0.0689 Bx=0.0 By=0.0 Bz=0.546175 ham=2 took 1.3s (elapsed 106.8s)
[job 56] 27/32 n=10 dimensions=2 delta=0.5 J=-0.806853 Bx=0.0 By=0.0 Bz=-0.047127 ham=5 took 42.5s (elapsed 149.4s)
[job 56] 28/32 n=10 dimensions=2 delta=0.5 J=0.039924 Bx=0.0 By=0.0 Bz=-0.550025 ham=8 took 1.2s (elapsed 150.6s)
[job 56] 29/32 n=10 dimensions=2 delta=0.5 J=-0.899855 Bx=0.0 By=0.0 Bz=0.734512 ham=11 took 9.3s (elapsed 160.1s)
[job 56] 30/32 n=10 dimensions=2 delta=0.5 J=0.618667 Bx=0.0 By=0.0 Bz=-0.813737 ham=14 took 34.3s (elapsed 194.5s)
[job 56] 31/32 n=12 dimensions=1 delta=0.5 J=0.039924 Bx=0.0 By=0.0 Bz=-0.550025 ham=8 took 125.7s (elapsed 320.3s)
[job 56] 32/32 n=12 dimensions=2 delta=0.5 J=-0.899855 Bx=0.0 By=0.0 Bz=0.734512 ham=11 took 315.7s (elapsed 636.2s)
[job 56] wrote 12144 rows to bitstring_shards_heisenberg_v2/shard_00056.csv in 636.5s
