[job 49/60] 32 cells (10 x n=6, 10 x n=8, 10 x n=10, 2 x n=12)
[job 49] 1/32 n=6 dimensions=1 delta=100.0 J=-0.81358 Bx=0.0 By=0.0 Bz=0.120636 ham=0 took 0.0s (elapsed 0.0s)
[job 49] 2/32 n=6 dimensions=1 delta=100.0 J=-0.746409 Bx=0.0 By=0.0 Bz=-0.96867 ham=3 took 0.0s (elapsed 0.0s)
[job 49] 3/32 n=6 dimensions=1 delta=100.0 J=-0.958446 Bx=0.0 By=0.0 Bz=-0.004125 ham=6 took 0.0s (elapsed 0.0s)
[job 49] 4/32 n=6 dimensions=1 delta=100.0 J=0.454189 Bx=0.0 By=0.0 Bz=0.225511 ham=9 took 96.9s (elapsed 97.0s)
[job 49] 5/32 n=6 dimensions=1 delta=100.0 J=-0.504785 Bx=0.0 By=0.0 Bz=-0.800446 ham=12 took 0.0s (elapsed 97.0s)
[job 49] 6/32 n=6 dimensions=2 delta=100.0 J=-0.81358 Bx=0.0 By=0.0 Bz=0.120636 ham=0 took 0.0s (elapsed 97.0s)
[job 49] 7/32 n=6 dimensions=2 delta=100.0 J=-0.746409 Bx=0.0 By=0.0 Bz=-0.96867 ham=3 took 0.0s (elapsed 97.0s)
[job 49] 8/32 n=6 dimensions=2 delta=100.0 J=-0.958446 Bx=0.0 By=0.0 Bz=-0.004125 ham=6 took 0.0s (elapsed 97.0s)
[job 49] 9/32 n=6 dimensions=2 delta=100.0 J=0.454189 Bx=0.0 By=0.0 Bz=0.225511 ham=9 took 105.2s (elapsed 202.3s)
[job 49] 10/32 n=6 dimensions=2 delta=100.0 J=-0.504785 Bx=0.0 By=0.0 Bz=-0.800446 ham=12 took 0.0s (elapsed 202.3s)
[job 49] 11/32 n=8 dimensions=1 delta=100.0 J=-0.81358 Bx=0.0 By=0.0 Bz=0.120636 ham=0 took 0.0s (elapsed 202.4s)
[job 49] 12/32 n=8 dimensions=1 delta=100.0 J=-0.746409 Bx=0.0 By=0.0 Bz=-0.96867 ham=3 took 0.0s (elapsed 202.4s)
[job 49] 13/32 n=8 dimensions=1 delta=100.0 J=-0.958446 Bx=0.0 By=0.0 Bz=-0.004125 ham=6 took 0.0s (elapsed 202.5s)
[job 49] 14/32 n=8 dimensions=1 delta=100.0 J=0.454189 Bx=0.0 By=0.0 Bz=0.225511 ham=9 took 192.2s (elapsed 394.7s)
[job 49] 15/32 n=8 dimensions=1 delta=100.0 J=-0.504785 Bx=0.0 By=0.0 Bz=-0.800446 ham=12 took 0.0s (elapsed 394.7s)
[job 49] 16/32 n=8 dimensions=2 delta=100.0 J=-0.81358 Bx=0.0 By=0.0 Bz=0.120636 ham=0 took 0.0s (elapsed 394.8s)
[job 49] 17/32 n=8 dimensions=2 delta=100.0 J=-0.746409 Bx=0.0 By=0.0 Bz=-0.96867 ham=3 took 0.0s (elapsed 394.8s)
[job 49] 18/32 n=8 dimensions=2 delta=100.0 J=-0.958446 Bx=0.0 By=0.0 Bz=-0.004125 ham=6 took 0.0s (elapsed 394.9s)
[job 49] 19/32 n=8 dimensions=2 delta=100.0 J=0.454189 Bx=0.0 By=0.0 Bz=0.225511 ham=9 took 216.5s (elapsed 611.5s)
[job 49] 20/32 n=8 dimensions=2 delta=100.0 J=-0.504785 Bx=0.0 By=0.0 Bz=-0.800446 ham=12 took 0.0s (elapsed 611.5s)
[job 49] 21/32 n=10 dimensions=1 delta=100.0 J=-0.81358 Bx=0.0 By=0.0 Bz=0.120636 ham=0 took 1.8s (elapsed 613.4s)
[job 49] 22/32 n=10 dimensions=1 delta=100.0 J=-0.746409 Bx=0.0 By=0.0 Bz=-0.96867 ham=3 took 1.8s (elapsed 615.2s)
[job 49] 23/32 n=10 dimensions=1 delta=100.0 J=-0.958446 Bx=0.0 By=0.0 Bz=-0.004125 ham=6 took 1.7s (elapsed 616.9s)
[job 49] 24/32 n=10 dimensions=1 delta=100.0 J=0.454189 Bx=0.0 By=0.0 Bz=0.225511 ham=9 took 1420.2s (elapsed 2037.1s)
[job 49] 25/32 n=10 dimensions=1 delta=100.0 J=-0.504785 Bx=0.0 By=0.0 Bz=-0.800446 ham=12 took 2.3s (elapsed 2039.6s)
[job 49] 26/32 n=10 dimensions=2 delta=100.0 J=-0.81358 Bx=0.0 By=0.0 Bz=0.120636 ham=0 took 2.0s (elapsed 2041.6s)
[job 49] 27/32 n=10 dimensions=2 delta=100.0 J=-0.746409 Bx=0.0 By=0.0 Bz=-0.96867 ham=3 took 1.9s (elapsed 2043.5s)
[job 49] 28/32 n=10 dimensions=2 delta=100.0 J=-0.958446 Bx=0.0 By=0.0 Bz=-0.004125 ham=6 took 1.9s (elapsed 2045.5s)
[job 49] 29/32 n=10 dimensions=2 delta=100.0 J=0.454189 Bx=0.0 By=0.0 Bz=0.225511 ham=9 took 2146.4s (elapsed 4192.0s)
[job 49] 30/32 n=10 dimensions=2 delta=100.0 J=-0.504785 Bx=0.0 By=0.0 Bz=-0.800446 ham=12 took 1.8s (elapsed 4193.9s)
[job 49] 31/32 n=12 dimensions=1 delta=100.0 J=-0.958446 Bx=0.0 By=0.0 Bz=-0.004125 ham=6 took 182.6s (elapsed 4376.6s)
[job 49] 32/32 n=12 dimensions=2 delta=100.0 J=0.454189 Bx=0.0 By=0.0 Bz=0.225511 ham=9 took 19619.7s (elapsed 23996.4s)
[job 49] wrote 6464 rows to bitstring_shards_heisenberg_v2/shard_00049.csv in 23996.5s
