[job 48/60] 32 cells (10 x n=6, 10 x n=8, 10 x n=10, 2 x n=12)
[job 48] 1/32 n=6 dimensions=1 delta=10.0 J=-0.81358 Bx=0.0 By=0.0 Bz=0.120636 ham=0 took 0.0s (elapsed 0.0s)
[job 48] 2/32 n=6 dimensions=1 delta=10.0 J=-0.746409 Bx=0.0 By=0.0 Bz=-0.96867 ham=3 took 0.0s (elapsed 0.0s)
[job 48] 3/32 n=6 dimensions=1 delta=10.0 J=-0.958446 Bx=0.0 By=0.0 Bz=-0.004125 ham=6 took 0.0s (elapsed 0.0s)
[job 48] 4/32 n=6 dimensions=1 delta=10.0 J=0.454189 Bx=0.0 By=0.0 Bz=0.225511 ham=9 took 65.2s (elapsed 65.2s)
[job 48] 5/32 n=6 dimensions=1 delta=10.0 J=-0.504785 Bx=0.0 By=0.0 Bz=-0.800446 ham=12 took 0.0s (elapsed 65.2s)
[job 48] 6/32 n=6 dimensions=2 delta=10.0 J=-0.81358 Bx=0.0 By=0.0 Bz=0.120636 ham=0 took 0.0s (elapsed 65.3s)
[job 48] 7/32 n=6 dimensions=2 delta=10.0 J=-0.746409 Bx=0.0 By=0.0 Bz=-0.96867 ham=3 took 0.0s (elapsed 65.3s)
[job 48] 8/32 n=6 dimensions=2 delta=10.0 J=-0.958446 Bx=0.0 By=0.0 Bz=-0.004125 ham=6 took 0.0s (elapsed 65.3s)
[job 48] 9/32 n=6 dimensions=2 delta=10.0 J=0.454189 Bx=0.0 By=0.0 Bz=0.225511 ham=9 took 6.3s (elapsed 71.6s)
[job 48] 10/32 n=6 dimensions=2 delta=10.0 J=-0.504785 Bx=0.0 By=0.0 Bz=-0.800446 ham=12 took 0.0s (elapsed 71.7s)
[job 48] 11/32 n=8 dimensions=1 delta=10.0 J=-0.81358 Bx=0.0 By=0.0 Bz=0.120636 ham=0 took 0.0s (elapsed 71.7s)
[job 48] 12/32 n=8 dimensions=1 delta=10.0 J=-0.746409 Bx=0.0 By=0.0 Bz=-0.96867 ham=3 took 0.0s (elapsed 71.8s)
[job 48] 13/32 n=8 dimensions=1 delta=10.0 J=-0.958446 Bx=0.0 By=0.0 Bz=-0.004125 ham=6 took 0.0s (elapsed 71.8s)
[job 48] 14/32 n=8 dimensions=1 delta=10.0 J=0.454189 Bx=0.0 By=0.0 Bz=0.225511 ham=9 took 197.6s (elapsed 269.5s)
[job 48] 15/32 n=8 dimensions=1 delta=10.0 J=-0.504785 Bx=0.0 By=0.0 Bz=-0.800446 ham=12 took 0.0s (elapsed 269.5s)
[job 48] 16/32 n=8 dimensions=2 delta=10.0 J=-0.81358 Bx=0.0 By=0.0 Bz=0.120636 ham=0 took 0.0s (elapsed 269.6s)
[job 48] 17/32 n=8 dimensions=2 delta=10.0 J=-0.746409 Bx=0.0 By=0.0 Bz=-0.96867 ham=3 took 0.0s (elapsed 269.7s)
[job 48] 18/32 n=8 dimensions=2 delta=10.0 J=-0.958446 Bx=0.0 By=0.0 Bz=-0.004125 ham=6 took 0.0s (elapsed 269.7s)
[job 48] 19/32 n=8 dimensions=2 delta=10.0 J=0.454189 Bx=0.0 By=0.0 Bz=0.225511 ham=9 took 106.5s (elapsed 376.3s)
[job 48] 20/32 n=8 dimensions=2 delta=10.0 J=-0.504785 Bx=0.0 By=0.0 Bz=-0.800446 ham=12 took 0.0s (elapsed 376.4s)
[job 48] 21/32 n=10 dimensions=1 delta=10.0 J=-0.81358 Bx=0.0 By=0.0 Bz=0.120636 ham=0 took 1.5s (elapsed 378.0s)
[job 48] 22/32 n=10 dimensions=1 delta=10.0 J=-0.746409 Bx=0.0 By=0.0 Bz=-0.96867 ham=3 took 1.5s (elapsed 379.5s)
[job 48] 23/32 n=10 dimensions=1 delta=10.0 J=-0.958446 Bx=0.0 By=0.0 Bz=-0.004125 ham=6 took 1.5s (elapsed 381.0s)
[job 48] 24/32 n=10 dimensions=1 delta=10.0 J=0.454189 Bx=0.0 By=0.0 Bz=0.225511 ham=9 took 1367.7s (elapsed 1748.7s)
[job 48] 25/32 n=10 dimensions=1 delta=10.0 J=-0.504785 Bx=0.0 By=0.0 Bz=-0.800446 ham=12 took 1.4s (elapsed 1750.1s)
[job 48] 26/32 n=10 dimensions=2 delta=10.0 J=-0.81358 Bx=0.0 By=0.0 Bz=0.120636 ham=0 took 1.4s (elapsed 1751.6s)
[job 48] 27/32 n=10 dimensions=2 delta=10.0 J=-0.746409 Bx=0.0 By=0.0 Bz=-0.96867 ham=3 took 1.3s (elapsed 1752.9s)
[job 48] 28/32 n=10 dimensions=2 delta=10.0 J=-0.958446 Bx=0.0 By=0.0 Bz=-0.004125 ham=6 took 1.4s (elapsed 1754.4s)
[job 48] 29/32 n=10 dimensions=2 delta=10.0 J=0.454189 Bx=0.0 By=0.0 Bz=0.225511 ham=9 took 1261.7s (elapsed 3016.1s)
[job 48] 30/32 n=10 dimensions=2 delta=10.0 J=-0.504785 Bx=0.0 By=0.0 Bz=-0.800446 ham=12 took 1.5s (elapsed 3017.7s)
[job 48] 31/32 n=12 dimensions=1 delta=10.0 J=-0.958446 Bx=0.0 By=0.0 Bz=-0.004125 ham=6 took 145.3s (elapsed 3163.1s)
[job 48] 32/32 n=12 dimensions=2 delta=10.0 J=0.454189 Bx=0.0 By=0.0 Bz=0.225511 ham=9 took 20425.9s (elapsed 23589.1s)
[job 48] wrote 6464 rows to bitstring_shards_heisenberg_v2/shard_00048.csv in 23589.2s
