[job 57/60] 32 cells (10 x n=6, 10 x n=8, 10 x n=10, 2 x n=12)
[job 57] 1/32 n=6 dimensions=1 delta=1.0 J=0.0689 Bx=0.0 By=0.0 Bz=0.546175 ham=2 took 0.0s (elapsed 0.0s)
[job 57] 2/32 n=6 dimensions=1 delta=1.0 J=-0.806853 Bx=0.0 By=0.0 Bz=-0.047127 ham=5 took 0.0s (elapsed 0.0s)
[job 57] 3/32 n=6 dimensions=1 delta=1.0 J=0.039924 Bx=0.0 By=0.0 Bz=-0.550025 ham=8 took 0.0s (elapsed 0.0s)
[job 57] 4/32 n=6 dimensions=1 delta=1.0 J=-0.899855 Bx=0.0 By=0.0 Bz=0.734512 ham=11 took 0.0s (elapsed 0.0s)
[job 57] 5/32 n=6 dimensions=1 delta=1.0 J=0.618667 Bx=0.0 By=0.0 Bz=-0.813737 ham=14 took 0.4s (elapsed 0.5s)
[job 57] 6/32 n=6 dimensions=2 delta=1.0 J=0.0689 Bx=0.0 By=0.0 Bz=0.546175 ham=2 took 0.0s (elapsed 0.5s)
[job 57] 7/32 n=6 dimensions=2 delta=1.0 J=-0.806853 Bx=0.0 By=0.0 Bz=-0.047127 ham=5 took 0.0s (elapsed 0.5s)
[job 57] 8/32 n=6 dimensions=2 delta=1.0 J=0.039924 Bx=0.0 By=0.0 Bz=-0.550025 ham=8 took 0.0s (elapsed 0.5s)
[job 57] 9/32 n=6 dimensions=2 delta=1.0 J=-0.899855 Bx=0.0 By=0.0 Bz=0.734512 ham=11 took 0.0s (elapsed 0.6s)
[job 57] 10/32 n=6 dimensions=2 delta=1.0 J=0.618667 Bx=0.0 By=0.0 Bz=-0.813737 ham=14 took 0.4s (elapsed 1.0s)
[job 57] 11/32 n=8 dimensions=1 delta=1.0 J=0.0689 Bx=0.0 By=0.0 Bz=0.546175 ham=2 took 0.0s (elapsed 1.0s)
[job 57] 12/32 n=8 dimensions=1 delta=1.0 J=-0.806853 Bx=0.0 By=0.0 Bz=-0.047127 ham=5 took 0.0s (elapsed 1.1s)
[job 57] 13/32 n=8 dimensions=1 delta=1.0 J=0.039924 Bx=0.0 By=0.0 Bz=-0.550025 ham=8 took 0.0s (elapsed 1.1s)
[job 57] 14/32 n=8 dimensions=1 delta=1.0 J=-0.899855 Bx=0.0 By=0.0 Bz=0.734512 ham=11 took 0.0s (elapsed 1.2s)
[job 57] 15/32 n=8 dimensions=1 delta=1.0 J=0.618667 Bx=0.0 By=0.0 Bz=-0.813737 ham=14 took 2.3s (elapsed 3.6s)
[job 57] 16/32 n=8 dimensions=2 delta=1.0 J=0.0689 Bx=0.0 By=0.0 Bz=0.546175 ham=2 took 0.0s (elapsed 3.6s)
[job 57] 17/32 n=8 dimensions=2 delta=1.0 J=-0.806853 Bx=0.0 By=0.0 Bz=-0.047127 ham=5 took 0.0s (elapsed 3.7s)
[job 57] 18/32 n=8 dimensions=2 delta=1.0 J=0.039924 Bx=0.0 By=0.0 Bz=-0.550025 ham=8 took 0.0s (elapsed 3.7s)
[job 57] 19/32 n=8 dimensions=2 delta=1.0 J=-0.899855 Bx=0.0 By=0.0 Bz=0.734512 ham=11 took 0.0s (elapsed 3.8s)
[job 57] 20/32 n=8 dimensions=2 delta=1.0 J=0.618667 Bx=0.0 By=0.0 Bz=-0.813737 ham=14 took 2.8s (elapsed 6.6s)
[job 57] 21/32 n=10 dimensions=1 delta=1.0 J=0.0689 Bx=0.0 By=0.0 Bz=0.546175 ham=2 took 1.2s (elapsed 7.9s)
[job 57] 22/32 n=10 dimensions=1 delta=1.0 J=-0.806853 Bx=0.0 By=0.0 Bz=-0.047127 ham=5 took 1.3s (elapsed 9.2s)
[job 57] 23/32 n=10 dimensions=1 delta=1.0 J=0.039924 Bx=0.0 By=0.0 Bz=-0.550025 ham=8 took 1.4s (elapsed 10.6s)
[job 57] 24/32 n=10 dimensions=1 delta=1.0 J=-0.899855 Bx=0.0 By=0.0 Bz=0.734512 ham=11 took 1.4s (elapsed 12.0s)
[job 57] 25/32 n=10 dimensions=1 delta=1.0 J=0.618667 Bx=0.0 By=0.0 Bz=-0.813737 ham=14 took 35.3s (elapsed 47.3s)
[job 57] 26/32 n=10 dimensions=2 delta=1.0 J=0.0689 Bx=0.0 By=0.0 Bz=0.546175 ham=2 took 1.3s (elapsed 48.6s)
[job 57] 27/32 n=10 dimensions=2 delta=1.0 J=-0.806853 Bx=0.0 By=0.0 Bz=-0.047127 ham=5 took 1.3s (elapsed 50.0s)
[job 57] 28/32 n=10 dimensions=2 delta=1.0 J=0.039924 Bx=0.0 By=0.0 Bz=-0.550025 ham=8 took 1.4s (elapsed 51.4s)
[job 57] 29/32 n=10 dimensions=2 delta=1.0 J=-0.899855 Bx=0.0 By=0.0 Bz=0.734512 ham=11 took 1.3s (elapsed 52.7s)
[job 57] 30/32 n=10 dimensions=2 delta=1.0 J=0.618667 Bx=0.0 By=0.0 Bz=-0.813737 ham=14 took 43.7s (elapsed 96.5s)
[job 57] 31/32 n=12 dimensions=1 delta=1.0 J=0.039924 Bx=0.0 By=0.0 Bz=-0.550025 ham=8 took 125.5s (elapsed 222.0s)
[job 57] 32/32 n=12 dimensions=2 delta=1.0 J=-0.899855 Bx=0.0 By=0.0 Bz=0.734512 ham=11 took 118.6s (elapsed 340.7s)
[job 57] wrote 5904 rows to bitstring_shards_heisenberg_v2/shard_00057.csv in 340.8s
