[job 47/60] 32 cells (10 x n=6, 10 x n=8, 10 x n=10, 2 x n=12)
[job 47] 1/32 n=6 dimensions=1 delta=1.0 J=-0.81358 Bx=0.0 By=0.0 Bz=0.120636 ham=0 took 0.0s (elapsed 0.0s)
[job 47] 2/32 n=6 dimensions=1 delta=1.0 J=-0.746409 Bx=0.0 By=0.0 Bz=-0.96867 ham=3 took 0.0s (elapsed 0.0s)
[job 47] 3/32 n=6 dimensions=1 delta=1.0 J=-0.958446 Bx=0.0 By=0.0 Bz=-0.004125 ham=6 took 0.0s (elapsed 0.1s)
[job 47] 4/32 n=6 dimensions=1 delta=1.0 J=0.454189 Bx=0.0 By=0.0 Bz=0.225511 ham=9 took 0.7s (elapsed 0.8s)
[job 47] 5/32 n=6 dimensions=1 delta=1.0 J=-0.504785 Bx=0.0 By=0.0 Bz=-0.800446 ham=12 took 0.0s (elapsed 0.8s)
[job 47] 6/32 n=6 dimensions=2 delta=1.0 J=-0.81358 Bx=0.0 By=0.0 Bz=0.120636 ham=0 took 0.0s (elapsed 0.8s)
[job 47] 7/32 n=6 dimensions=2 delta=1.0 J=-0.746409 Bx=0.0 By=0.0 Bz=-0.96867 ham=3 took 0.0s (elapsed 0.8s)
[job 47] 8/32 n=6 dimensions=2 delta=1.0 J=-0.958446 Bx=0.0 By=0.0 Bz=-0.004125 ham=6 took 0.0s (elapsed 0.8s)
[job 47] 9/32 n=6 dimensions=2 delta=1.0 J=0.454189 Bx=0.0 By=0.0 Bz=0.225511 ham=9 took 0.5s (elapsed 1.4s)
[job 47] 10/32 n=6 dimensions=2 delta=1.0 J=-0.504785 Bx=0.0 By=0.0 Bz=-0.800446 ham=12 took 0.0s (elapsed 1.4s)
[job 47] 11/32 n=8 dimensions=1 delta=1.0 J=-0.81358 Bx=0.0 By=0.0 Bz=0.120636 ham=0 took 0.0s (elapsed 1.4s)
[job 47] 12/32 n=8 dimensions=1 delta=1.0 J=-0.746409 Bx=0.0 By=0.0 Bz=-0.96867 ham=3 took 0.0s (elapsed 1.5s)
[job 47] 13/32 n=8 dimensions=1 delta=1.0 J=-0.958446 Bx=0.0 By=0.0 Bz=-0.004125 ham=6 took 0.0s (elapsed 1.6s)
[job 47] 14/32 n=8 dimensions=1 delta=1.0 J=0.454189 Bx=0.0 By=0.0 Bz=0.225511 ham=9 took 4.1s (elapsed 5.7s)
[job 47] 15/32 n=8 dimensions=1 delta=1.0 J=-0.504785 Bx=0.0 By=0.0 Bz=-0.800446 ham=12 took 0.0s (elapsed 5.8s)
[job 47] 16/32 n=8 dimensions=2 delta=1.0 J=-0.81358 Bx=0.0 By=0.0 Bz=0.120636 ham=0 took 0.0s (elapsed 5.8s)
[job 47] 17/32 n=8 dimensions=2 delta=1.0 J=-0.746409 Bx=0.0 By=0.0 Bz=-0.96867 ham=3 took 0.0s (elapsed 5.9s)
[job 47] 18/32 n=8 dimensions=2 delta=1.0 J=-0.958446 Bx=0.0 By=0.0 Bz=-0.004125 ham=6 took 0.1s (elapsed 6.0s)
[job 47] 19/32 n=8 dimensions=2 delta=1.0 J=0.454189 Bx=0.0 By=0.0 Bz=0.225511 ham=9 took 3.3s (elapsed 9.3s)
[job 47] 20/32 n=8 dimensions=2 delta=1.0 J=-0.504785 Bx=0.0 By=0.0 Bz=-0.800446 ham=12 took 0.0s (elapsed 9.4s)
[job 47] 21/32 n=10 dimensions=1 delta=1.0 J=-0.81358 Bx=0.0 By=0.0 Bz=0.120636 ham=0 took 1.5s (elapsed 10.9s)
[job 47] 22/32 n=10 dimensions=1 delta=1.0 J=-0.746409 Bx=0.0 By=0.0 Bz=-0.96867 ham=3 took 1.6s (elapsed 12.5s)
[job 47] 23/32 n=10 dimensions=1 delta=1.0 J=-0.958446 Bx=0.0 By=0.0 Bz=-0.004125 ham=6 took 1.5s (elapsed 14.1s)
[job 47] 24/32 n=10 dimensions=1 delta=1.0 J=0.454189 Bx=0.0 By=0.0 Bz=0.225511 ham=9 took 60.5s (elapsed 74.7s)
[job 47] 25/32 n=10 dimensions=1 delta=1.0 J=-0.504785 Bx=0.0 By=0.0 Bz=-0.800446 ham=12 took 1.7s (elapsed 76.4s)
[job 47] 26/32 n=10 dimensions=2 delta=1.0 J=-0.81358 Bx=0.0 By=0.0 Bz=0.120636 ham=0 took 1.7s (elapsed 78.2s)
[job 47] 27/32 n=10 dimensions=2 delta=1.0 J=-0.746409 Bx=0.0 By=0.0 Bz=-0.96867 ham=3 took 1.6s (elapsed 79.8s)
[job 47] 28/32 n=10 dimensions=2 delta=1.0 J=-0.958446 Bx=0.0 By=0.0 Bz=-0.004125 ham=6 took 1.6s (elapsed 81.5s)
[job 47] 29/32 n=10 dimensions=2 delta=1.0 J=0.454189 Bx=0.0 By=0.0 Bz=0.225511 ham=9 took 53.9s (elapsed 135.5s)
[job 47] 30/32 n=10 dimensions=2 delta=1.0 J=-0.504785 Bx=0.0 By=0.0 Bz=-0.800446 ham=12 took 1.4s (elapsed 137.0s)
[job 47] 31/32 n=12 dimensions=1 delta=1.0 J=-0.958446 Bx=0.0 By=0.0 Bz=-0.004125 ham=6 took 126.7s (elapsed 263.7s)
[job 47] 32/32 n=12 dimensions=2 delta=1.0 J=0.454189 Bx=0.0 By=0.0 Bz=0.225511 ham=9 took 1777.4s (elapsed 2041.2s)
[job 47] wrote 6464 rows to bitstring_shards_heisenberg_v2/shard_00047.csv in 2041.4s
