[job 52/60] 32 cells (10 x n=6, 10 x n=8, 10 x n=10, 2 x n=12)
[job 52] 1/32 n=6 dimensions=1 delta=1.0 J=0.494654 Bx=0.0 By=0.0 Bz=0.709254 ham=1 took 0.9s (elapsed 0.9s)
[job 52] 2/32 n=6 dimensions=1 delta=1.0 J=0.139088 Bx=0.0 By=0.0 Bz=-0.127075 ham=4 took 1.9s (elapsed 2.8s)
[job 52] 3/32 n=6 dimensions=1 delta=1.0 J=-0.603824 Bx=0.0 By=0.0 Bz=-0.287176 ham=7 took 0.0s (elapsed 2.9s)
[job 52] 4/32 n=6 dimensions=1 delta=1.0 J=0.476303 Bx=0.0 By=0.0 Bz=-0.594078 ham=10 took 0.7s (elapsed 3.6s)
[job 52] 5/32 n=6 dimensions=1 delta=1.0 J=-0.640511 Bx=0.0 By=0.0 Bz=0.767532 ham=13 took 0.0s (elapsed 3.6s)
[job 52] 6/32 n=6 dimensions=2 delta=1.0 J=0.494654 Bx=0.0 By=0.0 Bz=0.709254 ham=1 took 0.5s (elapsed 4.1s)
[job 52] 7/32 n=6 dimensions=2 delta=1.0 J=0.139088 Bx=0.0 By=0.0 Bz=-0.127075 ham=4 took 0.8s (elapsed 4.9s)
[job 52] 8/32 n=6 dimensions=2 delta=1.0 J=-0.603824 Bx=0.0 By=0.0 Bz=-0.287176 ham=7 took 0.0s (elapsed 5.0s)
[job 52] 9/32 n=6 dimensions=2 delta=1.0 J=0.476303 Bx=0.0 By=0.0 Bz=-0.594078 ham=10 took 0.6s (elapsed 5.6s)
[job 52] 10/32 n=6 dimensions=2 delta=1.0 J=-0.640511 Bx=0.0 By=0.0 Bz=0.767532 ham=13 took 0.0s (elapsed 5.7s)
[job 52] 11/32 n=8 dimensions=1 delta=1.0 J=0.494654 Bx=0.0 By=0.0 Bz=0.709254 ham=1 took 3.3s (elapsed 9.0s)
[job 52] 12/32 n=8 dimensions=1 delta=1.0 J=0.139088 Bx=0.0 By=0.0 Bz=-0.127075 ham=4 took 4.5s (elapsed 13.6s)
[job 52] 13/32 n=8 dimensions=1 delta=1.0 J=-0.603824 Bx=0.0 By=0.0 Bz=-0.287176 ham=7 took 0.0s (elapsed 13.6s)
[job 52] 14/32 n=8 dimensions=1 delta=1.0 J=0.476303 Bx=0.0 By=0.0 Bz=-0.594078 ham=10 took 2.7s (elapsed 16.4s)
[job 52] 15/32 n=8 dimensions=1 delta=1.0 J=-0.640511 Bx=0.0 By=0.0 Bz=0.767532 ham=13 took 0.0s (elapsed 16.5s)
[job 52] 16/32 n=8 dimensions=2 delta=1.0 J=0.494654 Bx=0.0 By=0.0 Bz=0.709254 ham=1 took 3.3s (elapsed 19.8s)
[job 52] 17/32 n=8 dimensions=2 delta=1.0 J=0.139088 Bx=0.0 By=0.0 Bz=-0.127075 ham=4 took 3.8s (elapsed 23.7s)
[job 52] 18/32 n=8 dimensions=2 delta=1.0 J=-0.603824 Bx=0.0 By=0.0 Bz=-0.287176 ham=7 took 0.0s (elapsed 23.8s)
[job 52] 19/32 n=8 dimensions=2 delta=1.0 J=0.476303 Bx=0.0 By=0.0 Bz=-0.594078 ham=10 took 3.1s (elapsed 27.0s)
[job 52] 20/32 n=8 dimensions=2 delta=1.0 J=-0.640511 Bx=0.0 By=0.0 Bz=0.767532 ham=13 took 0.0s (elapsed 27.1s)
[job 52] 21/32 n=10 dimensions=1 delta=1.0 J=0.494654 Bx=0.0 By=0.0 Bz=0.709254 ham=1 took 42.3s (elapsed 69.5s)
[job 52] 22/32 n=10 dimensions=1 delta=1.0 J=0.139088 Bx=0.0 By=0.0 Bz=-0.127075 ham=4 took 56.5s (elapsed 126.1s)
[job 52] 23/32 n=10 dimensions=1 delta=1.0 J=-0.603824 Bx=0.0 By=0.0 Bz=-0.287176 ham=7 took 1.3s (elapsed 127.6s)
[job 52] 24/32 n=10 dimensions=1 delta=1.0 J=0.476303 Bx=0.0 By=0.0 Bz=-0.594078 ham=10 took 41.6s (elapsed 169.3s)
[job 52] 25/32 n=10 dimensions=1 delta=1.0 J=-0.640511 Bx=0.0 By=0.0 Bz=0.767532 ham=13 took 1.5s (elapsed 170.9s)
[job 52] 26/32 n=10 dimensions=2 delta=1.0 J=0.494654 Bx=0.0 By=0.0 Bz=0.709254 ham=1 took 33.5s (elapsed 204.5s)
[job 52] 27/32 n=10 dimensions=2 delta=1.0 J=0.139088 Bx=0.0 By=0.0 Bz=-0.127075 ham=4 took 59.0s (elapsed 263.6s)
[job 52] 28/32 n=10 dimensions=2 delta=1.0 J=-0.603824 Bx=0.0 By=0.0 Bz=-0.287176 ham=7 took 1.5s (elapsed 265.3s)
[job 52] 29/32 n=10 dimensions=2 delta=1.0 J=0.476303 Bx=0.0 By=0.0 Bz=-0.594078 ham=10 took 57.1s (elapsed 322.4s)
[job 52] 30/32 n=10 dimensions=2 delta=1.0 J=-0.640511 Bx=0.0 By=0.0 Bz=0.767532 ham=13 took 1.6s (elapsed 324.2s)
[job 52] 31/32 n=12 dimensions=1 delta=1.0 J=-0.603824 Bx=0.0 By=0.0 Bz=-0.287176 ham=7 took 129.1s (elapsed 453.4s)
[job 52] 32/32 n=12 dimensions=2 delta=1.0 J=0.476303 Bx=0.0 By=0.0 Bz=-0.594078 ham=10 took 4693.5s (elapsed 5147.1s)
[job 52] wrote 12144 rows to bitstring_shards_heisenberg_v2/shard_00052.csv in 5147.4s
